2020-11-18 09:34:53,824:POST http://127.0.0.1:59801/session {"capabilities": {"firstMatch": [{}], "alwaysMatch": {"browserName": "chrome", "platformName": "any", "goog:chromeOptions": {"extensions": [], "args": ["--user-agent=Mozilla/5.0 (Windows NT 10.0; Win64; x64) AppleWebKit/537.36 (KHTML, like Gecko) Chrome/83.0.4103.116 Safari/537.36", "--ignore-certificate-errors", "--ignore-ssl-errors", "--incognito"]}}}, "desiredCapabilities": {"browserName": "chrome", "version": "", "platform": "ANY", "goog:chromeOptions": {"extensions": [], "args": ["--user-agent=Mozilla/5.0 (Windows NT 10.0; Win64; x64) AppleWebKit/537.36 (KHTML, like Gecko) Chrome/83.0.4103.116 Safari/537.36", "--ignore-certificate-errors", "--ignore-ssl-errors", "--incognito"]}}}
2020-11-18 09:34:53,826:Starting new HTTP connection (1): 127.0.0.1:59801
2020-11-18 09:34:56,536:http://127.0.0.1:59801 "POST /session HTTP/1.1" 200 717
2020-11-18 09:34:56,537:Finished Request
2020-11-18 09:34:56,537:POST http://127.0.0.1:59801/session/cfffb6aa2a3d063324a38600474d049f/url {"url": "https://tenshoku.mynavi.jp/"}
2020-11-18 09:34:59,154:http://127.0.0.1:59801 "POST /session/cfffb6aa2a3d063324a38600474d049f/url HTTP/1.1" 200 14
2020-11-18 09:34:59,154:Finished Request
2020-11-18 09:35:04,161:POST http://127.0.0.1:59801/session/cfffb6aa2a3d063324a38600474d049f/execute/sync {"script": "document.querySelector(\".karte-close\").click()", "args": []}
2020-11-18 09:35:28,691:http://127.0.0.1:59801 "POST /session/cfffb6aa2a3d063324a38600474d049f/execute/sync HTTP/1.1" 200 14
2020-11-18 09:35:28,691:Finished Request
2020-11-18 09:35:28,692:POST http://127.0.0.1:59801/session/cfffb6aa2a3d063324a38600474d049f/element {"using": "css selector", "value": ".topSearch__text"}
2020-11-18 09:35:28,737:http://127.0.0.1:59801 "POST /session/cfffb6aa2a3d063324a38600474d049f/element HTTP/1.1" 200 88
2020-11-18 09:35:28,738:Finished Request
2020-11-18 09:35:28,738:POST http://127.0.0.1:59801/session/cfffb6aa2a3d063324a38600474d049f/element/64d7b4cc-8f9f-41d5-8205-aa9013979720/value {"text": "\u9ad8\u53ce\u5165", "value": ["\u9ad8", "\u53ce", "\u5165"], "id": "64d7b4cc-8f9f-41d5-8205-aa9013979720"}
2020-11-18 09:35:28,841:http://127.0.0.1:59801 "POST /session/cfffb6aa2a3d063324a38600474d049f/element/64d7b4cc-8f9f-41d5-8205-aa9013979720/value HTTP/1.1" 200 14
2020-11-18 09:35:28,842:Finished Request
2020-11-18 09:35:28,842:POST http://127.0.0.1:59801/session/cfffb6aa2a3d063324a38600474d049f/element {"using": "css selector", "value": ".topSearch__button"}
2020-11-18 09:35:28,852:http://127.0.0.1:59801 "POST /session/cfffb6aa2a3d063324a38600474d049f/element HTTP/1.1" 200 88
2020-11-18 09:35:28,852:Finished Request
2020-11-18 09:35:28,852:POST http://127.0.0.1:59801/session/cfffb6aa2a3d063324a38600474d049f/element/d9a51032-675b-4f88-93a7-982670db31a8/click {"id": "d9a51032-675b-4f88-93a7-982670db31a8"}
2020-11-18 09:35:30,029:http://127.0.0.1:59801 "POST /session/cfffb6aa2a3d063324a38600474d049f/element/d9a51032-675b-4f88-93a7-982670db31a8/click HTTP/1.1" 400 1382
2020-11-18 09:35:30,029:Finished Request
2020-11-18 09:35:50,992:POST http://127.0.0.1:59922/session {"capabilities": {"firstMatch": [{}], "alwaysMatch": {"browserName": "chrome", "platformName": "any", "goog:chromeOptions": {"extensions": [], "args": ["--user-agent=Mozilla/5.0 (Windows NT 10.0; Win64; x64) AppleWebKit/537.36 (KHTML, like Gecko) Chrome/83.0.4103.116 Safari/537.36", "--ignore-certificate-errors", "--ignore-ssl-errors", "--incognito"]}}}, "desiredCapabilities": {"browserName": "chrome", "version": "", "platform": "ANY", "goog:chromeOptions": {"extensions": [], "args": ["--user-agent=Mozilla/5.0 (Windows NT 10.0; Win64; x64) AppleWebKit/537.36 (KHTML, like Gecko) Chrome/83.0.4103.116 Safari/537.36", "--ignore-certificate-errors", "--ignore-ssl-errors", "--incognito"]}}}
2020-11-18 09:35:50,993:Starting new HTTP connection (1): 127.0.0.1:59922
2020-11-18 09:35:53,747:http://127.0.0.1:59922 "POST /session HTTP/1.1" 200 718
2020-11-18 09:35:53,748:Finished Request
2020-11-18 09:35:53,748:POST http://127.0.0.1:59922/session/4ca39c90e3baee7dc65921f7f0716d8e/url {"url": "https://tenshoku.mynavi.jp/"}
2020-11-18 09:35:56,347:http://127.0.0.1:59922 "POST /session/4ca39c90e3baee7dc65921f7f0716d8e/url HTTP/1.1" 200 14
2020-11-18 09:35:56,347:Finished Request
2020-11-18 09:36:01,358:POST http://127.0.0.1:59922/session/4ca39c90e3baee7dc65921f7f0716d8e/execute/sync {"script": "document.querySelector(\".karte-close\").click()", "args": []}
2020-11-18 10:01:56,162:POST http://127.0.0.1:60317/session {"capabilities": {"firstMatch": [{}], "alwaysMatch": {"browserName": "chrome", "platformName": "any", "goog:chromeOptions": {"extensions": [], "args": ["--user-agent=Mozilla/5.0 (Windows NT 10.0; Win64; x64) AppleWebKit/537.36 (KHTML, like Gecko) Chrome/83.0.4103.116 Safari/537.36", "--ignore-certificate-errors", "--ignore-ssl-errors", "--incognito"]}}}, "desiredCapabilities": {"browserName": "chrome", "version": "", "platform": "ANY", "goog:chromeOptions": {"extensions": [], "args": ["--user-agent=Mozilla/5.0 (Windows NT 10.0; Win64; x64) AppleWebKit/537.36 (KHTML, like Gecko) Chrome/83.0.4103.116 Safari/537.36", "--ignore-certificate-errors", "--ignore-ssl-errors", "--incognito"]}}}
2020-11-18 10:01:56,163:Starting new HTTP connection (1): 127.0.0.1:60317
2020-11-18 10:01:58,956:http://127.0.0.1:60317 "POST /session HTTP/1.1" 200 718
2020-11-18 10:01:58,957:Finished Request
2020-11-18 10:01:58,957:POST http://127.0.0.1:60317/session/025f8ee6e9cf73329f2ee464cf3337c1/url {"url": "https://tenshoku.mynavi.jp/"}
2020-11-18 10:02:01,337:http://127.0.0.1:60317 "POST /session/025f8ee6e9cf73329f2ee464cf3337c1/url HTTP/1.1" 200 14
2020-11-18 10:02:01,337:Finished Request
2020-11-18 10:02:06,340:POST http://127.0.0.1:60317/session/025f8ee6e9cf73329f2ee464cf3337c1/execute/sync {"script": "document.querySelector(\".karte-close\").click()", "args": []}
2020-11-18 10:02:06,454:http://127.0.0.1:60317 "POST /session/025f8ee6e9cf73329f2ee464cf3337c1/execute/sync HTTP/1.1" 200 14
2020-11-18 10:02:06,454:Finished Request
2020-11-18 10:02:06,454:POST http://127.0.0.1:60317/session/025f8ee6e9cf73329f2ee464cf3337c1/element {"using": "css selector", "value": ".topSearch__text"}
2020-11-18 10:02:06,500:http://127.0.0.1:60317 "POST /session/025f8ee6e9cf73329f2ee464cf3337c1/element HTTP/1.1" 200 88
2020-11-18 10:02:06,500:Finished Request
2020-11-18 10:02:06,501:POST http://127.0.0.1:60317/session/025f8ee6e9cf73329f2ee464cf3337c1/element/9cb91904-bc05-494f-b711-ad11014d9f92/value {"text": "\u9ad8\u53ce\u5165", "value": ["\u9ad8", "\u53ce", "\u5165"], "id": "9cb91904-bc05-494f-b711-ad11014d9f92"}
2020-11-18 10:02:06,610:http://127.0.0.1:60317 "POST /session/025f8ee6e9cf73329f2ee464cf3337c1/element/9cb91904-bc05-494f-b711-ad11014d9f92/value HTTP/1.1" 200 14
2020-11-18 10:02:06,611:Finished Request
2020-11-18 10:02:06,611:POST http://127.0.0.1:60317/session/025f8ee6e9cf73329f2ee464cf3337c1/element {"using": "css selector", "value": ".topSearch__button"}
2020-11-18 10:02:06,621:http://127.0.0.1:60317 "POST /session/025f8ee6e9cf73329f2ee464cf3337c1/element HTTP/1.1" 200 88
2020-11-18 10:02:06,622:Finished Request
2020-11-18 10:02:06,622:POST http://127.0.0.1:60317/session/025f8ee6e9cf73329f2ee464cf3337c1/element/d1ee4a62-b910-47d2-ba9d-56e3ad3071eb/click {"id": "d1ee4a62-b910-47d2-ba9d-56e3ad3071eb"}
2020-11-18 10:02:08,503:http://127.0.0.1:60317 "POST /session/025f8ee6e9cf73329f2ee464cf3337c1/element/d1ee4a62-b910-47d2-ba9d-56e3ad3071eb/click HTTP/1.1" 200 14
2020-11-18 10:02:08,503:Finished Request
2020-11-18 10:02:08,503:POST http://127.0.0.1:60317/session/025f8ee6e9cf73329f2ee464cf3337c1/elements {"using": "css selector", "value": ".cassetteRecruit__content"}
2020-11-18 10:02:08,691:http://127.0.0.1:60317 "POST /session/025f8ee6e9cf73329f2ee464cf3337c1/elements HTTP/1.1" 200 3961
2020-11-18 10:02:08,692:Finished Request
2020-11-18 10:02:08,692:GET http://127.0.0.1:60317/session/025f8ee6e9cf73329f2ee464cf3337c1/element/12be3293-ed33-4882-b948-3b77fa2cb1bd/text {"id": "12be3293-ed33-4882-b948-3b77fa2cb1bd"}
2020-11-18 10:02:09,079:http://127.0.0.1:60317 "GET /session/025f8ee6e9cf73329f2ee464cf3337c1/element/12be3293-ed33-4882-b948-3b77fa2cb1bd/text HTTP/1.1" 200 1277
2020-11-18 10:02:09,079:Finished Request
2020-11-18 10:02:09,083:GET http://127.0.0.1:60317/session/025f8ee6e9cf73329f2ee464cf3337c1/element/12be3293-ed33-4882-b948-3b77fa2cb1bd/text {"id": "12be3293-ed33-4882-b948-3b77fa2cb1bd"}
2020-11-18 10:02:09,179:http://127.0.0.1:60317 "GET /session/025f8ee6e9cf73329f2ee464cf3337c1/element/12be3293-ed33-4882-b948-3b77fa2cb1bd/text HTTP/1.1" 200 1277
2020-11-18 10:02:09,179:Finished Request
2020-11-18 10:02:09,179:1Œ–Ú‚ÌŠé‹Æ
2020-11-18 10:02:09,190:GET http://127.0.0.1:60317/session/025f8ee6e9cf73329f2ee464cf3337c1/element/0173f080-42d4-4aa5-92ff-8789e895ea79/text {"id": "0173f080-42d4-4aa5-92ff-8789e895ea79"}
2020-11-18 10:02:09,388:http://127.0.0.1:60317 "GET /session/025f8ee6e9cf73329f2ee464cf3337c1/element/0173f080-42d4-4aa5-92ff-8789e895ea79/text HTTP/1.1" 200 1259
2020-11-18 10:02:09,388:Finished Request
2020-11-18 10:02:09,394:GET http://127.0.0.1:60317/session/025f8ee6e9cf73329f2ee464cf3337c1/element/0173f080-42d4-4aa5-92ff-8789e895ea79/text {"id": "0173f080-42d4-4aa5-92ff-8789e895ea79"}
2020-11-18 10:02:09,477:http://127.0.0.1:60317 "GET /session/025f8ee6e9cf73329f2ee464cf3337c1/element/0173f080-42d4-4aa5-92ff-8789e895ea79/text HTTP/1.1" 200 1259
2020-11-18 10:02:09,477:Finished Request
2020-11-18 10:02:09,477:2Œ–Ú‚ÌŠé‹Æ
2020-11-18 10:02:09,477:GET http://127.0.0.1:60317/session/025f8ee6e9cf73329f2ee464cf3337c1/element/19c4da2c-0b88-49fa-aa61-75349c43cd19/text {"id": "19c4da2c-0b88-49fa-aa61-75349c43cd19"}
2020-11-18 10:02:09,518:http://127.0.0.1:60317 "GET /session/025f8ee6e9cf73329f2ee464cf3337c1/element/19c4da2c-0b88-49fa-aa61-75349c43cd19/text HTTP/1.1" 200 1207
2020-11-18 10:02:09,518:Finished Request
2020-11-18 10:02:09,518:GET http://127.0.0.1:60317/session/025f8ee6e9cf73329f2ee464cf3337c1/element/19c4da2c-0b88-49fa-aa61-75349c43cd19/text {"id": "19c4da2c-0b88-49fa-aa61-75349c43cd19"}
2020-11-18 10:02:09,548:http://127.0.0.1:60317 "GET /session/025f8ee6e9cf73329f2ee464cf3337c1/element/19c4da2c-0b88-49fa-aa61-75349c43cd19/text HTTP/1.1" 200 1207
2020-11-18 10:02:09,549:Finished Request
2020-11-18 10:02:09,549:3Œ–Ú‚ÌŠé‹Æ
2020-11-18 10:02:09,549:GET http://127.0.0.1:60317/session/025f8ee6e9cf73329f2ee464cf3337c1/element/9db02afc-bd31-45e9-80ef-65017d77f82b/text {"id": "9db02afc-bd31-45e9-80ef-65017d77f82b"}
2020-11-18 10:02:09,630:http://127.0.0.1:60317 "GET /session/025f8ee6e9cf73329f2ee464cf3337c1/element/9db02afc-bd31-45e9-80ef-65017d77f82b/text HTTP/1.1" 200 1267
2020-11-18 10:02:09,630:Finished Request
2020-11-18 10:02:09,635:GET http://127.0.0.1:60317/session/025f8ee6e9cf73329f2ee464cf3337c1/element/9db02afc-bd31-45e9-80ef-65017d77f82b/text {"id": "9db02afc-bd31-45e9-80ef-65017d77f82b"}
2020-11-18 10:02:09,672:http://127.0.0.1:60317 "GET /session/025f8ee6e9cf73329f2ee464cf3337c1/element/9db02afc-bd31-45e9-80ef-65017d77f82b/text HTTP/1.1" 200 1267
2020-11-18 10:02:09,672:Finished Request
2020-11-18 10:02:09,672:4Œ–Ú‚ÌŠé‹Æ
2020-11-18 10:02:09,673:GET http://127.0.0.1:60317/session/025f8ee6e9cf73329f2ee464cf3337c1/element/5a9165d5-8bc7-45f9-823e-c91f55ee24c0/text {"id": "5a9165d5-8bc7-45f9-823e-c91f55ee24c0"}
2020-11-18 10:02:09,730:http://127.0.0.1:60317 "GET /session/025f8ee6e9cf73329f2ee464cf3337c1/element/5a9165d5-8bc7-45f9-823e-c91f55ee24c0/text HTTP/1.1" 200 1282
2020-11-18 10:02:09,730:Finished Request
2020-11-18 10:02:09,734:GET http://127.0.0.1:60317/session/025f8ee6e9cf73329f2ee464cf3337c1/element/5a9165d5-8bc7-45f9-823e-c91f55ee24c0/text {"id": "5a9165d5-8bc7-45f9-823e-c91f55ee24c0"}
2020-11-18 10:02:09,779:http://127.0.0.1:60317 "GET /session/025f8ee6e9cf73329f2ee464cf3337c1/element/5a9165d5-8bc7-45f9-823e-c91f55ee24c0/text HTTP/1.1" 200 1282
2020-11-18 10:02:09,779:Finished Request
2020-11-18 10:02:09,780:5Œ–Ú‚ÌŠé‹Æ
2020-11-18 10:02:09,780:GET http://127.0.0.1:60317/session/025f8ee6e9cf73329f2ee464cf3337c1/element/ce1b8d5b-e38f-464a-87d9-68ca878bf70a/text {"id": "ce1b8d5b-e38f-464a-87d9-68ca878bf70a"}
2020-11-18 10:02:09,818:http://127.0.0.1:60317 "GET /session/025f8ee6e9cf73329f2ee464cf3337c1/element/ce1b8d5b-e38f-464a-87d9-68ca878bf70a/text HTTP/1.1" 200 1244
2020-11-18 10:02:09,819:Finished Request
2020-11-18 10:02:09,823:GET http://127.0.0.1:60317/session/025f8ee6e9cf73329f2ee464cf3337c1/element/ce1b8d5b-e38f-464a-87d9-68ca878bf70a/text {"id": "ce1b8d5b-e38f-464a-87d9-68ca878bf70a"}
2020-11-18 10:02:09,846:http://127.0.0.1:60317 "GET /session/025f8ee6e9cf73329f2ee464cf3337c1/element/ce1b8d5b-e38f-464a-87d9-68ca878bf70a/text HTTP/1.1" 200 1244
2020-11-18 10:02:09,846:Finished Request
2020-11-18 10:02:09,846:6Œ–Ú‚ÌŠé‹Æ
2020-11-18 10:02:09,846:GET http://127.0.0.1:60317/session/025f8ee6e9cf73329f2ee464cf3337c1/element/97297b71-95fc-49d8-98d8-91a94f6af8da/text {"id": "97297b71-95fc-49d8-98d8-91a94f6af8da"}
2020-11-18 10:02:09,894:http://127.0.0.1:60317 "GET /session/025f8ee6e9cf73329f2ee464cf3337c1/element/97297b71-95fc-49d8-98d8-91a94f6af8da/text HTTP/1.1" 200 1284
2020-11-18 10:02:09,895:Finished Request
2020-11-18 10:02:09,896:GET http://127.0.0.1:60317/session/025f8ee6e9cf73329f2ee464cf3337c1/element/97297b71-95fc-49d8-98d8-91a94f6af8da/text {"id": "97297b71-95fc-49d8-98d8-91a94f6af8da"}
2020-11-18 10:02:09,929:http://127.0.0.1:60317 "GET /session/025f8ee6e9cf73329f2ee464cf3337c1/element/97297b71-95fc-49d8-98d8-91a94f6af8da/text HTTP/1.1" 200 1284
2020-11-18 10:02:09,929:Finished Request
2020-11-18 10:02:09,929:7Œ–Ú‚ÌŠé‹Æ
2020-11-18 10:02:09,930:GET http://127.0.0.1:60317/session/025f8ee6e9cf73329f2ee464cf3337c1/element/bceecca2-528c-4611-ae56-37dd1927982d/text {"id": "bceecca2-528c-4611-ae56-37dd1927982d"}
2020-11-18 10:02:09,967:http://127.0.0.1:60317 "GET /session/025f8ee6e9cf73329f2ee464cf3337c1/element/bceecca2-528c-4611-ae56-37dd1927982d/text HTTP/1.1" 200 1213
2020-11-18 10:02:09,967:Finished Request
2020-11-18 10:02:09,972:GET http://127.0.0.1:60317/session/025f8ee6e9cf73329f2ee464cf3337c1/element/bceecca2-528c-4611-ae56-37dd1927982d/text {"id": "bceecca2-528c-4611-ae56-37dd1927982d"}
2020-11-18 10:02:10,022:http://127.0.0.1:60317 "GET /session/025f8ee6e9cf73329f2ee464cf3337c1/element/bceecca2-528c-4611-ae56-37dd1927982d/text HTTP/1.1" 200 1213
2020-11-18 10:02:10,022:Finished Request
2020-11-18 10:02:10,022:8Œ–Ú‚ÌŠé‹Æ
2020-11-18 10:02:10,023:GET http://127.0.0.1:60317/session/025f8ee6e9cf73329f2ee464cf3337c1/element/02bf45c7-c2e4-4b3d-aca5-64b5bd09315f/text {"id": "02bf45c7-c2e4-4b3d-aca5-64b5bd09315f"}
2020-11-18 10:02:10,055:http://127.0.0.1:60317 "GET /session/025f8ee6e9cf73329f2ee464cf3337c1/element/02bf45c7-c2e4-4b3d-aca5-64b5bd09315f/text HTTP/1.1" 200 1306
2020-11-18 10:02:10,055:Finished Request
2020-11-18 10:02:10,060:GET http://127.0.0.1:60317/session/025f8ee6e9cf73329f2ee464cf3337c1/element/02bf45c7-c2e4-4b3d-aca5-64b5bd09315f/text {"id": "02bf45c7-c2e4-4b3d-aca5-64b5bd09315f"}
2020-11-18 10:02:10,088:http://127.0.0.1:60317 "GET /session/025f8ee6e9cf73329f2ee464cf3337c1/element/02bf45c7-c2e4-4b3d-aca5-64b5bd09315f/text HTTP/1.1" 200 1306
2020-11-18 10:02:10,088:Finished Request
2020-11-18 10:02:10,088:9Œ–Ú‚ÌŠé‹Æ
2020-11-18 10:02:10,089:GET http://127.0.0.1:60317/session/025f8ee6e9cf73329f2ee464cf3337c1/element/ce45668d-36b6-4406-8437-f7ec83c49716/text {"id": "ce45668d-36b6-4406-8437-f7ec83c49716"}
2020-11-18 10:02:10,146:http://127.0.0.1:60317 "GET /session/025f8ee6e9cf73329f2ee464cf3337c1/element/ce45668d-36b6-4406-8437-f7ec83c49716/text HTTP/1.1" 200 1270
2020-11-18 10:02:10,146:Finished Request
2020-11-18 10:02:10,153:GET http://127.0.0.1:60317/session/025f8ee6e9cf73329f2ee464cf3337c1/element/ce45668d-36b6-4406-8437-f7ec83c49716/text {"id": "ce45668d-36b6-4406-8437-f7ec83c49716"}
2020-11-18 10:02:10,196:http://127.0.0.1:60317 "GET /session/025f8ee6e9cf73329f2ee464cf3337c1/element/ce45668d-36b6-4406-8437-f7ec83c49716/text HTTP/1.1" 200 1270
2020-11-18 10:02:10,196:Finished Request
2020-11-18 10:02:10,197:10Œ–Ú‚ÌŠé‹Æ
2020-11-18 10:02:10,197:GET http://127.0.0.1:60317/session/025f8ee6e9cf73329f2ee464cf3337c1/element/c3b1bc19-2531-4d3d-835e-27a1eaedbe4b/text {"id": "c3b1bc19-2531-4d3d-835e-27a1eaedbe4b"}
2020-11-18 10:02:10,247:http://127.0.0.1:60317 "GET /session/025f8ee6e9cf73329f2ee464cf3337c1/element/c3b1bc19-2531-4d3d-835e-27a1eaedbe4b/text HTTP/1.1" 200 1245
2020-11-18 10:02:10,247:Finished Request
2020-11-18 10:02:10,252:GET http://127.0.0.1:60317/session/025f8ee6e9cf73329f2ee464cf3337c1/element/c3b1bc19-2531-4d3d-835e-27a1eaedbe4b/text {"id": "c3b1bc19-2531-4d3d-835e-27a1eaedbe4b"}
2020-11-18 10:02:10,282:http://127.0.0.1:60317 "GET /session/025f8ee6e9cf73329f2ee464cf3337c1/element/c3b1bc19-2531-4d3d-835e-27a1eaedbe4b/text HTTP/1.1" 200 1245
2020-11-18 10:02:10,283:Finished Request
2020-11-18 10:02:10,283:11Œ–Ú‚ÌŠé‹Æ
2020-11-18 10:02:10,283:GET http://127.0.0.1:60317/session/025f8ee6e9cf73329f2ee464cf3337c1/element/0b1ab062-1617-4207-aeca-07e86b99f946/text {"id": "0b1ab062-1617-4207-aeca-07e86b99f946"}
2020-11-18 10:02:10,327:http://127.0.0.1:60317 "GET /session/025f8ee6e9cf73329f2ee464cf3337c1/element/0b1ab062-1617-4207-aeca-07e86b99f946/text HTTP/1.1" 200 1293
2020-11-18 10:02:10,327:Finished Request
2020-11-18 10:02:10,332:GET http://127.0.0.1:60317/session/025f8ee6e9cf73329f2ee464cf3337c1/element/0b1ab062-1617-4207-aeca-07e86b99f946/text {"id": "0b1ab062-1617-4207-aeca-07e86b99f946"}
2020-11-18 10:02:10,381:http://127.0.0.1:60317 "GET /session/025f8ee6e9cf73329f2ee464cf3337c1/element/0b1ab062-1617-4207-aeca-07e86b99f946/text HTTP/1.1" 200 1293
2020-11-18 10:02:10,381:Finished Request
2020-11-18 10:02:10,381:12Œ–Ú‚ÌŠé‹Æ
2020-11-18 10:02:10,381:GET http://127.0.0.1:60317/session/025f8ee6e9cf73329f2ee464cf3337c1/element/6501e9c0-9538-41dc-a781-55283e0da6f8/text {"id": "6501e9c0-9538-41dc-a781-55283e0da6f8"}
2020-11-18 10:02:10,432:http://127.0.0.1:60317 "GET /session/025f8ee6e9cf73329f2ee464cf3337c1/element/6501e9c0-9538-41dc-a781-55283e0da6f8/text HTTP/1.1" 200 1290
2020-11-18 10:02:10,433:Finished Request
2020-11-18 10:02:10,437:GET http://127.0.0.1:60317/session/025f8ee6e9cf73329f2ee464cf3337c1/element/6501e9c0-9538-41dc-a781-55283e0da6f8/text {"id": "6501e9c0-9538-41dc-a781-55283e0da6f8"}
2020-11-18 10:02:10,471:http://127.0.0.1:60317 "GET /session/025f8ee6e9cf73329f2ee464cf3337c1/element/6501e9c0-9538-41dc-a781-55283e0da6f8/text HTTP/1.1" 200 1290
2020-11-18 10:02:10,471:Finished Request
2020-11-18 10:02:10,472:13Œ–Ú‚ÌŠé‹Æ
2020-11-18 10:02:10,472:GET http://127.0.0.1:60317/session/025f8ee6e9cf73329f2ee464cf3337c1/element/ded20f5f-f3e6-4ddd-8fec-17944e005c1b/text {"id": "ded20f5f-f3e6-4ddd-8fec-17944e005c1b"}
2020-11-18 10:02:10,524:http://127.0.0.1:60317 "GET /session/025f8ee6e9cf73329f2ee464cf3337c1/element/ded20f5f-f3e6-4ddd-8fec-17944e005c1b/text HTTP/1.1" 200 1235
2020-11-18 10:02:10,525:Finished Request
2020-11-18 10:02:10,530:GET http://127.0.0.1:60317/session/025f8ee6e9cf73329f2ee464cf3337c1/element/ded20f5f-f3e6-4ddd-8fec-17944e005c1b/text {"id": "ded20f5f-f3e6-4ddd-8fec-17944e005c1b"}
2020-11-18 10:02:10,569:http://127.0.0.1:60317 "GET /session/025f8ee6e9cf73329f2ee464cf3337c1/element/ded20f5f-f3e6-4ddd-8fec-17944e005c1b/text HTTP/1.1" 200 1235
2020-11-18 10:02:10,570:Finished Request
2020-11-18 10:02:10,570:14Œ–Ú‚ÌŠé‹Æ
2020-11-18 10:02:10,570:GET http://127.0.0.1:60317/session/025f8ee6e9cf73329f2ee464cf3337c1/element/4337ad32-1f6f-470d-abd2-8608e101b8f3/text {"id": "4337ad32-1f6f-470d-abd2-8608e101b8f3"}
2020-11-18 10:02:10,627:http://127.0.0.1:60317 "GET /session/025f8ee6e9cf73329f2ee464cf3337c1/element/4337ad32-1f6f-470d-abd2-8608e101b8f3/text HTTP/1.1" 200 1130
2020-11-18 10:02:10,628:Finished Request
2020-11-18 10:02:10,633:GET http://127.0.0.1:60317/session/025f8ee6e9cf73329f2ee464cf3337c1/element/4337ad32-1f6f-470d-abd2-8608e101b8f3/text {"id": "4337ad32-1f6f-470d-abd2-8608e101b8f3"}
2020-11-18 10:02:10,662:http://127.0.0.1:60317 "GET /session/025f8ee6e9cf73329f2ee464cf3337c1/element/4337ad32-1f6f-470d-abd2-8608e101b8f3/text HTTP/1.1" 200 1130
2020-11-18 10:02:10,662:Finished Request
2020-11-18 10:02:10,662:15Œ–Ú‚ÌŠé‹Æ
2020-11-18 10:02:10,662:GET http://127.0.0.1:60317/session/025f8ee6e9cf73329f2ee464cf3337c1/element/114555b2-6308-4558-b1dd-b35ea7516ea9/text {"id": "114555b2-6308-4558-b1dd-b35ea7516ea9"}
2020-11-18 10:02:10,704:http://127.0.0.1:60317 "GET /session/025f8ee6e9cf73329f2ee464cf3337c1/element/114555b2-6308-4558-b1dd-b35ea7516ea9/text HTTP/1.1" 200 1288
2020-11-18 10:02:10,704:Finished Request
2020-11-18 10:02:10,709:GET http://127.0.0.1:60317/session/025f8ee6e9cf73329f2ee464cf3337c1/element/114555b2-6308-4558-b1dd-b35ea7516ea9/text {"id": "114555b2-6308-4558-b1dd-b35ea7516ea9"}
2020-11-18 10:02:10,755:http://127.0.0.1:60317 "GET /session/025f8ee6e9cf73329f2ee464cf3337c1/element/114555b2-6308-4558-b1dd-b35ea7516ea9/text HTTP/1.1" 200 1288
2020-11-18 10:02:10,755:Finished Request
2020-11-18 10:02:10,755:16Œ–Ú‚ÌŠé‹Æ
2020-11-18 10:02:10,755:GET http://127.0.0.1:60317/session/025f8ee6e9cf73329f2ee464cf3337c1/element/f8cdd06c-ae49-4f92-b541-700a29234fc2/text {"id": "f8cdd06c-ae49-4f92-b541-700a29234fc2"}
2020-11-18 10:02:10,808:http://127.0.0.1:60317 "GET /session/025f8ee6e9cf73329f2ee464cf3337c1/element/f8cdd06c-ae49-4f92-b541-700a29234fc2/text HTTP/1.1" 200 1255
2020-11-18 10:02:10,808:Finished Request
2020-11-18 10:02:10,814:GET http://127.0.0.1:60317/session/025f8ee6e9cf73329f2ee464cf3337c1/element/f8cdd06c-ae49-4f92-b541-700a29234fc2/text {"id": "f8cdd06c-ae49-4f92-b541-700a29234fc2"}
2020-11-18 10:02:10,865:http://127.0.0.1:60317 "GET /session/025f8ee6e9cf73329f2ee464cf3337c1/element/f8cdd06c-ae49-4f92-b541-700a29234fc2/text HTTP/1.1" 200 1255
2020-11-18 10:02:10,865:Finished Request
2020-11-18 10:02:10,866:17Œ–Ú‚ÌŠé‹Æ
2020-11-18 10:02:10,866:GET http://127.0.0.1:60317/session/025f8ee6e9cf73329f2ee464cf3337c1/element/153861ad-74f5-4162-b3e2-cbb381492d09/text {"id": "153861ad-74f5-4162-b3e2-cbb381492d09"}
2020-11-18 10:02:10,904:http://127.0.0.1:60317 "GET /session/025f8ee6e9cf73329f2ee464cf3337c1/element/153861ad-74f5-4162-b3e2-cbb381492d09/text HTTP/1.1" 200 1193
2020-11-18 10:02:10,905:Finished Request
2020-11-18 10:02:10,905:GET http://127.0.0.1:60317/session/025f8ee6e9cf73329f2ee464cf3337c1/element/153861ad-74f5-4162-b3e2-cbb381492d09/text {"id": "153861ad-74f5-4162-b3e2-cbb381492d09"}
2020-11-18 10:02:10,960:http://127.0.0.1:60317 "GET /session/025f8ee6e9cf73329f2ee464cf3337c1/element/153861ad-74f5-4162-b3e2-cbb381492d09/text HTTP/1.1" 200 1193
2020-11-18 10:02:10,961:Finished Request
2020-11-18 10:02:10,961:18Œ–Ú‚ÌŠé‹Æ
2020-11-18 10:02:10,961:GET http://127.0.0.1:60317/session/025f8ee6e9cf73329f2ee464cf3337c1/element/e11e807a-59ab-4b43-9f63-e822d6da1fe6/text {"id": "e11e807a-59ab-4b43-9f63-e822d6da1fe6"}
2020-11-18 10:02:11,008:http://127.0.0.1:60317 "GET /session/025f8ee6e9cf73329f2ee464cf3337c1/element/e11e807a-59ab-4b43-9f63-e822d6da1fe6/text HTTP/1.1" 200 1238
2020-11-18 10:02:11,008:Finished Request
2020-11-18 10:02:11,016:GET http://127.0.0.1:60317/session/025f8ee6e9cf73329f2ee464cf3337c1/element/e11e807a-59ab-4b43-9f63-e822d6da1fe6/text {"id": "e11e807a-59ab-4b43-9f63-e822d6da1fe6"}
2020-11-18 10:02:11,059:http://127.0.0.1:60317 "GET /session/025f8ee6e9cf73329f2ee464cf3337c1/element/e11e807a-59ab-4b43-9f63-e822d6da1fe6/text HTTP/1.1" 200 1238
2020-11-18 10:02:11,060:Finished Request
2020-11-18 10:02:11,060:19Œ–Ú‚ÌŠé‹Æ
2020-11-18 10:02:11,060:GET http://127.0.0.1:60317/session/025f8ee6e9cf73329f2ee464cf3337c1/element/7d71eaf6-c444-450c-8d9d-9b233867cbf7/text {"id": "7d71eaf6-c444-450c-8d9d-9b233867cbf7"}
2020-11-18 10:02:11,095:http://127.0.0.1:60317 "GET /session/025f8ee6e9cf73329f2ee464cf3337c1/element/7d71eaf6-c444-450c-8d9d-9b233867cbf7/text HTTP/1.1" 200 1226
2020-11-18 10:02:11,096:Finished Request
2020-11-18 10:02:11,100:GET http://127.0.0.1:60317/session/025f8ee6e9cf73329f2ee464cf3337c1/element/7d71eaf6-c444-450c-8d9d-9b233867cbf7/text {"id": "7d71eaf6-c444-450c-8d9d-9b233867cbf7"}
2020-11-18 10:02:11,128:http://127.0.0.1:60317 "GET /session/025f8ee6e9cf73329f2ee464cf3337c1/element/7d71eaf6-c444-450c-8d9d-9b233867cbf7/text HTTP/1.1" 200 1226
2020-11-18 10:02:11,128:Finished Request
2020-11-18 10:02:11,128:20Œ–Ú‚ÌŠé‹Æ
2020-11-18 10:02:11,128:GET http://127.0.0.1:60317/session/025f8ee6e9cf73329f2ee464cf3337c1/element/e28504fb-72eb-4a42-9a67-585cc5249099/text {"id": "e28504fb-72eb-4a42-9a67-585cc5249099"}
2020-11-18 10:02:11,158:http://127.0.0.1:60317 "GET /session/025f8ee6e9cf73329f2ee464cf3337c1/element/e28504fb-72eb-4a42-9a67-585cc5249099/text HTTP/1.1" 200 1232
2020-11-18 10:02:11,159:Finished Request
2020-11-18 10:02:11,163:GET http://127.0.0.1:60317/session/025f8ee6e9cf73329f2ee464cf3337c1/element/e28504fb-72eb-4a42-9a67-585cc5249099/text {"id": "e28504fb-72eb-4a42-9a67-585cc5249099"}
2020-11-18 10:02:11,188:http://127.0.0.1:60317 "GET /session/025f8ee6e9cf73329f2ee464cf3337c1/element/e28504fb-72eb-4a42-9a67-585cc5249099/text HTTP/1.1" 200 1232
2020-11-18 10:02:11,188:Finished Request
2020-11-18 10:02:11,189:21Œ–Ú‚ÌŠé‹Æ
2020-11-18 10:02:11,189:GET http://127.0.0.1:60317/session/025f8ee6e9cf73329f2ee464cf3337c1/element/7488d2a9-c06f-4f8b-bca5-70c025b0d953/text {"id": "7488d2a9-c06f-4f8b-bca5-70c025b0d953"}
2020-11-18 10:02:11,219:http://127.0.0.1:60317 "GET /session/025f8ee6e9cf73329f2ee464cf3337c1/element/7488d2a9-c06f-4f8b-bca5-70c025b0d953/text HTTP/1.1" 200 1259
2020-11-18 10:02:11,219:Finished Request
2020-11-18 10:02:11,223:GET http://127.0.0.1:60317/session/025f8ee6e9cf73329f2ee464cf3337c1/element/7488d2a9-c06f-4f8b-bca5-70c025b0d953/text {"id": "7488d2a9-c06f-4f8b-bca5-70c025b0d953"}
2020-11-18 10:02:11,272:http://127.0.0.1:60317 "GET /session/025f8ee6e9cf73329f2ee464cf3337c1/element/7488d2a9-c06f-4f8b-bca5-70c025b0d953/text HTTP/1.1" 200 1259
2020-11-18 10:02:11,272:Finished Request
2020-11-18 10:02:11,273:22Œ–Ú‚ÌŠé‹Æ
2020-11-18 10:02:11,273:GET http://127.0.0.1:60317/session/025f8ee6e9cf73329f2ee464cf3337c1/element/7d560251-a85d-4a79-a253-82f28c904c3e/text {"id": "7d560251-a85d-4a79-a253-82f28c904c3e"}
2020-11-18 10:02:11,329:http://127.0.0.1:60317 "GET /session/025f8ee6e9cf73329f2ee464cf3337c1/element/7d560251-a85d-4a79-a253-82f28c904c3e/text HTTP/1.1" 200 1217
2020-11-18 10:02:11,329:Finished Request
2020-11-18 10:02:11,336:GET http://127.0.0.1:60317/session/025f8ee6e9cf73329f2ee464cf3337c1/element/7d560251-a85d-4a79-a253-82f28c904c3e/text {"id": "7d560251-a85d-4a79-a253-82f28c904c3e"}
2020-11-18 10:02:11,384:http://127.0.0.1:60317 "GET /session/025f8ee6e9cf73329f2ee464cf3337c1/element/7d560251-a85d-4a79-a253-82f28c904c3e/text HTTP/1.1" 200 1217
2020-11-18 10:02:11,384:Finished Request
2020-11-18 10:02:11,385:23Œ–Ú‚ÌŠé‹Æ
2020-11-18 10:02:11,385:GET http://127.0.0.1:60317/session/025f8ee6e9cf73329f2ee464cf3337c1/element/86ce98ab-b0cc-4ea6-b13a-d5d93483874d/text {"id": "86ce98ab-b0cc-4ea6-b13a-d5d93483874d"}
2020-11-18 10:02:11,417:http://127.0.0.1:60317 "GET /session/025f8ee6e9cf73329f2ee464cf3337c1/element/86ce98ab-b0cc-4ea6-b13a-d5d93483874d/text HTTP/1.1" 200 1186
2020-11-18 10:02:11,417:Finished Request
2020-11-18 10:02:11,422:GET http://127.0.0.1:60317/session/025f8ee6e9cf73329f2ee464cf3337c1/element/86ce98ab-b0cc-4ea6-b13a-d5d93483874d/text {"id": "86ce98ab-b0cc-4ea6-b13a-d5d93483874d"}
2020-11-18 10:02:11,447:http://127.0.0.1:60317 "GET /session/025f8ee6e9cf73329f2ee464cf3337c1/element/86ce98ab-b0cc-4ea6-b13a-d5d93483874d/text HTTP/1.1" 200 1186
2020-11-18 10:02:11,448:Finished Request
2020-11-18 10:02:11,449:24Œ–Ú‚ÌŠé‹Æ
2020-11-18 10:02:11,449:GET http://127.0.0.1:60317/session/025f8ee6e9cf73329f2ee464cf3337c1/element/6673dc08-18fe-4934-a393-4cbf91ce5daa/text {"id": "6673dc08-18fe-4934-a393-4cbf91ce5daa"}
2020-11-18 10:02:11,476:http://127.0.0.1:60317 "GET /session/025f8ee6e9cf73329f2ee464cf3337c1/element/6673dc08-18fe-4934-a393-4cbf91ce5daa/text HTTP/1.1" 200 1228
2020-11-18 10:02:11,476:Finished Request
2020-11-18 10:02:11,479:GET http://127.0.0.1:60317/session/025f8ee6e9cf73329f2ee464cf3337c1/element/6673dc08-18fe-4934-a393-4cbf91ce5daa/text {"id": "6673dc08-18fe-4934-a393-4cbf91ce5daa"}
2020-11-18 10:02:11,522:http://127.0.0.1:60317 "GET /session/025f8ee6e9cf73329f2ee464cf3337c1/element/6673dc08-18fe-4934-a393-4cbf91ce5daa/text HTTP/1.1" 200 1228
2020-11-18 10:02:11,522:Finished Request
2020-11-18 10:02:11,523:25Œ–Ú‚ÌŠé‹Æ
2020-11-18 10:02:11,523:GET http://127.0.0.1:60317/session/025f8ee6e9cf73329f2ee464cf3337c1/element/3a0595ce-315a-4db0-8b04-a76c8f58ed57/text {"id": "3a0595ce-315a-4db0-8b04-a76c8f58ed57"}
2020-11-18 10:02:11,554:http://127.0.0.1:60317 "GET /session/025f8ee6e9cf73329f2ee464cf3337c1/element/3a0595ce-315a-4db0-8b04-a76c8f58ed57/text HTTP/1.1" 200 1291
2020-11-18 10:02:11,555:Finished Request
2020-11-18 10:02:11,559:GET http://127.0.0.1:60317/session/025f8ee6e9cf73329f2ee464cf3337c1/element/3a0595ce-315a-4db0-8b04-a76c8f58ed57/text {"id": "3a0595ce-315a-4db0-8b04-a76c8f58ed57"}
2020-11-18 10:02:11,589:http://127.0.0.1:60317 "GET /session/025f8ee6e9cf73329f2ee464cf3337c1/element/3a0595ce-315a-4db0-8b04-a76c8f58ed57/text HTTP/1.1" 200 1291
2020-11-18 10:02:11,589:Finished Request
2020-11-18 10:02:11,589:26Œ–Ú‚ÌŠé‹Æ
2020-11-18 10:02:11,589:GET http://127.0.0.1:60317/session/025f8ee6e9cf73329f2ee464cf3337c1/element/0e5a4aa7-7a66-4ac7-b54e-ee6d81817384/text {"id": "0e5a4aa7-7a66-4ac7-b54e-ee6d81817384"}
2020-11-18 10:02:11,640:http://127.0.0.1:60317 "GET /session/025f8ee6e9cf73329f2ee464cf3337c1/element/0e5a4aa7-7a66-4ac7-b54e-ee6d81817384/text HTTP/1.1" 200 1274
2020-11-18 10:02:11,640:Finished Request
2020-11-18 10:02:11,645:GET http://127.0.0.1:60317/session/025f8ee6e9cf73329f2ee464cf3337c1/element/0e5a4aa7-7a66-4ac7-b54e-ee6d81817384/text {"id": "0e5a4aa7-7a66-4ac7-b54e-ee6d81817384"}
2020-11-18 10:02:11,682:http://127.0.0.1:60317 "GET /session/025f8ee6e9cf73329f2ee464cf3337c1/element/0e5a4aa7-7a66-4ac7-b54e-ee6d81817384/text HTTP/1.1" 200 1274
2020-11-18 10:02:11,683:Finished Request
2020-11-18 10:02:11,683:27Œ–Ú‚ÌŠé‹Æ
2020-11-18 10:02:11,683:GET http://127.0.0.1:60317/session/025f8ee6e9cf73329f2ee464cf3337c1/element/7859a3bf-e7d6-44ba-b2d4-3c9d9f80723b/text {"id": "7859a3bf-e7d6-44ba-b2d4-3c9d9f80723b"}
2020-11-18 10:02:11,725:http://127.0.0.1:60317 "GET /session/025f8ee6e9cf73329f2ee464cf3337c1/element/7859a3bf-e7d6-44ba-b2d4-3c9d9f80723b/text HTTP/1.1" 200 1225
2020-11-18 10:02:11,726:Finished Request
2020-11-18 10:02:11,729:GET http://127.0.0.1:60317/session/025f8ee6e9cf73329f2ee464cf3337c1/element/7859a3bf-e7d6-44ba-b2d4-3c9d9f80723b/text {"id": "7859a3bf-e7d6-44ba-b2d4-3c9d9f80723b"}
2020-11-18 10:02:11,753:http://127.0.0.1:60317 "GET /session/025f8ee6e9cf73329f2ee464cf3337c1/element/7859a3bf-e7d6-44ba-b2d4-3c9d9f80723b/text HTTP/1.1" 200 1225
2020-11-18 10:02:11,753:Finished Request
2020-11-18 10:02:11,753:28Œ–Ú‚ÌŠé‹Æ
2020-11-18 10:02:11,753:GET http://127.0.0.1:60317/session/025f8ee6e9cf73329f2ee464cf3337c1/element/913884c9-80c6-4515-a4f0-e1e6eeef942b/text {"id": "913884c9-80c6-4515-a4f0-e1e6eeef942b"}
2020-11-18 10:02:11,808:http://127.0.0.1:60317 "GET /session/025f8ee6e9cf73329f2ee464cf3337c1/element/913884c9-80c6-4515-a4f0-e1e6eeef942b/text HTTP/1.1" 200 1222
2020-11-18 10:02:11,808:Finished Request
2020-11-18 10:02:11,813:GET http://127.0.0.1:60317/session/025f8ee6e9cf73329f2ee464cf3337c1/element/913884c9-80c6-4515-a4f0-e1e6eeef942b/text {"id": "913884c9-80c6-4515-a4f0-e1e6eeef942b"}
2020-11-18 10:02:11,852:http://127.0.0.1:60317 "GET /session/025f8ee6e9cf73329f2ee464cf3337c1/element/913884c9-80c6-4515-a4f0-e1e6eeef942b/text HTTP/1.1" 200 1222
2020-11-18 10:02:11,852:Finished Request
2020-11-18 10:02:11,852:29Œ–Ú‚ÌŠé‹Æ
2020-11-18 10:02:11,852:GET http://127.0.0.1:60317/session/025f8ee6e9cf73329f2ee464cf3337c1/element/b78d5884-8e27-47af-b71e-290c07f851bc/text {"id": "b78d5884-8e27-47af-b71e-290c07f851bc"}
2020-11-18 10:02:11,879:http://127.0.0.1:60317 "GET /session/025f8ee6e9cf73329f2ee464cf3337c1/element/b78d5884-8e27-47af-b71e-290c07f851bc/text HTTP/1.1" 200 1255
2020-11-18 10:02:11,880:Finished Request
2020-11-18 10:02:11,884:GET http://127.0.0.1:60317/session/025f8ee6e9cf73329f2ee464cf3337c1/element/b78d5884-8e27-47af-b71e-290c07f851bc/text {"id": "b78d5884-8e27-47af-b71e-290c07f851bc"}
2020-11-18 10:02:11,908:http://127.0.0.1:60317 "GET /session/025f8ee6e9cf73329f2ee464cf3337c1/element/b78d5884-8e27-47af-b71e-290c07f851bc/text HTTP/1.1" 200 1255
2020-11-18 10:02:11,909:Finished Request
2020-11-18 10:02:11,909:30Œ–Ú‚ÌŠé‹Æ
2020-11-18 10:02:11,909:GET http://127.0.0.1:60317/session/025f8ee6e9cf73329f2ee464cf3337c1/element/96643d09-f35b-4936-b3c9-ad8320c6d485/text {"id": "96643d09-f35b-4936-b3c9-ad8320c6d485"}
2020-11-18 10:02:11,937:http://127.0.0.1:60317 "GET /session/025f8ee6e9cf73329f2ee464cf3337c1/element/96643d09-f35b-4936-b3c9-ad8320c6d485/text HTTP/1.1" 200 1232
2020-11-18 10:02:11,937:Finished Request
2020-11-18 10:02:11,942:GET http://127.0.0.1:60317/session/025f8ee6e9cf73329f2ee464cf3337c1/element/96643d09-f35b-4936-b3c9-ad8320c6d485/text {"id": "96643d09-f35b-4936-b3c9-ad8320c6d485"}
2020-11-18 10:02:11,964:http://127.0.0.1:60317 "GET /session/025f8ee6e9cf73329f2ee464cf3337c1/element/96643d09-f35b-4936-b3c9-ad8320c6d485/text HTTP/1.1" 200 1232
2020-11-18 10:02:11,964:Finished Request
2020-11-18 10:02:11,964:31Œ–Ú‚ÌŠé‹Æ
2020-11-18 10:02:11,964:GET http://127.0.0.1:60317/session/025f8ee6e9cf73329f2ee464cf3337c1/element/3fd9513c-d1cc-4a41-b234-b69a4b13aab5/text {"id": "3fd9513c-d1cc-4a41-b234-b69a4b13aab5"}
2020-11-18 10:02:11,999:http://127.0.0.1:60317 "GET /session/025f8ee6e9cf73329f2ee464cf3337c1/element/3fd9513c-d1cc-4a41-b234-b69a4b13aab5/text HTTP/1.1" 200 1220
2020-11-18 10:02:11,999:Finished Request
2020-11-18 10:02:12,002:GET http://127.0.0.1:60317/session/025f8ee6e9cf73329f2ee464cf3337c1/element/3fd9513c-d1cc-4a41-b234-b69a4b13aab5/text {"id": "3fd9513c-d1cc-4a41-b234-b69a4b13aab5"}
2020-11-18 10:02:12,037:http://127.0.0.1:60317 "GET /session/025f8ee6e9cf73329f2ee464cf3337c1/element/3fd9513c-d1cc-4a41-b234-b69a4b13aab5/text HTTP/1.1" 200 1220
2020-11-18 10:02:12,037:Finished Request
2020-11-18 10:02:12,037:32Œ–Ú‚ÌŠé‹Æ
2020-11-18 10:02:12,039:GET http://127.0.0.1:60317/session/025f8ee6e9cf73329f2ee464cf3337c1/element/37601851-b255-43f8-9050-97f86c5c25a4/text {"id": "37601851-b255-43f8-9050-97f86c5c25a4"}
2020-11-18 10:02:12,086:http://127.0.0.1:60317 "GET /session/025f8ee6e9cf73329f2ee464cf3337c1/element/37601851-b255-43f8-9050-97f86c5c25a4/text HTTP/1.1" 200 1255
2020-11-18 10:02:12,087:Finished Request
2020-11-18 10:02:12,093:GET http://127.0.0.1:60317/session/025f8ee6e9cf73329f2ee464cf3337c1/element/37601851-b255-43f8-9050-97f86c5c25a4/text {"id": "37601851-b255-43f8-9050-97f86c5c25a4"}
2020-11-18 10:02:12,147:http://127.0.0.1:60317 "GET /session/025f8ee6e9cf73329f2ee464cf3337c1/element/37601851-b255-43f8-9050-97f86c5c25a4/text HTTP/1.1" 200 1255
2020-11-18 10:02:12,147:Finished Request
2020-11-18 10:02:12,147:33Œ–Ú‚ÌŠé‹Æ
2020-11-18 10:02:12,147:GET http://127.0.0.1:60317/session/025f8ee6e9cf73329f2ee464cf3337c1/element/9aacac37-dc81-4c1f-a6e0-bc4334aa9af8/text {"id": "9aacac37-dc81-4c1f-a6e0-bc4334aa9af8"}
2020-11-18 10:02:12,193:http://127.0.0.1:60317 "GET /session/025f8ee6e9cf73329f2ee464cf3337c1/element/9aacac37-dc81-4c1f-a6e0-bc4334aa9af8/text HTTP/1.1" 200 1116
2020-11-18 10:02:12,193:Finished Request
2020-11-18 10:02:12,197:GET http://127.0.0.1:60317/session/025f8ee6e9cf73329f2ee464cf3337c1/element/9aacac37-dc81-4c1f-a6e0-bc4334aa9af8/text {"id": "9aacac37-dc81-4c1f-a6e0-bc4334aa9af8"}
2020-11-18 10:02:12,223:http://127.0.0.1:60317 "GET /session/025f8ee6e9cf73329f2ee464cf3337c1/element/9aacac37-dc81-4c1f-a6e0-bc4334aa9af8/text HTTP/1.1" 200 1116
2020-11-18 10:02:12,223:Finished Request
2020-11-18 10:02:12,224:34Œ–Ú‚ÌŠé‹Æ
2020-11-18 10:02:12,224:GET http://127.0.0.1:60317/session/025f8ee6e9cf73329f2ee464cf3337c1/element/8b8f5e8f-cf7b-46c1-b315-f7140a4e7f92/text {"id": "8b8f5e8f-cf7b-46c1-b315-f7140a4e7f92"}
2020-11-18 10:02:12,278:http://127.0.0.1:60317 "GET /session/025f8ee6e9cf73329f2ee464cf3337c1/element/8b8f5e8f-cf7b-46c1-b315-f7140a4e7f92/text HTTP/1.1" 200 1258
2020-11-18 10:02:12,278:Finished Request
2020-11-18 10:02:12,280:GET http://127.0.0.1:60317/session/025f8ee6e9cf73329f2ee464cf3337c1/element/8b8f5e8f-cf7b-46c1-b315-f7140a4e7f92/text {"id": "8b8f5e8f-cf7b-46c1-b315-f7140a4e7f92"}
2020-11-18 10:02:12,339:http://127.0.0.1:60317 "GET /session/025f8ee6e9cf73329f2ee464cf3337c1/element/8b8f5e8f-cf7b-46c1-b315-f7140a4e7f92/text HTTP/1.1" 200 1258
2020-11-18 10:02:12,340:Finished Request
2020-11-18 10:02:12,340:35Œ–Ú‚ÌŠé‹Æ
2020-11-18 10:02:12,340:GET http://127.0.0.1:60317/session/025f8ee6e9cf73329f2ee464cf3337c1/element/2ec967c7-8ddd-4222-891f-a7aa8a2275f7/text {"id": "2ec967c7-8ddd-4222-891f-a7aa8a2275f7"}
2020-11-18 10:02:12,392:http://127.0.0.1:60317 "GET /session/025f8ee6e9cf73329f2ee464cf3337c1/element/2ec967c7-8ddd-4222-891f-a7aa8a2275f7/text HTTP/1.1" 200 1236
2020-11-18 10:02:12,392:Finished Request
2020-11-18 10:02:12,397:GET http://127.0.0.1:60317/session/025f8ee6e9cf73329f2ee464cf3337c1/element/2ec967c7-8ddd-4222-891f-a7aa8a2275f7/text {"id": "2ec967c7-8ddd-4222-891f-a7aa8a2275f7"}
2020-11-18 10:02:12,429:http://127.0.0.1:60317 "GET /session/025f8ee6e9cf73329f2ee464cf3337c1/element/2ec967c7-8ddd-4222-891f-a7aa8a2275f7/text HTTP/1.1" 200 1236
2020-11-18 10:02:12,430:Finished Request
2020-11-18 10:02:12,430:36Œ–Ú‚ÌŠé‹Æ
2020-11-18 10:02:12,430:GET http://127.0.0.1:60317/session/025f8ee6e9cf73329f2ee464cf3337c1/element/fef89085-f60e-4f6c-b743-614e48b60925/text {"id": "fef89085-f60e-4f6c-b743-614e48b60925"}
2020-11-18 10:02:12,466:http://127.0.0.1:60317 "GET /session/025f8ee6e9cf73329f2ee464cf3337c1/element/fef89085-f60e-4f6c-b743-614e48b60925/text HTTP/1.1" 200 1190
2020-11-18 10:02:12,466:Finished Request
2020-11-18 10:02:12,468:GET http://127.0.0.1:60317/session/025f8ee6e9cf73329f2ee464cf3337c1/element/fef89085-f60e-4f6c-b743-614e48b60925/text {"id": "fef89085-f60e-4f6c-b743-614e48b60925"}
2020-11-18 10:02:12,490:http://127.0.0.1:60317 "GET /session/025f8ee6e9cf73329f2ee464cf3337c1/element/fef89085-f60e-4f6c-b743-614e48b60925/text HTTP/1.1" 200 1190
2020-11-18 10:02:12,490:Finished Request
2020-11-18 10:02:12,490:37Œ–Ú‚ÌŠé‹Æ
2020-11-18 10:02:12,491:GET http://127.0.0.1:60317/session/025f8ee6e9cf73329f2ee464cf3337c1/element/72231a0b-1b9c-4185-8de0-5ae15f9a68e1/text {"id": "72231a0b-1b9c-4185-8de0-5ae15f9a68e1"}
2020-11-18 10:02:12,519:http://127.0.0.1:60317 "GET /session/025f8ee6e9cf73329f2ee464cf3337c1/element/72231a0b-1b9c-4185-8de0-5ae15f9a68e1/text HTTP/1.1" 200 1250
2020-11-18 10:02:12,519:Finished Request
2020-11-18 10:02:12,523:GET http://127.0.0.1:60317/session/025f8ee6e9cf73329f2ee464cf3337c1/element/72231a0b-1b9c-4185-8de0-5ae15f9a68e1/text {"id": "72231a0b-1b9c-4185-8de0-5ae15f9a68e1"}
2020-11-18 10:02:12,550:http://127.0.0.1:60317 "GET /session/025f8ee6e9cf73329f2ee464cf3337c1/element/72231a0b-1b9c-4185-8de0-5ae15f9a68e1/text HTTP/1.1" 200 1250
2020-11-18 10:02:12,550:Finished Request
2020-11-18 10:02:12,550:38Œ–Ú‚ÌŠé‹Æ
2020-11-18 10:02:12,550:GET http://127.0.0.1:60317/session/025f8ee6e9cf73329f2ee464cf3337c1/element/71b3b430-36f5-4d27-b77f-a665e4cee153/text {"id": "71b3b430-36f5-4d27-b77f-a665e4cee153"}
2020-11-18 10:02:12,580:http://127.0.0.1:60317 "GET /session/025f8ee6e9cf73329f2ee464cf3337c1/element/71b3b430-36f5-4d27-b77f-a665e4cee153/text HTTP/1.1" 200 1242
2020-11-18 10:02:12,580:Finished Request
2020-11-18 10:02:12,585:GET http://127.0.0.1:60317/session/025f8ee6e9cf73329f2ee464cf3337c1/element/71b3b430-36f5-4d27-b77f-a665e4cee153/text {"id": "71b3b430-36f5-4d27-b77f-a665e4cee153"}
2020-11-18 10:02:12,623:http://127.0.0.1:60317 "GET /session/025f8ee6e9cf73329f2ee464cf3337c1/element/71b3b430-36f5-4d27-b77f-a665e4cee153/text HTTP/1.1" 200 1242
2020-11-18 10:02:12,623:Finished Request
2020-11-18 10:02:12,623:39Œ–Ú‚ÌŠé‹Æ
2020-11-18 10:02:12,623:GET http://127.0.0.1:60317/session/025f8ee6e9cf73329f2ee464cf3337c1/element/3bd9ece9-14a6-4189-b012-fa93893bb172/text {"id": "3bd9ece9-14a6-4189-b012-fa93893bb172"}
2020-11-18 10:02:12,676:http://127.0.0.1:60317 "GET /session/025f8ee6e9cf73329f2ee464cf3337c1/element/3bd9ece9-14a6-4189-b012-fa93893bb172/text HTTP/1.1" 200 1283
2020-11-18 10:02:12,676:Finished Request
2020-11-18 10:02:12,681:GET http://127.0.0.1:60317/session/025f8ee6e9cf73329f2ee464cf3337c1/element/3bd9ece9-14a6-4189-b012-fa93893bb172/text {"id": "3bd9ece9-14a6-4189-b012-fa93893bb172"}
2020-11-18 10:02:12,708:http://127.0.0.1:60317 "GET /session/025f8ee6e9cf73329f2ee464cf3337c1/element/3bd9ece9-14a6-4189-b012-fa93893bb172/text HTTP/1.1" 200 1283
2020-11-18 10:02:12,709:Finished Request
2020-11-18 10:02:12,709:40Œ–Ú‚ÌŠé‹Æ
2020-11-18 10:02:12,709:GET http://127.0.0.1:60317/session/025f8ee6e9cf73329f2ee464cf3337c1/element/1aafce8a-2e25-4baf-932e-03bcca3a5c91/text {"id": "1aafce8a-2e25-4baf-932e-03bcca3a5c91"}
2020-11-18 10:02:12,748:http://127.0.0.1:60317 "GET /session/025f8ee6e9cf73329f2ee464cf3337c1/element/1aafce8a-2e25-4baf-932e-03bcca3a5c91/text HTTP/1.1" 200 1280
2020-11-18 10:02:12,749:Finished Request
2020-11-18 10:02:12,751:GET http://127.0.0.1:60317/session/025f8ee6e9cf73329f2ee464cf3337c1/element/1aafce8a-2e25-4baf-932e-03bcca3a5c91/text {"id": "1aafce8a-2e25-4baf-932e-03bcca3a5c91"}
2020-11-18 10:02:12,804:http://127.0.0.1:60317 "GET /session/025f8ee6e9cf73329f2ee464cf3337c1/element/1aafce8a-2e25-4baf-932e-03bcca3a5c91/text HTTP/1.1" 200 1280
2020-11-18 10:02:12,804:Finished Request
2020-11-18 10:02:12,804:41Œ–Ú‚ÌŠé‹Æ
2020-11-18 10:02:12,805:GET http://127.0.0.1:60317/session/025f8ee6e9cf73329f2ee464cf3337c1/element/3e541fc2-8b5f-403b-ba1f-aa69ed3ad47a/text {"id": "3e541fc2-8b5f-403b-ba1f-aa69ed3ad47a"}
2020-11-18 10:02:12,831:http://127.0.0.1:60317 "GET /session/025f8ee6e9cf73329f2ee464cf3337c1/element/3e541fc2-8b5f-403b-ba1f-aa69ed3ad47a/text HTTP/1.1" 200 1224
2020-11-18 10:02:12,831:Finished Request
2020-11-18 10:02:12,835:GET http://127.0.0.1:60317/session/025f8ee6e9cf73329f2ee464cf3337c1/element/3e541fc2-8b5f-403b-ba1f-aa69ed3ad47a/text {"id": "3e541fc2-8b5f-403b-ba1f-aa69ed3ad47a"}
2020-11-18 10:02:12,856:http://127.0.0.1:60317 "GET /session/025f8ee6e9cf73329f2ee464cf3337c1/element/3e541fc2-8b5f-403b-ba1f-aa69ed3ad47a/text HTTP/1.1" 200 1224
2020-11-18 10:02:12,856:Finished Request
2020-11-18 10:02:12,856:42Œ–Ú‚ÌŠé‹Æ
2020-11-18 10:02:12,856:GET http://127.0.0.1:60317/session/025f8ee6e9cf73329f2ee464cf3337c1/element/a827c0a2-91fb-42ee-9a23-9bc3b2ce2976/text {"id": "a827c0a2-91fb-42ee-9a23-9bc3b2ce2976"}
2020-11-18 10:02:12,907:http://127.0.0.1:60317 "GET /session/025f8ee6e9cf73329f2ee464cf3337c1/element/a827c0a2-91fb-42ee-9a23-9bc3b2ce2976/text HTTP/1.1" 200 1286
2020-11-18 10:02:12,908:Finished Request
2020-11-18 10:02:12,912:GET http://127.0.0.1:60317/session/025f8ee6e9cf73329f2ee464cf3337c1/element/a827c0a2-91fb-42ee-9a23-9bc3b2ce2976/text {"id": "a827c0a2-91fb-42ee-9a23-9bc3b2ce2976"}
2020-11-18 10:02:12,937:http://127.0.0.1:60317 "GET /session/025f8ee6e9cf73329f2ee464cf3337c1/element/a827c0a2-91fb-42ee-9a23-9bc3b2ce2976/text HTTP/1.1" 200 1286
2020-11-18 10:02:12,937:Finished Request
2020-11-18 10:02:12,937:43Œ–Ú‚ÌŠé‹Æ
2020-11-18 10:02:12,937:GET http://127.0.0.1:60317/session/025f8ee6e9cf73329f2ee464cf3337c1/element/60fc5f93-e48c-434d-af18-a125a474bef9/text {"id": "60fc5f93-e48c-434d-af18-a125a474bef9"}
2020-11-18 10:02:12,991:http://127.0.0.1:60317 "GET /session/025f8ee6e9cf73329f2ee464cf3337c1/element/60fc5f93-e48c-434d-af18-a125a474bef9/text HTTP/1.1" 200 1221
2020-11-18 10:02:12,991:Finished Request
2020-11-18 10:02:12,996:GET http://127.0.0.1:60317/session/025f8ee6e9cf73329f2ee464cf3337c1/element/60fc5f93-e48c-434d-af18-a125a474bef9/text {"id": "60fc5f93-e48c-434d-af18-a125a474bef9"}
2020-11-18 10:02:13,037:http://127.0.0.1:60317 "GET /session/025f8ee6e9cf73329f2ee464cf3337c1/element/60fc5f93-e48c-434d-af18-a125a474bef9/text HTTP/1.1" 200 1221
2020-11-18 10:02:13,038:Finished Request
2020-11-18 10:02:13,038:44Œ–Ú‚ÌŠé‹Æ
2020-11-18 10:02:13,038:GET http://127.0.0.1:60317/session/025f8ee6e9cf73329f2ee464cf3337c1/element/eac7a999-855f-48f5-8e3b-98d83461daf1/text {"id": "eac7a999-855f-48f5-8e3b-98d83461daf1"}
2020-11-18 10:02:13,082:http://127.0.0.1:60317 "GET /session/025f8ee6e9cf73329f2ee464cf3337c1/element/eac7a999-855f-48f5-8e3b-98d83461daf1/text HTTP/1.1" 200 1305
2020-11-18 10:02:13,082:Finished Request
2020-11-18 10:02:13,088:GET http://127.0.0.1:60317/session/025f8ee6e9cf73329f2ee464cf3337c1/element/eac7a999-855f-48f5-8e3b-98d83461daf1/text {"id": "eac7a999-855f-48f5-8e3b-98d83461daf1"}
2020-11-18 10:02:13,112:http://127.0.0.1:60317 "GET /session/025f8ee6e9cf73329f2ee464cf3337c1/element/eac7a999-855f-48f5-8e3b-98d83461daf1/text HTTP/1.1" 200 1305
2020-11-18 10:02:13,114:Finished Request
2020-11-18 10:02:13,114:45Œ–Ú‚ÌŠé‹Æ
2020-11-18 10:02:13,114:GET http://127.0.0.1:60317/session/025f8ee6e9cf73329f2ee464cf3337c1/element/69739381-9397-42c8-a9da-2fad1f2b9878/text {"id": "69739381-9397-42c8-a9da-2fad1f2b9878"}
2020-11-18 10:02:13,165:http://127.0.0.1:60317 "GET /session/025f8ee6e9cf73329f2ee464cf3337c1/element/69739381-9397-42c8-a9da-2fad1f2b9878/text HTTP/1.1" 200 1200
2020-11-18 10:02:13,165:Finished Request
2020-11-18 10:02:13,169:GET http://127.0.0.1:60317/session/025f8ee6e9cf73329f2ee464cf3337c1/element/69739381-9397-42c8-a9da-2fad1f2b9878/text {"id": "69739381-9397-42c8-a9da-2fad1f2b9878"}
2020-11-18 10:02:13,203:http://127.0.0.1:60317 "GET /session/025f8ee6e9cf73329f2ee464cf3337c1/element/69739381-9397-42c8-a9da-2fad1f2b9878/text HTTP/1.1" 200 1200
2020-11-18 10:02:13,203:Finished Request
2020-11-18 10:02:13,204:46Œ–Ú‚ÌŠé‹Æ
2020-11-18 10:02:13,204:GET http://127.0.0.1:60317/session/025f8ee6e9cf73329f2ee464cf3337c1/element/8fefdb9d-8a88-4a2b-9abc-145a08cb70d3/text {"id": "8fefdb9d-8a88-4a2b-9abc-145a08cb70d3"}
2020-11-18 10:02:13,240:http://127.0.0.1:60317 "GET /session/025f8ee6e9cf73329f2ee464cf3337c1/element/8fefdb9d-8a88-4a2b-9abc-145a08cb70d3/text HTTP/1.1" 200 1273
2020-11-18 10:02:13,240:Finished Request
2020-11-18 10:02:13,245:GET http://127.0.0.1:60317/session/025f8ee6e9cf73329f2ee464cf3337c1/element/8fefdb9d-8a88-4a2b-9abc-145a08cb70d3/text {"id": "8fefdb9d-8a88-4a2b-9abc-145a08cb70d3"}
2020-11-18 10:02:13,274:http://127.0.0.1:60317 "GET /session/025f8ee6e9cf73329f2ee464cf3337c1/element/8fefdb9d-8a88-4a2b-9abc-145a08cb70d3/text HTTP/1.1" 200 1273
2020-11-18 10:02:13,274:Finished Request
2020-11-18 10:02:13,274:47Œ–Ú‚ÌŠé‹Æ
2020-11-18 10:02:13,274:GET http://127.0.0.1:60317/session/025f8ee6e9cf73329f2ee464cf3337c1/element/0fa5bd94-38f4-417a-b984-2da75771a82a/text {"id": "0fa5bd94-38f4-417a-b984-2da75771a82a"}
2020-11-18 10:02:13,324:http://127.0.0.1:60317 "GET /session/025f8ee6e9cf73329f2ee464cf3337c1/element/0fa5bd94-38f4-417a-b984-2da75771a82a/text HTTP/1.1" 200 1241
2020-11-18 10:02:13,325:Finished Request
2020-11-18 10:02:13,330:GET http://127.0.0.1:60317/session/025f8ee6e9cf73329f2ee464cf3337c1/element/0fa5bd94-38f4-417a-b984-2da75771a82a/text {"id": "0fa5bd94-38f4-417a-b984-2da75771a82a"}
2020-11-18 10:02:13,358:http://127.0.0.1:60317 "GET /session/025f8ee6e9cf73329f2ee464cf3337c1/element/0fa5bd94-38f4-417a-b984-2da75771a82a/text HTTP/1.1" 200 1241
2020-11-18 10:02:13,358:Finished Request
2020-11-18 10:02:13,359:48Œ–Ú‚ÌŠé‹Æ
2020-11-18 10:02:13,359:GET http://127.0.0.1:60317/session/025f8ee6e9cf73329f2ee464cf3337c1/element/42f65b2d-42ad-42bc-8f3f-3437ac4ef979/text {"id": "42f65b2d-42ad-42bc-8f3f-3437ac4ef979"}
2020-11-18 10:02:13,398:http://127.0.0.1:60317 "GET /session/025f8ee6e9cf73329f2ee464cf3337c1/element/42f65b2d-42ad-42bc-8f3f-3437ac4ef979/text HTTP/1.1" 200 1288
2020-11-18 10:02:13,398:Finished Request
2020-11-18 10:02:13,403:GET http://127.0.0.1:60317/session/025f8ee6e9cf73329f2ee464cf3337c1/element/42f65b2d-42ad-42bc-8f3f-3437ac4ef979/text {"id": "42f65b2d-42ad-42bc-8f3f-3437ac4ef979"}
2020-11-18 10:02:13,454:http://127.0.0.1:60317 "GET /session/025f8ee6e9cf73329f2ee464cf3337c1/element/42f65b2d-42ad-42bc-8f3f-3437ac4ef979/text HTTP/1.1" 200 1288
2020-11-18 10:02:13,454:Finished Request
2020-11-18 10:02:13,454:49Œ–Ú‚ÌŠé‹Æ
2020-11-18 10:02:13,454:GET http://127.0.0.1:60317/session/025f8ee6e9cf73329f2ee464cf3337c1/element/e1c9744b-d570-413d-9f85-cb588ab5032f/text {"id": "e1c9744b-d570-413d-9f85-cb588ab5032f"}
2020-11-18 10:02:13,505:http://127.0.0.1:60317 "GET /session/025f8ee6e9cf73329f2ee464cf3337c1/element/e1c9744b-d570-413d-9f85-cb588ab5032f/text HTTP/1.1" 200 1237
2020-11-18 10:02:13,505:Finished Request
2020-11-18 10:02:13,510:GET http://127.0.0.1:60317/session/025f8ee6e9cf73329f2ee464cf3337c1/element/e1c9744b-d570-413d-9f85-cb588ab5032f/text {"id": "e1c9744b-d570-413d-9f85-cb588ab5032f"}
2020-11-18 10:02:13,536:http://127.0.0.1:60317 "GET /session/025f8ee6e9cf73329f2ee464cf3337c1/element/e1c9744b-d570-413d-9f85-cb588ab5032f/text HTTP/1.1" 200 1237
2020-11-18 10:02:13,536:Finished Request
2020-11-18 10:02:13,536:50Œ–Ú‚ÌŠé‹Æ
2020-11-18 10:02:13,536:POST http://127.0.0.1:60317/session/025f8ee6e9cf73329f2ee464cf3337c1/elements {"using": "css selector", "value": ".iconFont--arrowLeft"}
2020-11-18 10:02:13,552:http://127.0.0.1:60317 "POST /session/025f8ee6e9cf73329f2ee464cf3337c1/elements HTTP/1.1" 200 169
2020-11-18 10:02:13,552:Finished Request
2020-11-18 10:02:13,553:POST http://127.0.0.1:60317/session/025f8ee6e9cf73329f2ee464cf3337c1/execute/sync {"script": "return (function(){return function(){var d=this;function f(a){return\"string\"==typeof a};function h(a,b){this.code=a;this.a=l[a]||m;this.message=b||\"\";a=this.a.replace(/((?:^|\\s+)[a-z])/g,function(a){return a.toUpperCase().replace(/^[\\s\\xa0]+/g,\"\")});b=a.length-5;if(0>b||a.indexOf(\"Error\",b)!=b)a+=\"Error\";this.name=a;a=Error(this.message);a.name=this.name;this.stack=a.stack||\"\"}\n(function(){var a=Error;function b(){}b.prototype=a.prototype;h.b=a.prototype;h.prototype=new b;h.prototype.constructor=h;h.a=function(b,c,g){for(var e=Array(arguments.length-2),k=2;k<arguments.length;k++)e[k-2]=arguments[k];return a.prototype[c].apply(b,e)}})();var m=\"unknown error\",l={15:\"element not selectable\",11:\"element not visible\"};l[31]=m;l[30]=m;l[24]=\"invalid cookie domain\";l[29]=\"invalid element coordinates\";l[12]=\"invalid element state\";l[32]=\"invalid selector\";l[51]=\"invalid selector\";\nl[52]=\"invalid selector\";l[17]=\"javascript error\";l[405]=\"unsupported operation\";l[34]=\"move target out of bounds\";l[27]=\"no such alert\";l[7]=\"no such element\";l[8]=\"no such frame\";l[23]=\"no such window\";l[28]=\"script timeout\";l[33]=\"session not created\";l[10]=\"stale element reference\";l[21]=\"timeout\";l[25]=\"unable to set cookie\";l[26]=\"unexpected alert open\";l[13]=m;l[9]=\"unknown command\";h.prototype.toString=function(){return this.name+\": \"+this.message};var n;a:{var p=d.navigator;if(p){var q=p.userAgent;if(q){n=q;break a}}n=\"\"}function r(a){return-1!=n.indexOf(a)};function t(a,b){for(var e=a.length,c=f(a)?a.split(\"\"):a,g=0;g<e;g++)g in c&&b.call(void 0,c[g],g,a)};function v(){return r(\"iPhone\")&&!r(\"iPod\")&&!r(\"iPad\")};function w(){return(r(\"Chrome\")||r(\"CriOS\"))&&!r(\"Edge\")};var x=r(\"Opera\"),y=r(\"Trident\")||r(\"MSIE\"),z=r(\"Edge\"),A=r(\"Gecko\")&&!(-1!=n.toLowerCase().indexOf(\"webkit\")&&!r(\"Edge\"))&&!(r(\"Trident\")||r(\"MSIE\"))&&!r(\"Edge\"),aa=-1!=n.toLowerCase().indexOf(\"webkit\")&&!r(\"Edge\");function B(){var a=d.document;return a?a.documentMode:void 0}var C;\na:{var D=\"\",E=function(){var a=n;if(A)return/rv\\:([^\\);]+)(\\)|;)/.exec(a);if(z)return/Edge\\/([\\d\\.]+)/.exec(a);if(y)return/\\b(?:MSIE|rv)[: ]([^\\);]+)(\\)|;)/.exec(a);if(aa)return/WebKit\\/(\\S+)/.exec(a);if(x)return/(?:Version)[ \\/]?(\\S+)/.exec(a)}();E&&(D=E?E[1]:\"\");if(y){var F=B();if(null!=F&&F>parseFloat(D)){C=String(F);break a}}C=D}var G;var H=d.document;G=H&&y?B()||(\"CSS1Compat\"==H.compatMode?parseInt(C,10):5):void 0;var ba=r(\"Firefox\"),ca=v()||r(\"iPod\"),da=r(\"iPad\"),I=r(\"Android\")&&!(w()||r(\"Firefox\")||r(\"Opera\")||r(\"Silk\")),ea=w(),J=r(\"Safari\")&&!(w()||r(\"Coast\")||r(\"Opera\")||r(\"Edge\")||r(\"Silk\")||r(\"Android\"))&&!(v()||r(\"iPad\")||r(\"iPod\"));function K(a){return(a=a.exec(n))?a[1]:\"\"}(function(){if(ba)return K(/Firefox\\/([0-9.]+)/);if(y||z||x)return C;if(ea)return v()||r(\"iPad\")||r(\"iPod\")?K(/CriOS\\/([0-9.]+)/):K(/Chrome\\/([0-9.]+)/);if(J&&!(v()||r(\"iPad\")||r(\"iPod\")))return K(/Version\\/([0-9.]+)/);if(ca||da){var a=/Version\\/(\\S+).*Mobile\\/(\\S+)/.exec(n);if(a)return a[1]+\".\"+a[2]}else if(I)return(a=K(/Android\\s+([0-9.]+)/))?a:K(/Version\\/([0-9.]+)/);return\"\"})();var L,M=function(){if(!A)return!1;var a=d.Components;if(!a)return!1;try{if(!a.classes)return!1}catch(g){return!1}var b=a.classes,a=a.interfaces,e=b[\"@mozilla.org/xpcom/version-comparator;1\"].getService(a.nsIVersionComparator),c=b[\"@mozilla.org/xre/app-info;1\"].getService(a.nsIXULAppInfo).version;L=function(a){e.compare(c,\"\"+a)};return!0}(),N=y&&!(8<=Number(G)),fa=y&&!(9<=Number(G));I&&M&&L(2.3);I&&M&&L(4);J&&M&&L(6);var ga={SCRIPT:1,STYLE:1,HEAD:1,IFRAME:1,OBJECT:1},O={IMG:\" \",BR:\"\\n\"};function P(a,b,e){if(!(a.nodeName in ga))if(3==a.nodeType)e?b.push(String(a.nodeValue).replace(/(\\r\\n|\\r|\\n)/g,\"\")):b.push(a.nodeValue);else if(a.nodeName in O)b.push(O[a.nodeName]);else for(a=a.firstChild;a;)P(a,b,e),a=a.nextSibling};function Q(a,b){b=b.toLowerCase();return\"style\"==b?ha(a.style.cssText):N&&\"value\"==b&&R(a,\"INPUT\")?a.value:fa&&!0===a[b]?String(a.getAttribute(b)):(a=a.getAttributeNode(b))&&a.specified?a.value:null}var ia=/[;]+(?=(?:(?:[^\"]*\"){2})*[^\"]*$)(?=(?:(?:[^']*'){2})*[^']*$)(?=(?:[^()]*\\([^()]*\\))*[^()]*$)/;\nfunction ha(a){var b=[];t(a.split(ia),function(a){var c=a.indexOf(\":\");0<c&&(a=[a.slice(0,c),a.slice(c+1)],2==a.length&&b.push(a[0].toLowerCase(),\":\",a[1],\";\"))});b=b.join(\"\");return b=\";\"==b.charAt(b.length-1)?b:b+\";\"}function S(a,b){N&&\"value\"==b&&R(a,\"OPTION\")&&null===Q(a,\"value\")?(b=[],P(a,b,!1),a=b.join(\"\")):a=a[b];return a}function R(a,b){b&&\"string\"!==typeof b&&(b=b.toString());return!!a&&1==a.nodeType&&(!b||a.tagName.toUpperCase()==b)}\nfunction T(a){return R(a,\"OPTION\")?!0:R(a,\"INPUT\")?(a=a.type.toLowerCase(),\"checkbox\"==a||\"radio\"==a):!1};var ja={\"class\":\"className\",readonly:\"readOnly\"},U=\"allowfullscreen allowpaymentrequest allowusermedia async autofocus autoplay checked compact complete controls declare default defaultchecked defaultselected defer disabled ended formnovalidate hidden indeterminate iscontenteditable ismap itemscope loop multiple muted nohref nomodule noresize noshade novalidate nowrap open paused playsinline pubdate readonly required reversed scoped seamless seeking selected truespeed typemustmatch willvalidate\".split(\" \");function V(a,b){var e=null,c=b.toLowerCase();if(\"style\"==c)return(e=a.style)&&!f(e)&&(e=e.cssText),e;if((\"selected\"==c||\"checked\"==c)&&T(a)){if(!T(a))throw new h(15,\"Element is not selectable\");b=\"selected\";e=a.type&&a.type.toLowerCase();if(\"checkbox\"==e||\"radio\"==e)b=\"checked\";return S(a,b)?\"true\":null}var g=R(a,\"A\");if(R(a,\"IMG\")&&\"src\"==c||g&&\"href\"==c)return(e=Q(a,c))&&(e=S(a,c)),e;if(\"spellcheck\"==c){e=Q(a,c);if(null!==e){if(\"false\"==e.toLowerCase())return\"false\";if(\"true\"==e.toLowerCase())return\"true\"}return S(a,\nc)+\"\"}g=ja[b]||b;a:if(f(U))c=f(c)&&1==c.length?U.indexOf(c,0):-1;else{for(var u=0;u<U.length;u++)if(u in U&&U[u]===c){c=u;break a}c=-1}if(0<=c)return(e=null!==Q(a,b)||S(a,g))?\"true\":null;try{var k=S(a,g)}catch(ka){}(c=null==k)||(c=typeof k,c=\"object\"==c&&null!=k||\"function\"==c);c?e=Q(a,b):e=k;return null!=e?e.toString():null}var W=[\"_\"],X=d;W[0]in X||!X.execScript||X.execScript(\"var \"+W[0]);\nfor(var Y;W.length&&(Y=W.shift());){var Z;if(Z=!W.length)Z=void 0!==V;Z?X[Y]=V:X[Y]&&X[Y]!==Object.prototype[Y]?X=X[Y]:X=X[Y]={}};; return this._.apply(null,arguments);}.apply({navigator:typeof window!='undefined'?window.navigator:null,document:typeof window!='undefined'?window.document:null}, arguments);}\n).apply(null, arguments);", "args": [{"ELEMENT": "88080d38-7d4f-4f48-8ecb-bfb0210678b3", "element-6066-11e4-a52e-4f735466cecf": "88080d38-7d4f-4f48-8ecb-bfb0210678b3"}, "href"]}
2020-11-18 10:02:13,561:http://127.0.0.1:60317 "POST /session/025f8ee6e9cf73329f2ee464cf3337c1/execute/sync HTTP/1.1" 200 109
2020-11-18 10:02:13,561:Finished Request
2020-11-18 10:02:13,561:POST http://127.0.0.1:60317/session/025f8ee6e9cf73329f2ee464cf3337c1/url {"url": "https://tenshoku.mynavi.jp/list/kw%E9%AB%98%E5%8F%8E%E5%85%A5/pg2/?jobsearchType=14&searchType=18"}
2020-11-18 10:02:15,108:http://127.0.0.1:60317 "POST /session/025f8ee6e9cf73329f2ee464cf3337c1/url HTTP/1.1" 200 14
2020-11-18 10:02:15,109:Finished Request
2020-11-18 10:02:15,109:POST http://127.0.0.1:60317/session/025f8ee6e9cf73329f2ee464cf3337c1/elements {"using": "css selector", "value": ".cassetteRecruit__content"}
2020-11-18 10:02:15,271:http://127.0.0.1:60317 "POST /session/025f8ee6e9cf73329f2ee464cf3337c1/elements HTTP/1.1" 200 3961
2020-11-18 10:02:15,272:Finished Request
2020-11-18 10:02:15,272:GET http://127.0.0.1:60317/session/025f8ee6e9cf73329f2ee464cf3337c1/element/85f40caf-7fe7-4568-bac2-30a105b5f945/text {"id": "85f40caf-7fe7-4568-bac2-30a105b5f945"}
2020-11-18 10:02:15,568:http://127.0.0.1:60317 "GET /session/025f8ee6e9cf73329f2ee464cf3337c1/element/85f40caf-7fe7-4568-bac2-30a105b5f945/text HTTP/1.1" 200 1276
2020-11-18 10:02:15,568:Finished Request
2020-11-18 10:02:15,572:GET http://127.0.0.1:60317/session/025f8ee6e9cf73329f2ee464cf3337c1/element/85f40caf-7fe7-4568-bac2-30a105b5f945/text {"id": "85f40caf-7fe7-4568-bac2-30a105b5f945"}
2020-11-18 10:02:15,605:http://127.0.0.1:60317 "GET /session/025f8ee6e9cf73329f2ee464cf3337c1/element/85f40caf-7fe7-4568-bac2-30a105b5f945/text HTTP/1.1" 200 1276
2020-11-18 10:02:15,606:Finished Request
2020-11-18 10:02:15,606:51Œ–Ú‚ÌŠé‹Æ
2020-11-18 10:02:15,606:GET http://127.0.0.1:60317/session/025f8ee6e9cf73329f2ee464cf3337c1/element/88d15a28-6909-4118-94dc-54c1dcf4d570/text {"id": "88d15a28-6909-4118-94dc-54c1dcf4d570"}
2020-11-18 10:02:15,765:http://127.0.0.1:60317 "GET /session/025f8ee6e9cf73329f2ee464cf3337c1/element/88d15a28-6909-4118-94dc-54c1dcf4d570/text HTTP/1.1" 200 1265
2020-11-18 10:02:15,765:Finished Request
2020-11-18 10:02:15,770:GET http://127.0.0.1:60317/session/025f8ee6e9cf73329f2ee464cf3337c1/element/88d15a28-6909-4118-94dc-54c1dcf4d570/text {"id": "88d15a28-6909-4118-94dc-54c1dcf4d570"}
2020-11-18 10:02:15,833:http://127.0.0.1:60317 "GET /session/025f8ee6e9cf73329f2ee464cf3337c1/element/88d15a28-6909-4118-94dc-54c1dcf4d570/text HTTP/1.1" 200 1265
2020-11-18 10:02:15,834:Finished Request
2020-11-18 10:02:15,834:52Œ–Ú‚ÌŠé‹Æ
2020-11-18 10:02:15,834:GET http://127.0.0.1:60317/session/025f8ee6e9cf73329f2ee464cf3337c1/element/b3efd052-88af-4b2d-a2a6-055d6ca560b0/text {"id": "b3efd052-88af-4b2d-a2a6-055d6ca560b0"}
2020-11-18 10:02:16,026:http://127.0.0.1:60317 "GET /session/025f8ee6e9cf73329f2ee464cf3337c1/element/b3efd052-88af-4b2d-a2a6-055d6ca560b0/text HTTP/1.1" 200 1303
2020-11-18 10:02:16,026:Finished Request
2020-11-18 10:02:16,032:GET http://127.0.0.1:60317/session/025f8ee6e9cf73329f2ee464cf3337c1/element/b3efd052-88af-4b2d-a2a6-055d6ca560b0/text {"id": "b3efd052-88af-4b2d-a2a6-055d6ca560b0"}
2020-11-18 10:02:16,087:http://127.0.0.1:60317 "GET /session/025f8ee6e9cf73329f2ee464cf3337c1/element/b3efd052-88af-4b2d-a2a6-055d6ca560b0/text HTTP/1.1" 200 1303
2020-11-18 10:02:16,087:Finished Request
2020-11-18 10:02:16,087:53Œ–Ú‚ÌŠé‹Æ
2020-11-18 10:02:16,087:GET http://127.0.0.1:60317/session/025f8ee6e9cf73329f2ee464cf3337c1/element/42ea033b-3616-4d25-8911-04e4c4d4b5bf/text {"id": "42ea033b-3616-4d25-8911-04e4c4d4b5bf"}
2020-11-18 10:02:16,121:http://127.0.0.1:60317 "GET /session/025f8ee6e9cf73329f2ee464cf3337c1/element/42ea033b-3616-4d25-8911-04e4c4d4b5bf/text HTTP/1.1" 200 1232
2020-11-18 10:02:16,122:Finished Request
2020-11-18 10:02:16,125:GET http://127.0.0.1:60317/session/025f8ee6e9cf73329f2ee464cf3337c1/element/42ea033b-3616-4d25-8911-04e4c4d4b5bf/text {"id": "42ea033b-3616-4d25-8911-04e4c4d4b5bf"}
2020-11-18 10:02:16,204:http://127.0.0.1:60317 "GET /session/025f8ee6e9cf73329f2ee464cf3337c1/element/42ea033b-3616-4d25-8911-04e4c4d4b5bf/text HTTP/1.1" 200 1232
2020-11-18 10:02:16,204:Finished Request
2020-11-18 10:02:16,204:54Œ–Ú‚ÌŠé‹Æ
2020-11-18 10:02:16,204:GET http://127.0.0.1:60317/session/025f8ee6e9cf73329f2ee464cf3337c1/element/59de3d24-a99e-4048-96f9-1c453f19db6f/text {"id": "59de3d24-a99e-4048-96f9-1c453f19db6f"}
2020-11-18 10:02:16,236:http://127.0.0.1:60317 "GET /session/025f8ee6e9cf73329f2ee464cf3337c1/element/59de3d24-a99e-4048-96f9-1c453f19db6f/text HTTP/1.1" 200 1251
2020-11-18 10:02:16,237:Finished Request
2020-11-18 10:02:16,239:GET http://127.0.0.1:60317/session/025f8ee6e9cf73329f2ee464cf3337c1/element/59de3d24-a99e-4048-96f9-1c453f19db6f/text {"id": "59de3d24-a99e-4048-96f9-1c453f19db6f"}
2020-11-18 10:02:16,269:http://127.0.0.1:60317 "GET /session/025f8ee6e9cf73329f2ee464cf3337c1/element/59de3d24-a99e-4048-96f9-1c453f19db6f/text HTTP/1.1" 200 1251
2020-11-18 10:02:16,269:Finished Request
2020-11-18 10:02:16,269:55Œ–Ú‚ÌŠé‹Æ
2020-11-18 10:02:16,269:GET http://127.0.0.1:60317/session/025f8ee6e9cf73329f2ee464cf3337c1/element/9e50138d-a1bc-460f-8725-490e0a4df759/text {"id": "9e50138d-a1bc-460f-8725-490e0a4df759"}
2020-11-18 10:02:16,340:http://127.0.0.1:60317 "GET /session/025f8ee6e9cf73329f2ee464cf3337c1/element/9e50138d-a1bc-460f-8725-490e0a4df759/text HTTP/1.1" 200 1160
2020-11-18 10:02:16,340:Finished Request
2020-11-18 10:02:16,343:GET http://127.0.0.1:60317/session/025f8ee6e9cf73329f2ee464cf3337c1/element/9e50138d-a1bc-460f-8725-490e0a4df759/text {"id": "9e50138d-a1bc-460f-8725-490e0a4df759"}
2020-11-18 10:02:16,368:http://127.0.0.1:60317 "GET /session/025f8ee6e9cf73329f2ee464cf3337c1/element/9e50138d-a1bc-460f-8725-490e0a4df759/text HTTP/1.1" 200 1160
2020-11-18 10:02:16,368:Finished Request
2020-11-18 10:02:16,368:56Œ–Ú‚ÌŠé‹Æ
2020-11-18 10:02:16,368:GET http://127.0.0.1:60317/session/025f8ee6e9cf73329f2ee464cf3337c1/element/41e762ec-8d66-4a5d-b2ce-dfbea7690541/text {"id": "41e762ec-8d66-4a5d-b2ce-dfbea7690541"}
2020-11-18 10:02:16,399:http://127.0.0.1:60317 "GET /session/025f8ee6e9cf73329f2ee464cf3337c1/element/41e762ec-8d66-4a5d-b2ce-dfbea7690541/text HTTP/1.1" 200 1254
2020-11-18 10:02:16,399:Finished Request
2020-11-18 10:02:16,402:GET http://127.0.0.1:60317/session/025f8ee6e9cf73329f2ee464cf3337c1/element/41e762ec-8d66-4a5d-b2ce-dfbea7690541/text {"id": "41e762ec-8d66-4a5d-b2ce-dfbea7690541"}
2020-11-18 10:02:16,432:http://127.0.0.1:60317 "GET /session/025f8ee6e9cf73329f2ee464cf3337c1/element/41e762ec-8d66-4a5d-b2ce-dfbea7690541/text HTTP/1.1" 200 1254
2020-11-18 10:02:16,432:Finished Request
2020-11-18 10:02:16,432:57Œ–Ú‚ÌŠé‹Æ
2020-11-18 10:02:16,432:GET http://127.0.0.1:60317/session/025f8ee6e9cf73329f2ee464cf3337c1/element/4ccbaef6-cb44-4950-bdc5-1328c7bc5e14/text {"id": "4ccbaef6-cb44-4950-bdc5-1328c7bc5e14"}
2020-11-18 10:02:16,481:http://127.0.0.1:60317 "GET /session/025f8ee6e9cf73329f2ee464cf3337c1/element/4ccbaef6-cb44-4950-bdc5-1328c7bc5e14/text HTTP/1.1" 200 1208
2020-11-18 10:02:16,482:Finished Request
2020-11-18 10:02:16,483:GET http://127.0.0.1:60317/session/025f8ee6e9cf73329f2ee464cf3337c1/element/4ccbaef6-cb44-4950-bdc5-1328c7bc5e14/text {"id": "4ccbaef6-cb44-4950-bdc5-1328c7bc5e14"}
2020-11-18 10:02:16,507:http://127.0.0.1:60317 "GET /session/025f8ee6e9cf73329f2ee464cf3337c1/element/4ccbaef6-cb44-4950-bdc5-1328c7bc5e14/text HTTP/1.1" 200 1208
2020-11-18 10:02:16,508:Finished Request
2020-11-18 10:02:16,508:58Œ–Ú‚ÌŠé‹Æ
2020-11-18 10:02:16,508:GET http://127.0.0.1:60317/session/025f8ee6e9cf73329f2ee464cf3337c1/element/edfd8eaf-866b-4791-9215-563a7a6504f4/text {"id": "edfd8eaf-866b-4791-9215-563a7a6504f4"}
2020-11-18 10:02:16,538:http://127.0.0.1:60317 "GET /session/025f8ee6e9cf73329f2ee464cf3337c1/element/edfd8eaf-866b-4791-9215-563a7a6504f4/text HTTP/1.1" 200 1257
2020-11-18 10:02:16,538:Finished Request
2020-11-18 10:02:16,542:GET http://127.0.0.1:60317/session/025f8ee6e9cf73329f2ee464cf3337c1/element/edfd8eaf-866b-4791-9215-563a7a6504f4/text {"id": "edfd8eaf-866b-4791-9215-563a7a6504f4"}
2020-11-18 10:02:16,571:http://127.0.0.1:60317 "GET /session/025f8ee6e9cf73329f2ee464cf3337c1/element/edfd8eaf-866b-4791-9215-563a7a6504f4/text HTTP/1.1" 200 1257
2020-11-18 10:02:16,571:Finished Request
2020-11-18 10:02:16,572:59Œ–Ú‚ÌŠé‹Æ
2020-11-18 10:02:16,572:GET http://127.0.0.1:60317/session/025f8ee6e9cf73329f2ee464cf3337c1/element/e429096a-7f9a-474b-8f27-3ad9fed3a407/text {"id": "e429096a-7f9a-474b-8f27-3ad9fed3a407"}
2020-11-18 10:02:16,617:http://127.0.0.1:60317 "GET /session/025f8ee6e9cf73329f2ee464cf3337c1/element/e429096a-7f9a-474b-8f27-3ad9fed3a407/text HTTP/1.1" 200 1258
2020-11-18 10:02:16,617:Finished Request
2020-11-18 10:02:16,624:GET http://127.0.0.1:60317/session/025f8ee6e9cf73329f2ee464cf3337c1/element/e429096a-7f9a-474b-8f27-3ad9fed3a407/text {"id": "e429096a-7f9a-474b-8f27-3ad9fed3a407"}
2020-11-18 10:02:16,677:http://127.0.0.1:60317 "GET /session/025f8ee6e9cf73329f2ee464cf3337c1/element/e429096a-7f9a-474b-8f27-3ad9fed3a407/text HTTP/1.1" 200 1258
2020-11-18 10:02:16,677:Finished Request
2020-11-18 10:02:16,677:60Œ–Ú‚ÌŠé‹Æ
2020-11-18 10:02:16,677:GET http://127.0.0.1:60317/session/025f8ee6e9cf73329f2ee464cf3337c1/element/f1961407-36e5-4c2a-ad35-e01ebd29a19f/text {"id": "f1961407-36e5-4c2a-ad35-e01ebd29a19f"}
2020-11-18 10:02:16,726:http://127.0.0.1:60317 "GET /session/025f8ee6e9cf73329f2ee464cf3337c1/element/f1961407-36e5-4c2a-ad35-e01ebd29a19f/text HTTP/1.1" 200 1206
2020-11-18 10:02:16,726:Finished Request
2020-11-18 10:02:16,731:GET http://127.0.0.1:60317/session/025f8ee6e9cf73329f2ee464cf3337c1/element/f1961407-36e5-4c2a-ad35-e01ebd29a19f/text {"id": "f1961407-36e5-4c2a-ad35-e01ebd29a19f"}
2020-11-18 10:02:16,759:http://127.0.0.1:60317 "GET /session/025f8ee6e9cf73329f2ee464cf3337c1/element/f1961407-36e5-4c2a-ad35-e01ebd29a19f/text HTTP/1.1" 200 1206
2020-11-18 10:02:16,760:Finished Request
2020-11-18 10:02:16,760:61Œ–Ú‚ÌŠé‹Æ
2020-11-18 10:02:16,760:GET http://127.0.0.1:60317/session/025f8ee6e9cf73329f2ee464cf3337c1/element/4260e0e3-1577-4d1f-b1b9-2d54d07055c3/text {"id": "4260e0e3-1577-4d1f-b1b9-2d54d07055c3"}
2020-11-18 10:02:16,788:http://127.0.0.1:60317 "GET /session/025f8ee6e9cf73329f2ee464cf3337c1/element/4260e0e3-1577-4d1f-b1b9-2d54d07055c3/text HTTP/1.1" 200 1263
2020-11-18 10:02:16,788:Finished Request
2020-11-18 10:02:16,791:GET http://127.0.0.1:60317/session/025f8ee6e9cf73329f2ee464cf3337c1/element/4260e0e3-1577-4d1f-b1b9-2d54d07055c3/text {"id": "4260e0e3-1577-4d1f-b1b9-2d54d07055c3"}
2020-11-18 10:02:16,835:http://127.0.0.1:60317 "GET /session/025f8ee6e9cf73329f2ee464cf3337c1/element/4260e0e3-1577-4d1f-b1b9-2d54d07055c3/text HTTP/1.1" 200 1263
2020-11-18 10:02:16,836:Finished Request
2020-11-18 10:02:16,836:62Œ–Ú‚ÌŠé‹Æ
2020-11-18 10:02:16,836:GET http://127.0.0.1:60317/session/025f8ee6e9cf73329f2ee464cf3337c1/element/729601eb-7897-4ecd-9796-be339ad7ac67/text {"id": "729601eb-7897-4ecd-9796-be339ad7ac67"}
2020-11-18 10:02:16,871:http://127.0.0.1:60317 "GET /session/025f8ee6e9cf73329f2ee464cf3337c1/element/729601eb-7897-4ecd-9796-be339ad7ac67/text HTTP/1.1" 200 1278
2020-11-18 10:02:16,872:Finished Request
2020-11-18 10:02:16,876:GET http://127.0.0.1:60317/session/025f8ee6e9cf73329f2ee464cf3337c1/element/729601eb-7897-4ecd-9796-be339ad7ac67/text {"id": "729601eb-7897-4ecd-9796-be339ad7ac67"}
2020-11-18 10:02:16,900:http://127.0.0.1:60317 "GET /session/025f8ee6e9cf73329f2ee464cf3337c1/element/729601eb-7897-4ecd-9796-be339ad7ac67/text HTTP/1.1" 200 1278
2020-11-18 10:02:16,900:Finished Request
2020-11-18 10:02:16,900:63Œ–Ú‚ÌŠé‹Æ
2020-11-18 10:02:16,900:GET http://127.0.0.1:60317/session/025f8ee6e9cf73329f2ee464cf3337c1/element/e6b837d1-c09d-4763-9510-d4ef8e424ab6/text {"id": "e6b837d1-c09d-4763-9510-d4ef8e424ab6"}
2020-11-18 10:02:16,925:http://127.0.0.1:60317 "GET /session/025f8ee6e9cf73329f2ee464cf3337c1/element/e6b837d1-c09d-4763-9510-d4ef8e424ab6/text HTTP/1.1" 200 1277
2020-11-18 10:02:16,925:Finished Request
2020-11-18 10:02:16,932:GET http://127.0.0.1:60317/session/025f8ee6e9cf73329f2ee464cf3337c1/element/e6b837d1-c09d-4763-9510-d4ef8e424ab6/text {"id": "e6b837d1-c09d-4763-9510-d4ef8e424ab6"}
2020-11-18 10:02:16,954:http://127.0.0.1:60317 "GET /session/025f8ee6e9cf73329f2ee464cf3337c1/element/e6b837d1-c09d-4763-9510-d4ef8e424ab6/text HTTP/1.1" 200 1277
2020-11-18 10:02:16,954:Finished Request
2020-11-18 10:02:16,954:64Œ–Ú‚ÌŠé‹Æ
2020-11-18 10:02:16,954:GET http://127.0.0.1:60317/session/025f8ee6e9cf73329f2ee464cf3337c1/element/2155baba-48c3-4638-8e14-44811c414068/text {"id": "2155baba-48c3-4638-8e14-44811c414068"}
2020-11-18 10:02:16,987:http://127.0.0.1:60317 "GET /session/025f8ee6e9cf73329f2ee464cf3337c1/element/2155baba-48c3-4638-8e14-44811c414068/text HTTP/1.1" 200 1171
2020-11-18 10:02:16,987:Finished Request
2020-11-18 10:02:16,991:GET http://127.0.0.1:60317/session/025f8ee6e9cf73329f2ee464cf3337c1/element/2155baba-48c3-4638-8e14-44811c414068/text {"id": "2155baba-48c3-4638-8e14-44811c414068"}
2020-11-18 10:02:17,030:http://127.0.0.1:60317 "GET /session/025f8ee6e9cf73329f2ee464cf3337c1/element/2155baba-48c3-4638-8e14-44811c414068/text HTTP/1.1" 200 1171
2020-11-18 10:02:17,030:Finished Request
2020-11-18 10:02:17,030:65Œ–Ú‚ÌŠé‹Æ
2020-11-18 10:02:17,031:GET http://127.0.0.1:60317/session/025f8ee6e9cf73329f2ee464cf3337c1/element/5871415a-d493-4d87-88a6-f22c25bf7cd3/text {"id": "5871415a-d493-4d87-88a6-f22c25bf7cd3"}
2020-11-18 10:02:17,077:http://127.0.0.1:60317 "GET /session/025f8ee6e9cf73329f2ee464cf3337c1/element/5871415a-d493-4d87-88a6-f22c25bf7cd3/text HTTP/1.1" 200 1148
2020-11-18 10:02:17,077:Finished Request
2020-11-18 10:02:17,079:GET http://127.0.0.1:60317/session/025f8ee6e9cf73329f2ee464cf3337c1/element/5871415a-d493-4d87-88a6-f22c25bf7cd3/text {"id": "5871415a-d493-4d87-88a6-f22c25bf7cd3"}
2020-11-18 10:02:17,129:http://127.0.0.1:60317 "GET /session/025f8ee6e9cf73329f2ee464cf3337c1/element/5871415a-d493-4d87-88a6-f22c25bf7cd3/text HTTP/1.1" 200 1148
2020-11-18 10:02:17,130:Finished Request
2020-11-18 10:02:17,130:66Œ–Ú‚ÌŠé‹Æ
2020-11-18 10:02:17,130:GET http://127.0.0.1:60317/session/025f8ee6e9cf73329f2ee464cf3337c1/element/19757e96-caa9-4916-a215-4db13bb75387/text {"id": "19757e96-caa9-4916-a215-4db13bb75387"}
2020-11-18 10:02:17,171:http://127.0.0.1:60317 "GET /session/025f8ee6e9cf73329f2ee464cf3337c1/element/19757e96-caa9-4916-a215-4db13bb75387/text HTTP/1.1" 200 1227
2020-11-18 10:02:17,171:Finished Request
2020-11-18 10:02:17,176:GET http://127.0.0.1:60317/session/025f8ee6e9cf73329f2ee464cf3337c1/element/19757e96-caa9-4916-a215-4db13bb75387/text {"id": "19757e96-caa9-4916-a215-4db13bb75387"}
2020-11-18 10:02:17,220:http://127.0.0.1:60317 "GET /session/025f8ee6e9cf73329f2ee464cf3337c1/element/19757e96-caa9-4916-a215-4db13bb75387/text HTTP/1.1" 200 1227
2020-11-18 10:02:17,220:Finished Request
2020-11-18 10:02:17,221:67Œ–Ú‚ÌŠé‹Æ
2020-11-18 10:02:17,221:GET http://127.0.0.1:60317/session/025f8ee6e9cf73329f2ee464cf3337c1/element/0b8ed671-d685-493e-8041-75d85033297e/text {"id": "0b8ed671-d685-493e-8041-75d85033297e"}
2020-11-18 10:02:17,269:http://127.0.0.1:60317 "GET /session/025f8ee6e9cf73329f2ee464cf3337c1/element/0b8ed671-d685-493e-8041-75d85033297e/text HTTP/1.1" 200 1152
2020-11-18 10:02:17,269:Finished Request
2020-11-18 10:02:17,274:GET http://127.0.0.1:60317/session/025f8ee6e9cf73329f2ee464cf3337c1/element/0b8ed671-d685-493e-8041-75d85033297e/text {"id": "0b8ed671-d685-493e-8041-75d85033297e"}
2020-11-18 10:02:17,307:http://127.0.0.1:60317 "GET /session/025f8ee6e9cf73329f2ee464cf3337c1/element/0b8ed671-d685-493e-8041-75d85033297e/text HTTP/1.1" 200 1152
2020-11-18 10:02:17,308:Finished Request
2020-11-18 10:02:17,308:68Œ–Ú‚ÌŠé‹Æ
2020-11-18 10:02:17,308:GET http://127.0.0.1:60317/session/025f8ee6e9cf73329f2ee464cf3337c1/element/170a3f31-1927-44de-98df-f8b02e5aa29d/text {"id": "170a3f31-1927-44de-98df-f8b02e5aa29d"}
2020-11-18 10:02:17,364:http://127.0.0.1:60317 "GET /session/025f8ee6e9cf73329f2ee464cf3337c1/element/170a3f31-1927-44de-98df-f8b02e5aa29d/text HTTP/1.1" 200 1263
2020-11-18 10:02:17,364:Finished Request
2020-11-18 10:02:17,367:GET http://127.0.0.1:60317/session/025f8ee6e9cf73329f2ee464cf3337c1/element/170a3f31-1927-44de-98df-f8b02e5aa29d/text {"id": "170a3f31-1927-44de-98df-f8b02e5aa29d"}
2020-11-18 10:02:17,403:http://127.0.0.1:60317 "GET /session/025f8ee6e9cf73329f2ee464cf3337c1/element/170a3f31-1927-44de-98df-f8b02e5aa29d/text HTTP/1.1" 200 1263
2020-11-18 10:02:17,404:Finished Request
2020-11-18 10:02:17,404:69Œ–Ú‚ÌŠé‹Æ
2020-11-18 10:02:17,404:GET http://127.0.0.1:60317/session/025f8ee6e9cf73329f2ee464cf3337c1/element/37baf5df-55b4-438f-9f6b-81b060b3ca88/text {"id": "37baf5df-55b4-438f-9f6b-81b060b3ca88"}
2020-11-18 10:02:17,440:http://127.0.0.1:60317 "GET /session/025f8ee6e9cf73329f2ee464cf3337c1/element/37baf5df-55b4-438f-9f6b-81b060b3ca88/text HTTP/1.1" 200 1206
2020-11-18 10:02:17,441:Finished Request
2020-11-18 10:02:17,446:GET http://127.0.0.1:60317/session/025f8ee6e9cf73329f2ee464cf3337c1/element/37baf5df-55b4-438f-9f6b-81b060b3ca88/text {"id": "37baf5df-55b4-438f-9f6b-81b060b3ca88"}
2020-11-18 10:02:17,496:http://127.0.0.1:60317 "GET /session/025f8ee6e9cf73329f2ee464cf3337c1/element/37baf5df-55b4-438f-9f6b-81b060b3ca88/text HTTP/1.1" 200 1206
2020-11-18 10:02:17,497:Finished Request
2020-11-18 10:02:17,497:70Œ–Ú‚ÌŠé‹Æ
2020-11-18 10:02:17,497:GET http://127.0.0.1:60317/session/025f8ee6e9cf73329f2ee464cf3337c1/element/31aac601-e5f8-420a-add3-b08188af2f7d/text {"id": "31aac601-e5f8-420a-add3-b08188af2f7d"}
2020-11-18 10:02:17,546:http://127.0.0.1:60317 "GET /session/025f8ee6e9cf73329f2ee464cf3337c1/element/31aac601-e5f8-420a-add3-b08188af2f7d/text HTTP/1.1" 200 1207
2020-11-18 10:02:17,546:Finished Request
2020-11-18 10:02:17,548:GET http://127.0.0.1:60317/session/025f8ee6e9cf73329f2ee464cf3337c1/element/31aac601-e5f8-420a-add3-b08188af2f7d/text {"id": "31aac601-e5f8-420a-add3-b08188af2f7d"}
2020-11-18 10:02:17,580:http://127.0.0.1:60317 "GET /session/025f8ee6e9cf73329f2ee464cf3337c1/element/31aac601-e5f8-420a-add3-b08188af2f7d/text HTTP/1.1" 200 1207
2020-11-18 10:02:17,580:Finished Request
2020-11-18 10:02:17,580:71Œ–Ú‚ÌŠé‹Æ
2020-11-18 10:02:17,581:GET http://127.0.0.1:60317/session/025f8ee6e9cf73329f2ee464cf3337c1/element/c4313a7d-ad2b-407b-90a6-0f9d02aa335d/text {"id": "c4313a7d-ad2b-407b-90a6-0f9d02aa335d"}
2020-11-18 10:02:17,610:http://127.0.0.1:60317 "GET /session/025f8ee6e9cf73329f2ee464cf3337c1/element/c4313a7d-ad2b-407b-90a6-0f9d02aa335d/text HTTP/1.1" 200 1223
2020-11-18 10:02:17,610:Finished Request
2020-11-18 10:02:17,614:GET http://127.0.0.1:60317/session/025f8ee6e9cf73329f2ee464cf3337c1/element/c4313a7d-ad2b-407b-90a6-0f9d02aa335d/text {"id": "c4313a7d-ad2b-407b-90a6-0f9d02aa335d"}
2020-11-18 10:02:17,638:http://127.0.0.1:60317 "GET /session/025f8ee6e9cf73329f2ee464cf3337c1/element/c4313a7d-ad2b-407b-90a6-0f9d02aa335d/text HTTP/1.1" 200 1223
2020-11-18 10:02:17,638:Finished Request
2020-11-18 10:02:17,638:72Œ–Ú‚ÌŠé‹Æ
2020-11-18 10:02:17,638:GET http://127.0.0.1:60317/session/025f8ee6e9cf73329f2ee464cf3337c1/element/a94a6d51-72f7-4a93-a522-e936ff3accc2/text {"id": "a94a6d51-72f7-4a93-a522-e936ff3accc2"}
2020-11-18 10:02:17,698:http://127.0.0.1:60317 "GET /session/025f8ee6e9cf73329f2ee464cf3337c1/element/a94a6d51-72f7-4a93-a522-e936ff3accc2/text HTTP/1.1" 200 1246
2020-11-18 10:02:17,698:Finished Request
2020-11-18 10:02:17,704:GET http://127.0.0.1:60317/session/025f8ee6e9cf73329f2ee464cf3337c1/element/a94a6d51-72f7-4a93-a522-e936ff3accc2/text {"id": "a94a6d51-72f7-4a93-a522-e936ff3accc2"}
2020-11-18 10:02:17,747:http://127.0.0.1:60317 "GET /session/025f8ee6e9cf73329f2ee464cf3337c1/element/a94a6d51-72f7-4a93-a522-e936ff3accc2/text HTTP/1.1" 200 1246
2020-11-18 10:02:17,748:Finished Request
2020-11-18 10:02:17,748:73Œ–Ú‚ÌŠé‹Æ
2020-11-18 10:02:17,748:GET http://127.0.0.1:60317/session/025f8ee6e9cf73329f2ee464cf3337c1/element/ad2546e0-9821-45db-b223-0858f03f9601/text {"id": "ad2546e0-9821-45db-b223-0858f03f9601"}
2020-11-18 10:02:17,772:http://127.0.0.1:60317 "GET /session/025f8ee6e9cf73329f2ee464cf3337c1/element/ad2546e0-9821-45db-b223-0858f03f9601/text HTTP/1.1" 200 1234
2020-11-18 10:02:17,772:Finished Request
2020-11-18 10:02:17,776:GET http://127.0.0.1:60317/session/025f8ee6e9cf73329f2ee464cf3337c1/element/ad2546e0-9821-45db-b223-0858f03f9601/text {"id": "ad2546e0-9821-45db-b223-0858f03f9601"}
2020-11-18 10:02:17,819:http://127.0.0.1:60317 "GET /session/025f8ee6e9cf73329f2ee464cf3337c1/element/ad2546e0-9821-45db-b223-0858f03f9601/text HTTP/1.1" 200 1234
2020-11-18 10:02:17,820:Finished Request
2020-11-18 10:02:17,820:74Œ–Ú‚ÌŠé‹Æ
2020-11-18 10:02:17,820:GET http://127.0.0.1:60317/session/025f8ee6e9cf73329f2ee464cf3337c1/element/1105268c-5402-4d63-9481-ed2772412a4e/text {"id": "1105268c-5402-4d63-9481-ed2772412a4e"}
2020-11-18 10:02:17,867:http://127.0.0.1:60317 "GET /session/025f8ee6e9cf73329f2ee464cf3337c1/element/1105268c-5402-4d63-9481-ed2772412a4e/text HTTP/1.1" 200 1256
2020-11-18 10:02:17,867:Finished Request
2020-11-18 10:02:17,870:GET http://127.0.0.1:60317/session/025f8ee6e9cf73329f2ee464cf3337c1/element/1105268c-5402-4d63-9481-ed2772412a4e/text {"id": "1105268c-5402-4d63-9481-ed2772412a4e"}
2020-11-18 10:02:17,915:http://127.0.0.1:60317 "GET /session/025f8ee6e9cf73329f2ee464cf3337c1/element/1105268c-5402-4d63-9481-ed2772412a4e/text HTTP/1.1" 200 1256
2020-11-18 10:02:17,916:Finished Request
2020-11-18 10:02:17,916:75Œ–Ú‚ÌŠé‹Æ
2020-11-18 10:02:17,916:GET http://127.0.0.1:60317/session/025f8ee6e9cf73329f2ee464cf3337c1/element/040a79f0-db73-428f-a690-3bbb7599e40d/text {"id": "040a79f0-db73-428f-a690-3bbb7599e40d"}
2020-11-18 10:02:17,961:http://127.0.0.1:60317 "GET /session/025f8ee6e9cf73329f2ee464cf3337c1/element/040a79f0-db73-428f-a690-3bbb7599e40d/text HTTP/1.1" 200 1293
2020-11-18 10:02:17,961:Finished Request
2020-11-18 10:02:17,965:GET http://127.0.0.1:60317/session/025f8ee6e9cf73329f2ee464cf3337c1/element/040a79f0-db73-428f-a690-3bbb7599e40d/text {"id": "040a79f0-db73-428f-a690-3bbb7599e40d"}
2020-11-18 10:02:17,991:http://127.0.0.1:60317 "GET /session/025f8ee6e9cf73329f2ee464cf3337c1/element/040a79f0-db73-428f-a690-3bbb7599e40d/text HTTP/1.1" 200 1293
2020-11-18 10:02:17,991:Finished Request
2020-11-18 10:02:17,991:76Œ–Ú‚ÌŠé‹Æ
2020-11-18 10:02:17,991:GET http://127.0.0.1:60317/session/025f8ee6e9cf73329f2ee464cf3337c1/element/d7e85f66-30a6-4205-b8e4-b0e698e43a95/text {"id": "d7e85f66-30a6-4205-b8e4-b0e698e43a95"}
2020-11-18 10:02:18,026:http://127.0.0.1:60317 "GET /session/025f8ee6e9cf73329f2ee464cf3337c1/element/d7e85f66-30a6-4205-b8e4-b0e698e43a95/text HTTP/1.1" 200 1299
2020-11-18 10:02:18,026:Finished Request
2020-11-18 10:02:18,031:GET http://127.0.0.1:60317/session/025f8ee6e9cf73329f2ee464cf3337c1/element/d7e85f66-30a6-4205-b8e4-b0e698e43a95/text {"id": "d7e85f66-30a6-4205-b8e4-b0e698e43a95"}
2020-11-18 10:02:18,084:http://127.0.0.1:60317 "GET /session/025f8ee6e9cf73329f2ee464cf3337c1/element/d7e85f66-30a6-4205-b8e4-b0e698e43a95/text HTTP/1.1" 200 1299
2020-11-18 10:02:18,084:Finished Request
2020-11-18 10:02:18,084:77Œ–Ú‚ÌŠé‹Æ
2020-11-18 10:02:18,084:GET http://127.0.0.1:60317/session/025f8ee6e9cf73329f2ee464cf3337c1/element/ce5642a8-bbbf-4bf2-aeb5-6e4d723634c6/text {"id": "ce5642a8-bbbf-4bf2-aeb5-6e4d723634c6"}
2020-11-18 10:02:18,137:http://127.0.0.1:60317 "GET /session/025f8ee6e9cf73329f2ee464cf3337c1/element/ce5642a8-bbbf-4bf2-aeb5-6e4d723634c6/text HTTP/1.1" 200 1241
2020-11-18 10:02:18,137:Finished Request
2020-11-18 10:02:18,141:GET http://127.0.0.1:60317/session/025f8ee6e9cf73329f2ee464cf3337c1/element/ce5642a8-bbbf-4bf2-aeb5-6e4d723634c6/text {"id": "ce5642a8-bbbf-4bf2-aeb5-6e4d723634c6"}
2020-11-18 10:02:18,167:http://127.0.0.1:60317 "GET /session/025f8ee6e9cf73329f2ee464cf3337c1/element/ce5642a8-bbbf-4bf2-aeb5-6e4d723634c6/text HTTP/1.1" 200 1241
2020-11-18 10:02:18,167:Finished Request
2020-11-18 10:02:18,168:78Œ–Ú‚ÌŠé‹Æ
2020-11-18 10:02:18,168:GET http://127.0.0.1:60317/session/025f8ee6e9cf73329f2ee464cf3337c1/element/988fc843-6dc7-4b47-8bec-9daa45a50cc7/text {"id": "988fc843-6dc7-4b47-8bec-9daa45a50cc7"}
2020-11-18 10:02:18,199:http://127.0.0.1:60317 "GET /session/025f8ee6e9cf73329f2ee464cf3337c1/element/988fc843-6dc7-4b47-8bec-9daa45a50cc7/text HTTP/1.1" 200 1263
2020-11-18 10:02:18,199:Finished Request
2020-11-18 10:02:18,202:GET http://127.0.0.1:60317/session/025f8ee6e9cf73329f2ee464cf3337c1/element/988fc843-6dc7-4b47-8bec-9daa45a50cc7/text {"id": "988fc843-6dc7-4b47-8bec-9daa45a50cc7"}
2020-11-18 10:02:18,224:http://127.0.0.1:60317 "GET /session/025f8ee6e9cf73329f2ee464cf3337c1/element/988fc843-6dc7-4b47-8bec-9daa45a50cc7/text HTTP/1.1" 200 1263
2020-11-18 10:02:18,224:Finished Request
2020-11-18 10:02:18,224:79Œ–Ú‚ÌŠé‹Æ
2020-11-18 10:02:18,224:GET http://127.0.0.1:60317/session/025f8ee6e9cf73329f2ee464cf3337c1/element/6ab49f04-4f8a-42b5-b6d0-efbda451dd4b/text {"id": "6ab49f04-4f8a-42b5-b6d0-efbda451dd4b"}
2020-11-18 10:02:18,275:http://127.0.0.1:60317 "GET /session/025f8ee6e9cf73329f2ee464cf3337c1/element/6ab49f04-4f8a-42b5-b6d0-efbda451dd4b/text HTTP/1.1" 200 1184
2020-11-18 10:02:18,276:Finished Request
2020-11-18 10:02:18,281:GET http://127.0.0.1:60317/session/025f8ee6e9cf73329f2ee464cf3337c1/element/6ab49f04-4f8a-42b5-b6d0-efbda451dd4b/text {"id": "6ab49f04-4f8a-42b5-b6d0-efbda451dd4b"}
2020-11-18 10:02:18,306:http://127.0.0.1:60317 "GET /session/025f8ee6e9cf73329f2ee464cf3337c1/element/6ab49f04-4f8a-42b5-b6d0-efbda451dd4b/text HTTP/1.1" 200 1184
2020-11-18 10:02:18,306:Finished Request
2020-11-18 10:02:18,306:80Œ–Ú‚ÌŠé‹Æ
2020-11-18 10:02:18,307:GET http://127.0.0.1:60317/session/025f8ee6e9cf73329f2ee464cf3337c1/element/fb112050-6d08-4924-abc7-317e918bb6ae/text {"id": "fb112050-6d08-4924-abc7-317e918bb6ae"}
2020-11-18 10:02:18,346:http://127.0.0.1:60317 "GET /session/025f8ee6e9cf73329f2ee464cf3337c1/element/fb112050-6d08-4924-abc7-317e918bb6ae/text HTTP/1.1" 200 1237
2020-11-18 10:02:18,346:Finished Request
2020-11-18 10:02:18,348:GET http://127.0.0.1:60317/session/025f8ee6e9cf73329f2ee464cf3337c1/element/fb112050-6d08-4924-abc7-317e918bb6ae/text {"id": "fb112050-6d08-4924-abc7-317e918bb6ae"}
2020-11-18 10:02:18,397:http://127.0.0.1:60317 "GET /session/025f8ee6e9cf73329f2ee464cf3337c1/element/fb112050-6d08-4924-abc7-317e918bb6ae/text HTTP/1.1" 200 1237
2020-11-18 10:02:18,397:Finished Request
2020-11-18 10:02:18,398:81Œ–Ú‚ÌŠé‹Æ
2020-11-18 10:02:18,398:GET http://127.0.0.1:60317/session/025f8ee6e9cf73329f2ee464cf3337c1/element/599274dc-ed3b-4eb3-9c19-c78cb51ee993/text {"id": "599274dc-ed3b-4eb3-9c19-c78cb51ee993"}
2020-11-18 10:02:18,451:http://127.0.0.1:60317 "GET /session/025f8ee6e9cf73329f2ee464cf3337c1/element/599274dc-ed3b-4eb3-9c19-c78cb51ee993/text HTTP/1.1" 200 1285
2020-11-18 10:02:18,451:Finished Request
2020-11-18 10:02:18,456:GET http://127.0.0.1:60317/session/025f8ee6e9cf73329f2ee464cf3337c1/element/599274dc-ed3b-4eb3-9c19-c78cb51ee993/text {"id": "599274dc-ed3b-4eb3-9c19-c78cb51ee993"}
2020-11-18 10:02:18,497:http://127.0.0.1:60317 "GET /session/025f8ee6e9cf73329f2ee464cf3337c1/element/599274dc-ed3b-4eb3-9c19-c78cb51ee993/text HTTP/1.1" 200 1285
2020-11-18 10:02:18,497:Finished Request
2020-11-18 10:02:18,497:82Œ–Ú‚ÌŠé‹Æ
2020-11-18 10:02:18,497:GET http://127.0.0.1:60317/session/025f8ee6e9cf73329f2ee464cf3337c1/element/b933370e-2100-4c1b-a5a6-e932fc3e5e23/text {"id": "b933370e-2100-4c1b-a5a6-e932fc3e5e23"}
2020-11-18 10:02:18,523:http://127.0.0.1:60317 "GET /session/025f8ee6e9cf73329f2ee464cf3337c1/element/b933370e-2100-4c1b-a5a6-e932fc3e5e23/text HTTP/1.1" 200 1198
2020-11-18 10:02:18,523:Finished Request
2020-11-18 10:02:18,529:GET http://127.0.0.1:60317/session/025f8ee6e9cf73329f2ee464cf3337c1/element/b933370e-2100-4c1b-a5a6-e932fc3e5e23/text {"id": "b933370e-2100-4c1b-a5a6-e932fc3e5e23"}
2020-11-18 10:02:18,576:http://127.0.0.1:60317 "GET /session/025f8ee6e9cf73329f2ee464cf3337c1/element/b933370e-2100-4c1b-a5a6-e932fc3e5e23/text HTTP/1.1" 200 1198
2020-11-18 10:02:18,578:Finished Request
2020-11-18 10:02:18,578:83Œ–Ú‚ÌŠé‹Æ
2020-11-18 10:02:18,578:GET http://127.0.0.1:60317/session/025f8ee6e9cf73329f2ee464cf3337c1/element/721793d5-ce61-443e-8cde-be232724f4ab/text {"id": "721793d5-ce61-443e-8cde-be232724f4ab"}
2020-11-18 10:02:18,627:http://127.0.0.1:60317 "GET /session/025f8ee6e9cf73329f2ee464cf3337c1/element/721793d5-ce61-443e-8cde-be232724f4ab/text HTTP/1.1" 200 1231
2020-11-18 10:02:18,628:Finished Request
2020-11-18 10:02:18,634:GET http://127.0.0.1:60317/session/025f8ee6e9cf73329f2ee464cf3337c1/element/721793d5-ce61-443e-8cde-be232724f4ab/text {"id": "721793d5-ce61-443e-8cde-be232724f4ab"}
2020-11-18 10:02:18,683:http://127.0.0.1:60317 "GET /session/025f8ee6e9cf73329f2ee464cf3337c1/element/721793d5-ce61-443e-8cde-be232724f4ab/text HTTP/1.1" 200 1231
2020-11-18 10:02:18,683:Finished Request
2020-11-18 10:02:18,683:84Œ–Ú‚ÌŠé‹Æ
2020-11-18 10:02:18,683:GET http://127.0.0.1:60317/session/025f8ee6e9cf73329f2ee464cf3337c1/element/936d99dd-2c1e-464e-8436-9188d2f72f94/text {"id": "936d99dd-2c1e-464e-8436-9188d2f72f94"}
2020-11-18 10:02:18,741:http://127.0.0.1:60317 "GET /session/025f8ee6e9cf73329f2ee464cf3337c1/element/936d99dd-2c1e-464e-8436-9188d2f72f94/text HTTP/1.1" 200 1263
2020-11-18 10:02:18,741:Finished Request
2020-11-18 10:02:18,745:GET http://127.0.0.1:60317/session/025f8ee6e9cf73329f2ee464cf3337c1/element/936d99dd-2c1e-464e-8436-9188d2f72f94/text {"id": "936d99dd-2c1e-464e-8436-9188d2f72f94"}
2020-11-18 10:02:18,797:http://127.0.0.1:60317 "GET /session/025f8ee6e9cf73329f2ee464cf3337c1/element/936d99dd-2c1e-464e-8436-9188d2f72f94/text HTTP/1.1" 200 1263
2020-11-18 10:02:18,798:Finished Request
2020-11-18 10:02:18,798:85Œ–Ú‚ÌŠé‹Æ
2020-11-18 10:02:18,798:GET http://127.0.0.1:60317/session/025f8ee6e9cf73329f2ee464cf3337c1/element/0bd35ded-c9e0-4918-81b2-2c22b6d2f426/text {"id": "0bd35ded-c9e0-4918-81b2-2c22b6d2f426"}
2020-11-18 10:02:18,853:http://127.0.0.1:60317 "GET /session/025f8ee6e9cf73329f2ee464cf3337c1/element/0bd35ded-c9e0-4918-81b2-2c22b6d2f426/text HTTP/1.1" 200 1229
2020-11-18 10:02:18,854:Finished Request
2020-11-18 10:02:18,856:GET http://127.0.0.1:60317/session/025f8ee6e9cf73329f2ee464cf3337c1/element/0bd35ded-c9e0-4918-81b2-2c22b6d2f426/text {"id": "0bd35ded-c9e0-4918-81b2-2c22b6d2f426"}
2020-11-18 10:02:18,898:http://127.0.0.1:60317 "GET /session/025f8ee6e9cf73329f2ee464cf3337c1/element/0bd35ded-c9e0-4918-81b2-2c22b6d2f426/text HTTP/1.1" 200 1229
2020-11-18 10:02:18,899:Finished Request
2020-11-18 10:02:18,899:86Œ–Ú‚ÌŠé‹Æ
2020-11-18 10:02:18,899:GET http://127.0.0.1:60317/session/025f8ee6e9cf73329f2ee464cf3337c1/element/81c785a5-99dd-444b-b2ec-815fbdfa8180/text {"id": "81c785a5-99dd-444b-b2ec-815fbdfa8180"}
2020-11-18 10:02:18,932:http://127.0.0.1:60317 "GET /session/025f8ee6e9cf73329f2ee464cf3337c1/element/81c785a5-99dd-444b-b2ec-815fbdfa8180/text HTTP/1.1" 200 1197
2020-11-18 10:02:18,932:Finished Request
2020-11-18 10:02:18,936:GET http://127.0.0.1:60317/session/025f8ee6e9cf73329f2ee464cf3337c1/element/81c785a5-99dd-444b-b2ec-815fbdfa8180/text {"id": "81c785a5-99dd-444b-b2ec-815fbdfa8180"}
2020-11-18 10:02:18,970:http://127.0.0.1:60317 "GET /session/025f8ee6e9cf73329f2ee464cf3337c1/element/81c785a5-99dd-444b-b2ec-815fbdfa8180/text HTTP/1.1" 200 1197
2020-11-18 10:02:18,972:Finished Request
2020-11-18 10:02:18,972:87Œ–Ú‚ÌŠé‹Æ
2020-11-18 10:02:18,972:GET http://127.0.0.1:60317/session/025f8ee6e9cf73329f2ee464cf3337c1/element/5c41e542-5905-4217-8a98-08f965029ede/text {"id": "5c41e542-5905-4217-8a98-08f965029ede"}
2020-11-18 10:02:19,025:http://127.0.0.1:60317 "GET /session/025f8ee6e9cf73329f2ee464cf3337c1/element/5c41e542-5905-4217-8a98-08f965029ede/text HTTP/1.1" 200 1313
2020-11-18 10:02:19,026:Finished Request
2020-11-18 10:02:19,031:GET http://127.0.0.1:60317/session/025f8ee6e9cf73329f2ee464cf3337c1/element/5c41e542-5905-4217-8a98-08f965029ede/text {"id": "5c41e542-5905-4217-8a98-08f965029ede"}
2020-11-18 10:02:19,071:http://127.0.0.1:60317 "GET /session/025f8ee6e9cf73329f2ee464cf3337c1/element/5c41e542-5905-4217-8a98-08f965029ede/text HTTP/1.1" 200 1313
2020-11-18 10:02:19,071:Finished Request
2020-11-18 10:02:19,071:88Œ–Ú‚ÌŠé‹Æ
2020-11-18 10:02:19,071:GET http://127.0.0.1:60317/session/025f8ee6e9cf73329f2ee464cf3337c1/element/4aedd802-9545-426d-8fa8-77399705991b/text {"id": "4aedd802-9545-426d-8fa8-77399705991b"}
2020-11-18 10:02:19,108:http://127.0.0.1:60317 "GET /session/025f8ee6e9cf73329f2ee464cf3337c1/element/4aedd802-9545-426d-8fa8-77399705991b/text HTTP/1.1" 200 1119
2020-11-18 10:02:19,108:Finished Request
2020-11-18 10:02:19,114:GET http://127.0.0.1:60317/session/025f8ee6e9cf73329f2ee464cf3337c1/element/4aedd802-9545-426d-8fa8-77399705991b/text {"id": "4aedd802-9545-426d-8fa8-77399705991b"}
2020-11-18 10:02:19,154:http://127.0.0.1:60317 "GET /session/025f8ee6e9cf73329f2ee464cf3337c1/element/4aedd802-9545-426d-8fa8-77399705991b/text HTTP/1.1" 200 1119
2020-11-18 10:02:19,155:Finished Request
2020-11-18 10:02:19,155:89Œ–Ú‚ÌŠé‹Æ
2020-11-18 10:02:19,155:GET http://127.0.0.1:60317/session/025f8ee6e9cf73329f2ee464cf3337c1/element/d4b667bd-f4a7-43dc-a504-96181fb9ac73/text {"id": "d4b667bd-f4a7-43dc-a504-96181fb9ac73"}
2020-11-18 10:02:19,190:http://127.0.0.1:60317 "GET /session/025f8ee6e9cf73329f2ee464cf3337c1/element/d4b667bd-f4a7-43dc-a504-96181fb9ac73/text HTTP/1.1" 200 1237
2020-11-18 10:02:19,190:Finished Request
2020-11-18 10:02:19,196:GET http://127.0.0.1:60317/session/025f8ee6e9cf73329f2ee464cf3337c1/element/d4b667bd-f4a7-43dc-a504-96181fb9ac73/text {"id": "d4b667bd-f4a7-43dc-a504-96181fb9ac73"}
2020-11-18 10:02:19,223:http://127.0.0.1:60317 "GET /session/025f8ee6e9cf73329f2ee464cf3337c1/element/d4b667bd-f4a7-43dc-a504-96181fb9ac73/text HTTP/1.1" 200 1237
2020-11-18 10:02:19,223:Finished Request
2020-11-18 10:02:19,223:90Œ–Ú‚ÌŠé‹Æ
2020-11-18 10:02:19,223:GET http://127.0.0.1:60317/session/025f8ee6e9cf73329f2ee464cf3337c1/element/bf0dd117-a42e-460e-9c6f-4c2e6bd1fc56/text {"id": "bf0dd117-a42e-460e-9c6f-4c2e6bd1fc56"}
2020-11-18 10:02:19,260:http://127.0.0.1:60317 "GET /session/025f8ee6e9cf73329f2ee464cf3337c1/element/bf0dd117-a42e-460e-9c6f-4c2e6bd1fc56/text HTTP/1.1" 200 1240
2020-11-18 10:02:19,261:Finished Request
2020-11-18 10:02:19,266:GET http://127.0.0.1:60317/session/025f8ee6e9cf73329f2ee464cf3337c1/element/bf0dd117-a42e-460e-9c6f-4c2e6bd1fc56/text {"id": "bf0dd117-a42e-460e-9c6f-4c2e6bd1fc56"}
2020-11-18 10:02:19,309:http://127.0.0.1:60317 "GET /session/025f8ee6e9cf73329f2ee464cf3337c1/element/bf0dd117-a42e-460e-9c6f-4c2e6bd1fc56/text HTTP/1.1" 200 1240
2020-11-18 10:02:19,309:Finished Request
2020-11-18 10:02:19,309:91Œ–Ú‚ÌŠé‹Æ
2020-11-18 10:02:19,310:GET http://127.0.0.1:60317/session/025f8ee6e9cf73329f2ee464cf3337c1/element/0cfa0b0f-fcc4-4810-958e-fba77c0fc5a9/text {"id": "0cfa0b0f-fcc4-4810-958e-fba77c0fc5a9"}
2020-11-18 10:02:19,344:http://127.0.0.1:60317 "GET /session/025f8ee6e9cf73329f2ee464cf3337c1/element/0cfa0b0f-fcc4-4810-958e-fba77c0fc5a9/text HTTP/1.1" 200 1266
2020-11-18 10:02:19,345:Finished Request
2020-11-18 10:02:19,345:GET http://127.0.0.1:60317/session/025f8ee6e9cf73329f2ee464cf3337c1/element/0cfa0b0f-fcc4-4810-958e-fba77c0fc5a9/text {"id": "0cfa0b0f-fcc4-4810-958e-fba77c0fc5a9"}
2020-11-18 10:02:19,374:http://127.0.0.1:60317 "GET /session/025f8ee6e9cf73329f2ee464cf3337c1/element/0cfa0b0f-fcc4-4810-958e-fba77c0fc5a9/text HTTP/1.1" 200 1266
2020-11-18 10:02:19,374:Finished Request
2020-11-18 10:02:19,374:92Œ–Ú‚ÌŠé‹Æ
2020-11-18 10:02:19,374:GET http://127.0.0.1:60317/session/025f8ee6e9cf73329f2ee464cf3337c1/element/32ef19c8-9db6-4305-8d87-de8338659425/text {"id": "32ef19c8-9db6-4305-8d87-de8338659425"}
2020-11-18 10:02:19,405:http://127.0.0.1:60317 "GET /session/025f8ee6e9cf73329f2ee464cf3337c1/element/32ef19c8-9db6-4305-8d87-de8338659425/text HTTP/1.1" 200 1128
2020-11-18 10:02:19,405:Finished Request
2020-11-18 10:02:19,410:GET http://127.0.0.1:60317/session/025f8ee6e9cf73329f2ee464cf3337c1/element/32ef19c8-9db6-4305-8d87-de8338659425/text {"id": "32ef19c8-9db6-4305-8d87-de8338659425"}
2020-11-18 10:02:19,450:http://127.0.0.1:60317 "GET /session/025f8ee6e9cf73329f2ee464cf3337c1/element/32ef19c8-9db6-4305-8d87-de8338659425/text HTTP/1.1" 200 1128
2020-11-18 10:02:19,450:Finished Request
2020-11-18 10:02:19,450:93Œ–Ú‚ÌŠé‹Æ
2020-11-18 10:02:19,451:GET http://127.0.0.1:60317/session/025f8ee6e9cf73329f2ee464cf3337c1/element/11372174-f2c6-4f42-9fd3-77f0ef680a59/text {"id": "11372174-f2c6-4f42-9fd3-77f0ef680a59"}
2020-11-18 10:02:19,481:http://127.0.0.1:60317 "GET /session/025f8ee6e9cf73329f2ee464cf3337c1/element/11372174-f2c6-4f42-9fd3-77f0ef680a59/text HTTP/1.1" 200 1218
2020-11-18 10:02:19,481:Finished Request
2020-11-18 10:02:19,484:GET http://127.0.0.1:60317/session/025f8ee6e9cf73329f2ee464cf3337c1/element/11372174-f2c6-4f42-9fd3-77f0ef680a59/text {"id": "11372174-f2c6-4f42-9fd3-77f0ef680a59"}
2020-11-18 10:02:19,508:http://127.0.0.1:60317 "GET /session/025f8ee6e9cf73329f2ee464cf3337c1/element/11372174-f2c6-4f42-9fd3-77f0ef680a59/text HTTP/1.1" 200 1218
2020-11-18 10:02:19,508:Finished Request
2020-11-18 10:02:19,508:94Œ–Ú‚ÌŠé‹Æ
2020-11-18 10:02:19,508:GET http://127.0.0.1:60317/session/025f8ee6e9cf73329f2ee464cf3337c1/element/8ceb6a02-6995-4a3e-ae56-94868f11ec69/text {"id": "8ceb6a02-6995-4a3e-ae56-94868f11ec69"}
2020-11-18 10:02:19,535:http://127.0.0.1:60317 "GET /session/025f8ee6e9cf73329f2ee464cf3337c1/element/8ceb6a02-6995-4a3e-ae56-94868f11ec69/text HTTP/1.1" 200 1193
2020-11-18 10:02:19,536:Finished Request
2020-11-18 10:02:19,539:GET http://127.0.0.1:60317/session/025f8ee6e9cf73329f2ee464cf3337c1/element/8ceb6a02-6995-4a3e-ae56-94868f11ec69/text {"id": "8ceb6a02-6995-4a3e-ae56-94868f11ec69"}
2020-11-18 10:02:19,563:http://127.0.0.1:60317 "GET /session/025f8ee6e9cf73329f2ee464cf3337c1/element/8ceb6a02-6995-4a3e-ae56-94868f11ec69/text HTTP/1.1" 200 1193
2020-11-18 10:02:19,563:Finished Request
2020-11-18 10:02:19,563:95Œ–Ú‚ÌŠé‹Æ
2020-11-18 10:02:19,563:GET http://127.0.0.1:60317/session/025f8ee6e9cf73329f2ee464cf3337c1/element/0ee40cd1-2f1a-4a4c-97a4-34b7c94165f7/text {"id": "0ee40cd1-2f1a-4a4c-97a4-34b7c94165f7"}
2020-11-18 10:02:19,600:http://127.0.0.1:60317 "GET /session/025f8ee6e9cf73329f2ee464cf3337c1/element/0ee40cd1-2f1a-4a4c-97a4-34b7c94165f7/text HTTP/1.1" 200 1230
2020-11-18 10:02:19,600:Finished Request
2020-11-18 10:02:19,602:GET http://127.0.0.1:60317/session/025f8ee6e9cf73329f2ee464cf3337c1/element/0ee40cd1-2f1a-4a4c-97a4-34b7c94165f7/text {"id": "0ee40cd1-2f1a-4a4c-97a4-34b7c94165f7"}
2020-11-18 10:02:19,653:http://127.0.0.1:60317 "GET /session/025f8ee6e9cf73329f2ee464cf3337c1/element/0ee40cd1-2f1a-4a4c-97a4-34b7c94165f7/text HTTP/1.1" 200 1230
2020-11-18 10:02:19,653:Finished Request
2020-11-18 10:02:19,653:96Œ–Ú‚ÌŠé‹Æ
2020-11-18 10:02:19,653:GET http://127.0.0.1:60317/session/025f8ee6e9cf73329f2ee464cf3337c1/element/d907fae3-42e7-43f2-9b1e-b3bacc7b9f36/text {"id": "d907fae3-42e7-43f2-9b1e-b3bacc7b9f36"}
2020-11-18 10:02:19,702:http://127.0.0.1:60317 "GET /session/025f8ee6e9cf73329f2ee464cf3337c1/element/d907fae3-42e7-43f2-9b1e-b3bacc7b9f36/text HTTP/1.1" 200 1307
2020-11-18 10:02:19,702:Finished Request
2020-11-18 10:02:19,708:GET http://127.0.0.1:60317/session/025f8ee6e9cf73329f2ee464cf3337c1/element/d907fae3-42e7-43f2-9b1e-b3bacc7b9f36/text {"id": "d907fae3-42e7-43f2-9b1e-b3bacc7b9f36"}
2020-11-18 10:02:19,760:http://127.0.0.1:60317 "GET /session/025f8ee6e9cf73329f2ee464cf3337c1/element/d907fae3-42e7-43f2-9b1e-b3bacc7b9f36/text HTTP/1.1" 200 1307
2020-11-18 10:02:19,760:Finished Request
2020-11-18 10:02:19,760:97Œ–Ú‚ÌŠé‹Æ
2020-11-18 10:02:19,761:GET http://127.0.0.1:60317/session/025f8ee6e9cf73329f2ee464cf3337c1/element/1ed260f2-de79-4b12-99dc-9b2bddce6342/text {"id": "1ed260f2-de79-4b12-99dc-9b2bddce6342"}
2020-11-18 10:02:19,789:http://127.0.0.1:60317 "GET /session/025f8ee6e9cf73329f2ee464cf3337c1/element/1ed260f2-de79-4b12-99dc-9b2bddce6342/text HTTP/1.1" 200 1312
2020-11-18 10:02:19,789:Finished Request
2020-11-18 10:02:19,793:GET http://127.0.0.1:60317/session/025f8ee6e9cf73329f2ee464cf3337c1/element/1ed260f2-de79-4b12-99dc-9b2bddce6342/text {"id": "1ed260f2-de79-4b12-99dc-9b2bddce6342"}
2020-11-18 10:02:19,841:http://127.0.0.1:60317 "GET /session/025f8ee6e9cf73329f2ee464cf3337c1/element/1ed260f2-de79-4b12-99dc-9b2bddce6342/text HTTP/1.1" 200 1312
2020-11-18 10:02:19,841:Finished Request
2020-11-18 10:02:19,842:98Œ–Ú‚ÌŠé‹Æ
2020-11-18 10:02:19,842:GET http://127.0.0.1:60317/session/025f8ee6e9cf73329f2ee464cf3337c1/element/8c0fb262-235b-49c7-bf42-4d87b26f4e3b/text {"id": "8c0fb262-235b-49c7-bf42-4d87b26f4e3b"}
2020-11-18 10:02:19,876:http://127.0.0.1:60317 "GET /session/025f8ee6e9cf73329f2ee464cf3337c1/element/8c0fb262-235b-49c7-bf42-4d87b26f4e3b/text HTTP/1.1" 200 1284
2020-11-18 10:02:19,876:Finished Request
2020-11-18 10:02:19,880:GET http://127.0.0.1:60317/session/025f8ee6e9cf73329f2ee464cf3337c1/element/8c0fb262-235b-49c7-bf42-4d87b26f4e3b/text {"id": "8c0fb262-235b-49c7-bf42-4d87b26f4e3b"}
2020-11-18 10:02:19,903:http://127.0.0.1:60317 "GET /session/025f8ee6e9cf73329f2ee464cf3337c1/element/8c0fb262-235b-49c7-bf42-4d87b26f4e3b/text HTTP/1.1" 200 1284
2020-11-18 10:02:19,903:Finished Request
2020-11-18 10:02:19,903:99Œ–Ú‚ÌŠé‹Æ
2020-11-18 10:02:19,903:GET http://127.0.0.1:60317/session/025f8ee6e9cf73329f2ee464cf3337c1/element/b334a5ff-e8ed-41ef-a49b-2f281f97eb5b/text {"id": "b334a5ff-e8ed-41ef-a49b-2f281f97eb5b"}
2020-11-18 10:02:19,933:http://127.0.0.1:60317 "GET /session/025f8ee6e9cf73329f2ee464cf3337c1/element/b334a5ff-e8ed-41ef-a49b-2f281f97eb5b/text HTTP/1.1" 200 1215
2020-11-18 10:02:19,933:Finished Request
2020-11-18 10:02:19,938:GET http://127.0.0.1:60317/session/025f8ee6e9cf73329f2ee464cf3337c1/element/b334a5ff-e8ed-41ef-a49b-2f281f97eb5b/text {"id": "b334a5ff-e8ed-41ef-a49b-2f281f97eb5b"}
2020-11-18 10:02:19,970:http://127.0.0.1:60317 "GET /session/025f8ee6e9cf73329f2ee464cf3337c1/element/b334a5ff-e8ed-41ef-a49b-2f281f97eb5b/text HTTP/1.1" 200 1215
2020-11-18 10:02:19,970:Finished Request
2020-11-18 10:02:19,970:100Œ–Ú‚ÌŠé‹Æ
2020-11-18 10:02:19,970:POST http://127.0.0.1:60317/session/025f8ee6e9cf73329f2ee464cf3337c1/elements {"using": "css selector", "value": ".iconFont--arrowLeft"}
2020-11-18 10:02:19,978:http://127.0.0.1:60317 "POST /session/025f8ee6e9cf73329f2ee464cf3337c1/elements HTTP/1.1" 200 169
2020-11-18 10:02:19,978:Finished Request
2020-11-18 10:02:19,978:POST http://127.0.0.1:60317/session/025f8ee6e9cf73329f2ee464cf3337c1/execute/sync {"script": "return (function(){return function(){var d=this;function f(a){return\"string\"==typeof a};function h(a,b){this.code=a;this.a=l[a]||m;this.message=b||\"\";a=this.a.replace(/((?:^|\\s+)[a-z])/g,function(a){return a.toUpperCase().replace(/^[\\s\\xa0]+/g,\"\")});b=a.length-5;if(0>b||a.indexOf(\"Error\",b)!=b)a+=\"Error\";this.name=a;a=Error(this.message);a.name=this.name;this.stack=a.stack||\"\"}\n(function(){var a=Error;function b(){}b.prototype=a.prototype;h.b=a.prototype;h.prototype=new b;h.prototype.constructor=h;h.a=function(b,c,g){for(var e=Array(arguments.length-2),k=2;k<arguments.length;k++)e[k-2]=arguments[k];return a.prototype[c].apply(b,e)}})();var m=\"unknown error\",l={15:\"element not selectable\",11:\"element not visible\"};l[31]=m;l[30]=m;l[24]=\"invalid cookie domain\";l[29]=\"invalid element coordinates\";l[12]=\"invalid element state\";l[32]=\"invalid selector\";l[51]=\"invalid selector\";\nl[52]=\"invalid selector\";l[17]=\"javascript error\";l[405]=\"unsupported operation\";l[34]=\"move target out of bounds\";l[27]=\"no such alert\";l[7]=\"no such element\";l[8]=\"no such frame\";l[23]=\"no such window\";l[28]=\"script timeout\";l[33]=\"session not created\";l[10]=\"stale element reference\";l[21]=\"timeout\";l[25]=\"unable to set cookie\";l[26]=\"unexpected alert open\";l[13]=m;l[9]=\"unknown command\";h.prototype.toString=function(){return this.name+\": \"+this.message};var n;a:{var p=d.navigator;if(p){var q=p.userAgent;if(q){n=q;break a}}n=\"\"}function r(a){return-1!=n.indexOf(a)};function t(a,b){for(var e=a.length,c=f(a)?a.split(\"\"):a,g=0;g<e;g++)g in c&&b.call(void 0,c[g],g,a)};function v(){return r(\"iPhone\")&&!r(\"iPod\")&&!r(\"iPad\")};function w(){return(r(\"Chrome\")||r(\"CriOS\"))&&!r(\"Edge\")};var x=r(\"Opera\"),y=r(\"Trident\")||r(\"MSIE\"),z=r(\"Edge\"),A=r(\"Gecko\")&&!(-1!=n.toLowerCase().indexOf(\"webkit\")&&!r(\"Edge\"))&&!(r(\"Trident\")||r(\"MSIE\"))&&!r(\"Edge\"),aa=-1!=n.toLowerCase().indexOf(\"webkit\")&&!r(\"Edge\");function B(){var a=d.document;return a?a.documentMode:void 0}var C;\na:{var D=\"\",E=function(){var a=n;if(A)return/rv\\:([^\\);]+)(\\)|;)/.exec(a);if(z)return/Edge\\/([\\d\\.]+)/.exec(a);if(y)return/\\b(?:MSIE|rv)[: ]([^\\);]+)(\\)|;)/.exec(a);if(aa)return/WebKit\\/(\\S+)/.exec(a);if(x)return/(?:Version)[ \\/]?(\\S+)/.exec(a)}();E&&(D=E?E[1]:\"\");if(y){var F=B();if(null!=F&&F>parseFloat(D)){C=String(F);break a}}C=D}var G;var H=d.document;G=H&&y?B()||(\"CSS1Compat\"==H.compatMode?parseInt(C,10):5):void 0;var ba=r(\"Firefox\"),ca=v()||r(\"iPod\"),da=r(\"iPad\"),I=r(\"Android\")&&!(w()||r(\"Firefox\")||r(\"Opera\")||r(\"Silk\")),ea=w(),J=r(\"Safari\")&&!(w()||r(\"Coast\")||r(\"Opera\")||r(\"Edge\")||r(\"Silk\")||r(\"Android\"))&&!(v()||r(\"iPad\")||r(\"iPod\"));function K(a){return(a=a.exec(n))?a[1]:\"\"}(function(){if(ba)return K(/Firefox\\/([0-9.]+)/);if(y||z||x)return C;if(ea)return v()||r(\"iPad\")||r(\"iPod\")?K(/CriOS\\/([0-9.]+)/):K(/Chrome\\/([0-9.]+)/);if(J&&!(v()||r(\"iPad\")||r(\"iPod\")))return K(/Version\\/([0-9.]+)/);if(ca||da){var a=/Version\\/(\\S+).*Mobile\\/(\\S+)/.exec(n);if(a)return a[1]+\".\"+a[2]}else if(I)return(a=K(/Android\\s+([0-9.]+)/))?a:K(/Version\\/([0-9.]+)/);return\"\"})();var L,M=function(){if(!A)return!1;var a=d.Components;if(!a)return!1;try{if(!a.classes)return!1}catch(g){return!1}var b=a.classes,a=a.interfaces,e=b[\"@mozilla.org/xpcom/version-comparator;1\"].getService(a.nsIVersionComparator),c=b[\"@mozilla.org/xre/app-info;1\"].getService(a.nsIXULAppInfo).version;L=function(a){e.compare(c,\"\"+a)};return!0}(),N=y&&!(8<=Number(G)),fa=y&&!(9<=Number(G));I&&M&&L(2.3);I&&M&&L(4);J&&M&&L(6);var ga={SCRIPT:1,STYLE:1,HEAD:1,IFRAME:1,OBJECT:1},O={IMG:\" \",BR:\"\\n\"};function P(a,b,e){if(!(a.nodeName in ga))if(3==a.nodeType)e?b.push(String(a.nodeValue).replace(/(\\r\\n|\\r|\\n)/g,\"\")):b.push(a.nodeValue);else if(a.nodeName in O)b.push(O[a.nodeName]);else for(a=a.firstChild;a;)P(a,b,e),a=a.nextSibling};function Q(a,b){b=b.toLowerCase();return\"style\"==b?ha(a.style.cssText):N&&\"value\"==b&&R(a,\"INPUT\")?a.value:fa&&!0===a[b]?String(a.getAttribute(b)):(a=a.getAttributeNode(b))&&a.specified?a.value:null}var ia=/[;]+(?=(?:(?:[^\"]*\"){2})*[^\"]*$)(?=(?:(?:[^']*'){2})*[^']*$)(?=(?:[^()]*\\([^()]*\\))*[^()]*$)/;\nfunction ha(a){var b=[];t(a.split(ia),function(a){var c=a.indexOf(\":\");0<c&&(a=[a.slice(0,c),a.slice(c+1)],2==a.length&&b.push(a[0].toLowerCase(),\":\",a[1],\";\"))});b=b.join(\"\");return b=\";\"==b.charAt(b.length-1)?b:b+\";\"}function S(a,b){N&&\"value\"==b&&R(a,\"OPTION\")&&null===Q(a,\"value\")?(b=[],P(a,b,!1),a=b.join(\"\")):a=a[b];return a}function R(a,b){b&&\"string\"!==typeof b&&(b=b.toString());return!!a&&1==a.nodeType&&(!b||a.tagName.toUpperCase()==b)}\nfunction T(a){return R(a,\"OPTION\")?!0:R(a,\"INPUT\")?(a=a.type.toLowerCase(),\"checkbox\"==a||\"radio\"==a):!1};var ja={\"class\":\"className\",readonly:\"readOnly\"},U=\"allowfullscreen allowpaymentrequest allowusermedia async autofocus autoplay checked compact complete controls declare default defaultchecked defaultselected defer disabled ended formnovalidate hidden indeterminate iscontenteditable ismap itemscope loop multiple muted nohref nomodule noresize noshade novalidate nowrap open paused playsinline pubdate readonly required reversed scoped seamless seeking selected truespeed typemustmatch willvalidate\".split(\" \");function V(a,b){var e=null,c=b.toLowerCase();if(\"style\"==c)return(e=a.style)&&!f(e)&&(e=e.cssText),e;if((\"selected\"==c||\"checked\"==c)&&T(a)){if(!T(a))throw new h(15,\"Element is not selectable\");b=\"selected\";e=a.type&&a.type.toLowerCase();if(\"checkbox\"==e||\"radio\"==e)b=\"checked\";return S(a,b)?\"true\":null}var g=R(a,\"A\");if(R(a,\"IMG\")&&\"src\"==c||g&&\"href\"==c)return(e=Q(a,c))&&(e=S(a,c)),e;if(\"spellcheck\"==c){e=Q(a,c);if(null!==e){if(\"false\"==e.toLowerCase())return\"false\";if(\"true\"==e.toLowerCase())return\"true\"}return S(a,\nc)+\"\"}g=ja[b]||b;a:if(f(U))c=f(c)&&1==c.length?U.indexOf(c,0):-1;else{for(var u=0;u<U.length;u++)if(u in U&&U[u]===c){c=u;break a}c=-1}if(0<=c)return(e=null!==Q(a,b)||S(a,g))?\"true\":null;try{var k=S(a,g)}catch(ka){}(c=null==k)||(c=typeof k,c=\"object\"==c&&null!=k||\"function\"==c);c?e=Q(a,b):e=k;return null!=e?e.toString():null}var W=[\"_\"],X=d;W[0]in X||!X.execScript||X.execScript(\"var \"+W[0]);\nfor(var Y;W.length&&(Y=W.shift());){var Z;if(Z=!W.length)Z=void 0!==V;Z?X[Y]=V:X[Y]&&X[Y]!==Object.prototype[Y]?X=X[Y]:X=X[Y]={}};; return this._.apply(null,arguments);}.apply({navigator:typeof window!='undefined'?window.navigator:null,document:typeof window!='undefined'?window.document:null}, arguments);}\n).apply(null, arguments);", "args": [{"ELEMENT": "bd6a58d2-0442-420f-bfd6-f3394fc384b5", "element-6066-11e4-a52e-4f735466cecf": "bd6a58d2-0442-420f-bfd6-f3394fc384b5"}, "href"]}
2020-11-18 10:02:19,985:http://127.0.0.1:60317 "POST /session/025f8ee6e9cf73329f2ee464cf3337c1/execute/sync HTTP/1.1" 200 109
2020-11-18 10:02:19,985:Finished Request
2020-11-18 10:02:19,985:POST http://127.0.0.1:60317/session/025f8ee6e9cf73329f2ee464cf3337c1/url {"url": "https://tenshoku.mynavi.jp/list/kw%E9%AB%98%E5%8F%8E%E5%85%A5/pg3/?jobsearchType=14&searchType=18"}
2020-11-18 10:02:21,842:http://127.0.0.1:60317 "POST /session/025f8ee6e9cf73329f2ee464cf3337c1/url HTTP/1.1" 200 14
2020-11-18 10:02:21,842:Finished Request
2020-11-18 10:02:21,842:POST http://127.0.0.1:60317/session/025f8ee6e9cf73329f2ee464cf3337c1/elements {"using": "css selector", "value": ".cassetteRecruit__content"}
2020-11-18 10:02:21,986:http://127.0.0.1:60317 "POST /session/025f8ee6e9cf73329f2ee464cf3337c1/elements HTTP/1.1" 200 3961
2020-11-18 10:02:21,987:Finished Request
2020-11-18 10:02:21,987:GET http://127.0.0.1:60317/session/025f8ee6e9cf73329f2ee464cf3337c1/element/be291b43-6530-44ad-987a-66a5dfb786bb/text {"id": "be291b43-6530-44ad-987a-66a5dfb786bb"}
2020-11-18 10:02:22,411:http://127.0.0.1:60317 "GET /session/025f8ee6e9cf73329f2ee464cf3337c1/element/be291b43-6530-44ad-987a-66a5dfb786bb/text HTTP/1.1" 200 1315
2020-11-18 10:02:22,411:Finished Request
2020-11-18 10:02:22,419:GET http://127.0.0.1:60317/session/025f8ee6e9cf73329f2ee464cf3337c1/element/be291b43-6530-44ad-987a-66a5dfb786bb/text {"id": "be291b43-6530-44ad-987a-66a5dfb786bb"}
2020-11-18 10:02:22,471:http://127.0.0.1:60317 "GET /session/025f8ee6e9cf73329f2ee464cf3337c1/element/be291b43-6530-44ad-987a-66a5dfb786bb/text HTTP/1.1" 200 1315
2020-11-18 10:02:22,471:Finished Request
2020-11-18 10:02:22,472:101Œ–Ú‚ÌŠé‹Æ
2020-11-18 10:02:22,472:GET http://127.0.0.1:60317/session/025f8ee6e9cf73329f2ee464cf3337c1/element/0b711159-467b-4d8c-a572-06770f597258/text {"id": "0b711159-467b-4d8c-a572-06770f597258"}
2020-11-18 10:02:22,526:http://127.0.0.1:60317 "GET /session/025f8ee6e9cf73329f2ee464cf3337c1/element/0b711159-467b-4d8c-a572-06770f597258/text HTTP/1.1" 200 1304
2020-11-18 10:02:22,526:Finished Request
2020-11-18 10:02:22,532:GET http://127.0.0.1:60317/session/025f8ee6e9cf73329f2ee464cf3337c1/element/0b711159-467b-4d8c-a572-06770f597258/text {"id": "0b711159-467b-4d8c-a572-06770f597258"}
2020-11-18 10:02:22,573:http://127.0.0.1:60317 "GET /session/025f8ee6e9cf73329f2ee464cf3337c1/element/0b711159-467b-4d8c-a572-06770f597258/text HTTP/1.1" 200 1304
2020-11-18 10:02:22,573:Finished Request
2020-11-18 10:02:22,573:102Œ–Ú‚ÌŠé‹Æ
2020-11-18 10:02:22,574:GET http://127.0.0.1:60317/session/025f8ee6e9cf73329f2ee464cf3337c1/element/e58fc9f5-1a5b-4ff8-a207-f76ad4ee0dfa/text {"id": "e58fc9f5-1a5b-4ff8-a207-f76ad4ee0dfa"}
2020-11-18 10:02:22,616:http://127.0.0.1:60317 "GET /session/025f8ee6e9cf73329f2ee464cf3337c1/element/e58fc9f5-1a5b-4ff8-a207-f76ad4ee0dfa/text HTTP/1.1" 200 1285
2020-11-18 10:02:22,616:Finished Request
2020-11-18 10:02:22,620:GET http://127.0.0.1:60317/session/025f8ee6e9cf73329f2ee464cf3337c1/element/e58fc9f5-1a5b-4ff8-a207-f76ad4ee0dfa/text {"id": "e58fc9f5-1a5b-4ff8-a207-f76ad4ee0dfa"}
2020-11-18 10:02:22,700:http://127.0.0.1:60317 "GET /session/025f8ee6e9cf73329f2ee464cf3337c1/element/e58fc9f5-1a5b-4ff8-a207-f76ad4ee0dfa/text HTTP/1.1" 200 1285
2020-11-18 10:02:22,700:Finished Request
2020-11-18 10:02:22,700:103Œ–Ú‚ÌŠé‹Æ
2020-11-18 10:02:22,700:GET http://127.0.0.1:60317/session/025f8ee6e9cf73329f2ee464cf3337c1/element/8cf7b3b8-7af8-4b1e-8493-2c4d49c0a732/text {"id": "8cf7b3b8-7af8-4b1e-8493-2c4d49c0a732"}
2020-11-18 10:02:22,744:http://127.0.0.1:60317 "GET /session/025f8ee6e9cf73329f2ee464cf3337c1/element/8cf7b3b8-7af8-4b1e-8493-2c4d49c0a732/text HTTP/1.1" 200 1308
2020-11-18 10:02:22,745:Finished Request
2020-11-18 10:02:22,749:GET http://127.0.0.1:60317/session/025f8ee6e9cf73329f2ee464cf3337c1/element/8cf7b3b8-7af8-4b1e-8493-2c4d49c0a732/text {"id": "8cf7b3b8-7af8-4b1e-8493-2c4d49c0a732"}
2020-11-18 10:02:22,777:http://127.0.0.1:60317 "GET /session/025f8ee6e9cf73329f2ee464cf3337c1/element/8cf7b3b8-7af8-4b1e-8493-2c4d49c0a732/text HTTP/1.1" 200 1308
2020-11-18 10:02:22,778:Finished Request
2020-11-18 10:02:22,778:104Œ–Ú‚ÌŠé‹Æ
2020-11-18 10:02:22,778:GET http://127.0.0.1:60317/session/025f8ee6e9cf73329f2ee464cf3337c1/element/2680af89-840b-4292-8fc9-30f24f7b6af4/text {"id": "2680af89-840b-4292-8fc9-30f24f7b6af4"}
2020-11-18 10:02:22,806:http://127.0.0.1:60317 "GET /session/025f8ee6e9cf73329f2ee464cf3337c1/element/2680af89-840b-4292-8fc9-30f24f7b6af4/text HTTP/1.1" 200 1248
2020-11-18 10:02:22,806:Finished Request
2020-11-18 10:02:22,809:GET http://127.0.0.1:60317/session/025f8ee6e9cf73329f2ee464cf3337c1/element/2680af89-840b-4292-8fc9-30f24f7b6af4/text {"id": "2680af89-840b-4292-8fc9-30f24f7b6af4"}
2020-11-18 10:02:22,836:http://127.0.0.1:60317 "GET /session/025f8ee6e9cf73329f2ee464cf3337c1/element/2680af89-840b-4292-8fc9-30f24f7b6af4/text HTTP/1.1" 200 1248
2020-11-18 10:02:22,836:Finished Request
2020-11-18 10:02:22,836:105Œ–Ú‚ÌŠé‹Æ
2020-11-18 10:02:22,836:GET http://127.0.0.1:60317/session/025f8ee6e9cf73329f2ee464cf3337c1/element/d3a51757-88f5-42b8-b2c6-acfc2eb0523e/text {"id": "d3a51757-88f5-42b8-b2c6-acfc2eb0523e"}
2020-11-18 10:02:22,868:http://127.0.0.1:60317 "GET /session/025f8ee6e9cf73329f2ee464cf3337c1/element/d3a51757-88f5-42b8-b2c6-acfc2eb0523e/text HTTP/1.1" 200 1211
2020-11-18 10:02:22,868:Finished Request
2020-11-18 10:02:22,871:GET http://127.0.0.1:60317/session/025f8ee6e9cf73329f2ee464cf3337c1/element/d3a51757-88f5-42b8-b2c6-acfc2eb0523e/text {"id": "d3a51757-88f5-42b8-b2c6-acfc2eb0523e"}
2020-11-18 10:02:22,893:http://127.0.0.1:60317 "GET /session/025f8ee6e9cf73329f2ee464cf3337c1/element/d3a51757-88f5-42b8-b2c6-acfc2eb0523e/text HTTP/1.1" 200 1211
2020-11-18 10:02:22,893:Finished Request
2020-11-18 10:02:22,893:106Œ–Ú‚ÌŠé‹Æ
2020-11-18 10:02:22,893:GET http://127.0.0.1:60317/session/025f8ee6e9cf73329f2ee464cf3337c1/element/c88d045a-d174-42a9-a5f0-d4acef1da02a/text {"id": "c88d045a-d174-42a9-a5f0-d4acef1da02a"}
2020-11-18 10:02:22,922:http://127.0.0.1:60317 "GET /session/025f8ee6e9cf73329f2ee464cf3337c1/element/c88d045a-d174-42a9-a5f0-d4acef1da02a/text HTTP/1.1" 200 1266
2020-11-18 10:02:22,923:Finished Request
2020-11-18 10:02:22,927:GET http://127.0.0.1:60317/session/025f8ee6e9cf73329f2ee464cf3337c1/element/c88d045a-d174-42a9-a5f0-d4acef1da02a/text {"id": "c88d045a-d174-42a9-a5f0-d4acef1da02a"}
2020-11-18 10:02:22,959:http://127.0.0.1:60317 "GET /session/025f8ee6e9cf73329f2ee464cf3337c1/element/c88d045a-d174-42a9-a5f0-d4acef1da02a/text HTTP/1.1" 200 1266
2020-11-18 10:02:22,959:Finished Request
2020-11-18 10:02:22,959:107Œ–Ú‚ÌŠé‹Æ
2020-11-18 10:02:22,959:GET http://127.0.0.1:60317/session/025f8ee6e9cf73329f2ee464cf3337c1/element/d03e9290-2b41-430e-a345-160e877d534c/text {"id": "d03e9290-2b41-430e-a345-160e877d534c"}
2020-11-18 10:02:22,996:http://127.0.0.1:60317 "GET /session/025f8ee6e9cf73329f2ee464cf3337c1/element/d03e9290-2b41-430e-a345-160e877d534c/text HTTP/1.1" 200 1220
2020-11-18 10:02:22,996:Finished Request
2020-11-18 10:02:23,000:GET http://127.0.0.1:60317/session/025f8ee6e9cf73329f2ee464cf3337c1/element/d03e9290-2b41-430e-a345-160e877d534c/text {"id": "d03e9290-2b41-430e-a345-160e877d534c"}
2020-11-18 10:02:23,027:http://127.0.0.1:60317 "GET /session/025f8ee6e9cf73329f2ee464cf3337c1/element/d03e9290-2b41-430e-a345-160e877d534c/text HTTP/1.1" 200 1220
2020-11-18 10:02:23,027:Finished Request
2020-11-18 10:02:23,027:108Œ–Ú‚ÌŠé‹Æ
2020-11-18 10:02:23,027:GET http://127.0.0.1:60317/session/025f8ee6e9cf73329f2ee464cf3337c1/element/a1f72ad6-5c26-415b-b321-88dd39172346/text {"id": "a1f72ad6-5c26-415b-b321-88dd39172346"}
2020-11-18 10:02:23,059:http://127.0.0.1:60317 "GET /session/025f8ee6e9cf73329f2ee464cf3337c1/element/a1f72ad6-5c26-415b-b321-88dd39172346/text HTTP/1.1" 200 1238
2020-11-18 10:02:23,059:Finished Request
2020-11-18 10:02:23,064:GET http://127.0.0.1:60317/session/025f8ee6e9cf73329f2ee464cf3337c1/element/a1f72ad6-5c26-415b-b321-88dd39172346/text {"id": "a1f72ad6-5c26-415b-b321-88dd39172346"}
2020-11-18 10:02:23,088:http://127.0.0.1:60317 "GET /session/025f8ee6e9cf73329f2ee464cf3337c1/element/a1f72ad6-5c26-415b-b321-88dd39172346/text HTTP/1.1" 200 1238
2020-11-18 10:02:23,089:Finished Request
2020-11-18 10:02:23,089:109Œ–Ú‚ÌŠé‹Æ
2020-11-18 10:02:23,089:GET http://127.0.0.1:60317/session/025f8ee6e9cf73329f2ee464cf3337c1/element/45cb87f5-a1ea-4fc7-be0f-e82b0b4f9ea9/text {"id": "45cb87f5-a1ea-4fc7-be0f-e82b0b4f9ea9"}
2020-11-18 10:02:23,114:http://127.0.0.1:60317 "GET /session/025f8ee6e9cf73329f2ee464cf3337c1/element/45cb87f5-a1ea-4fc7-be0f-e82b0b4f9ea9/text HTTP/1.1" 200 1082
2020-11-18 10:02:23,114:Finished Request
2020-11-18 10:02:23,116:GET http://127.0.0.1:60317/session/025f8ee6e9cf73329f2ee464cf3337c1/element/45cb87f5-a1ea-4fc7-be0f-e82b0b4f9ea9/text {"id": "45cb87f5-a1ea-4fc7-be0f-e82b0b4f9ea9"}
2020-11-18 10:02:23,149:http://127.0.0.1:60317 "GET /session/025f8ee6e9cf73329f2ee464cf3337c1/element/45cb87f5-a1ea-4fc7-be0f-e82b0b4f9ea9/text HTTP/1.1" 200 1082
2020-11-18 10:02:23,149:Finished Request
2020-11-18 10:02:23,149:110Œ–Ú‚ÌŠé‹Æ
2020-11-18 10:02:23,149:GET http://127.0.0.1:60317/session/025f8ee6e9cf73329f2ee464cf3337c1/element/8fc96cc4-ed32-4ab3-b07f-bff38d8600e6/text {"id": "8fc96cc4-ed32-4ab3-b07f-bff38d8600e6"}
2020-11-18 10:02:23,185:http://127.0.0.1:60317 "GET /session/025f8ee6e9cf73329f2ee464cf3337c1/element/8fc96cc4-ed32-4ab3-b07f-bff38d8600e6/text HTTP/1.1" 200 1298
2020-11-18 10:02:23,185:Finished Request
2020-11-18 10:02:23,191:GET http://127.0.0.1:60317/session/025f8ee6e9cf73329f2ee464cf3337c1/element/8fc96cc4-ed32-4ab3-b07f-bff38d8600e6/text {"id": "8fc96cc4-ed32-4ab3-b07f-bff38d8600e6"}
2020-11-18 10:02:23,234:http://127.0.0.1:60317 "GET /session/025f8ee6e9cf73329f2ee464cf3337c1/element/8fc96cc4-ed32-4ab3-b07f-bff38d8600e6/text HTTP/1.1" 200 1298
2020-11-18 10:02:23,234:Finished Request
2020-11-18 10:02:23,235:111Œ–Ú‚ÌŠé‹Æ
2020-11-18 10:02:23,235:GET http://127.0.0.1:60317/session/025f8ee6e9cf73329f2ee464cf3337c1/element/f921a169-1f37-42d5-9ab5-7f218855df15/text {"id": "f921a169-1f37-42d5-9ab5-7f218855df15"}
2020-11-18 10:02:23,287:http://127.0.0.1:60317 "GET /session/025f8ee6e9cf73329f2ee464cf3337c1/element/f921a169-1f37-42d5-9ab5-7f218855df15/text HTTP/1.1" 200 1299
2020-11-18 10:02:23,287:Finished Request
2020-11-18 10:02:23,291:GET http://127.0.0.1:60317/session/025f8ee6e9cf73329f2ee464cf3337c1/element/f921a169-1f37-42d5-9ab5-7f218855df15/text {"id": "f921a169-1f37-42d5-9ab5-7f218855df15"}
2020-11-18 10:02:23,321:http://127.0.0.1:60317 "GET /session/025f8ee6e9cf73329f2ee464cf3337c1/element/f921a169-1f37-42d5-9ab5-7f218855df15/text HTTP/1.1" 200 1299
2020-11-18 10:02:23,321:Finished Request
2020-11-18 10:02:23,321:112Œ–Ú‚ÌŠé‹Æ
2020-11-18 10:02:23,321:GET http://127.0.0.1:60317/session/025f8ee6e9cf73329f2ee464cf3337c1/element/a515c413-74bb-414e-92b5-db7213d72dc3/text {"id": "a515c413-74bb-414e-92b5-db7213d72dc3"}
2020-11-18 10:02:23,369:http://127.0.0.1:60317 "GET /session/025f8ee6e9cf73329f2ee464cf3337c1/element/a515c413-74bb-414e-92b5-db7213d72dc3/text HTTP/1.1" 200 1191
2020-11-18 10:02:23,369:Finished Request
2020-11-18 10:02:23,373:GET http://127.0.0.1:60317/session/025f8ee6e9cf73329f2ee464cf3337c1/element/a515c413-74bb-414e-92b5-db7213d72dc3/text {"id": "a515c413-74bb-414e-92b5-db7213d72dc3"}
2020-11-18 10:02:23,401:http://127.0.0.1:60317 "GET /session/025f8ee6e9cf73329f2ee464cf3337c1/element/a515c413-74bb-414e-92b5-db7213d72dc3/text HTTP/1.1" 200 1191
2020-11-18 10:02:23,401:Finished Request
2020-11-18 10:02:23,401:113Œ–Ú‚ÌŠé‹Æ
2020-11-18 10:02:23,401:GET http://127.0.0.1:60317/session/025f8ee6e9cf73329f2ee464cf3337c1/element/b592b395-fc2e-4cb6-adf9-b5ce76efa4d8/text {"id": "b592b395-fc2e-4cb6-adf9-b5ce76efa4d8"}
2020-11-18 10:02:23,434:http://127.0.0.1:60317 "GET /session/025f8ee6e9cf73329f2ee464cf3337c1/element/b592b395-fc2e-4cb6-adf9-b5ce76efa4d8/text HTTP/1.1" 200 1351
2020-11-18 10:02:23,434:Finished Request
2020-11-18 10:02:23,438:GET http://127.0.0.1:60317/session/025f8ee6e9cf73329f2ee464cf3337c1/element/b592b395-fc2e-4cb6-adf9-b5ce76efa4d8/text {"id": "b592b395-fc2e-4cb6-adf9-b5ce76efa4d8"}
2020-11-18 10:02:23,495:http://127.0.0.1:60317 "GET /session/025f8ee6e9cf73329f2ee464cf3337c1/element/b592b395-fc2e-4cb6-adf9-b5ce76efa4d8/text HTTP/1.1" 200 1351
2020-11-18 10:02:23,496:Finished Request
2020-11-18 10:02:23,496:114Œ–Ú‚ÌŠé‹Æ
2020-11-18 10:02:23,496:GET http://127.0.0.1:60317/session/025f8ee6e9cf73329f2ee464cf3337c1/element/96e785b4-06a5-4cde-a8d5-9c0b9aacbe71/text {"id": "96e785b4-06a5-4cde-a8d5-9c0b9aacbe71"}
2020-11-18 10:02:23,542:http://127.0.0.1:60317 "GET /session/025f8ee6e9cf73329f2ee464cf3337c1/element/96e785b4-06a5-4cde-a8d5-9c0b9aacbe71/text HTTP/1.1" 200 1209
2020-11-18 10:02:23,543:Finished Request
2020-11-18 10:02:23,550:GET http://127.0.0.1:60317/session/025f8ee6e9cf73329f2ee464cf3337c1/element/96e785b4-06a5-4cde-a8d5-9c0b9aacbe71/text {"id": "96e785b4-06a5-4cde-a8d5-9c0b9aacbe71"}
2020-11-18 10:02:23,593:http://127.0.0.1:60317 "GET /session/025f8ee6e9cf73329f2ee464cf3337c1/element/96e785b4-06a5-4cde-a8d5-9c0b9aacbe71/text HTTP/1.1" 200 1209
2020-11-18 10:02:23,593:Finished Request
2020-11-18 10:02:23,593:115Œ–Ú‚ÌŠé‹Æ
2020-11-18 10:02:23,594:GET http://127.0.0.1:60317/session/025f8ee6e9cf73329f2ee464cf3337c1/element/09d50148-419b-4c5c-89ae-02006118dd32/text {"id": "09d50148-419b-4c5c-89ae-02006118dd32"}
2020-11-18 10:02:23,634:http://127.0.0.1:60317 "GET /session/025f8ee6e9cf73329f2ee464cf3337c1/element/09d50148-419b-4c5c-89ae-02006118dd32/text HTTP/1.1" 200 1290
2020-11-18 10:02:23,634:Finished Request
2020-11-18 10:02:23,636:GET http://127.0.0.1:60317/session/025f8ee6e9cf73329f2ee464cf3337c1/element/09d50148-419b-4c5c-89ae-02006118dd32/text {"id": "09d50148-419b-4c5c-89ae-02006118dd32"}
2020-11-18 10:02:23,667:http://127.0.0.1:60317 "GET /session/025f8ee6e9cf73329f2ee464cf3337c1/element/09d50148-419b-4c5c-89ae-02006118dd32/text HTTP/1.1" 200 1290
2020-11-18 10:02:23,667:Finished Request
2020-11-18 10:02:23,667:116Œ–Ú‚ÌŠé‹Æ
2020-11-18 10:02:23,667:GET http://127.0.0.1:60317/session/025f8ee6e9cf73329f2ee464cf3337c1/element/28cf56b7-8954-409c-aea9-f21b40afd67e/text {"id": "28cf56b7-8954-409c-aea9-f21b40afd67e"}
2020-11-18 10:02:23,698:http://127.0.0.1:60317 "GET /session/025f8ee6e9cf73329f2ee464cf3337c1/element/28cf56b7-8954-409c-aea9-f21b40afd67e/text HTTP/1.1" 200 1304
2020-11-18 10:02:23,698:Finished Request
2020-11-18 10:02:23,703:GET http://127.0.0.1:60317/session/025f8ee6e9cf73329f2ee464cf3337c1/element/28cf56b7-8954-409c-aea9-f21b40afd67e/text {"id": "28cf56b7-8954-409c-aea9-f21b40afd67e"}
2020-11-18 10:02:23,758:http://127.0.0.1:60317 "GET /session/025f8ee6e9cf73329f2ee464cf3337c1/element/28cf56b7-8954-409c-aea9-f21b40afd67e/text HTTP/1.1" 200 1304
2020-11-18 10:02:23,759:Finished Request
2020-11-18 10:02:23,759:117Œ–Ú‚ÌŠé‹Æ
2020-11-18 10:02:23,759:GET http://127.0.0.1:60317/session/025f8ee6e9cf73329f2ee464cf3337c1/element/8be77593-b3c5-4100-8045-0b7d3e9d3f8e/text {"id": "8be77593-b3c5-4100-8045-0b7d3e9d3f8e"}
2020-11-18 10:02:23,807:http://127.0.0.1:60317 "GET /session/025f8ee6e9cf73329f2ee464cf3337c1/element/8be77593-b3c5-4100-8045-0b7d3e9d3f8e/text HTTP/1.1" 200 1290
2020-11-18 10:02:23,807:Finished Request
2020-11-18 10:02:23,811:GET http://127.0.0.1:60317/session/025f8ee6e9cf73329f2ee464cf3337c1/element/8be77593-b3c5-4100-8045-0b7d3e9d3f8e/text {"id": "8be77593-b3c5-4100-8045-0b7d3e9d3f8e"}
2020-11-18 10:02:23,842:http://127.0.0.1:60317 "GET /session/025f8ee6e9cf73329f2ee464cf3337c1/element/8be77593-b3c5-4100-8045-0b7d3e9d3f8e/text HTTP/1.1" 200 1290
2020-11-18 10:02:23,842:Finished Request
2020-11-18 10:02:23,842:118Œ–Ú‚ÌŠé‹Æ
2020-11-18 10:02:23,843:GET http://127.0.0.1:60317/session/025f8ee6e9cf73329f2ee464cf3337c1/element/158342cf-5a0e-4c5a-ac46-aa0fc0ba5302/text {"id": "158342cf-5a0e-4c5a-ac46-aa0fc0ba5302"}
2020-11-18 10:02:23,879:http://127.0.0.1:60317 "GET /session/025f8ee6e9cf73329f2ee464cf3337c1/element/158342cf-5a0e-4c5a-ac46-aa0fc0ba5302/text HTTP/1.1" 200 1305
2020-11-18 10:02:23,880:Finished Request
2020-11-18 10:02:23,884:GET http://127.0.0.1:60317/session/025f8ee6e9cf73329f2ee464cf3337c1/element/158342cf-5a0e-4c5a-ac46-aa0fc0ba5302/text {"id": "158342cf-5a0e-4c5a-ac46-aa0fc0ba5302"}
2020-11-18 10:02:23,918:http://127.0.0.1:60317 "GET /session/025f8ee6e9cf73329f2ee464cf3337c1/element/158342cf-5a0e-4c5a-ac46-aa0fc0ba5302/text HTTP/1.1" 200 1305
2020-11-18 10:02:23,919:Finished Request
2020-11-18 10:02:23,919:119Œ–Ú‚ÌŠé‹Æ
2020-11-18 10:02:23,919:GET http://127.0.0.1:60317/session/025f8ee6e9cf73329f2ee464cf3337c1/element/c05d6e43-a5b0-425d-b9b2-0049ae5abe87/text {"id": "c05d6e43-a5b0-425d-b9b2-0049ae5abe87"}
2020-11-18 10:02:23,962:http://127.0.0.1:60317 "GET /session/025f8ee6e9cf73329f2ee464cf3337c1/element/c05d6e43-a5b0-425d-b9b2-0049ae5abe87/text HTTP/1.1" 200 1181
2020-11-18 10:02:23,962:Finished Request
2020-11-18 10:02:23,966:GET http://127.0.0.1:60317/session/025f8ee6e9cf73329f2ee464cf3337c1/element/c05d6e43-a5b0-425d-b9b2-0049ae5abe87/text {"id": "c05d6e43-a5b0-425d-b9b2-0049ae5abe87"}
2020-11-18 10:02:24,020:http://127.0.0.1:60317 "GET /session/025f8ee6e9cf73329f2ee464cf3337c1/element/c05d6e43-a5b0-425d-b9b2-0049ae5abe87/text HTTP/1.1" 200 1181
2020-11-18 10:02:24,020:Finished Request
2020-11-18 10:02:24,020:120Œ–Ú‚ÌŠé‹Æ
2020-11-18 10:02:24,020:GET http://127.0.0.1:60317/session/025f8ee6e9cf73329f2ee464cf3337c1/element/b31f0178-4dd2-42e7-ac1e-b0503c2ac7ee/text {"id": "b31f0178-4dd2-42e7-ac1e-b0503c2ac7ee"}
2020-11-18 10:02:24,067:http://127.0.0.1:60317 "GET /session/025f8ee6e9cf73329f2ee464cf3337c1/element/b31f0178-4dd2-42e7-ac1e-b0503c2ac7ee/text HTTP/1.1" 200 1233
2020-11-18 10:02:24,067:Finished Request
2020-11-18 10:02:24,071:GET http://127.0.0.1:60317/session/025f8ee6e9cf73329f2ee464cf3337c1/element/b31f0178-4dd2-42e7-ac1e-b0503c2ac7ee/text {"id": "b31f0178-4dd2-42e7-ac1e-b0503c2ac7ee"}
2020-11-18 10:02:24,099:http://127.0.0.1:60317 "GET /session/025f8ee6e9cf73329f2ee464cf3337c1/element/b31f0178-4dd2-42e7-ac1e-b0503c2ac7ee/text HTTP/1.1" 200 1233
2020-11-18 10:02:24,100:Finished Request
2020-11-18 10:02:24,100:121Œ–Ú‚ÌŠé‹Æ
2020-11-18 10:02:24,100:GET http://127.0.0.1:60317/session/025f8ee6e9cf73329f2ee464cf3337c1/element/ff6e62dd-810f-422b-802d-e68fe363d5cb/text {"id": "ff6e62dd-810f-422b-802d-e68fe363d5cb"}
2020-11-18 10:02:24,139:http://127.0.0.1:60317 "GET /session/025f8ee6e9cf73329f2ee464cf3337c1/element/ff6e62dd-810f-422b-802d-e68fe363d5cb/text HTTP/1.1" 200 1199
2020-11-18 10:02:24,140:Finished Request
2020-11-18 10:02:24,149:GET http://127.0.0.1:60317/session/025f8ee6e9cf73329f2ee464cf3337c1/element/ff6e62dd-810f-422b-802d-e68fe363d5cb/text {"id": "ff6e62dd-810f-422b-802d-e68fe363d5cb"}
2020-11-18 10:02:24,190:http://127.0.0.1:60317 "GET /session/025f8ee6e9cf73329f2ee464cf3337c1/element/ff6e62dd-810f-422b-802d-e68fe363d5cb/text HTTP/1.1" 200 1199
2020-11-18 10:02:24,191:Finished Request
2020-11-18 10:02:24,191:122Œ–Ú‚ÌŠé‹Æ
2020-11-18 10:02:24,191:GET http://127.0.0.1:60317/session/025f8ee6e9cf73329f2ee464cf3337c1/element/cf4884a4-ae77-42c1-9567-2c515d1f939d/text {"id": "cf4884a4-ae77-42c1-9567-2c515d1f939d"}
2020-11-18 10:02:24,240:http://127.0.0.1:60317 "GET /session/025f8ee6e9cf73329f2ee464cf3337c1/element/cf4884a4-ae77-42c1-9567-2c515d1f939d/text HTTP/1.1" 200 1274
2020-11-18 10:02:24,240:Finished Request
2020-11-18 10:02:24,243:GET http://127.0.0.1:60317/session/025f8ee6e9cf73329f2ee464cf3337c1/element/cf4884a4-ae77-42c1-9567-2c515d1f939d/text {"id": "cf4884a4-ae77-42c1-9567-2c515d1f939d"}
2020-11-18 10:02:24,269:http://127.0.0.1:60317 "GET /session/025f8ee6e9cf73329f2ee464cf3337c1/element/cf4884a4-ae77-42c1-9567-2c515d1f939d/text HTTP/1.1" 200 1274
2020-11-18 10:02:24,269:Finished Request
2020-11-18 10:02:24,269:123Œ–Ú‚ÌŠé‹Æ
2020-11-18 10:02:24,269:GET http://127.0.0.1:60317/session/025f8ee6e9cf73329f2ee464cf3337c1/element/73741cda-db0a-44df-bda8-783a0e624cc7/text {"id": "73741cda-db0a-44df-bda8-783a0e624cc7"}
2020-11-18 10:02:24,316:http://127.0.0.1:60317 "GET /session/025f8ee6e9cf73329f2ee464cf3337c1/element/73741cda-db0a-44df-bda8-783a0e624cc7/text HTTP/1.1" 200 1282
2020-11-18 10:02:24,316:Finished Request
2020-11-18 10:02:24,320:GET http://127.0.0.1:60317/session/025f8ee6e9cf73329f2ee464cf3337c1/element/73741cda-db0a-44df-bda8-783a0e624cc7/text {"id": "73741cda-db0a-44df-bda8-783a0e624cc7"}
2020-11-18 10:02:24,347:http://127.0.0.1:60317 "GET /session/025f8ee6e9cf73329f2ee464cf3337c1/element/73741cda-db0a-44df-bda8-783a0e624cc7/text HTTP/1.1" 200 1282
2020-11-18 10:02:24,348:Finished Request
2020-11-18 10:02:24,348:124Œ–Ú‚ÌŠé‹Æ
2020-11-18 10:02:24,349:GET http://127.0.0.1:60317/session/025f8ee6e9cf73329f2ee464cf3337c1/element/155af44b-68a1-4c24-b4ef-7757b940bbeb/text {"id": "155af44b-68a1-4c24-b4ef-7757b940bbeb"}
2020-11-18 10:02:24,382:http://127.0.0.1:60317 "GET /session/025f8ee6e9cf73329f2ee464cf3337c1/element/155af44b-68a1-4c24-b4ef-7757b940bbeb/text HTTP/1.1" 200 1259
2020-11-18 10:02:24,382:Finished Request
2020-11-18 10:02:24,388:GET http://127.0.0.1:60317/session/025f8ee6e9cf73329f2ee464cf3337c1/element/155af44b-68a1-4c24-b4ef-7757b940bbeb/text {"id": "155af44b-68a1-4c24-b4ef-7757b940bbeb"}
2020-11-18 10:02:24,415:http://127.0.0.1:60317 "GET /session/025f8ee6e9cf73329f2ee464cf3337c1/element/155af44b-68a1-4c24-b4ef-7757b940bbeb/text HTTP/1.1" 200 1259
2020-11-18 10:02:24,416:Finished Request
2020-11-18 10:02:24,416:125Œ–Ú‚ÌŠé‹Æ
2020-11-18 10:02:24,416:GET http://127.0.0.1:60317/session/025f8ee6e9cf73329f2ee464cf3337c1/element/4f657b0a-8451-49f6-b445-9a3ecc28ae26/text {"id": "4f657b0a-8451-49f6-b445-9a3ecc28ae26"}
2020-11-18 10:02:24,479:http://127.0.0.1:60317 "GET /session/025f8ee6e9cf73329f2ee464cf3337c1/element/4f657b0a-8451-49f6-b445-9a3ecc28ae26/text HTTP/1.1" 200 1259
2020-11-18 10:02:24,479:Finished Request
2020-11-18 10:02:24,482:GET http://127.0.0.1:60317/session/025f8ee6e9cf73329f2ee464cf3337c1/element/4f657b0a-8451-49f6-b445-9a3ecc28ae26/text {"id": "4f657b0a-8451-49f6-b445-9a3ecc28ae26"}
2020-11-18 10:02:24,593:http://127.0.0.1:60317 "GET /session/025f8ee6e9cf73329f2ee464cf3337c1/element/4f657b0a-8451-49f6-b445-9a3ecc28ae26/text HTTP/1.1" 200 1259
2020-11-18 10:02:24,593:Finished Request
2020-11-18 10:02:24,594:126Œ–Ú‚ÌŠé‹Æ
2020-11-18 10:02:24,594:GET http://127.0.0.1:60317/session/025f8ee6e9cf73329f2ee464cf3337c1/element/00358a68-4dbf-419b-a1d6-89aecca0312b/text {"id": "00358a68-4dbf-419b-a1d6-89aecca0312b"}
2020-11-18 10:02:24,631:http://127.0.0.1:60317 "GET /session/025f8ee6e9cf73329f2ee464cf3337c1/element/00358a68-4dbf-419b-a1d6-89aecca0312b/text HTTP/1.1" 200 1254
2020-11-18 10:02:24,631:Finished Request
2020-11-18 10:02:24,634:GET http://127.0.0.1:60317/session/025f8ee6e9cf73329f2ee464cf3337c1/element/00358a68-4dbf-419b-a1d6-89aecca0312b/text {"id": "00358a68-4dbf-419b-a1d6-89aecca0312b"}
2020-11-18 10:02:24,667:http://127.0.0.1:60317 "GET /session/025f8ee6e9cf73329f2ee464cf3337c1/element/00358a68-4dbf-419b-a1d6-89aecca0312b/text HTTP/1.1" 200 1254
2020-11-18 10:02:24,668:Finished Request
2020-11-18 10:02:24,668:127Œ–Ú‚ÌŠé‹Æ
2020-11-18 10:02:24,668:GET http://127.0.0.1:60317/session/025f8ee6e9cf73329f2ee464cf3337c1/element/75a049d8-0326-4dc8-9e57-91a4ff0d0339/text {"id": "75a049d8-0326-4dc8-9e57-91a4ff0d0339"}
2020-11-18 10:02:24,734:http://127.0.0.1:60317 "GET /session/025f8ee6e9cf73329f2ee464cf3337c1/element/75a049d8-0326-4dc8-9e57-91a4ff0d0339/text HTTP/1.1" 200 1233
2020-11-18 10:02:24,735:Finished Request
2020-11-18 10:02:24,741:GET http://127.0.0.1:60317/session/025f8ee6e9cf73329f2ee464cf3337c1/element/75a049d8-0326-4dc8-9e57-91a4ff0d0339/text {"id": "75a049d8-0326-4dc8-9e57-91a4ff0d0339"}
2020-11-18 10:02:24,788:http://127.0.0.1:60317 "GET /session/025f8ee6e9cf73329f2ee464cf3337c1/element/75a049d8-0326-4dc8-9e57-91a4ff0d0339/text HTTP/1.1" 200 1233
2020-11-18 10:02:24,788:Finished Request
2020-11-18 10:02:24,788:128Œ–Ú‚ÌŠé‹Æ
2020-11-18 10:02:24,789:GET http://127.0.0.1:60317/session/025f8ee6e9cf73329f2ee464cf3337c1/element/0f73b45e-43de-43b0-80e2-75913feea6de/text {"id": "0f73b45e-43de-43b0-80e2-75913feea6de"}
2020-11-18 10:02:24,853:http://127.0.0.1:60317 "GET /session/025f8ee6e9cf73329f2ee464cf3337c1/element/0f73b45e-43de-43b0-80e2-75913feea6de/text HTTP/1.1" 200 1333
2020-11-18 10:02:24,853:Finished Request
2020-11-18 10:02:24,860:GET http://127.0.0.1:60317/session/025f8ee6e9cf73329f2ee464cf3337c1/element/0f73b45e-43de-43b0-80e2-75913feea6de/text {"id": "0f73b45e-43de-43b0-80e2-75913feea6de"}
2020-11-18 10:02:24,918:http://127.0.0.1:60317 "GET /session/025f8ee6e9cf73329f2ee464cf3337c1/element/0f73b45e-43de-43b0-80e2-75913feea6de/text HTTP/1.1" 200 1333
2020-11-18 10:02:24,918:Finished Request
2020-11-18 10:02:24,918:129Œ–Ú‚ÌŠé‹Æ
2020-11-18 10:02:24,918:GET http://127.0.0.1:60317/session/025f8ee6e9cf73329f2ee464cf3337c1/element/996356c5-fb5c-41fa-9373-6fb871276f54/text {"id": "996356c5-fb5c-41fa-9373-6fb871276f54"}
2020-11-18 10:02:24,977:http://127.0.0.1:60317 "GET /session/025f8ee6e9cf73329f2ee464cf3337c1/element/996356c5-fb5c-41fa-9373-6fb871276f54/text HTTP/1.1" 200 1175
2020-11-18 10:02:24,978:Finished Request
2020-11-18 10:02:24,983:GET http://127.0.0.1:60317/session/025f8ee6e9cf73329f2ee464cf3337c1/element/996356c5-fb5c-41fa-9373-6fb871276f54/text {"id": "996356c5-fb5c-41fa-9373-6fb871276f54"}
2020-11-18 10:02:25,020:http://127.0.0.1:60317 "GET /session/025f8ee6e9cf73329f2ee464cf3337c1/element/996356c5-fb5c-41fa-9373-6fb871276f54/text HTTP/1.1" 200 1175
2020-11-18 10:02:25,020:Finished Request
2020-11-18 10:02:25,020:130Œ–Ú‚ÌŠé‹Æ
2020-11-18 10:02:25,020:GET http://127.0.0.1:60317/session/025f8ee6e9cf73329f2ee464cf3337c1/element/3634a1b3-5b7e-4eb9-aa60-9e5cbbc55477/text {"id": "3634a1b3-5b7e-4eb9-aa60-9e5cbbc55477"}
2020-11-18 10:02:25,049:http://127.0.0.1:60317 "GET /session/025f8ee6e9cf73329f2ee464cf3337c1/element/3634a1b3-5b7e-4eb9-aa60-9e5cbbc55477/text HTTP/1.1" 200 1181
2020-11-18 10:02:25,049:Finished Request
2020-11-18 10:02:25,050:GET http://127.0.0.1:60317/session/025f8ee6e9cf73329f2ee464cf3337c1/element/3634a1b3-5b7e-4eb9-aa60-9e5cbbc55477/text {"id": "3634a1b3-5b7e-4eb9-aa60-9e5cbbc55477"}
2020-11-18 10:02:25,085:http://127.0.0.1:60317 "GET /session/025f8ee6e9cf73329f2ee464cf3337c1/element/3634a1b3-5b7e-4eb9-aa60-9e5cbbc55477/text HTTP/1.1" 200 1181
2020-11-18 10:02:25,086:Finished Request
2020-11-18 10:02:25,086:131Œ–Ú‚ÌŠé‹Æ
2020-11-18 10:02:25,086:GET http://127.0.0.1:60317/session/025f8ee6e9cf73329f2ee464cf3337c1/element/4873891a-feec-4f99-9d25-5e5c819aab7f/text {"id": "4873891a-feec-4f99-9d25-5e5c819aab7f"}
2020-11-18 10:02:25,137:http://127.0.0.1:60317 "GET /session/025f8ee6e9cf73329f2ee464cf3337c1/element/4873891a-feec-4f99-9d25-5e5c819aab7f/text HTTP/1.1" 200 1258
2020-11-18 10:02:25,137:Finished Request
2020-11-18 10:02:25,138:GET http://127.0.0.1:60317/session/025f8ee6e9cf73329f2ee464cf3337c1/element/4873891a-feec-4f99-9d25-5e5c819aab7f/text {"id": "4873891a-feec-4f99-9d25-5e5c819aab7f"}
2020-11-18 10:02:25,199:http://127.0.0.1:60317 "GET /session/025f8ee6e9cf73329f2ee464cf3337c1/element/4873891a-feec-4f99-9d25-5e5c819aab7f/text HTTP/1.1" 200 1258
2020-11-18 10:02:25,199:Finished Request
2020-11-18 10:02:25,199:132Œ–Ú‚ÌŠé‹Æ
2020-11-18 10:02:25,200:GET http://127.0.0.1:60317/session/025f8ee6e9cf73329f2ee464cf3337c1/element/eda2a69e-e240-4445-a624-872c1bfe820d/text {"id": "eda2a69e-e240-4445-a624-872c1bfe820d"}
2020-11-18 10:02:25,242:http://127.0.0.1:60317 "GET /session/025f8ee6e9cf73329f2ee464cf3337c1/element/eda2a69e-e240-4445-a624-872c1bfe820d/text HTTP/1.1" 200 1152
2020-11-18 10:02:25,243:Finished Request
2020-11-18 10:02:25,246:GET http://127.0.0.1:60317/session/025f8ee6e9cf73329f2ee464cf3337c1/element/eda2a69e-e240-4445-a624-872c1bfe820d/text {"id": "eda2a69e-e240-4445-a624-872c1bfe820d"}
2020-11-18 10:02:25,276:http://127.0.0.1:60317 "GET /session/025f8ee6e9cf73329f2ee464cf3337c1/element/eda2a69e-e240-4445-a624-872c1bfe820d/text HTTP/1.1" 200 1152
2020-11-18 10:02:25,276:Finished Request
2020-11-18 10:02:25,276:133Œ–Ú‚ÌŠé‹Æ
2020-11-18 10:02:25,276:GET http://127.0.0.1:60317/session/025f8ee6e9cf73329f2ee464cf3337c1/element/be926b97-8273-4800-bddb-c719b2b7917e/text {"id": "be926b97-8273-4800-bddb-c719b2b7917e"}
2020-11-18 10:02:25,306:http://127.0.0.1:60317 "GET /session/025f8ee6e9cf73329f2ee464cf3337c1/element/be926b97-8273-4800-bddb-c719b2b7917e/text HTTP/1.1" 200 1219
2020-11-18 10:02:25,306:Finished Request
2020-11-18 10:02:25,310:GET http://127.0.0.1:60317/session/025f8ee6e9cf73329f2ee464cf3337c1/element/be926b97-8273-4800-bddb-c719b2b7917e/text {"id": "be926b97-8273-4800-bddb-c719b2b7917e"}
2020-11-18 10:02:25,337:http://127.0.0.1:60317 "GET /session/025f8ee6e9cf73329f2ee464cf3337c1/element/be926b97-8273-4800-bddb-c719b2b7917e/text HTTP/1.1" 200 1219
2020-11-18 10:02:25,337:Finished Request
2020-11-18 10:02:25,337:134Œ–Ú‚ÌŠé‹Æ
2020-11-18 10:02:25,338:GET http://127.0.0.1:60317/session/025f8ee6e9cf73329f2ee464cf3337c1/element/afc2529c-842f-4ea6-8e6e-247e4a6a40bf/text {"id": "afc2529c-842f-4ea6-8e6e-247e4a6a40bf"}
2020-11-18 10:02:25,377:http://127.0.0.1:60317 "GET /session/025f8ee6e9cf73329f2ee464cf3337c1/element/afc2529c-842f-4ea6-8e6e-247e4a6a40bf/text HTTP/1.1" 200 1162
2020-11-18 10:02:25,378:Finished Request
2020-11-18 10:02:25,381:GET http://127.0.0.1:60317/session/025f8ee6e9cf73329f2ee464cf3337c1/element/afc2529c-842f-4ea6-8e6e-247e4a6a40bf/text {"id": "afc2529c-842f-4ea6-8e6e-247e4a6a40bf"}
2020-11-18 10:02:25,405:http://127.0.0.1:60317 "GET /session/025f8ee6e9cf73329f2ee464cf3337c1/element/afc2529c-842f-4ea6-8e6e-247e4a6a40bf/text HTTP/1.1" 200 1162
2020-11-18 10:02:25,405:Finished Request
2020-11-18 10:02:25,405:135Œ–Ú‚ÌŠé‹Æ
2020-11-18 10:02:25,405:GET http://127.0.0.1:60317/session/025f8ee6e9cf73329f2ee464cf3337c1/element/66dbd0eb-d01d-4064-973f-4b4a6f6a8cad/text {"id": "66dbd0eb-d01d-4064-973f-4b4a6f6a8cad"}
2020-11-18 10:02:25,440:http://127.0.0.1:60317 "GET /session/025f8ee6e9cf73329f2ee464cf3337c1/element/66dbd0eb-d01d-4064-973f-4b4a6f6a8cad/text HTTP/1.1" 200 1226
2020-11-18 10:02:25,440:Finished Request
2020-11-18 10:02:25,444:GET http://127.0.0.1:60317/session/025f8ee6e9cf73329f2ee464cf3337c1/element/66dbd0eb-d01d-4064-973f-4b4a6f6a8cad/text {"id": "66dbd0eb-d01d-4064-973f-4b4a6f6a8cad"}
2020-11-18 10:02:25,495:http://127.0.0.1:60317 "GET /session/025f8ee6e9cf73329f2ee464cf3337c1/element/66dbd0eb-d01d-4064-973f-4b4a6f6a8cad/text HTTP/1.1" 200 1226
2020-11-18 10:02:25,495:Finished Request
2020-11-18 10:02:25,496:136Œ–Ú‚ÌŠé‹Æ
2020-11-18 10:02:25,496:GET http://127.0.0.1:60317/session/025f8ee6e9cf73329f2ee464cf3337c1/element/f2a2ffee-882e-4934-8edf-9d9ce686c2e3/text {"id": "f2a2ffee-882e-4934-8edf-9d9ce686c2e3"}
2020-11-18 10:02:25,540:http://127.0.0.1:60317 "GET /session/025f8ee6e9cf73329f2ee464cf3337c1/element/f2a2ffee-882e-4934-8edf-9d9ce686c2e3/text HTTP/1.1" 200 1173
2020-11-18 10:02:25,540:Finished Request
2020-11-18 10:02:25,545:GET http://127.0.0.1:60317/session/025f8ee6e9cf73329f2ee464cf3337c1/element/f2a2ffee-882e-4934-8edf-9d9ce686c2e3/text {"id": "f2a2ffee-882e-4934-8edf-9d9ce686c2e3"}
2020-11-18 10:02:25,573:http://127.0.0.1:60317 "GET /session/025f8ee6e9cf73329f2ee464cf3337c1/element/f2a2ffee-882e-4934-8edf-9d9ce686c2e3/text HTTP/1.1" 200 1173
2020-11-18 10:02:25,573:Finished Request
2020-11-18 10:02:25,573:137Œ–Ú‚ÌŠé‹Æ
2020-11-18 10:02:25,573:GET http://127.0.0.1:60317/session/025f8ee6e9cf73329f2ee464cf3337c1/element/d1acfc23-47f3-4862-ae1a-c3c29b0a1d18/text {"id": "d1acfc23-47f3-4862-ae1a-c3c29b0a1d18"}
2020-11-18 10:02:25,602:http://127.0.0.1:60317 "GET /session/025f8ee6e9cf73329f2ee464cf3337c1/element/d1acfc23-47f3-4862-ae1a-c3c29b0a1d18/text HTTP/1.1" 200 1231
2020-11-18 10:02:25,602:Finished Request
2020-11-18 10:02:25,604:GET http://127.0.0.1:60317/session/025f8ee6e9cf73329f2ee464cf3337c1/element/d1acfc23-47f3-4862-ae1a-c3c29b0a1d18/text {"id": "d1acfc23-47f3-4862-ae1a-c3c29b0a1d18"}
2020-11-18 10:02:25,632:http://127.0.0.1:60317 "GET /session/025f8ee6e9cf73329f2ee464cf3337c1/element/d1acfc23-47f3-4862-ae1a-c3c29b0a1d18/text HTTP/1.1" 200 1231
2020-11-18 10:02:25,632:Finished Request
2020-11-18 10:02:25,632:138Œ–Ú‚ÌŠé‹Æ
2020-11-18 10:02:25,632:GET http://127.0.0.1:60317/session/025f8ee6e9cf73329f2ee464cf3337c1/element/75eeba23-9a25-4e8f-b258-933e08712c43/text {"id": "75eeba23-9a25-4e8f-b258-933e08712c43"}
2020-11-18 10:02:25,703:http://127.0.0.1:60317 "GET /session/025f8ee6e9cf73329f2ee464cf3337c1/element/75eeba23-9a25-4e8f-b258-933e08712c43/text HTTP/1.1" 200 1209
2020-11-18 10:02:25,703:Finished Request
2020-11-18 10:02:25,706:GET http://127.0.0.1:60317/session/025f8ee6e9cf73329f2ee464cf3337c1/element/75eeba23-9a25-4e8f-b258-933e08712c43/text {"id": "75eeba23-9a25-4e8f-b258-933e08712c43"}
2020-11-18 10:02:25,728:http://127.0.0.1:60317 "GET /session/025f8ee6e9cf73329f2ee464cf3337c1/element/75eeba23-9a25-4e8f-b258-933e08712c43/text HTTP/1.1" 200 1209
2020-11-18 10:02:25,729:Finished Request
2020-11-18 10:02:25,729:139Œ–Ú‚ÌŠé‹Æ
2020-11-18 10:02:25,729:GET http://127.0.0.1:60317/session/025f8ee6e9cf73329f2ee464cf3337c1/element/09806999-900a-46da-975e-2e8b6ad3c445/text {"id": "09806999-900a-46da-975e-2e8b6ad3c445"}
2020-11-18 10:02:25,768:http://127.0.0.1:60317 "GET /session/025f8ee6e9cf73329f2ee464cf3337c1/element/09806999-900a-46da-975e-2e8b6ad3c445/text HTTP/1.1" 200 1229
2020-11-18 10:02:25,768:Finished Request
2020-11-18 10:02:25,770:GET http://127.0.0.1:60317/session/025f8ee6e9cf73329f2ee464cf3337c1/element/09806999-900a-46da-975e-2e8b6ad3c445/text {"id": "09806999-900a-46da-975e-2e8b6ad3c445"}
2020-11-18 10:02:25,795:http://127.0.0.1:60317 "GET /session/025f8ee6e9cf73329f2ee464cf3337c1/element/09806999-900a-46da-975e-2e8b6ad3c445/text HTTP/1.1" 200 1229
2020-11-18 10:02:25,796:Finished Request
2020-11-18 10:02:25,796:140Œ–Ú‚ÌŠé‹Æ
2020-11-18 10:02:25,796:GET http://127.0.0.1:60317/session/025f8ee6e9cf73329f2ee464cf3337c1/element/3e6f6e5b-1236-491d-ae7b-23b9209c98a5/text {"id": "3e6f6e5b-1236-491d-ae7b-23b9209c98a5"}
2020-11-18 10:02:25,853:http://127.0.0.1:60317 "GET /session/025f8ee6e9cf73329f2ee464cf3337c1/element/3e6f6e5b-1236-491d-ae7b-23b9209c98a5/text HTTP/1.1" 200 1229
2020-11-18 10:02:25,853:Finished Request
2020-11-18 10:02:25,856:GET http://127.0.0.1:60317/session/025f8ee6e9cf73329f2ee464cf3337c1/element/3e6f6e5b-1236-491d-ae7b-23b9209c98a5/text {"id": "3e6f6e5b-1236-491d-ae7b-23b9209c98a5"}
2020-11-18 10:02:25,902:http://127.0.0.1:60317 "GET /session/025f8ee6e9cf73329f2ee464cf3337c1/element/3e6f6e5b-1236-491d-ae7b-23b9209c98a5/text HTTP/1.1" 200 1229
2020-11-18 10:02:25,903:Finished Request
2020-11-18 10:02:25,903:141Œ–Ú‚ÌŠé‹Æ
2020-11-18 10:02:25,903:GET http://127.0.0.1:60317/session/025f8ee6e9cf73329f2ee464cf3337c1/element/cafda1a9-c8cd-4d99-83b0-14dec8a2a985/text {"id": "cafda1a9-c8cd-4d99-83b0-14dec8a2a985"}
2020-11-18 10:02:25,942:http://127.0.0.1:60317 "GET /session/025f8ee6e9cf73329f2ee464cf3337c1/element/cafda1a9-c8cd-4d99-83b0-14dec8a2a985/text HTTP/1.1" 200 1237
2020-11-18 10:02:25,942:Finished Request
2020-11-18 10:02:25,946:GET http://127.0.0.1:60317/session/025f8ee6e9cf73329f2ee464cf3337c1/element/cafda1a9-c8cd-4d99-83b0-14dec8a2a985/text {"id": "cafda1a9-c8cd-4d99-83b0-14dec8a2a985"}
2020-11-18 10:02:25,969:http://127.0.0.1:60317 "GET /session/025f8ee6e9cf73329f2ee464cf3337c1/element/cafda1a9-c8cd-4d99-83b0-14dec8a2a985/text HTTP/1.1" 200 1237
2020-11-18 10:02:25,969:Finished Request
2020-11-18 10:02:25,969:142Œ–Ú‚ÌŠé‹Æ
2020-11-18 10:02:25,969:GET http://127.0.0.1:60317/session/025f8ee6e9cf73329f2ee464cf3337c1/element/a5988422-9cea-42e1-87bd-f5a01fc37f74/text {"id": "a5988422-9cea-42e1-87bd-f5a01fc37f74"}
2020-11-18 10:02:25,996:http://127.0.0.1:60317 "GET /session/025f8ee6e9cf73329f2ee464cf3337c1/element/a5988422-9cea-42e1-87bd-f5a01fc37f74/text HTTP/1.1" 200 1267
2020-11-18 10:02:25,996:Finished Request
2020-11-18 10:02:26,000:GET http://127.0.0.1:60317/session/025f8ee6e9cf73329f2ee464cf3337c1/element/a5988422-9cea-42e1-87bd-f5a01fc37f74/text {"id": "a5988422-9cea-42e1-87bd-f5a01fc37f74"}
2020-11-18 10:02:26,024:http://127.0.0.1:60317 "GET /session/025f8ee6e9cf73329f2ee464cf3337c1/element/a5988422-9cea-42e1-87bd-f5a01fc37f74/text HTTP/1.1" 200 1267
2020-11-18 10:02:26,024:Finished Request
2020-11-18 10:02:26,024:143Œ–Ú‚ÌŠé‹Æ
2020-11-18 10:02:26,024:GET http://127.0.0.1:60317/session/025f8ee6e9cf73329f2ee464cf3337c1/element/32552212-4998-4439-b601-2700b56df08a/text {"id": "32552212-4998-4439-b601-2700b56df08a"}
2020-11-18 10:02:26,057:http://127.0.0.1:60317 "GET /session/025f8ee6e9cf73329f2ee464cf3337c1/element/32552212-4998-4439-b601-2700b56df08a/text HTTP/1.1" 200 1239
2020-11-18 10:02:26,057:Finished Request
2020-11-18 10:02:26,062:GET http://127.0.0.1:60317/session/025f8ee6e9cf73329f2ee464cf3337c1/element/32552212-4998-4439-b601-2700b56df08a/text {"id": "32552212-4998-4439-b601-2700b56df08a"}
2020-11-18 10:02:26,107:http://127.0.0.1:60317 "GET /session/025f8ee6e9cf73329f2ee464cf3337c1/element/32552212-4998-4439-b601-2700b56df08a/text HTTP/1.1" 200 1239
2020-11-18 10:02:26,108:Finished Request
2020-11-18 10:02:26,108:144Œ–Ú‚ÌŠé‹Æ
2020-11-18 10:02:26,108:GET http://127.0.0.1:60317/session/025f8ee6e9cf73329f2ee464cf3337c1/element/07271d70-6b1e-4fb5-86aa-c6812fa449da/text {"id": "07271d70-6b1e-4fb5-86aa-c6812fa449da"}
2020-11-18 10:02:26,167:http://127.0.0.1:60317 "GET /session/025f8ee6e9cf73329f2ee464cf3337c1/element/07271d70-6b1e-4fb5-86aa-c6812fa449da/text HTTP/1.1" 200 1277
2020-11-18 10:02:26,168:Finished Request
2020-11-18 10:02:26,171:GET http://127.0.0.1:60317/session/025f8ee6e9cf73329f2ee464cf3337c1/element/07271d70-6b1e-4fb5-86aa-c6812fa449da/text {"id": "07271d70-6b1e-4fb5-86aa-c6812fa449da"}
2020-11-18 10:02:26,225:http://127.0.0.1:60317 "GET /session/025f8ee6e9cf73329f2ee464cf3337c1/element/07271d70-6b1e-4fb5-86aa-c6812fa449da/text HTTP/1.1" 200 1277
2020-11-18 10:02:26,225:Finished Request
2020-11-18 10:02:26,225:145Œ–Ú‚ÌŠé‹Æ
2020-11-18 10:02:26,225:GET http://127.0.0.1:60317/session/025f8ee6e9cf73329f2ee464cf3337c1/element/da0e3359-e08d-4d15-b87f-086af4430915/text {"id": "da0e3359-e08d-4d15-b87f-086af4430915"}
2020-11-18 10:02:26,280:http://127.0.0.1:60317 "GET /session/025f8ee6e9cf73329f2ee464cf3337c1/element/da0e3359-e08d-4d15-b87f-086af4430915/text HTTP/1.1" 200 1260
2020-11-18 10:02:26,280:Finished Request
2020-11-18 10:02:26,284:GET http://127.0.0.1:60317/session/025f8ee6e9cf73329f2ee464cf3337c1/element/da0e3359-e08d-4d15-b87f-086af4430915/text {"id": "da0e3359-e08d-4d15-b87f-086af4430915"}
2020-11-18 10:02:26,315:http://127.0.0.1:60317 "GET /session/025f8ee6e9cf73329f2ee464cf3337c1/element/da0e3359-e08d-4d15-b87f-086af4430915/text HTTP/1.1" 200 1260
2020-11-18 10:02:26,315:Finished Request
2020-11-18 10:02:26,315:146Œ–Ú‚ÌŠé‹Æ
2020-11-18 10:02:26,315:GET http://127.0.0.1:60317/session/025f8ee6e9cf73329f2ee464cf3337c1/element/76091b3a-ec7e-4115-aedd-bcb81ab7e4cc/text {"id": "76091b3a-ec7e-4115-aedd-bcb81ab7e4cc"}
2020-11-18 10:02:26,360:http://127.0.0.1:60317 "GET /session/025f8ee6e9cf73329f2ee464cf3337c1/element/76091b3a-ec7e-4115-aedd-bcb81ab7e4cc/text HTTP/1.1" 200 1264
2020-11-18 10:02:26,361:Finished Request
2020-11-18 10:02:26,365:GET http://127.0.0.1:60317/session/025f8ee6e9cf73329f2ee464cf3337c1/element/76091b3a-ec7e-4115-aedd-bcb81ab7e4cc/text {"id": "76091b3a-ec7e-4115-aedd-bcb81ab7e4cc"}
2020-11-18 10:02:26,392:http://127.0.0.1:60317 "GET /session/025f8ee6e9cf73329f2ee464cf3337c1/element/76091b3a-ec7e-4115-aedd-bcb81ab7e4cc/text HTTP/1.1" 200 1264
2020-11-18 10:02:26,392:Finished Request
2020-11-18 10:02:26,392:147Œ–Ú‚ÌŠé‹Æ
2020-11-18 10:02:26,392:GET http://127.0.0.1:60317/session/025f8ee6e9cf73329f2ee464cf3337c1/element/8f908c60-3407-4f94-876c-2e288080437f/text {"id": "8f908c60-3407-4f94-876c-2e288080437f"}
2020-11-18 10:02:26,428:http://127.0.0.1:60317 "GET /session/025f8ee6e9cf73329f2ee464cf3337c1/element/8f908c60-3407-4f94-876c-2e288080437f/text HTTP/1.1" 200 1237
2020-11-18 10:02:26,428:Finished Request
2020-11-18 10:02:26,432:GET http://127.0.0.1:60317/session/025f8ee6e9cf73329f2ee464cf3337c1/element/8f908c60-3407-4f94-876c-2e288080437f/text {"id": "8f908c60-3407-4f94-876c-2e288080437f"}
2020-11-18 10:02:26,456:http://127.0.0.1:60317 "GET /session/025f8ee6e9cf73329f2ee464cf3337c1/element/8f908c60-3407-4f94-876c-2e288080437f/text HTTP/1.1" 200 1237
2020-11-18 10:02:26,457:Finished Request
2020-11-18 10:02:26,457:148Œ–Ú‚ÌŠé‹Æ
2020-11-18 10:02:26,457:GET http://127.0.0.1:60317/session/025f8ee6e9cf73329f2ee464cf3337c1/element/1a5b0b76-07fb-4da6-8f72-d7f26ceb9a2b/text {"id": "1a5b0b76-07fb-4da6-8f72-d7f26ceb9a2b"}
2020-11-18 10:02:26,488:http://127.0.0.1:60317 "GET /session/025f8ee6e9cf73329f2ee464cf3337c1/element/1a5b0b76-07fb-4da6-8f72-d7f26ceb9a2b/text HTTP/1.1" 200 1300
2020-11-18 10:02:26,489:Finished Request
2020-11-18 10:02:26,492:GET http://127.0.0.1:60317/session/025f8ee6e9cf73329f2ee464cf3337c1/element/1a5b0b76-07fb-4da6-8f72-d7f26ceb9a2b/text {"id": "1a5b0b76-07fb-4da6-8f72-d7f26ceb9a2b"}
2020-11-18 10:02:26,526:http://127.0.0.1:60317 "GET /session/025f8ee6e9cf73329f2ee464cf3337c1/element/1a5b0b76-07fb-4da6-8f72-d7f26ceb9a2b/text HTTP/1.1" 200 1300
2020-11-18 10:02:26,526:Finished Request
2020-11-18 10:02:26,526:149Œ–Ú‚ÌŠé‹Æ
2020-11-18 10:02:26,526:GET http://127.0.0.1:60317/session/025f8ee6e9cf73329f2ee464cf3337c1/element/0d842f2f-5050-486c-826c-11a8c1445cae/text {"id": "0d842f2f-5050-486c-826c-11a8c1445cae"}
2020-11-18 10:02:26,566:http://127.0.0.1:60317 "GET /session/025f8ee6e9cf73329f2ee464cf3337c1/element/0d842f2f-5050-486c-826c-11a8c1445cae/text HTTP/1.1" 200 1054
2020-11-18 10:02:26,566:Finished Request
2020-11-18 10:02:26,569:GET http://127.0.0.1:60317/session/025f8ee6e9cf73329f2ee464cf3337c1/element/0d842f2f-5050-486c-826c-11a8c1445cae/text {"id": "0d842f2f-5050-486c-826c-11a8c1445cae"}
2020-11-18 10:02:26,606:http://127.0.0.1:60317 "GET /session/025f8ee6e9cf73329f2ee464cf3337c1/element/0d842f2f-5050-486c-826c-11a8c1445cae/text HTTP/1.1" 200 1054
2020-11-18 10:02:26,607:Finished Request
2020-11-18 10:02:26,607:150Œ–Ú‚ÌŠé‹Æ
2020-11-18 10:02:26,607:POST http://127.0.0.1:60317/session/025f8ee6e9cf73329f2ee464cf3337c1/elements {"using": "css selector", "value": ".iconFont--arrowLeft"}
2020-11-18 10:02:26,615:http://127.0.0.1:60317 "POST /session/025f8ee6e9cf73329f2ee464cf3337c1/elements HTTP/1.1" 200 169
2020-11-18 10:02:26,615:Finished Request
2020-11-18 10:02:26,615:POST http://127.0.0.1:60317/session/025f8ee6e9cf73329f2ee464cf3337c1/execute/sync {"script": "return (function(){return function(){var d=this;function f(a){return\"string\"==typeof a};function h(a,b){this.code=a;this.a=l[a]||m;this.message=b||\"\";a=this.a.replace(/((?:^|\\s+)[a-z])/g,function(a){return a.toUpperCase().replace(/^[\\s\\xa0]+/g,\"\")});b=a.length-5;if(0>b||a.indexOf(\"Error\",b)!=b)a+=\"Error\";this.name=a;a=Error(this.message);a.name=this.name;this.stack=a.stack||\"\"}\n(function(){var a=Error;function b(){}b.prototype=a.prototype;h.b=a.prototype;h.prototype=new b;h.prototype.constructor=h;h.a=function(b,c,g){for(var e=Array(arguments.length-2),k=2;k<arguments.length;k++)e[k-2]=arguments[k];return a.prototype[c].apply(b,e)}})();var m=\"unknown error\",l={15:\"element not selectable\",11:\"element not visible\"};l[31]=m;l[30]=m;l[24]=\"invalid cookie domain\";l[29]=\"invalid element coordinates\";l[12]=\"invalid element state\";l[32]=\"invalid selector\";l[51]=\"invalid selector\";\nl[52]=\"invalid selector\";l[17]=\"javascript error\";l[405]=\"unsupported operation\";l[34]=\"move target out of bounds\";l[27]=\"no such alert\";l[7]=\"no such element\";l[8]=\"no such frame\";l[23]=\"no such window\";l[28]=\"script timeout\";l[33]=\"session not created\";l[10]=\"stale element reference\";l[21]=\"timeout\";l[25]=\"unable to set cookie\";l[26]=\"unexpected alert open\";l[13]=m;l[9]=\"unknown command\";h.prototype.toString=function(){return this.name+\": \"+this.message};var n;a:{var p=d.navigator;if(p){var q=p.userAgent;if(q){n=q;break a}}n=\"\"}function r(a){return-1!=n.indexOf(a)};function t(a,b){for(var e=a.length,c=f(a)?a.split(\"\"):a,g=0;g<e;g++)g in c&&b.call(void 0,c[g],g,a)};function v(){return r(\"iPhone\")&&!r(\"iPod\")&&!r(\"iPad\")};function w(){return(r(\"Chrome\")||r(\"CriOS\"))&&!r(\"Edge\")};var x=r(\"Opera\"),y=r(\"Trident\")||r(\"MSIE\"),z=r(\"Edge\"),A=r(\"Gecko\")&&!(-1!=n.toLowerCase().indexOf(\"webkit\")&&!r(\"Edge\"))&&!(r(\"Trident\")||r(\"MSIE\"))&&!r(\"Edge\"),aa=-1!=n.toLowerCase().indexOf(\"webkit\")&&!r(\"Edge\");function B(){var a=d.document;return a?a.documentMode:void 0}var C;\na:{var D=\"\",E=function(){var a=n;if(A)return/rv\\:([^\\);]+)(\\)|;)/.exec(a);if(z)return/Edge\\/([\\d\\.]+)/.exec(a);if(y)return/\\b(?:MSIE|rv)[: ]([^\\);]+)(\\)|;)/.exec(a);if(aa)return/WebKit\\/(\\S+)/.exec(a);if(x)return/(?:Version)[ \\/]?(\\S+)/.exec(a)}();E&&(D=E?E[1]:\"\");if(y){var F=B();if(null!=F&&F>parseFloat(D)){C=String(F);break a}}C=D}var G;var H=d.document;G=H&&y?B()||(\"CSS1Compat\"==H.compatMode?parseInt(C,10):5):void 0;var ba=r(\"Firefox\"),ca=v()||r(\"iPod\"),da=r(\"iPad\"),I=r(\"Android\")&&!(w()||r(\"Firefox\")||r(\"Opera\")||r(\"Silk\")),ea=w(),J=r(\"Safari\")&&!(w()||r(\"Coast\")||r(\"Opera\")||r(\"Edge\")||r(\"Silk\")||r(\"Android\"))&&!(v()||r(\"iPad\")||r(\"iPod\"));function K(a){return(a=a.exec(n))?a[1]:\"\"}(function(){if(ba)return K(/Firefox\\/([0-9.]+)/);if(y||z||x)return C;if(ea)return v()||r(\"iPad\")||r(\"iPod\")?K(/CriOS\\/([0-9.]+)/):K(/Chrome\\/([0-9.]+)/);if(J&&!(v()||r(\"iPad\")||r(\"iPod\")))return K(/Version\\/([0-9.]+)/);if(ca||da){var a=/Version\\/(\\S+).*Mobile\\/(\\S+)/.exec(n);if(a)return a[1]+\".\"+a[2]}else if(I)return(a=K(/Android\\s+([0-9.]+)/))?a:K(/Version\\/([0-9.]+)/);return\"\"})();var L,M=function(){if(!A)return!1;var a=d.Components;if(!a)return!1;try{if(!a.classes)return!1}catch(g){return!1}var b=a.classes,a=a.interfaces,e=b[\"@mozilla.org/xpcom/version-comparator;1\"].getService(a.nsIVersionComparator),c=b[\"@mozilla.org/xre/app-info;1\"].getService(a.nsIXULAppInfo).version;L=function(a){e.compare(c,\"\"+a)};return!0}(),N=y&&!(8<=Number(G)),fa=y&&!(9<=Number(G));I&&M&&L(2.3);I&&M&&L(4);J&&M&&L(6);var ga={SCRIPT:1,STYLE:1,HEAD:1,IFRAME:1,OBJECT:1},O={IMG:\" \",BR:\"\\n\"};function P(a,b,e){if(!(a.nodeName in ga))if(3==a.nodeType)e?b.push(String(a.nodeValue).replace(/(\\r\\n|\\r|\\n)/g,\"\")):b.push(a.nodeValue);else if(a.nodeName in O)b.push(O[a.nodeName]);else for(a=a.firstChild;a;)P(a,b,e),a=a.nextSibling};function Q(a,b){b=b.toLowerCase();return\"style\"==b?ha(a.style.cssText):N&&\"value\"==b&&R(a,\"INPUT\")?a.value:fa&&!0===a[b]?String(a.getAttribute(b)):(a=a.getAttributeNode(b))&&a.specified?a.value:null}var ia=/[;]+(?=(?:(?:[^\"]*\"){2})*[^\"]*$)(?=(?:(?:[^']*'){2})*[^']*$)(?=(?:[^()]*\\([^()]*\\))*[^()]*$)/;\nfunction ha(a){var b=[];t(a.split(ia),function(a){var c=a.indexOf(\":\");0<c&&(a=[a.slice(0,c),a.slice(c+1)],2==a.length&&b.push(a[0].toLowerCase(),\":\",a[1],\";\"))});b=b.join(\"\");return b=\";\"==b.charAt(b.length-1)?b:b+\";\"}function S(a,b){N&&\"value\"==b&&R(a,\"OPTION\")&&null===Q(a,\"value\")?(b=[],P(a,b,!1),a=b.join(\"\")):a=a[b];return a}function R(a,b){b&&\"string\"!==typeof b&&(b=b.toString());return!!a&&1==a.nodeType&&(!b||a.tagName.toUpperCase()==b)}\nfunction T(a){return R(a,\"OPTION\")?!0:R(a,\"INPUT\")?(a=a.type.toLowerCase(),\"checkbox\"==a||\"radio\"==a):!1};var ja={\"class\":\"className\",readonly:\"readOnly\"},U=\"allowfullscreen allowpaymentrequest allowusermedia async autofocus autoplay checked compact complete controls declare default defaultchecked defaultselected defer disabled ended formnovalidate hidden indeterminate iscontenteditable ismap itemscope loop multiple muted nohref nomodule noresize noshade novalidate nowrap open paused playsinline pubdate readonly required reversed scoped seamless seeking selected truespeed typemustmatch willvalidate\".split(\" \");function V(a,b){var e=null,c=b.toLowerCase();if(\"style\"==c)return(e=a.style)&&!f(e)&&(e=e.cssText),e;if((\"selected\"==c||\"checked\"==c)&&T(a)){if(!T(a))throw new h(15,\"Element is not selectable\");b=\"selected\";e=a.type&&a.type.toLowerCase();if(\"checkbox\"==e||\"radio\"==e)b=\"checked\";return S(a,b)?\"true\":null}var g=R(a,\"A\");if(R(a,\"IMG\")&&\"src\"==c||g&&\"href\"==c)return(e=Q(a,c))&&(e=S(a,c)),e;if(\"spellcheck\"==c){e=Q(a,c);if(null!==e){if(\"false\"==e.toLowerCase())return\"false\";if(\"true\"==e.toLowerCase())return\"true\"}return S(a,\nc)+\"\"}g=ja[b]||b;a:if(f(U))c=f(c)&&1==c.length?U.indexOf(c,0):-1;else{for(var u=0;u<U.length;u++)if(u in U&&U[u]===c){c=u;break a}c=-1}if(0<=c)return(e=null!==Q(a,b)||S(a,g))?\"true\":null;try{var k=S(a,g)}catch(ka){}(c=null==k)||(c=typeof k,c=\"object\"==c&&null!=k||\"function\"==c);c?e=Q(a,b):e=k;return null!=e?e.toString():null}var W=[\"_\"],X=d;W[0]in X||!X.execScript||X.execScript(\"var \"+W[0]);\nfor(var Y;W.length&&(Y=W.shift());){var Z;if(Z=!W.length)Z=void 0!==V;Z?X[Y]=V:X[Y]&&X[Y]!==Object.prototype[Y]?X=X[Y]:X=X[Y]={}};; return this._.apply(null,arguments);}.apply({navigator:typeof window!='undefined'?window.navigator:null,document:typeof window!='undefined'?window.document:null}, arguments);}\n).apply(null, arguments);", "args": [{"ELEMENT": "e3c49b22-cae8-4962-baae-82a806d474a4", "element-6066-11e4-a52e-4f735466cecf": "e3c49b22-cae8-4962-baae-82a806d474a4"}, "href"]}
2020-11-18 10:02:26,625:http://127.0.0.1:60317 "POST /session/025f8ee6e9cf73329f2ee464cf3337c1/execute/sync HTTP/1.1" 200 109
2020-11-18 10:02:26,625:Finished Request
2020-11-18 10:02:26,625:POST http://127.0.0.1:60317/session/025f8ee6e9cf73329f2ee464cf3337c1/url {"url": "https://tenshoku.mynavi.jp/list/kw%E9%AB%98%E5%8F%8E%E5%85%A5/pg4/?jobsearchType=14&searchType=18"}
2020-11-18 10:02:27,926:http://127.0.0.1:60317 "POST /session/025f8ee6e9cf73329f2ee464cf3337c1/url HTTP/1.1" 200 14
2020-11-18 10:02:27,926:Finished Request
2020-11-18 10:02:27,926:POST http://127.0.0.1:60317/session/025f8ee6e9cf73329f2ee464cf3337c1/elements {"using": "css selector", "value": ".cassetteRecruit__content"}
2020-11-18 10:02:28,318:http://127.0.0.1:60317 "POST /session/025f8ee6e9cf73329f2ee464cf3337c1/elements HTTP/1.1" 200 3961
2020-11-18 10:02:28,319:Finished Request
2020-11-18 10:02:28,319:GET http://127.0.0.1:60317/session/025f8ee6e9cf73329f2ee464cf3337c1/element/66929f93-6e5f-460c-bd71-f9bd0009a8cc/text {"id": "66929f93-6e5f-460c-bd71-f9bd0009a8cc"}
2020-11-18 10:02:28,441:http://127.0.0.1:60317 "GET /session/025f8ee6e9cf73329f2ee464cf3337c1/element/66929f93-6e5f-460c-bd71-f9bd0009a8cc/text HTTP/1.1" 200 1201
2020-11-18 10:02:28,442:Finished Request
2020-11-18 10:02:28,446:GET http://127.0.0.1:60317/session/025f8ee6e9cf73329f2ee464cf3337c1/element/66929f93-6e5f-460c-bd71-f9bd0009a8cc/text {"id": "66929f93-6e5f-460c-bd71-f9bd0009a8cc"}
2020-11-18 10:02:28,507:http://127.0.0.1:60317 "GET /session/025f8ee6e9cf73329f2ee464cf3337c1/element/66929f93-6e5f-460c-bd71-f9bd0009a8cc/text HTTP/1.1" 200 1201
2020-11-18 10:02:28,507:Finished Request
2020-11-18 10:02:28,507:151Œ–Ú‚ÌŠé‹Æ
2020-11-18 10:02:28,507:GET http://127.0.0.1:60317/session/025f8ee6e9cf73329f2ee464cf3337c1/element/a347844f-4254-4eb9-bbda-86b33059e7dd/text {"id": "a347844f-4254-4eb9-bbda-86b33059e7dd"}
2020-11-18 10:02:28,572:http://127.0.0.1:60317 "GET /session/025f8ee6e9cf73329f2ee464cf3337c1/element/a347844f-4254-4eb9-bbda-86b33059e7dd/text HTTP/1.1" 200 1243
2020-11-18 10:02:28,572:Finished Request
2020-11-18 10:02:28,578:GET http://127.0.0.1:60317/session/025f8ee6e9cf73329f2ee464cf3337c1/element/a347844f-4254-4eb9-bbda-86b33059e7dd/text {"id": "a347844f-4254-4eb9-bbda-86b33059e7dd"}
2020-11-18 10:02:28,673:http://127.0.0.1:60317 "GET /session/025f8ee6e9cf73329f2ee464cf3337c1/element/a347844f-4254-4eb9-bbda-86b33059e7dd/text HTTP/1.1" 200 1243
2020-11-18 10:02:28,674:Finished Request
2020-11-18 10:02:28,674:152Œ–Ú‚ÌŠé‹Æ
2020-11-18 10:02:28,675:GET http://127.0.0.1:60317/session/025f8ee6e9cf73329f2ee464cf3337c1/element/150378ef-b9c8-424f-9a48-67c185a2f82b/text {"id": "150378ef-b9c8-424f-9a48-67c185a2f82b"}
2020-11-18 10:02:28,829:http://127.0.0.1:60317 "GET /session/025f8ee6e9cf73329f2ee464cf3337c1/element/150378ef-b9c8-424f-9a48-67c185a2f82b/text HTTP/1.1" 200 1239
2020-11-18 10:02:28,829:Finished Request
2020-11-18 10:02:28,836:GET http://127.0.0.1:60317/session/025f8ee6e9cf73329f2ee464cf3337c1/element/150378ef-b9c8-424f-9a48-67c185a2f82b/text {"id": "150378ef-b9c8-424f-9a48-67c185a2f82b"}
2020-11-18 10:02:28,902:http://127.0.0.1:60317 "GET /session/025f8ee6e9cf73329f2ee464cf3337c1/element/150378ef-b9c8-424f-9a48-67c185a2f82b/text HTTP/1.1" 200 1239
2020-11-18 10:02:28,902:Finished Request
2020-11-18 10:02:28,903:153Œ–Ú‚ÌŠé‹Æ
2020-11-18 10:02:28,903:GET http://127.0.0.1:60317/session/025f8ee6e9cf73329f2ee464cf3337c1/element/861aba5f-0e1f-4877-bba6-2a03d2f68343/text {"id": "861aba5f-0e1f-4877-bba6-2a03d2f68343"}
2020-11-18 10:02:28,965:http://127.0.0.1:60317 "GET /session/025f8ee6e9cf73329f2ee464cf3337c1/element/861aba5f-0e1f-4877-bba6-2a03d2f68343/text HTTP/1.1" 200 1227
2020-11-18 10:02:28,966:Finished Request
2020-11-18 10:02:28,968:GET http://127.0.0.1:60317/session/025f8ee6e9cf73329f2ee464cf3337c1/element/861aba5f-0e1f-4877-bba6-2a03d2f68343/text {"id": "861aba5f-0e1f-4877-bba6-2a03d2f68343"}
2020-11-18 10:02:29,022:http://127.0.0.1:60317 "GET /session/025f8ee6e9cf73329f2ee464cf3337c1/element/861aba5f-0e1f-4877-bba6-2a03d2f68343/text HTTP/1.1" 200 1227
2020-11-18 10:02:29,022:Finished Request
2020-11-18 10:02:29,022:154Œ–Ú‚ÌŠé‹Æ
2020-11-18 10:02:29,022:GET http://127.0.0.1:60317/session/025f8ee6e9cf73329f2ee464cf3337c1/element/3069920e-5e83-4c7d-a80a-0be4a05ae1f0/text {"id": "3069920e-5e83-4c7d-a80a-0be4a05ae1f0"}
2020-11-18 10:02:29,070:http://127.0.0.1:60317 "GET /session/025f8ee6e9cf73329f2ee464cf3337c1/element/3069920e-5e83-4c7d-a80a-0be4a05ae1f0/text HTTP/1.1" 200 1300
2020-11-18 10:02:29,070:Finished Request
2020-11-18 10:02:29,075:GET http://127.0.0.1:60317/session/025f8ee6e9cf73329f2ee464cf3337c1/element/3069920e-5e83-4c7d-a80a-0be4a05ae1f0/text {"id": "3069920e-5e83-4c7d-a80a-0be4a05ae1f0"}
2020-11-18 10:02:29,108:http://127.0.0.1:60317 "GET /session/025f8ee6e9cf73329f2ee464cf3337c1/element/3069920e-5e83-4c7d-a80a-0be4a05ae1f0/text HTTP/1.1" 200 1300
2020-11-18 10:02:29,109:Finished Request
2020-11-18 10:02:29,109:155Œ–Ú‚ÌŠé‹Æ
2020-11-18 10:02:29,109:GET http://127.0.0.1:60317/session/025f8ee6e9cf73329f2ee464cf3337c1/element/d95a8a24-0318-48d3-aa20-d8a6cabc4183/text {"id": "d95a8a24-0318-48d3-aa20-d8a6cabc4183"}
2020-11-18 10:02:29,154:http://127.0.0.1:60317 "GET /session/025f8ee6e9cf73329f2ee464cf3337c1/element/d95a8a24-0318-48d3-aa20-d8a6cabc4183/text HTTP/1.1" 200 1320
2020-11-18 10:02:29,155:Finished Request
2020-11-18 10:02:29,160:GET http://127.0.0.1:60317/session/025f8ee6e9cf73329f2ee464cf3337c1/element/d95a8a24-0318-48d3-aa20-d8a6cabc4183/text {"id": "d95a8a24-0318-48d3-aa20-d8a6cabc4183"}
2020-11-18 10:02:29,201:http://127.0.0.1:60317 "GET /session/025f8ee6e9cf73329f2ee464cf3337c1/element/d95a8a24-0318-48d3-aa20-d8a6cabc4183/text HTTP/1.1" 200 1320
2020-11-18 10:02:29,201:Finished Request
2020-11-18 10:02:29,201:156Œ–Ú‚ÌŠé‹Æ
2020-11-18 10:02:29,202:GET http://127.0.0.1:60317/session/025f8ee6e9cf73329f2ee464cf3337c1/element/ac811c4d-f827-45b1-8c25-6043747cbd1d/text {"id": "ac811c4d-f827-45b1-8c25-6043747cbd1d"}
2020-11-18 10:02:29,245:http://127.0.0.1:60317 "GET /session/025f8ee6e9cf73329f2ee464cf3337c1/element/ac811c4d-f827-45b1-8c25-6043747cbd1d/text HTTP/1.1" 200 1246
2020-11-18 10:02:29,245:Finished Request
2020-11-18 10:02:29,249:GET http://127.0.0.1:60317/session/025f8ee6e9cf73329f2ee464cf3337c1/element/ac811c4d-f827-45b1-8c25-6043747cbd1d/text {"id": "ac811c4d-f827-45b1-8c25-6043747cbd1d"}
2020-11-18 10:02:29,309:http://127.0.0.1:60317 "GET /session/025f8ee6e9cf73329f2ee464cf3337c1/element/ac811c4d-f827-45b1-8c25-6043747cbd1d/text HTTP/1.1" 200 1246
2020-11-18 10:02:29,309:Finished Request
2020-11-18 10:02:29,309:157Œ–Ú‚ÌŠé‹Æ
2020-11-18 10:02:29,309:GET http://127.0.0.1:60317/session/025f8ee6e9cf73329f2ee464cf3337c1/element/c14a74b3-cb41-4660-aa5a-6b9f18e674e5/text {"id": "c14a74b3-cb41-4660-aa5a-6b9f18e674e5"}
2020-11-18 10:02:29,385:http://127.0.0.1:60317 "GET /session/025f8ee6e9cf73329f2ee464cf3337c1/element/c14a74b3-cb41-4660-aa5a-6b9f18e674e5/text HTTP/1.1" 200 1277
2020-11-18 10:02:29,386:Finished Request
2020-11-18 10:02:29,394:GET http://127.0.0.1:60317/session/025f8ee6e9cf73329f2ee464cf3337c1/element/c14a74b3-cb41-4660-aa5a-6b9f18e674e5/text {"id": "c14a74b3-cb41-4660-aa5a-6b9f18e674e5"}
2020-11-18 10:02:29,525:http://127.0.0.1:60317 "GET /session/025f8ee6e9cf73329f2ee464cf3337c1/element/c14a74b3-cb41-4660-aa5a-6b9f18e674e5/text HTTP/1.1" 200 1277
2020-11-18 10:02:29,525:Finished Request
2020-11-18 10:02:29,525:158Œ–Ú‚ÌŠé‹Æ
2020-11-18 10:02:29,525:GET http://127.0.0.1:60317/session/025f8ee6e9cf73329f2ee464cf3337c1/element/ab7880f1-7bc7-4122-870b-28d00e6aebb7/text {"id": "ab7880f1-7bc7-4122-870b-28d00e6aebb7"}
2020-11-18 10:02:29,628:http://127.0.0.1:60317 "GET /session/025f8ee6e9cf73329f2ee464cf3337c1/element/ab7880f1-7bc7-4122-870b-28d00e6aebb7/text HTTP/1.1" 200 1219
2020-11-18 10:02:29,629:Finished Request
2020-11-18 10:02:29,632:GET http://127.0.0.1:60317/session/025f8ee6e9cf73329f2ee464cf3337c1/element/ab7880f1-7bc7-4122-870b-28d00e6aebb7/text {"id": "ab7880f1-7bc7-4122-870b-28d00e6aebb7"}
2020-11-18 10:02:29,658:http://127.0.0.1:60317 "GET /session/025f8ee6e9cf73329f2ee464cf3337c1/element/ab7880f1-7bc7-4122-870b-28d00e6aebb7/text HTTP/1.1" 200 1219
2020-11-18 10:02:29,658:Finished Request
2020-11-18 10:02:29,658:159Œ–Ú‚ÌŠé‹Æ
2020-11-18 10:02:29,659:GET http://127.0.0.1:60317/session/025f8ee6e9cf73329f2ee464cf3337c1/element/2a95220d-bb92-4062-8a8c-6e63bdc5c9c4/text {"id": "2a95220d-bb92-4062-8a8c-6e63bdc5c9c4"}
2020-11-18 10:02:29,690:http://127.0.0.1:60317 "GET /session/025f8ee6e9cf73329f2ee464cf3337c1/element/2a95220d-bb92-4062-8a8c-6e63bdc5c9c4/text HTTP/1.1" 200 1214
2020-11-18 10:02:29,690:Finished Request
2020-11-18 10:02:29,694:GET http://127.0.0.1:60317/session/025f8ee6e9cf73329f2ee464cf3337c1/element/2a95220d-bb92-4062-8a8c-6e63bdc5c9c4/text {"id": "2a95220d-bb92-4062-8a8c-6e63bdc5c9c4"}
2020-11-18 10:02:29,728:http://127.0.0.1:60317 "GET /session/025f8ee6e9cf73329f2ee464cf3337c1/element/2a95220d-bb92-4062-8a8c-6e63bdc5c9c4/text HTTP/1.1" 200 1214
2020-11-18 10:02:29,729:Finished Request
2020-11-18 10:02:29,729:160Œ–Ú‚ÌŠé‹Æ
2020-11-18 10:02:29,729:GET http://127.0.0.1:60317/session/025f8ee6e9cf73329f2ee464cf3337c1/element/df0f613b-8122-45ee-b31c-67414f6d5680/text {"id": "df0f613b-8122-45ee-b31c-67414f6d5680"}
2020-11-18 10:02:29,783:http://127.0.0.1:60317 "GET /session/025f8ee6e9cf73329f2ee464cf3337c1/element/df0f613b-8122-45ee-b31c-67414f6d5680/text HTTP/1.1" 200 1070
2020-11-18 10:02:29,784:Finished Request
2020-11-18 10:02:29,788:GET http://127.0.0.1:60317/session/025f8ee6e9cf73329f2ee464cf3337c1/element/df0f613b-8122-45ee-b31c-67414f6d5680/text {"id": "df0f613b-8122-45ee-b31c-67414f6d5680"}
2020-11-18 10:02:29,815:http://127.0.0.1:60317 "GET /session/025f8ee6e9cf73329f2ee464cf3337c1/element/df0f613b-8122-45ee-b31c-67414f6d5680/text HTTP/1.1" 200 1070
2020-11-18 10:02:29,815:Finished Request
2020-11-18 10:02:29,815:161Œ–Ú‚ÌŠé‹Æ
2020-11-18 10:02:29,815:GET http://127.0.0.1:60317/session/025f8ee6e9cf73329f2ee464cf3337c1/element/6fe7d5cf-8311-4aaf-8b0f-d5705c8734b3/text {"id": "6fe7d5cf-8311-4aaf-8b0f-d5705c8734b3"}
2020-11-18 10:02:29,844:http://127.0.0.1:60317 "GET /session/025f8ee6e9cf73329f2ee464cf3337c1/element/6fe7d5cf-8311-4aaf-8b0f-d5705c8734b3/text HTTP/1.1" 200 1191
2020-11-18 10:02:29,844:Finished Request
2020-11-18 10:02:29,848:GET http://127.0.0.1:60317/session/025f8ee6e9cf73329f2ee464cf3337c1/element/6fe7d5cf-8311-4aaf-8b0f-d5705c8734b3/text {"id": "6fe7d5cf-8311-4aaf-8b0f-d5705c8734b3"}
2020-11-18 10:02:29,875:http://127.0.0.1:60317 "GET /session/025f8ee6e9cf73329f2ee464cf3337c1/element/6fe7d5cf-8311-4aaf-8b0f-d5705c8734b3/text HTTP/1.1" 200 1191
2020-11-18 10:02:29,875:Finished Request
2020-11-18 10:02:29,875:162Œ–Ú‚ÌŠé‹Æ
2020-11-18 10:02:29,875:GET http://127.0.0.1:60317/session/025f8ee6e9cf73329f2ee464cf3337c1/element/ccae9d4b-a19f-4c75-8448-4bc43a8f1662/text {"id": "ccae9d4b-a19f-4c75-8448-4bc43a8f1662"}
2020-11-18 10:02:29,923:http://127.0.0.1:60317 "GET /session/025f8ee6e9cf73329f2ee464cf3337c1/element/ccae9d4b-a19f-4c75-8448-4bc43a8f1662/text HTTP/1.1" 200 1224
2020-11-18 10:02:29,923:Finished Request
2020-11-18 10:02:29,927:GET http://127.0.0.1:60317/session/025f8ee6e9cf73329f2ee464cf3337c1/element/ccae9d4b-a19f-4c75-8448-4bc43a8f1662/text {"id": "ccae9d4b-a19f-4c75-8448-4bc43a8f1662"}
2020-11-18 10:02:29,954:http://127.0.0.1:60317 "GET /session/025f8ee6e9cf73329f2ee464cf3337c1/element/ccae9d4b-a19f-4c75-8448-4bc43a8f1662/text HTTP/1.1" 200 1224
2020-11-18 10:02:29,954:Finished Request
2020-11-18 10:02:29,955:163Œ–Ú‚ÌŠé‹Æ
2020-11-18 10:02:29,955:GET http://127.0.0.1:60317/session/025f8ee6e9cf73329f2ee464cf3337c1/element/ff5f07da-28b9-489a-b265-734d1dff0f56/text {"id": "ff5f07da-28b9-489a-b265-734d1dff0f56"}
2020-11-18 10:02:29,989:http://127.0.0.1:60317 "GET /session/025f8ee6e9cf73329f2ee464cf3337c1/element/ff5f07da-28b9-489a-b265-734d1dff0f56/text HTTP/1.1" 200 1267
2020-11-18 10:02:29,989:Finished Request
2020-11-18 10:02:29,997:GET http://127.0.0.1:60317/session/025f8ee6e9cf73329f2ee464cf3337c1/element/ff5f07da-28b9-489a-b265-734d1dff0f56/text {"id": "ff5f07da-28b9-489a-b265-734d1dff0f56"}
2020-11-18 10:02:30,029:http://127.0.0.1:60317 "GET /session/025f8ee6e9cf73329f2ee464cf3337c1/element/ff5f07da-28b9-489a-b265-734d1dff0f56/text HTTP/1.1" 200 1267
2020-11-18 10:02:30,030:Finished Request
2020-11-18 10:02:30,030:164Œ–Ú‚ÌŠé‹Æ
2020-11-18 10:02:30,030:GET http://127.0.0.1:60317/session/025f8ee6e9cf73329f2ee464cf3337c1/element/f4d90e01-82dd-49ff-9237-c1dab3585f7e/text {"id": "f4d90e01-82dd-49ff-9237-c1dab3585f7e"}
2020-11-18 10:02:30,057:http://127.0.0.1:60317 "GET /session/025f8ee6e9cf73329f2ee464cf3337c1/element/f4d90e01-82dd-49ff-9237-c1dab3585f7e/text HTTP/1.1" 200 1181
2020-11-18 10:02:30,057:Finished Request
2020-11-18 10:02:30,062:GET http://127.0.0.1:60317/session/025f8ee6e9cf73329f2ee464cf3337c1/element/f4d90e01-82dd-49ff-9237-c1dab3585f7e/text {"id": "f4d90e01-82dd-49ff-9237-c1dab3585f7e"}
2020-11-18 10:02:30,089:http://127.0.0.1:60317 "GET /session/025f8ee6e9cf73329f2ee464cf3337c1/element/f4d90e01-82dd-49ff-9237-c1dab3585f7e/text HTTP/1.1" 200 1181
2020-11-18 10:02:30,089:Finished Request
2020-11-18 10:02:30,089:165Œ–Ú‚ÌŠé‹Æ
2020-11-18 10:02:30,089:GET http://127.0.0.1:60317/session/025f8ee6e9cf73329f2ee464cf3337c1/element/92fb588a-b00c-467b-be17-07cb63719143/text {"id": "92fb588a-b00c-467b-be17-07cb63719143"}
2020-11-18 10:02:30,137:http://127.0.0.1:60317 "GET /session/025f8ee6e9cf73329f2ee464cf3337c1/element/92fb588a-b00c-467b-be17-07cb63719143/text HTTP/1.1" 200 1305
2020-11-18 10:02:30,137:Finished Request
2020-11-18 10:02:30,142:GET http://127.0.0.1:60317/session/025f8ee6e9cf73329f2ee464cf3337c1/element/92fb588a-b00c-467b-be17-07cb63719143/text {"id": "92fb588a-b00c-467b-be17-07cb63719143"}
2020-11-18 10:02:30,169:http://127.0.0.1:60317 "GET /session/025f8ee6e9cf73329f2ee464cf3337c1/element/92fb588a-b00c-467b-be17-07cb63719143/text HTTP/1.1" 200 1305
2020-11-18 10:02:30,169:Finished Request
2020-11-18 10:02:30,169:166Œ–Ú‚ÌŠé‹Æ
2020-11-18 10:02:30,169:GET http://127.0.0.1:60317/session/025f8ee6e9cf73329f2ee464cf3337c1/element/b490da9e-2732-45f9-bd21-163134aa9bda/text {"id": "b490da9e-2732-45f9-bd21-163134aa9bda"}
2020-11-18 10:02:30,215:http://127.0.0.1:60317 "GET /session/025f8ee6e9cf73329f2ee464cf3337c1/element/b490da9e-2732-45f9-bd21-163134aa9bda/text HTTP/1.1" 200 1301
2020-11-18 10:02:30,215:Finished Request
2020-11-18 10:02:30,220:GET http://127.0.0.1:60317/session/025f8ee6e9cf73329f2ee464cf3337c1/element/b490da9e-2732-45f9-bd21-163134aa9bda/text {"id": "b490da9e-2732-45f9-bd21-163134aa9bda"}
2020-11-18 10:02:30,241:http://127.0.0.1:60317 "GET /session/025f8ee6e9cf73329f2ee464cf3337c1/element/b490da9e-2732-45f9-bd21-163134aa9bda/text HTTP/1.1" 200 1301
2020-11-18 10:02:30,241:Finished Request
2020-11-18 10:02:30,241:167Œ–Ú‚ÌŠé‹Æ
2020-11-18 10:02:30,241:GET http://127.0.0.1:60317/session/025f8ee6e9cf73329f2ee464cf3337c1/element/fc88d25f-5912-4aee-a945-93da353312e3/text {"id": "fc88d25f-5912-4aee-a945-93da353312e3"}
2020-11-18 10:02:30,273:http://127.0.0.1:60317 "GET /session/025f8ee6e9cf73329f2ee464cf3337c1/element/fc88d25f-5912-4aee-a945-93da353312e3/text HTTP/1.1" 200 1375
2020-11-18 10:02:30,273:Finished Request
2020-11-18 10:02:30,279:GET http://127.0.0.1:60317/session/025f8ee6e9cf73329f2ee464cf3337c1/element/fc88d25f-5912-4aee-a945-93da353312e3/text {"id": "fc88d25f-5912-4aee-a945-93da353312e3"}
2020-11-18 10:02:30,303:http://127.0.0.1:60317 "GET /session/025f8ee6e9cf73329f2ee464cf3337c1/element/fc88d25f-5912-4aee-a945-93da353312e3/text HTTP/1.1" 200 1375
2020-11-18 10:02:30,303:Finished Request
2020-11-18 10:02:30,303:168Œ–Ú‚ÌŠé‹Æ
2020-11-18 10:02:30,303:GET http://127.0.0.1:60317/session/025f8ee6e9cf73329f2ee464cf3337c1/element/e7e699af-227d-4847-ac6f-d5e039e9f55b/text {"id": "e7e699af-227d-4847-ac6f-d5e039e9f55b"}
2020-11-18 10:02:30,333:http://127.0.0.1:60317 "GET /session/025f8ee6e9cf73329f2ee464cf3337c1/element/e7e699af-227d-4847-ac6f-d5e039e9f55b/text HTTP/1.1" 200 1274
2020-11-18 10:02:30,333:Finished Request
2020-11-18 10:02:30,338:GET http://127.0.0.1:60317/session/025f8ee6e9cf73329f2ee464cf3337c1/element/e7e699af-227d-4847-ac6f-d5e039e9f55b/text {"id": "e7e699af-227d-4847-ac6f-d5e039e9f55b"}
2020-11-18 10:02:30,389:http://127.0.0.1:60317 "GET /session/025f8ee6e9cf73329f2ee464cf3337c1/element/e7e699af-227d-4847-ac6f-d5e039e9f55b/text HTTP/1.1" 200 1274
2020-11-18 10:02:30,390:Finished Request
2020-11-18 10:02:30,390:169Œ–Ú‚ÌŠé‹Æ
2020-11-18 10:02:30,390:GET http://127.0.0.1:60317/session/025f8ee6e9cf73329f2ee464cf3337c1/element/f3631614-a1e5-46ca-b5d1-683b3fb5daff/text {"id": "f3631614-a1e5-46ca-b5d1-683b3fb5daff"}
2020-11-18 10:02:30,444:http://127.0.0.1:60317 "GET /session/025f8ee6e9cf73329f2ee464cf3337c1/element/f3631614-a1e5-46ca-b5d1-683b3fb5daff/text HTTP/1.1" 200 1359
2020-11-18 10:02:30,445:Finished Request
2020-11-18 10:02:30,451:GET http://127.0.0.1:60317/session/025f8ee6e9cf73329f2ee464cf3337c1/element/f3631614-a1e5-46ca-b5d1-683b3fb5daff/text {"id": "f3631614-a1e5-46ca-b5d1-683b3fb5daff"}
2020-11-18 10:02:30,496:http://127.0.0.1:60317 "GET /session/025f8ee6e9cf73329f2ee464cf3337c1/element/f3631614-a1e5-46ca-b5d1-683b3fb5daff/text HTTP/1.1" 200 1359
2020-11-18 10:02:30,496:Finished Request
2020-11-18 10:02:30,496:170Œ–Ú‚ÌŠé‹Æ
2020-11-18 10:02:30,497:GET http://127.0.0.1:60317/session/025f8ee6e9cf73329f2ee464cf3337c1/element/cf432835-108b-478b-bfe2-d951e7433b0a/text {"id": "cf432835-108b-478b-bfe2-d951e7433b0a"}
2020-11-18 10:02:30,533:http://127.0.0.1:60317 "GET /session/025f8ee6e9cf73329f2ee464cf3337c1/element/cf432835-108b-478b-bfe2-d951e7433b0a/text HTTP/1.1" 200 1299
2020-11-18 10:02:30,533:Finished Request
2020-11-18 10:02:30,534:GET http://127.0.0.1:60317/session/025f8ee6e9cf73329f2ee464cf3337c1/element/cf432835-108b-478b-bfe2-d951e7433b0a/text {"id": "cf432835-108b-478b-bfe2-d951e7433b0a"}
2020-11-18 10:02:30,557:http://127.0.0.1:60317 "GET /session/025f8ee6e9cf73329f2ee464cf3337c1/element/cf432835-108b-478b-bfe2-d951e7433b0a/text HTTP/1.1" 200 1299
2020-11-18 10:02:30,557:Finished Request
2020-11-18 10:02:30,558:171Œ–Ú‚ÌŠé‹Æ
2020-11-18 10:02:30,558:GET http://127.0.0.1:60317/session/025f8ee6e9cf73329f2ee464cf3337c1/element/f1b06252-f465-4a8f-8f13-ba13cdd3894a/text {"id": "f1b06252-f465-4a8f-8f13-ba13cdd3894a"}
2020-11-18 10:02:30,589:http://127.0.0.1:60317 "GET /session/025f8ee6e9cf73329f2ee464cf3337c1/element/f1b06252-f465-4a8f-8f13-ba13cdd3894a/text HTTP/1.1" 200 1377
2020-11-18 10:02:30,589:Finished Request
2020-11-18 10:02:30,591:GET http://127.0.0.1:60317/session/025f8ee6e9cf73329f2ee464cf3337c1/element/f1b06252-f465-4a8f-8f13-ba13cdd3894a/text {"id": "f1b06252-f465-4a8f-8f13-ba13cdd3894a"}
2020-11-18 10:02:30,619:http://127.0.0.1:60317 "GET /session/025f8ee6e9cf73329f2ee464cf3337c1/element/f1b06252-f465-4a8f-8f13-ba13cdd3894a/text HTTP/1.1" 200 1377
2020-11-18 10:02:30,619:Finished Request
2020-11-18 10:02:30,619:172Œ–Ú‚ÌŠé‹Æ
2020-11-18 10:02:30,619:GET http://127.0.0.1:60317/session/025f8ee6e9cf73329f2ee464cf3337c1/element/a8d430e7-5806-4d12-be9e-2254eadb227c/text {"id": "a8d430e7-5806-4d12-be9e-2254eadb227c"}
2020-11-18 10:02:30,676:http://127.0.0.1:60317 "GET /session/025f8ee6e9cf73329f2ee464cf3337c1/element/a8d430e7-5806-4d12-be9e-2254eadb227c/text HTTP/1.1" 200 1396
2020-11-18 10:02:30,676:Finished Request
2020-11-18 10:02:30,678:GET http://127.0.0.1:60317/session/025f8ee6e9cf73329f2ee464cf3337c1/element/a8d430e7-5806-4d12-be9e-2254eadb227c/text {"id": "a8d430e7-5806-4d12-be9e-2254eadb227c"}
2020-11-18 10:02:30,731:http://127.0.0.1:60317 "GET /session/025f8ee6e9cf73329f2ee464cf3337c1/element/a8d430e7-5806-4d12-be9e-2254eadb227c/text HTTP/1.1" 200 1396
2020-11-18 10:02:30,732:Finished Request
2020-11-18 10:02:30,732:173Œ–Ú‚ÌŠé‹Æ
2020-11-18 10:02:30,732:GET http://127.0.0.1:60317/session/025f8ee6e9cf73329f2ee464cf3337c1/element/1967a6eb-1b03-4d3d-a4ed-6924e3d5ef9e/text {"id": "1967a6eb-1b03-4d3d-a4ed-6924e3d5ef9e"}
2020-11-18 10:02:30,766:http://127.0.0.1:60317 "GET /session/025f8ee6e9cf73329f2ee464cf3337c1/element/1967a6eb-1b03-4d3d-a4ed-6924e3d5ef9e/text HTTP/1.1" 200 1339
2020-11-18 10:02:30,766:Finished Request
2020-11-18 10:02:30,771:GET http://127.0.0.1:60317/session/025f8ee6e9cf73329f2ee464cf3337c1/element/1967a6eb-1b03-4d3d-a4ed-6924e3d5ef9e/text {"id": "1967a6eb-1b03-4d3d-a4ed-6924e3d5ef9e"}
2020-11-18 10:02:30,802:http://127.0.0.1:60317 "GET /session/025f8ee6e9cf73329f2ee464cf3337c1/element/1967a6eb-1b03-4d3d-a4ed-6924e3d5ef9e/text HTTP/1.1" 200 1339
2020-11-18 10:02:30,802:Finished Request
2020-11-18 10:02:30,803:174Œ–Ú‚ÌŠé‹Æ
2020-11-18 10:02:30,803:GET http://127.0.0.1:60317/session/025f8ee6e9cf73329f2ee464cf3337c1/element/272f4f15-9812-42c9-a583-eb27ae3eb8b9/text {"id": "272f4f15-9812-42c9-a583-eb27ae3eb8b9"}
2020-11-18 10:02:30,862:http://127.0.0.1:60317 "GET /session/025f8ee6e9cf73329f2ee464cf3337c1/element/272f4f15-9812-42c9-a583-eb27ae3eb8b9/text HTTP/1.1" 200 1290
2020-11-18 10:02:30,862:Finished Request
2020-11-18 10:02:30,868:GET http://127.0.0.1:60317/session/025f8ee6e9cf73329f2ee464cf3337c1/element/272f4f15-9812-42c9-a583-eb27ae3eb8b9/text {"id": "272f4f15-9812-42c9-a583-eb27ae3eb8b9"}
2020-11-18 10:02:30,915:http://127.0.0.1:60317 "GET /session/025f8ee6e9cf73329f2ee464cf3337c1/element/272f4f15-9812-42c9-a583-eb27ae3eb8b9/text HTTP/1.1" 200 1290
2020-11-18 10:02:30,915:Finished Request
2020-11-18 10:02:30,915:175Œ–Ú‚ÌŠé‹Æ
2020-11-18 10:02:30,916:GET http://127.0.0.1:60317/session/025f8ee6e9cf73329f2ee464cf3337c1/element/c1af6fea-d2c6-4100-b70b-6eca7845620f/text {"id": "c1af6fea-d2c6-4100-b70b-6eca7845620f"}
2020-11-18 10:02:30,948:http://127.0.0.1:60317 "GET /session/025f8ee6e9cf73329f2ee464cf3337c1/element/c1af6fea-d2c6-4100-b70b-6eca7845620f/text HTTP/1.1" 200 1308
2020-11-18 10:02:30,949:Finished Request
2020-11-18 10:02:30,954:GET http://127.0.0.1:60317/session/025f8ee6e9cf73329f2ee464cf3337c1/element/c1af6fea-d2c6-4100-b70b-6eca7845620f/text {"id": "c1af6fea-d2c6-4100-b70b-6eca7845620f"}
2020-11-18 10:02:30,985:http://127.0.0.1:60317 "GET /session/025f8ee6e9cf73329f2ee464cf3337c1/element/c1af6fea-d2c6-4100-b70b-6eca7845620f/text HTTP/1.1" 200 1308
2020-11-18 10:02:30,986:Finished Request
2020-11-18 10:02:30,986:176Œ–Ú‚ÌŠé‹Æ
2020-11-18 10:02:30,986:GET http://127.0.0.1:60317/session/025f8ee6e9cf73329f2ee464cf3337c1/element/bcdad5ff-d706-4a40-89b7-31d628989abc/text {"id": "bcdad5ff-d706-4a40-89b7-31d628989abc"}
2020-11-18 10:02:31,036:http://127.0.0.1:60317 "GET /session/025f8ee6e9cf73329f2ee464cf3337c1/element/bcdad5ff-d706-4a40-89b7-31d628989abc/text HTTP/1.1" 200 1304
2020-11-18 10:02:31,037:Finished Request
2020-11-18 10:02:31,042:GET http://127.0.0.1:60317/session/025f8ee6e9cf73329f2ee464cf3337c1/element/bcdad5ff-d706-4a40-89b7-31d628989abc/text {"id": "bcdad5ff-d706-4a40-89b7-31d628989abc"}
2020-11-18 10:02:31,080:http://127.0.0.1:60317 "GET /session/025f8ee6e9cf73329f2ee464cf3337c1/element/bcdad5ff-d706-4a40-89b7-31d628989abc/text HTTP/1.1" 200 1304
2020-11-18 10:02:31,081:Finished Request
2020-11-18 10:02:31,081:177Œ–Ú‚ÌŠé‹Æ
2020-11-18 10:02:31,082:GET http://127.0.0.1:60317/session/025f8ee6e9cf73329f2ee464cf3337c1/element/040bff27-b997-4e91-b318-380b25963fd8/text {"id": "040bff27-b997-4e91-b318-380b25963fd8"}
2020-11-18 10:02:31,140:http://127.0.0.1:60317 "GET /session/025f8ee6e9cf73329f2ee464cf3337c1/element/040bff27-b997-4e91-b318-380b25963fd8/text HTTP/1.1" 200 1362
2020-11-18 10:02:31,141:Finished Request
2020-11-18 10:02:31,147:GET http://127.0.0.1:60317/session/025f8ee6e9cf73329f2ee464cf3337c1/element/040bff27-b997-4e91-b318-380b25963fd8/text {"id": "040bff27-b997-4e91-b318-380b25963fd8"}
2020-11-18 10:02:31,201:http://127.0.0.1:60317 "GET /session/025f8ee6e9cf73329f2ee464cf3337c1/element/040bff27-b997-4e91-b318-380b25963fd8/text HTTP/1.1" 200 1362
2020-11-18 10:02:31,201:Finished Request
2020-11-18 10:02:31,201:178Œ–Ú‚ÌŠé‹Æ
2020-11-18 10:02:31,201:GET http://127.0.0.1:60317/session/025f8ee6e9cf73329f2ee464cf3337c1/element/f3770173-f340-4c6a-86a3-6669eff88fa3/text {"id": "f3770173-f340-4c6a-86a3-6669eff88fa3"}
2020-11-18 10:02:31,260:http://127.0.0.1:60317 "GET /session/025f8ee6e9cf73329f2ee464cf3337c1/element/f3770173-f340-4c6a-86a3-6669eff88fa3/text HTTP/1.1" 200 1207
2020-11-18 10:02:31,260:Finished Request
2020-11-18 10:02:31,265:GET http://127.0.0.1:60317/session/025f8ee6e9cf73329f2ee464cf3337c1/element/f3770173-f340-4c6a-86a3-6669eff88fa3/text {"id": "f3770173-f340-4c6a-86a3-6669eff88fa3"}
2020-11-18 10:02:31,301:http://127.0.0.1:60317 "GET /session/025f8ee6e9cf73329f2ee464cf3337c1/element/f3770173-f340-4c6a-86a3-6669eff88fa3/text HTTP/1.1" 200 1207
2020-11-18 10:02:31,301:Finished Request
2020-11-18 10:02:31,301:179Œ–Ú‚ÌŠé‹Æ
2020-11-18 10:02:31,301:GET http://127.0.0.1:60317/session/025f8ee6e9cf73329f2ee464cf3337c1/element/4ab064c4-024b-48e0-8e75-2c468e945ff2/text {"id": "4ab064c4-024b-48e0-8e75-2c468e945ff2"}
2020-11-18 10:02:31,343:http://127.0.0.1:60317 "GET /session/025f8ee6e9cf73329f2ee464cf3337c1/element/4ab064c4-024b-48e0-8e75-2c468e945ff2/text HTTP/1.1" 200 1384
2020-11-18 10:02:31,344:Finished Request
2020-11-18 10:02:31,348:GET http://127.0.0.1:60317/session/025f8ee6e9cf73329f2ee464cf3337c1/element/4ab064c4-024b-48e0-8e75-2c468e945ff2/text {"id": "4ab064c4-024b-48e0-8e75-2c468e945ff2"}
2020-11-18 10:02:31,379:http://127.0.0.1:60317 "GET /session/025f8ee6e9cf73329f2ee464cf3337c1/element/4ab064c4-024b-48e0-8e75-2c468e945ff2/text HTTP/1.1" 200 1384
2020-11-18 10:02:31,379:Finished Request
2020-11-18 10:02:31,379:180Œ–Ú‚ÌŠé‹Æ
2020-11-18 10:02:31,379:GET http://127.0.0.1:60317/session/025f8ee6e9cf73329f2ee464cf3337c1/element/5dc11360-c8de-48cd-9174-59daf2ed5801/text {"id": "5dc11360-c8de-48cd-9174-59daf2ed5801"}
2020-11-18 10:02:31,407:http://127.0.0.1:60317 "GET /session/025f8ee6e9cf73329f2ee464cf3337c1/element/5dc11360-c8de-48cd-9174-59daf2ed5801/text HTTP/1.1" 200 1318
2020-11-18 10:02:31,409:Finished Request
2020-11-18 10:02:31,413:GET http://127.0.0.1:60317/session/025f8ee6e9cf73329f2ee464cf3337c1/element/5dc11360-c8de-48cd-9174-59daf2ed5801/text {"id": "5dc11360-c8de-48cd-9174-59daf2ed5801"}
2020-11-18 10:02:31,442:http://127.0.0.1:60317 "GET /session/025f8ee6e9cf73329f2ee464cf3337c1/element/5dc11360-c8de-48cd-9174-59daf2ed5801/text HTTP/1.1" 200 1318
2020-11-18 10:02:31,442:Finished Request
2020-11-18 10:02:31,442:181Œ–Ú‚ÌŠé‹Æ
2020-11-18 10:02:31,442:GET http://127.0.0.1:60317/session/025f8ee6e9cf73329f2ee464cf3337c1/element/a51aefda-6253-4a89-a90a-59f648ccda7e/text {"id": "a51aefda-6253-4a89-a90a-59f648ccda7e"}
2020-11-18 10:02:31,475:http://127.0.0.1:60317 "GET /session/025f8ee6e9cf73329f2ee464cf3337c1/element/a51aefda-6253-4a89-a90a-59f648ccda7e/text HTTP/1.1" 200 1266
2020-11-18 10:02:31,475:Finished Request
2020-11-18 10:02:31,479:GET http://127.0.0.1:60317/session/025f8ee6e9cf73329f2ee464cf3337c1/element/a51aefda-6253-4a89-a90a-59f648ccda7e/text {"id": "a51aefda-6253-4a89-a90a-59f648ccda7e"}
2020-11-18 10:02:31,525:http://127.0.0.1:60317 "GET /session/025f8ee6e9cf73329f2ee464cf3337c1/element/a51aefda-6253-4a89-a90a-59f648ccda7e/text HTTP/1.1" 200 1266
2020-11-18 10:02:31,526:Finished Request
2020-11-18 10:02:31,526:182Œ–Ú‚ÌŠé‹Æ
2020-11-18 10:02:31,526:GET http://127.0.0.1:60317/session/025f8ee6e9cf73329f2ee464cf3337c1/element/0ecbdd5e-f186-4099-83eb-0f5117fdda33/text {"id": "0ecbdd5e-f186-4099-83eb-0f5117fdda33"}
2020-11-18 10:02:31,564:http://127.0.0.1:60317 "GET /session/025f8ee6e9cf73329f2ee464cf3337c1/element/0ecbdd5e-f186-4099-83eb-0f5117fdda33/text HTTP/1.1" 200 1113
2020-11-18 10:02:31,564:Finished Request
2020-11-18 10:02:31,565:GET http://127.0.0.1:60317/session/025f8ee6e9cf73329f2ee464cf3337c1/element/0ecbdd5e-f186-4099-83eb-0f5117fdda33/text {"id": "0ecbdd5e-f186-4099-83eb-0f5117fdda33"}
2020-11-18 10:02:31,622:http://127.0.0.1:60317 "GET /session/025f8ee6e9cf73329f2ee464cf3337c1/element/0ecbdd5e-f186-4099-83eb-0f5117fdda33/text HTTP/1.1" 200 1113
2020-11-18 10:02:31,622:Finished Request
2020-11-18 10:02:31,622:183Œ–Ú‚ÌŠé‹Æ
2020-11-18 10:02:31,622:GET http://127.0.0.1:60317/session/025f8ee6e9cf73329f2ee464cf3337c1/element/8f81b4de-bcb0-47d0-b333-3d02099ae079/text {"id": "8f81b4de-bcb0-47d0-b333-3d02099ae079"}
2020-11-18 10:02:31,661:http://127.0.0.1:60317 "GET /session/025f8ee6e9cf73329f2ee464cf3337c1/element/8f81b4de-bcb0-47d0-b333-3d02099ae079/text HTTP/1.1" 200 1299
2020-11-18 10:02:31,661:Finished Request
2020-11-18 10:02:31,665:GET http://127.0.0.1:60317/session/025f8ee6e9cf73329f2ee464cf3337c1/element/8f81b4de-bcb0-47d0-b333-3d02099ae079/text {"id": "8f81b4de-bcb0-47d0-b333-3d02099ae079"}
2020-11-18 10:02:31,692:http://127.0.0.1:60317 "GET /session/025f8ee6e9cf73329f2ee464cf3337c1/element/8f81b4de-bcb0-47d0-b333-3d02099ae079/text HTTP/1.1" 200 1299
2020-11-18 10:02:31,693:Finished Request
2020-11-18 10:02:31,693:184Œ–Ú‚ÌŠé‹Æ
2020-11-18 10:02:31,693:GET http://127.0.0.1:60317/session/025f8ee6e9cf73329f2ee464cf3337c1/element/831217c4-a273-4b17-b3a3-6661264a0ba4/text {"id": "831217c4-a273-4b17-b3a3-6661264a0ba4"}
2020-11-18 10:02:31,741:http://127.0.0.1:60317 "GET /session/025f8ee6e9cf73329f2ee464cf3337c1/element/831217c4-a273-4b17-b3a3-6661264a0ba4/text HTTP/1.1" 200 1364
2020-11-18 10:02:31,742:Finished Request
2020-11-18 10:02:31,746:GET http://127.0.0.1:60317/session/025f8ee6e9cf73329f2ee464cf3337c1/element/831217c4-a273-4b17-b3a3-6661264a0ba4/text {"id": "831217c4-a273-4b17-b3a3-6661264a0ba4"}
2020-11-18 10:02:31,786:http://127.0.0.1:60317 "GET /session/025f8ee6e9cf73329f2ee464cf3337c1/element/831217c4-a273-4b17-b3a3-6661264a0ba4/text HTTP/1.1" 200 1364
2020-11-18 10:02:31,786:Finished Request
2020-11-18 10:02:31,786:185Œ–Ú‚ÌŠé‹Æ
2020-11-18 10:02:31,787:GET http://127.0.0.1:60317/session/025f8ee6e9cf73329f2ee464cf3337c1/element/e834cfde-d7de-4861-9bcf-4d5c56786a36/text {"id": "e834cfde-d7de-4861-9bcf-4d5c56786a36"}
2020-11-18 10:02:31,850:http://127.0.0.1:60317 "GET /session/025f8ee6e9cf73329f2ee464cf3337c1/element/e834cfde-d7de-4861-9bcf-4d5c56786a36/text HTTP/1.1" 200 1107
2020-11-18 10:02:31,851:Finished Request
2020-11-18 10:02:31,856:GET http://127.0.0.1:60317/session/025f8ee6e9cf73329f2ee464cf3337c1/element/e834cfde-d7de-4861-9bcf-4d5c56786a36/text {"id": "e834cfde-d7de-4861-9bcf-4d5c56786a36"}
2020-11-18 10:02:31,889:http://127.0.0.1:60317 "GET /session/025f8ee6e9cf73329f2ee464cf3337c1/element/e834cfde-d7de-4861-9bcf-4d5c56786a36/text HTTP/1.1" 200 1107
2020-11-18 10:02:31,889:Finished Request
2020-11-18 10:02:31,889:186Œ–Ú‚ÌŠé‹Æ
2020-11-18 10:02:31,889:GET http://127.0.0.1:60317/session/025f8ee6e9cf73329f2ee464cf3337c1/element/f5bcfe2a-ce47-4118-92ce-6f43490f2b93/text {"id": "f5bcfe2a-ce47-4118-92ce-6f43490f2b93"}
2020-11-18 10:02:31,914:http://127.0.0.1:60317 "GET /session/025f8ee6e9cf73329f2ee464cf3337c1/element/f5bcfe2a-ce47-4118-92ce-6f43490f2b93/text HTTP/1.1" 200 1265
2020-11-18 10:02:31,914:Finished Request
2020-11-18 10:02:31,917:GET http://127.0.0.1:60317/session/025f8ee6e9cf73329f2ee464cf3337c1/element/f5bcfe2a-ce47-4118-92ce-6f43490f2b93/text {"id": "f5bcfe2a-ce47-4118-92ce-6f43490f2b93"}
2020-11-18 10:02:31,941:http://127.0.0.1:60317 "GET /session/025f8ee6e9cf73329f2ee464cf3337c1/element/f5bcfe2a-ce47-4118-92ce-6f43490f2b93/text HTTP/1.1" 200 1265
2020-11-18 10:02:31,941:Finished Request
2020-11-18 10:02:31,941:187Œ–Ú‚ÌŠé‹Æ
2020-11-18 10:02:31,941:GET http://127.0.0.1:60317/session/025f8ee6e9cf73329f2ee464cf3337c1/element/eb3f65c2-8f91-4a94-8915-409c4c0c08e2/text {"id": "eb3f65c2-8f91-4a94-8915-409c4c0c08e2"}
2020-11-18 10:02:31,992:http://127.0.0.1:60317 "GET /session/025f8ee6e9cf73329f2ee464cf3337c1/element/eb3f65c2-8f91-4a94-8915-409c4c0c08e2/text HTTP/1.1" 200 1190
2020-11-18 10:02:31,992:Finished Request
2020-11-18 10:02:31,997:GET http://127.0.0.1:60317/session/025f8ee6e9cf73329f2ee464cf3337c1/element/eb3f65c2-8f91-4a94-8915-409c4c0c08e2/text {"id": "eb3f65c2-8f91-4a94-8915-409c4c0c08e2"}
2020-11-18 10:02:32,042:http://127.0.0.1:60317 "GET /session/025f8ee6e9cf73329f2ee464cf3337c1/element/eb3f65c2-8f91-4a94-8915-409c4c0c08e2/text HTTP/1.1" 200 1190
2020-11-18 10:02:32,042:Finished Request
2020-11-18 10:02:32,042:188Œ–Ú‚ÌŠé‹Æ
2020-11-18 10:02:32,043:GET http://127.0.0.1:60317/session/025f8ee6e9cf73329f2ee464cf3337c1/element/97e4e2c4-5c59-495a-ae99-11481763af4f/text {"id": "97e4e2c4-5c59-495a-ae99-11481763af4f"}
2020-11-18 10:02:32,104:http://127.0.0.1:60317 "GET /session/025f8ee6e9cf73329f2ee464cf3337c1/element/97e4e2c4-5c59-495a-ae99-11481763af4f/text HTTP/1.1" 200 1342
2020-11-18 10:02:32,104:Finished Request
2020-11-18 10:02:32,107:GET http://127.0.0.1:60317/session/025f8ee6e9cf73329f2ee464cf3337c1/element/97e4e2c4-5c59-495a-ae99-11481763af4f/text {"id": "97e4e2c4-5c59-495a-ae99-11481763af4f"}
2020-11-18 10:02:32,152:http://127.0.0.1:60317 "GET /session/025f8ee6e9cf73329f2ee464cf3337c1/element/97e4e2c4-5c59-495a-ae99-11481763af4f/text HTTP/1.1" 200 1342
2020-11-18 10:02:32,152:Finished Request
2020-11-18 10:02:32,152:189Œ–Ú‚ÌŠé‹Æ
2020-11-18 10:02:32,152:GET http://127.0.0.1:60317/session/025f8ee6e9cf73329f2ee464cf3337c1/element/b64f4fc8-9b11-42e4-ad2e-cd4d08dc7beb/text {"id": "b64f4fc8-9b11-42e4-ad2e-cd4d08dc7beb"}
2020-11-18 10:02:32,193:http://127.0.0.1:60317 "GET /session/025f8ee6e9cf73329f2ee464cf3337c1/element/b64f4fc8-9b11-42e4-ad2e-cd4d08dc7beb/text HTTP/1.1" 200 1249
2020-11-18 10:02:32,193:Finished Request
2020-11-18 10:02:32,197:GET http://127.0.0.1:60317/session/025f8ee6e9cf73329f2ee464cf3337c1/element/b64f4fc8-9b11-42e4-ad2e-cd4d08dc7beb/text {"id": "b64f4fc8-9b11-42e4-ad2e-cd4d08dc7beb"}
2020-11-18 10:02:32,219:http://127.0.0.1:60317 "GET /session/025f8ee6e9cf73329f2ee464cf3337c1/element/b64f4fc8-9b11-42e4-ad2e-cd4d08dc7beb/text HTTP/1.1" 200 1249
2020-11-18 10:02:32,219:Finished Request
2020-11-18 10:02:32,219:190Œ–Ú‚ÌŠé‹Æ
2020-11-18 10:02:32,219:GET http://127.0.0.1:60317/session/025f8ee6e9cf73329f2ee464cf3337c1/element/41de546b-7ec3-4b88-a0d2-3de79bb7db8c/text {"id": "41de546b-7ec3-4b88-a0d2-3de79bb7db8c"}
2020-11-18 10:02:32,250:http://127.0.0.1:60317 "GET /session/025f8ee6e9cf73329f2ee464cf3337c1/element/41de546b-7ec3-4b88-a0d2-3de79bb7db8c/text HTTP/1.1" 200 1339
2020-11-18 10:02:32,250:Finished Request
2020-11-18 10:02:32,251:GET http://127.0.0.1:60317/session/025f8ee6e9cf73329f2ee464cf3337c1/element/41de546b-7ec3-4b88-a0d2-3de79bb7db8c/text {"id": "41de546b-7ec3-4b88-a0d2-3de79bb7db8c"}
2020-11-18 10:02:32,282:http://127.0.0.1:60317 "GET /session/025f8ee6e9cf73329f2ee464cf3337c1/element/41de546b-7ec3-4b88-a0d2-3de79bb7db8c/text HTTP/1.1" 200 1339
2020-11-18 10:02:32,282:Finished Request
2020-11-18 10:02:32,282:191Œ–Ú‚ÌŠé‹Æ
2020-11-18 10:02:32,282:GET http://127.0.0.1:60317/session/025f8ee6e9cf73329f2ee464cf3337c1/element/7976b0eb-e4d5-4d6a-ada8-958b9bd8cebc/text {"id": "7976b0eb-e4d5-4d6a-ada8-958b9bd8cebc"}
2020-11-18 10:02:32,339:http://127.0.0.1:60317 "GET /session/025f8ee6e9cf73329f2ee464cf3337c1/element/7976b0eb-e4d5-4d6a-ada8-958b9bd8cebc/text HTTP/1.1" 200 1354
2020-11-18 10:02:32,340:Finished Request
2020-11-18 10:02:32,347:GET http://127.0.0.1:60317/session/025f8ee6e9cf73329f2ee464cf3337c1/element/7976b0eb-e4d5-4d6a-ada8-958b9bd8cebc/text {"id": "7976b0eb-e4d5-4d6a-ada8-958b9bd8cebc"}
2020-11-18 10:02:32,386:http://127.0.0.1:60317 "GET /session/025f8ee6e9cf73329f2ee464cf3337c1/element/7976b0eb-e4d5-4d6a-ada8-958b9bd8cebc/text HTTP/1.1" 200 1354
2020-11-18 10:02:32,386:Finished Request
2020-11-18 10:02:32,386:192Œ–Ú‚ÌŠé‹Æ
2020-11-18 10:02:32,386:GET http://127.0.0.1:60317/session/025f8ee6e9cf73329f2ee464cf3337c1/element/3251df39-fafb-4ec4-8060-edc0ad4aeda6/text {"id": "3251df39-fafb-4ec4-8060-edc0ad4aeda6"}
2020-11-18 10:02:32,415:http://127.0.0.1:60317 "GET /session/025f8ee6e9cf73329f2ee464cf3337c1/element/3251df39-fafb-4ec4-8060-edc0ad4aeda6/text HTTP/1.1" 200 1151
2020-11-18 10:02:32,415:Finished Request
2020-11-18 10:02:32,418:GET http://127.0.0.1:60317/session/025f8ee6e9cf73329f2ee464cf3337c1/element/3251df39-fafb-4ec4-8060-edc0ad4aeda6/text {"id": "3251df39-fafb-4ec4-8060-edc0ad4aeda6"}
2020-11-18 10:02:32,441:http://127.0.0.1:60317 "GET /session/025f8ee6e9cf73329f2ee464cf3337c1/element/3251df39-fafb-4ec4-8060-edc0ad4aeda6/text HTTP/1.1" 200 1151
2020-11-18 10:02:32,441:Finished Request
2020-11-18 10:02:32,441:193Œ–Ú‚ÌŠé‹Æ
2020-11-18 10:02:32,441:GET http://127.0.0.1:60317/session/025f8ee6e9cf73329f2ee464cf3337c1/element/1232fd47-00e5-4dc5-bb26-348d8adbaa36/text {"id": "1232fd47-00e5-4dc5-bb26-348d8adbaa36"}
2020-11-18 10:02:32,485:http://127.0.0.1:60317 "GET /session/025f8ee6e9cf73329f2ee464cf3337c1/element/1232fd47-00e5-4dc5-bb26-348d8adbaa36/text HTTP/1.1" 200 1303
2020-11-18 10:02:32,485:Finished Request
2020-11-18 10:02:32,487:GET http://127.0.0.1:60317/session/025f8ee6e9cf73329f2ee464cf3337c1/element/1232fd47-00e5-4dc5-bb26-348d8adbaa36/text {"id": "1232fd47-00e5-4dc5-bb26-348d8adbaa36"}
2020-11-18 10:02:32,514:http://127.0.0.1:60317 "GET /session/025f8ee6e9cf73329f2ee464cf3337c1/element/1232fd47-00e5-4dc5-bb26-348d8adbaa36/text HTTP/1.1" 200 1303
2020-11-18 10:02:32,514:Finished Request
2020-11-18 10:02:32,514:194Œ–Ú‚ÌŠé‹Æ
2020-11-18 10:02:32,514:GET http://127.0.0.1:60317/session/025f8ee6e9cf73329f2ee464cf3337c1/element/0274d5a6-81e9-44f4-87ee-9af3dd2fc192/text {"id": "0274d5a6-81e9-44f4-87ee-9af3dd2fc192"}
2020-11-18 10:02:32,541:http://127.0.0.1:60317 "GET /session/025f8ee6e9cf73329f2ee464cf3337c1/element/0274d5a6-81e9-44f4-87ee-9af3dd2fc192/text HTTP/1.1" 200 1410
2020-11-18 10:02:32,541:Finished Request
2020-11-18 10:02:32,545:GET http://127.0.0.1:60317/session/025f8ee6e9cf73329f2ee464cf3337c1/element/0274d5a6-81e9-44f4-87ee-9af3dd2fc192/text {"id": "0274d5a6-81e9-44f4-87ee-9af3dd2fc192"}
2020-11-18 10:02:32,569:http://127.0.0.1:60317 "GET /session/025f8ee6e9cf73329f2ee464cf3337c1/element/0274d5a6-81e9-44f4-87ee-9af3dd2fc192/text HTTP/1.1" 200 1410
2020-11-18 10:02:32,569:Finished Request
2020-11-18 10:02:32,569:195Œ–Ú‚ÌŠé‹Æ
2020-11-18 10:02:32,569:GET http://127.0.0.1:60317/session/025f8ee6e9cf73329f2ee464cf3337c1/element/cdaaeb4c-ecac-40df-92d6-6d2adc210c34/text {"id": "cdaaeb4c-ecac-40df-92d6-6d2adc210c34"}
2020-11-18 10:02:32,617:http://127.0.0.1:60317 "GET /session/025f8ee6e9cf73329f2ee464cf3337c1/element/cdaaeb4c-ecac-40df-92d6-6d2adc210c34/text HTTP/1.1" 200 1397
2020-11-18 10:02:32,617:Finished Request
2020-11-18 10:02:32,622:GET http://127.0.0.1:60317/session/025f8ee6e9cf73329f2ee464cf3337c1/element/cdaaeb4c-ecac-40df-92d6-6d2adc210c34/text {"id": "cdaaeb4c-ecac-40df-92d6-6d2adc210c34"}
2020-11-18 10:02:32,647:http://127.0.0.1:60317 "GET /session/025f8ee6e9cf73329f2ee464cf3337c1/element/cdaaeb4c-ecac-40df-92d6-6d2adc210c34/text HTTP/1.1" 200 1397
2020-11-18 10:02:32,647:Finished Request
2020-11-18 10:02:32,647:196Œ–Ú‚ÌŠé‹Æ
2020-11-18 10:02:32,647:GET http://127.0.0.1:60317/session/025f8ee6e9cf73329f2ee464cf3337c1/element/d32d23a6-dd97-4aae-a557-4d5f9d9add75/text {"id": "d32d23a6-dd97-4aae-a557-4d5f9d9add75"}
2020-11-18 10:02:32,679:http://127.0.0.1:60317 "GET /session/025f8ee6e9cf73329f2ee464cf3337c1/element/d32d23a6-dd97-4aae-a557-4d5f9d9add75/text HTTP/1.1" 200 1295
2020-11-18 10:02:32,680:Finished Request
2020-11-18 10:02:32,682:GET http://127.0.0.1:60317/session/025f8ee6e9cf73329f2ee464cf3337c1/element/d32d23a6-dd97-4aae-a557-4d5f9d9add75/text {"id": "d32d23a6-dd97-4aae-a557-4d5f9d9add75"}
2020-11-18 10:02:32,715:http://127.0.0.1:60317 "GET /session/025f8ee6e9cf73329f2ee464cf3337c1/element/d32d23a6-dd97-4aae-a557-4d5f9d9add75/text HTTP/1.1" 200 1295
2020-11-18 10:02:32,715:Finished Request
2020-11-18 10:02:32,715:197Œ–Ú‚ÌŠé‹Æ
2020-11-18 10:02:32,715:GET http://127.0.0.1:60317/session/025f8ee6e9cf73329f2ee464cf3337c1/element/ea6762cc-a089-457d-a736-47be3eeb36bf/text {"id": "ea6762cc-a089-457d-a736-47be3eeb36bf"}
2020-11-18 10:02:32,766:http://127.0.0.1:60317 "GET /session/025f8ee6e9cf73329f2ee464cf3337c1/element/ea6762cc-a089-457d-a736-47be3eeb36bf/text HTTP/1.1" 200 1302
2020-11-18 10:02:32,766:Finished Request
2020-11-18 10:02:32,770:GET http://127.0.0.1:60317/session/025f8ee6e9cf73329f2ee464cf3337c1/element/ea6762cc-a089-457d-a736-47be3eeb36bf/text {"id": "ea6762cc-a089-457d-a736-47be3eeb36bf"}
2020-11-18 10:02:32,790:http://127.0.0.1:60317 "GET /session/025f8ee6e9cf73329f2ee464cf3337c1/element/ea6762cc-a089-457d-a736-47be3eeb36bf/text HTTP/1.1" 200 1302
2020-11-18 10:02:32,790:Finished Request
2020-11-18 10:02:32,790:198Œ–Ú‚ÌŠé‹Æ
2020-11-18 10:02:32,790:GET http://127.0.0.1:60317/session/025f8ee6e9cf73329f2ee464cf3337c1/element/16f12f59-2e5b-405c-91ef-3df0478f391d/text {"id": "16f12f59-2e5b-405c-91ef-3df0478f391d"}
2020-11-18 10:02:32,819:http://127.0.0.1:60317 "GET /session/025f8ee6e9cf73329f2ee464cf3337c1/element/16f12f59-2e5b-405c-91ef-3df0478f391d/text HTTP/1.1" 200 1332
2020-11-18 10:02:32,819:Finished Request
2020-11-18 10:02:32,823:GET http://127.0.0.1:60317/session/025f8ee6e9cf73329f2ee464cf3337c1/element/16f12f59-2e5b-405c-91ef-3df0478f391d/text {"id": "16f12f59-2e5b-405c-91ef-3df0478f391d"}
2020-11-18 10:02:32,851:http://127.0.0.1:60317 "GET /session/025f8ee6e9cf73329f2ee464cf3337c1/element/16f12f59-2e5b-405c-91ef-3df0478f391d/text HTTP/1.1" 200 1332
2020-11-18 10:02:32,851:Finished Request
2020-11-18 10:02:32,851:199Œ–Ú‚ÌŠé‹Æ
2020-11-18 10:02:32,851:GET http://127.0.0.1:60317/session/025f8ee6e9cf73329f2ee464cf3337c1/element/5278024c-edf5-4397-a497-54a76f840cb9/text {"id": "5278024c-edf5-4397-a497-54a76f840cb9"}
2020-11-18 10:02:32,875:http://127.0.0.1:60317 "GET /session/025f8ee6e9cf73329f2ee464cf3337c1/element/5278024c-edf5-4397-a497-54a76f840cb9/text HTTP/1.1" 200 1314
2020-11-18 10:02:32,875:Finished Request
2020-11-18 10:02:32,881:GET http://127.0.0.1:60317/session/025f8ee6e9cf73329f2ee464cf3337c1/element/5278024c-edf5-4397-a497-54a76f840cb9/text {"id": "5278024c-edf5-4397-a497-54a76f840cb9"}
2020-11-18 10:02:32,924:http://127.0.0.1:60317 "GET /session/025f8ee6e9cf73329f2ee464cf3337c1/element/5278024c-edf5-4397-a497-54a76f840cb9/text HTTP/1.1" 200 1314
2020-11-18 10:02:32,925:Finished Request
2020-11-18 10:02:32,925:200Œ–Ú‚ÌŠé‹Æ
2020-11-18 10:02:32,925:POST http://127.0.0.1:60317/session/025f8ee6e9cf73329f2ee464cf3337c1/elements {"using": "css selector", "value": ".iconFont--arrowLeft"}
2020-11-18 10:02:32,936:http://127.0.0.1:60317 "POST /session/025f8ee6e9cf73329f2ee464cf3337c1/elements HTTP/1.1" 200 169
2020-11-18 10:02:32,937:Finished Request
2020-11-18 10:02:32,937:POST http://127.0.0.1:60317/session/025f8ee6e9cf73329f2ee464cf3337c1/execute/sync {"script": "return (function(){return function(){var d=this;function f(a){return\"string\"==typeof a};function h(a,b){this.code=a;this.a=l[a]||m;this.message=b||\"\";a=this.a.replace(/((?:^|\\s+)[a-z])/g,function(a){return a.toUpperCase().replace(/^[\\s\\xa0]+/g,\"\")});b=a.length-5;if(0>b||a.indexOf(\"Error\",b)!=b)a+=\"Error\";this.name=a;a=Error(this.message);a.name=this.name;this.stack=a.stack||\"\"}\n(function(){var a=Error;function b(){}b.prototype=a.prototype;h.b=a.prototype;h.prototype=new b;h.prototype.constructor=h;h.a=function(b,c,g){for(var e=Array(arguments.length-2),k=2;k<arguments.length;k++)e[k-2]=arguments[k];return a.prototype[c].apply(b,e)}})();var m=\"unknown error\",l={15:\"element not selectable\",11:\"element not visible\"};l[31]=m;l[30]=m;l[24]=\"invalid cookie domain\";l[29]=\"invalid element coordinates\";l[12]=\"invalid element state\";l[32]=\"invalid selector\";l[51]=\"invalid selector\";\nl[52]=\"invalid selector\";l[17]=\"javascript error\";l[405]=\"unsupported operation\";l[34]=\"move target out of bounds\";l[27]=\"no such alert\";l[7]=\"no such element\";l[8]=\"no such frame\";l[23]=\"no such window\";l[28]=\"script timeout\";l[33]=\"session not created\";l[10]=\"stale element reference\";l[21]=\"timeout\";l[25]=\"unable to set cookie\";l[26]=\"unexpected alert open\";l[13]=m;l[9]=\"unknown command\";h.prototype.toString=function(){return this.name+\": \"+this.message};var n;a:{var p=d.navigator;if(p){var q=p.userAgent;if(q){n=q;break a}}n=\"\"}function r(a){return-1!=n.indexOf(a)};function t(a,b){for(var e=a.length,c=f(a)?a.split(\"\"):a,g=0;g<e;g++)g in c&&b.call(void 0,c[g],g,a)};function v(){return r(\"iPhone\")&&!r(\"iPod\")&&!r(\"iPad\")};function w(){return(r(\"Chrome\")||r(\"CriOS\"))&&!r(\"Edge\")};var x=r(\"Opera\"),y=r(\"Trident\")||r(\"MSIE\"),z=r(\"Edge\"),A=r(\"Gecko\")&&!(-1!=n.toLowerCase().indexOf(\"webkit\")&&!r(\"Edge\"))&&!(r(\"Trident\")||r(\"MSIE\"))&&!r(\"Edge\"),aa=-1!=n.toLowerCase().indexOf(\"webkit\")&&!r(\"Edge\");function B(){var a=d.document;return a?a.documentMode:void 0}var C;\na:{var D=\"\",E=function(){var a=n;if(A)return/rv\\:([^\\);]+)(\\)|;)/.exec(a);if(z)return/Edge\\/([\\d\\.]+)/.exec(a);if(y)return/\\b(?:MSIE|rv)[: ]([^\\);]+)(\\)|;)/.exec(a);if(aa)return/WebKit\\/(\\S+)/.exec(a);if(x)return/(?:Version)[ \\/]?(\\S+)/.exec(a)}();E&&(D=E?E[1]:\"\");if(y){var F=B();if(null!=F&&F>parseFloat(D)){C=String(F);break a}}C=D}var G;var H=d.document;G=H&&y?B()||(\"CSS1Compat\"==H.compatMode?parseInt(C,10):5):void 0;var ba=r(\"Firefox\"),ca=v()||r(\"iPod\"),da=r(\"iPad\"),I=r(\"Android\")&&!(w()||r(\"Firefox\")||r(\"Opera\")||r(\"Silk\")),ea=w(),J=r(\"Safari\")&&!(w()||r(\"Coast\")||r(\"Opera\")||r(\"Edge\")||r(\"Silk\")||r(\"Android\"))&&!(v()||r(\"iPad\")||r(\"iPod\"));function K(a){return(a=a.exec(n))?a[1]:\"\"}(function(){if(ba)return K(/Firefox\\/([0-9.]+)/);if(y||z||x)return C;if(ea)return v()||r(\"iPad\")||r(\"iPod\")?K(/CriOS\\/([0-9.]+)/):K(/Chrome\\/([0-9.]+)/);if(J&&!(v()||r(\"iPad\")||r(\"iPod\")))return K(/Version\\/([0-9.]+)/);if(ca||da){var a=/Version\\/(\\S+).*Mobile\\/(\\S+)/.exec(n);if(a)return a[1]+\".\"+a[2]}else if(I)return(a=K(/Android\\s+([0-9.]+)/))?a:K(/Version\\/([0-9.]+)/);return\"\"})();var L,M=function(){if(!A)return!1;var a=d.Components;if(!a)return!1;try{if(!a.classes)return!1}catch(g){return!1}var b=a.classes,a=a.interfaces,e=b[\"@mozilla.org/xpcom/version-comparator;1\"].getService(a.nsIVersionComparator),c=b[\"@mozilla.org/xre/app-info;1\"].getService(a.nsIXULAppInfo).version;L=function(a){e.compare(c,\"\"+a)};return!0}(),N=y&&!(8<=Number(G)),fa=y&&!(9<=Number(G));I&&M&&L(2.3);I&&M&&L(4);J&&M&&L(6);var ga={SCRIPT:1,STYLE:1,HEAD:1,IFRAME:1,OBJECT:1},O={IMG:\" \",BR:\"\\n\"};function P(a,b,e){if(!(a.nodeName in ga))if(3==a.nodeType)e?b.push(String(a.nodeValue).replace(/(\\r\\n|\\r|\\n)/g,\"\")):b.push(a.nodeValue);else if(a.nodeName in O)b.push(O[a.nodeName]);else for(a=a.firstChild;a;)P(a,b,e),a=a.nextSibling};function Q(a,b){b=b.toLowerCase();return\"style\"==b?ha(a.style.cssText):N&&\"value\"==b&&R(a,\"INPUT\")?a.value:fa&&!0===a[b]?String(a.getAttribute(b)):(a=a.getAttributeNode(b))&&a.specified?a.value:null}var ia=/[;]+(?=(?:(?:[^\"]*\"){2})*[^\"]*$)(?=(?:(?:[^']*'){2})*[^']*$)(?=(?:[^()]*\\([^()]*\\))*[^()]*$)/;\nfunction ha(a){var b=[];t(a.split(ia),function(a){var c=a.indexOf(\":\");0<c&&(a=[a.slice(0,c),a.slice(c+1)],2==a.length&&b.push(a[0].toLowerCase(),\":\",a[1],\";\"))});b=b.join(\"\");return b=\";\"==b.charAt(b.length-1)?b:b+\";\"}function S(a,b){N&&\"value\"==b&&R(a,\"OPTION\")&&null===Q(a,\"value\")?(b=[],P(a,b,!1),a=b.join(\"\")):a=a[b];return a}function R(a,b){b&&\"string\"!==typeof b&&(b=b.toString());return!!a&&1==a.nodeType&&(!b||a.tagName.toUpperCase()==b)}\nfunction T(a){return R(a,\"OPTION\")?!0:R(a,\"INPUT\")?(a=a.type.toLowerCase(),\"checkbox\"==a||\"radio\"==a):!1};var ja={\"class\":\"className\",readonly:\"readOnly\"},U=\"allowfullscreen allowpaymentrequest allowusermedia async autofocus autoplay checked compact complete controls declare default defaultchecked defaultselected defer disabled ended formnovalidate hidden indeterminate iscontenteditable ismap itemscope loop multiple muted nohref nomodule noresize noshade novalidate nowrap open paused playsinline pubdate readonly required reversed scoped seamless seeking selected truespeed typemustmatch willvalidate\".split(\" \");function V(a,b){var e=null,c=b.toLowerCase();if(\"style\"==c)return(e=a.style)&&!f(e)&&(e=e.cssText),e;if((\"selected\"==c||\"checked\"==c)&&T(a)){if(!T(a))throw new h(15,\"Element is not selectable\");b=\"selected\";e=a.type&&a.type.toLowerCase();if(\"checkbox\"==e||\"radio\"==e)b=\"checked\";return S(a,b)?\"true\":null}var g=R(a,\"A\");if(R(a,\"IMG\")&&\"src\"==c||g&&\"href\"==c)return(e=Q(a,c))&&(e=S(a,c)),e;if(\"spellcheck\"==c){e=Q(a,c);if(null!==e){if(\"false\"==e.toLowerCase())return\"false\";if(\"true\"==e.toLowerCase())return\"true\"}return S(a,\nc)+\"\"}g=ja[b]||b;a:if(f(U))c=f(c)&&1==c.length?U.indexOf(c,0):-1;else{for(var u=0;u<U.length;u++)if(u in U&&U[u]===c){c=u;break a}c=-1}if(0<=c)return(e=null!==Q(a,b)||S(a,g))?\"true\":null;try{var k=S(a,g)}catch(ka){}(c=null==k)||(c=typeof k,c=\"object\"==c&&null!=k||\"function\"==c);c?e=Q(a,b):e=k;return null!=e?e.toString():null}var W=[\"_\"],X=d;W[0]in X||!X.execScript||X.execScript(\"var \"+W[0]);\nfor(var Y;W.length&&(Y=W.shift());){var Z;if(Z=!W.length)Z=void 0!==V;Z?X[Y]=V:X[Y]&&X[Y]!==Object.prototype[Y]?X=X[Y]:X=X[Y]={}};; return this._.apply(null,arguments);}.apply({navigator:typeof window!='undefined'?window.navigator:null,document:typeof window!='undefined'?window.document:null}, arguments);}\n).apply(null, arguments);", "args": [{"ELEMENT": "ea774692-1817-4f18-83b9-cbe72cd1dd8b", "element-6066-11e4-a52e-4f735466cecf": "ea774692-1817-4f18-83b9-cbe72cd1dd8b"}, "href"]}
2020-11-18 10:02:32,947:http://127.0.0.1:60317 "POST /session/025f8ee6e9cf73329f2ee464cf3337c1/execute/sync HTTP/1.1" 200 109
2020-11-18 10:02:32,948:Finished Request
2020-11-18 10:02:32,948:POST http://127.0.0.1:60317/session/025f8ee6e9cf73329f2ee464cf3337c1/url {"url": "https://tenshoku.mynavi.jp/list/kw%E9%AB%98%E5%8F%8E%E5%85%A5/pg5/?jobsearchType=14&searchType=18"}
2020-11-18 10:02:34,321:http://127.0.0.1:60317 "POST /session/025f8ee6e9cf73329f2ee464cf3337c1/url HTTP/1.1" 200 14
2020-11-18 10:02:34,321:Finished Request
2020-11-18 10:02:34,321:POST http://127.0.0.1:60317/session/025f8ee6e9cf73329f2ee464cf3337c1/elements {"using": "css selector", "value": ".cassetteRecruit__content"}
2020-11-18 10:02:34,822:http://127.0.0.1:60317 "POST /session/025f8ee6e9cf73329f2ee464cf3337c1/elements HTTP/1.1" 200 3961
2020-11-18 10:02:34,822:Finished Request
2020-11-18 10:02:34,823:GET http://127.0.0.1:60317/session/025f8ee6e9cf73329f2ee464cf3337c1/element/5d6aa0f9-b8a8-461c-ada2-9e5beff0b36b/text {"id": "5d6aa0f9-b8a8-461c-ada2-9e5beff0b36b"}
2020-11-18 10:02:34,861:http://127.0.0.1:60317 "GET /session/025f8ee6e9cf73329f2ee464cf3337c1/element/5d6aa0f9-b8a8-461c-ada2-9e5beff0b36b/text HTTP/1.1" 200 1320
2020-11-18 10:02:34,861:Finished Request
2020-11-18 10:02:34,866:GET http://127.0.0.1:60317/session/025f8ee6e9cf73329f2ee464cf3337c1/element/5d6aa0f9-b8a8-461c-ada2-9e5beff0b36b/text {"id": "5d6aa0f9-b8a8-461c-ada2-9e5beff0b36b"}
2020-11-18 10:02:34,902:http://127.0.0.1:60317 "GET /session/025f8ee6e9cf73329f2ee464cf3337c1/element/5d6aa0f9-b8a8-461c-ada2-9e5beff0b36b/text HTTP/1.1" 200 1320
2020-11-18 10:02:34,902:Finished Request
2020-11-18 10:02:34,903:201Œ–Ú‚ÌŠé‹Æ
2020-11-18 10:02:34,903:GET http://127.0.0.1:60317/session/025f8ee6e9cf73329f2ee464cf3337c1/element/c8c6c68f-6e41-4585-a5d7-3588a8eeac2b/text {"id": "c8c6c68f-6e41-4585-a5d7-3588a8eeac2b"}
2020-11-18 10:02:34,947:http://127.0.0.1:60317 "GET /session/025f8ee6e9cf73329f2ee464cf3337c1/element/c8c6c68f-6e41-4585-a5d7-3588a8eeac2b/text HTTP/1.1" 200 1408
2020-11-18 10:02:34,947:Finished Request
2020-11-18 10:02:34,949:GET http://127.0.0.1:60317/session/025f8ee6e9cf73329f2ee464cf3337c1/element/c8c6c68f-6e41-4585-a5d7-3588a8eeac2b/text {"id": "c8c6c68f-6e41-4585-a5d7-3588a8eeac2b"}
2020-11-18 10:02:35,002:http://127.0.0.1:60317 "GET /session/025f8ee6e9cf73329f2ee464cf3337c1/element/c8c6c68f-6e41-4585-a5d7-3588a8eeac2b/text HTTP/1.1" 200 1408
2020-11-18 10:02:35,002:Finished Request
2020-11-18 10:02:35,002:202Œ–Ú‚ÌŠé‹Æ
2020-11-18 10:02:35,002:GET http://127.0.0.1:60317/session/025f8ee6e9cf73329f2ee464cf3337c1/element/8d1c0cd2-6184-4298-823c-0f45ae45fcd2/text {"id": "8d1c0cd2-6184-4298-823c-0f45ae45fcd2"}
2020-11-18 10:02:35,047:http://127.0.0.1:60317 "GET /session/025f8ee6e9cf73329f2ee464cf3337c1/element/8d1c0cd2-6184-4298-823c-0f45ae45fcd2/text HTTP/1.1" 200 1332
2020-11-18 10:02:35,048:Finished Request
2020-11-18 10:02:35,052:GET http://127.0.0.1:60317/session/025f8ee6e9cf73329f2ee464cf3337c1/element/8d1c0cd2-6184-4298-823c-0f45ae45fcd2/text {"id": "8d1c0cd2-6184-4298-823c-0f45ae45fcd2"}
2020-11-18 10:02:35,089:http://127.0.0.1:60317 "GET /session/025f8ee6e9cf73329f2ee464cf3337c1/element/8d1c0cd2-6184-4298-823c-0f45ae45fcd2/text HTTP/1.1" 200 1332
2020-11-18 10:02:35,090:Finished Request
2020-11-18 10:02:35,090:203Œ–Ú‚ÌŠé‹Æ
2020-11-18 10:02:35,090:GET http://127.0.0.1:60317/session/025f8ee6e9cf73329f2ee464cf3337c1/element/e45bbb26-e038-4542-bd9f-8f977e54d9e1/text {"id": "e45bbb26-e038-4542-bd9f-8f977e54d9e1"}
2020-11-18 10:02:35,181:http://127.0.0.1:60317 "GET /session/025f8ee6e9cf73329f2ee464cf3337c1/element/e45bbb26-e038-4542-bd9f-8f977e54d9e1/text HTTP/1.1" 200 1160
2020-11-18 10:02:35,183:Finished Request
2020-11-18 10:02:35,187:GET http://127.0.0.1:60317/session/025f8ee6e9cf73329f2ee464cf3337c1/element/e45bbb26-e038-4542-bd9f-8f977e54d9e1/text {"id": "e45bbb26-e038-4542-bd9f-8f977e54d9e1"}
2020-11-18 10:02:35,217:http://127.0.0.1:60317 "GET /session/025f8ee6e9cf73329f2ee464cf3337c1/element/e45bbb26-e038-4542-bd9f-8f977e54d9e1/text HTTP/1.1" 200 1160
2020-11-18 10:02:35,217:Finished Request
2020-11-18 10:02:35,217:204Œ–Ú‚ÌŠé‹Æ
2020-11-18 10:02:35,217:GET http://127.0.0.1:60317/session/025f8ee6e9cf73329f2ee464cf3337c1/element/b87b193c-f5c0-46fb-8315-71e45abe2bb8/text {"id": "b87b193c-f5c0-46fb-8315-71e45abe2bb8"}
2020-11-18 10:02:35,254:http://127.0.0.1:60317 "GET /session/025f8ee6e9cf73329f2ee464cf3337c1/element/b87b193c-f5c0-46fb-8315-71e45abe2bb8/text HTTP/1.1" 200 1313
2020-11-18 10:02:35,254:Finished Request
2020-11-18 10:02:35,255:GET http://127.0.0.1:60317/session/025f8ee6e9cf73329f2ee464cf3337c1/element/b87b193c-f5c0-46fb-8315-71e45abe2bb8/text {"id": "b87b193c-f5c0-46fb-8315-71e45abe2bb8"}
2020-11-18 10:02:35,283:http://127.0.0.1:60317 "GET /session/025f8ee6e9cf73329f2ee464cf3337c1/element/b87b193c-f5c0-46fb-8315-71e45abe2bb8/text HTTP/1.1" 200 1313
2020-11-18 10:02:35,283:Finished Request
2020-11-18 10:02:35,283:205Œ–Ú‚ÌŠé‹Æ
2020-11-18 10:02:35,284:GET http://127.0.0.1:60317/session/025f8ee6e9cf73329f2ee464cf3337c1/element/fdf592bc-72e0-4538-ab3c-22056a2368b3/text {"id": "fdf592bc-72e0-4538-ab3c-22056a2368b3"}
2020-11-18 10:02:35,312:http://127.0.0.1:60317 "GET /session/025f8ee6e9cf73329f2ee464cf3337c1/element/fdf592bc-72e0-4538-ab3c-22056a2368b3/text HTTP/1.1" 200 1304
2020-11-18 10:02:35,312:Finished Request
2020-11-18 10:02:35,316:GET http://127.0.0.1:60317/session/025f8ee6e9cf73329f2ee464cf3337c1/element/fdf592bc-72e0-4538-ab3c-22056a2368b3/text {"id": "fdf592bc-72e0-4538-ab3c-22056a2368b3"}
2020-11-18 10:02:35,340:http://127.0.0.1:60317 "GET /session/025f8ee6e9cf73329f2ee464cf3337c1/element/fdf592bc-72e0-4538-ab3c-22056a2368b3/text HTTP/1.1" 200 1304
2020-11-18 10:02:35,340:Finished Request
2020-11-18 10:02:35,341:206Œ–Ú‚ÌŠé‹Æ
2020-11-18 10:02:35,341:GET http://127.0.0.1:60317/session/025f8ee6e9cf73329f2ee464cf3337c1/element/7ec41bf8-0b50-4c26-9209-65415c0bcc2f/text {"id": "7ec41bf8-0b50-4c26-9209-65415c0bcc2f"}
2020-11-18 10:02:35,372:http://127.0.0.1:60317 "GET /session/025f8ee6e9cf73329f2ee464cf3337c1/element/7ec41bf8-0b50-4c26-9209-65415c0bcc2f/text HTTP/1.1" 200 1332
2020-11-18 10:02:35,373:Finished Request
2020-11-18 10:02:35,376:GET http://127.0.0.1:60317/session/025f8ee6e9cf73329f2ee464cf3337c1/element/7ec41bf8-0b50-4c26-9209-65415c0bcc2f/text {"id": "7ec41bf8-0b50-4c26-9209-65415c0bcc2f"}
2020-11-18 10:02:35,399:http://127.0.0.1:60317 "GET /session/025f8ee6e9cf73329f2ee464cf3337c1/element/7ec41bf8-0b50-4c26-9209-65415c0bcc2f/text HTTP/1.1" 200 1332
2020-11-18 10:02:35,399:Finished Request
2020-11-18 10:02:35,399:207Œ–Ú‚ÌŠé‹Æ
2020-11-18 10:02:35,399:GET http://127.0.0.1:60317/session/025f8ee6e9cf73329f2ee464cf3337c1/element/0168def9-c325-46b6-bf7e-392eca0b3f59/text {"id": "0168def9-c325-46b6-bf7e-392eca0b3f59"}
2020-11-18 10:02:35,445:http://127.0.0.1:60317 "GET /session/025f8ee6e9cf73329f2ee464cf3337c1/element/0168def9-c325-46b6-bf7e-392eca0b3f59/text HTTP/1.1" 200 1197
2020-11-18 10:02:35,445:Finished Request
2020-11-18 10:02:35,449:GET http://127.0.0.1:60317/session/025f8ee6e9cf73329f2ee464cf3337c1/element/0168def9-c325-46b6-bf7e-392eca0b3f59/text {"id": "0168def9-c325-46b6-bf7e-392eca0b3f59"}
2020-11-18 10:02:35,486:http://127.0.0.1:60317 "GET /session/025f8ee6e9cf73329f2ee464cf3337c1/element/0168def9-c325-46b6-bf7e-392eca0b3f59/text HTTP/1.1" 200 1197
2020-11-18 10:02:35,486:Finished Request
2020-11-18 10:02:35,486:208Œ–Ú‚ÌŠé‹Æ
2020-11-18 10:02:35,487:GET http://127.0.0.1:60317/session/025f8ee6e9cf73329f2ee464cf3337c1/element/2b0fd895-5cdc-49d1-85ba-a8043d03a8b0/text {"id": "2b0fd895-5cdc-49d1-85ba-a8043d03a8b0"}
2020-11-18 10:02:35,533:http://127.0.0.1:60317 "GET /session/025f8ee6e9cf73329f2ee464cf3337c1/element/2b0fd895-5cdc-49d1-85ba-a8043d03a8b0/text HTTP/1.1" 200 1349
2020-11-18 10:02:35,533:Finished Request
2020-11-18 10:02:35,536:GET http://127.0.0.1:60317/session/025f8ee6e9cf73329f2ee464cf3337c1/element/2b0fd895-5cdc-49d1-85ba-a8043d03a8b0/text {"id": "2b0fd895-5cdc-49d1-85ba-a8043d03a8b0"}
2020-11-18 10:02:35,592:http://127.0.0.1:60317 "GET /session/025f8ee6e9cf73329f2ee464cf3337c1/element/2b0fd895-5cdc-49d1-85ba-a8043d03a8b0/text HTTP/1.1" 200 1349
2020-11-18 10:02:35,593:Finished Request
2020-11-18 10:02:35,593:209Œ–Ú‚ÌŠé‹Æ
2020-11-18 10:02:35,593:GET http://127.0.0.1:60317/session/025f8ee6e9cf73329f2ee464cf3337c1/element/8bb1add3-9285-4ff5-9f8c-6c7dad2c9ee7/text {"id": "8bb1add3-9285-4ff5-9f8c-6c7dad2c9ee7"}
2020-11-18 10:02:35,641:http://127.0.0.1:60317 "GET /session/025f8ee6e9cf73329f2ee464cf3337c1/element/8bb1add3-9285-4ff5-9f8c-6c7dad2c9ee7/text HTTP/1.1" 200 1319
2020-11-18 10:02:35,641:Finished Request
2020-11-18 10:02:35,645:GET http://127.0.0.1:60317/session/025f8ee6e9cf73329f2ee464cf3337c1/element/8bb1add3-9285-4ff5-9f8c-6c7dad2c9ee7/text {"id": "8bb1add3-9285-4ff5-9f8c-6c7dad2c9ee7"}
2020-11-18 10:02:35,677:http://127.0.0.1:60317 "GET /session/025f8ee6e9cf73329f2ee464cf3337c1/element/8bb1add3-9285-4ff5-9f8c-6c7dad2c9ee7/text HTTP/1.1" 200 1319
2020-11-18 10:02:35,678:Finished Request
2020-11-18 10:02:35,678:210Œ–Ú‚ÌŠé‹Æ
2020-11-18 10:02:35,678:GET http://127.0.0.1:60317/session/025f8ee6e9cf73329f2ee464cf3337c1/element/3a4f4f0f-4d6b-4436-b534-54f2b1dea0f9/text {"id": "3a4f4f0f-4d6b-4436-b534-54f2b1dea0f9"}
2020-11-18 10:02:35,721:http://127.0.0.1:60317 "GET /session/025f8ee6e9cf73329f2ee464cf3337c1/element/3a4f4f0f-4d6b-4436-b534-54f2b1dea0f9/text HTTP/1.1" 200 1409
2020-11-18 10:02:35,722:Finished Request
2020-11-18 10:02:35,729:GET http://127.0.0.1:60317/session/025f8ee6e9cf73329f2ee464cf3337c1/element/3a4f4f0f-4d6b-4436-b534-54f2b1dea0f9/text {"id": "3a4f4f0f-4d6b-4436-b534-54f2b1dea0f9"}
2020-11-18 10:02:35,782:http://127.0.0.1:60317 "GET /session/025f8ee6e9cf73329f2ee464cf3337c1/element/3a4f4f0f-4d6b-4436-b534-54f2b1dea0f9/text HTTP/1.1" 200 1409
2020-11-18 10:02:35,783:Finished Request
2020-11-18 10:02:35,783:211Œ–Ú‚ÌŠé‹Æ
2020-11-18 10:02:35,783:GET http://127.0.0.1:60317/session/025f8ee6e9cf73329f2ee464cf3337c1/element/d1591129-dc8c-4669-80b0-cb8b66363f7a/text {"id": "d1591129-dc8c-4669-80b0-cb8b66363f7a"}
2020-11-18 10:02:35,830:http://127.0.0.1:60317 "GET /session/025f8ee6e9cf73329f2ee464cf3337c1/element/d1591129-dc8c-4669-80b0-cb8b66363f7a/text HTTP/1.1" 200 1080
2020-11-18 10:02:35,831:Finished Request
2020-11-18 10:02:35,834:GET http://127.0.0.1:60317/session/025f8ee6e9cf73329f2ee464cf3337c1/element/d1591129-dc8c-4669-80b0-cb8b66363f7a/text {"id": "d1591129-dc8c-4669-80b0-cb8b66363f7a"}
2020-11-18 10:02:35,866:http://127.0.0.1:60317 "GET /session/025f8ee6e9cf73329f2ee464cf3337c1/element/d1591129-dc8c-4669-80b0-cb8b66363f7a/text HTTP/1.1" 200 1080
2020-11-18 10:02:35,867:Finished Request
2020-11-18 10:02:35,867:212Œ–Ú‚ÌŠé‹Æ
2020-11-18 10:02:35,867:GET http://127.0.0.1:60317/session/025f8ee6e9cf73329f2ee464cf3337c1/element/9dd96663-41ca-4109-9a7e-e53451391d6f/text {"id": "9dd96663-41ca-4109-9a7e-e53451391d6f"}
2020-11-18 10:02:35,903:http://127.0.0.1:60317 "GET /session/025f8ee6e9cf73329f2ee464cf3337c1/element/9dd96663-41ca-4109-9a7e-e53451391d6f/text HTTP/1.1" 200 1359
2020-11-18 10:02:35,903:Finished Request
2020-11-18 10:02:35,905:GET http://127.0.0.1:60317/session/025f8ee6e9cf73329f2ee464cf3337c1/element/9dd96663-41ca-4109-9a7e-e53451391d6f/text {"id": "9dd96663-41ca-4109-9a7e-e53451391d6f"}
2020-11-18 10:02:35,953:http://127.0.0.1:60317 "GET /session/025f8ee6e9cf73329f2ee464cf3337c1/element/9dd96663-41ca-4109-9a7e-e53451391d6f/text HTTP/1.1" 200 1359
2020-11-18 10:02:35,953:Finished Request
2020-11-18 10:02:35,953:213Œ–Ú‚ÌŠé‹Æ
2020-11-18 10:02:35,954:GET http://127.0.0.1:60317/session/025f8ee6e9cf73329f2ee464cf3337c1/element/64f2142d-05ef-4b70-9b3a-ed81c858f8e5/text {"id": "64f2142d-05ef-4b70-9b3a-ed81c858f8e5"}
2020-11-18 10:02:36,005:http://127.0.0.1:60317 "GET /session/025f8ee6e9cf73329f2ee464cf3337c1/element/64f2142d-05ef-4b70-9b3a-ed81c858f8e5/text HTTP/1.1" 200 1431
2020-11-18 10:02:36,005:Finished Request
2020-11-18 10:02:36,013:GET http://127.0.0.1:60317/session/025f8ee6e9cf73329f2ee464cf3337c1/element/64f2142d-05ef-4b70-9b3a-ed81c858f8e5/text {"id": "64f2142d-05ef-4b70-9b3a-ed81c858f8e5"}
2020-11-18 10:02:36,064:http://127.0.0.1:60317 "GET /session/025f8ee6e9cf73329f2ee464cf3337c1/element/64f2142d-05ef-4b70-9b3a-ed81c858f8e5/text HTTP/1.1" 200 1431
2020-11-18 10:02:36,064:Finished Request
2020-11-18 10:02:36,064:214Œ–Ú‚ÌŠé‹Æ
2020-11-18 10:02:36,064:GET http://127.0.0.1:60317/session/025f8ee6e9cf73329f2ee464cf3337c1/element/4a349e23-f866-4845-a7b4-ef70c7346244/text {"id": "4a349e23-f866-4845-a7b4-ef70c7346244"}
2020-11-18 10:02:36,116:http://127.0.0.1:60317 "GET /session/025f8ee6e9cf73329f2ee464cf3337c1/element/4a349e23-f866-4845-a7b4-ef70c7346244/text HTTP/1.1" 200 1353
2020-11-18 10:02:36,116:Finished Request
2020-11-18 10:02:36,121:GET http://127.0.0.1:60317/session/025f8ee6e9cf73329f2ee464cf3337c1/element/4a349e23-f866-4845-a7b4-ef70c7346244/text {"id": "4a349e23-f866-4845-a7b4-ef70c7346244"}
2020-11-18 10:02:36,151:http://127.0.0.1:60317 "GET /session/025f8ee6e9cf73329f2ee464cf3337c1/element/4a349e23-f866-4845-a7b4-ef70c7346244/text HTTP/1.1" 200 1353
2020-11-18 10:02:36,151:Finished Request
2020-11-18 10:02:36,151:215Œ–Ú‚ÌŠé‹Æ
2020-11-18 10:02:36,151:GET http://127.0.0.1:60317/session/025f8ee6e9cf73329f2ee464cf3337c1/element/98202da9-1fb9-4379-9285-2e200b4f77ac/text {"id": "98202da9-1fb9-4379-9285-2e200b4f77ac"}
2020-11-18 10:02:36,201:http://127.0.0.1:60317 "GET /session/025f8ee6e9cf73329f2ee464cf3337c1/element/98202da9-1fb9-4379-9285-2e200b4f77ac/text HTTP/1.1" 200 1357
2020-11-18 10:02:36,201:Finished Request
2020-11-18 10:02:36,202:GET http://127.0.0.1:60317/session/025f8ee6e9cf73329f2ee464cf3337c1/element/98202da9-1fb9-4379-9285-2e200b4f77ac/text {"id": "98202da9-1fb9-4379-9285-2e200b4f77ac"}
2020-11-18 10:02:36,242:http://127.0.0.1:60317 "GET /session/025f8ee6e9cf73329f2ee464cf3337c1/element/98202da9-1fb9-4379-9285-2e200b4f77ac/text HTTP/1.1" 200 1357
2020-11-18 10:02:36,243:Finished Request
2020-11-18 10:02:36,243:216Œ–Ú‚ÌŠé‹Æ
2020-11-18 10:02:36,243:GET http://127.0.0.1:60317/session/025f8ee6e9cf73329f2ee464cf3337c1/element/be5940a2-05b5-489e-ba92-4b4bc21df8db/text {"id": "be5940a2-05b5-489e-ba92-4b4bc21df8db"}
2020-11-18 10:02:36,290:http://127.0.0.1:60317 "GET /session/025f8ee6e9cf73329f2ee464cf3337c1/element/be5940a2-05b5-489e-ba92-4b4bc21df8db/text HTTP/1.1" 200 1390
2020-11-18 10:02:36,291:Finished Request
2020-11-18 10:02:36,294:GET http://127.0.0.1:60317/session/025f8ee6e9cf73329f2ee464cf3337c1/element/be5940a2-05b5-489e-ba92-4b4bc21df8db/text {"id": "be5940a2-05b5-489e-ba92-4b4bc21df8db"}
2020-11-18 10:02:36,355:http://127.0.0.1:60317 "GET /session/025f8ee6e9cf73329f2ee464cf3337c1/element/be5940a2-05b5-489e-ba92-4b4bc21df8db/text HTTP/1.1" 200 1390
2020-11-18 10:02:36,356:Finished Request
2020-11-18 10:02:36,356:217Œ–Ú‚ÌŠé‹Æ
2020-11-18 10:02:36,356:GET http://127.0.0.1:60317/session/025f8ee6e9cf73329f2ee464cf3337c1/element/770bbb46-7626-4ce7-8de0-79a15030f5a7/text {"id": "770bbb46-7626-4ce7-8de0-79a15030f5a7"}
2020-11-18 10:02:36,460:http://127.0.0.1:60317 "GET /session/025f8ee6e9cf73329f2ee464cf3337c1/element/770bbb46-7626-4ce7-8de0-79a15030f5a7/text HTTP/1.1" 200 1283
2020-11-18 10:02:36,460:Finished Request
2020-11-18 10:02:36,465:GET http://127.0.0.1:60317/session/025f8ee6e9cf73329f2ee464cf3337c1/element/770bbb46-7626-4ce7-8de0-79a15030f5a7/text {"id": "770bbb46-7626-4ce7-8de0-79a15030f5a7"}
2020-11-18 10:02:36,513:http://127.0.0.1:60317 "GET /session/025f8ee6e9cf73329f2ee464cf3337c1/element/770bbb46-7626-4ce7-8de0-79a15030f5a7/text HTTP/1.1" 200 1283
2020-11-18 10:02:36,513:Finished Request
2020-11-18 10:02:36,513:218Œ–Ú‚ÌŠé‹Æ
2020-11-18 10:02:36,514:GET http://127.0.0.1:60317/session/025f8ee6e9cf73329f2ee464cf3337c1/element/42cc324b-cf83-4207-b552-ac755a6bfa81/text {"id": "42cc324b-cf83-4207-b552-ac755a6bfa81"}
2020-11-18 10:02:36,557:http://127.0.0.1:60317 "GET /session/025f8ee6e9cf73329f2ee464cf3337c1/element/42cc324b-cf83-4207-b552-ac755a6bfa81/text HTTP/1.1" 200 1434
2020-11-18 10:02:36,557:Finished Request
2020-11-18 10:02:36,562:GET http://127.0.0.1:60317/session/025f8ee6e9cf73329f2ee464cf3337c1/element/42cc324b-cf83-4207-b552-ac755a6bfa81/text {"id": "42cc324b-cf83-4207-b552-ac755a6bfa81"}
2020-11-18 10:02:36,605:http://127.0.0.1:60317 "GET /session/025f8ee6e9cf73329f2ee464cf3337c1/element/42cc324b-cf83-4207-b552-ac755a6bfa81/text HTTP/1.1" 200 1434
2020-11-18 10:02:36,605:Finished Request
2020-11-18 10:02:36,606:219Œ–Ú‚ÌŠé‹Æ
2020-11-18 10:02:36,606:GET http://127.0.0.1:60317/session/025f8ee6e9cf73329f2ee464cf3337c1/element/fab7c7a8-45b5-443e-8144-67e5a27f17cd/text {"id": "fab7c7a8-45b5-443e-8144-67e5a27f17cd"}
2020-11-18 10:02:36,646:http://127.0.0.1:60317 "GET /session/025f8ee6e9cf73329f2ee464cf3337c1/element/fab7c7a8-45b5-443e-8144-67e5a27f17cd/text HTTP/1.1" 200 1308
2020-11-18 10:02:36,646:Finished Request
2020-11-18 10:02:36,650:GET http://127.0.0.1:60317/session/025f8ee6e9cf73329f2ee464cf3337c1/element/fab7c7a8-45b5-443e-8144-67e5a27f17cd/text {"id": "fab7c7a8-45b5-443e-8144-67e5a27f17cd"}
2020-11-18 10:02:36,675:http://127.0.0.1:60317 "GET /session/025f8ee6e9cf73329f2ee464cf3337c1/element/fab7c7a8-45b5-443e-8144-67e5a27f17cd/text HTTP/1.1" 200 1308
2020-11-18 10:02:36,675:Finished Request
2020-11-18 10:02:36,675:220Œ–Ú‚ÌŠé‹Æ
2020-11-18 10:02:36,675:GET http://127.0.0.1:60317/session/025f8ee6e9cf73329f2ee464cf3337c1/element/c5ead4d3-c3ee-4567-8768-9365b1b2b6dc/text {"id": "c5ead4d3-c3ee-4567-8768-9365b1b2b6dc"}
2020-11-18 10:02:36,702:http://127.0.0.1:60317 "GET /session/025f8ee6e9cf73329f2ee464cf3337c1/element/c5ead4d3-c3ee-4567-8768-9365b1b2b6dc/text HTTP/1.1" 200 1371
2020-11-18 10:02:36,703:Finished Request
2020-11-18 10:02:36,707:GET http://127.0.0.1:60317/session/025f8ee6e9cf73329f2ee464cf3337c1/element/c5ead4d3-c3ee-4567-8768-9365b1b2b6dc/text {"id": "c5ead4d3-c3ee-4567-8768-9365b1b2b6dc"}
2020-11-18 10:02:36,730:http://127.0.0.1:60317 "GET /session/025f8ee6e9cf73329f2ee464cf3337c1/element/c5ead4d3-c3ee-4567-8768-9365b1b2b6dc/text HTTP/1.1" 200 1371
2020-11-18 10:02:36,731:Finished Request
2020-11-18 10:02:36,731:221Œ–Ú‚ÌŠé‹Æ
2020-11-18 10:02:36,731:GET http://127.0.0.1:60317/session/025f8ee6e9cf73329f2ee464cf3337c1/element/cfcbf4d5-ded1-44b0-a7d9-c65ec219c1d8/text {"id": "cfcbf4d5-ded1-44b0-a7d9-c65ec219c1d8"}
2020-11-18 10:02:36,759:http://127.0.0.1:60317 "GET /session/025f8ee6e9cf73329f2ee464cf3337c1/element/cfcbf4d5-ded1-44b0-a7d9-c65ec219c1d8/text HTTP/1.1" 200 1333
2020-11-18 10:02:36,759:Finished Request
2020-11-18 10:02:36,764:GET http://127.0.0.1:60317/session/025f8ee6e9cf73329f2ee464cf3337c1/element/cfcbf4d5-ded1-44b0-a7d9-c65ec219c1d8/text {"id": "cfcbf4d5-ded1-44b0-a7d9-c65ec219c1d8"}
2020-11-18 10:02:36,813:http://127.0.0.1:60317 "GET /session/025f8ee6e9cf73329f2ee464cf3337c1/element/cfcbf4d5-ded1-44b0-a7d9-c65ec219c1d8/text HTTP/1.1" 200 1333
2020-11-18 10:02:36,814:Finished Request
2020-11-18 10:02:36,814:222Œ–Ú‚ÌŠé‹Æ
2020-11-18 10:02:36,814:GET http://127.0.0.1:60317/session/025f8ee6e9cf73329f2ee464cf3337c1/element/f25138f4-05fd-44fe-be60-60d8c00404d4/text {"id": "f25138f4-05fd-44fe-be60-60d8c00404d4"}
2020-11-18 10:02:36,867:http://127.0.0.1:60317 "GET /session/025f8ee6e9cf73329f2ee464cf3337c1/element/f25138f4-05fd-44fe-be60-60d8c00404d4/text HTTP/1.1" 200 1313
2020-11-18 10:02:36,868:Finished Request
2020-11-18 10:02:36,873:GET http://127.0.0.1:60317/session/025f8ee6e9cf73329f2ee464cf3337c1/element/f25138f4-05fd-44fe-be60-60d8c00404d4/text {"id": "f25138f4-05fd-44fe-be60-60d8c00404d4"}
2020-11-18 10:02:36,899:http://127.0.0.1:60317 "GET /session/025f8ee6e9cf73329f2ee464cf3337c1/element/f25138f4-05fd-44fe-be60-60d8c00404d4/text HTTP/1.1" 200 1313
2020-11-18 10:02:36,899:Finished Request
2020-11-18 10:02:36,899:223Œ–Ú‚ÌŠé‹Æ
2020-11-18 10:02:36,899:GET http://127.0.0.1:60317/session/025f8ee6e9cf73329f2ee464cf3337c1/element/f73fd1f4-177e-48ab-8a46-718c79b3f834/text {"id": "f73fd1f4-177e-48ab-8a46-718c79b3f834"}
2020-11-18 10:02:36,929:http://127.0.0.1:60317 "GET /session/025f8ee6e9cf73329f2ee464cf3337c1/element/f73fd1f4-177e-48ab-8a46-718c79b3f834/text HTTP/1.1" 200 1316
2020-11-18 10:02:36,929:Finished Request
2020-11-18 10:02:36,933:GET http://127.0.0.1:60317/session/025f8ee6e9cf73329f2ee464cf3337c1/element/f73fd1f4-177e-48ab-8a46-718c79b3f834/text {"id": "f73fd1f4-177e-48ab-8a46-718c79b3f834"}
2020-11-18 10:02:36,955:http://127.0.0.1:60317 "GET /session/025f8ee6e9cf73329f2ee464cf3337c1/element/f73fd1f4-177e-48ab-8a46-718c79b3f834/text HTTP/1.1" 200 1316
2020-11-18 10:02:36,955:Finished Request
2020-11-18 10:02:36,955:224Œ–Ú‚ÌŠé‹Æ
2020-11-18 10:02:36,955:GET http://127.0.0.1:60317/session/025f8ee6e9cf73329f2ee464cf3337c1/element/f463382f-fcac-4de0-8db7-0dea8928cda9/text {"id": "f463382f-fcac-4de0-8db7-0dea8928cda9"}
2020-11-18 10:02:36,990:http://127.0.0.1:60317 "GET /session/025f8ee6e9cf73329f2ee464cf3337c1/element/f463382f-fcac-4de0-8db7-0dea8928cda9/text HTTP/1.1" 200 1432
2020-11-18 10:02:36,991:Finished Request
2020-11-18 10:02:36,996:GET http://127.0.0.1:60317/session/025f8ee6e9cf73329f2ee464cf3337c1/element/f463382f-fcac-4de0-8db7-0dea8928cda9/text {"id": "f463382f-fcac-4de0-8db7-0dea8928cda9"}
2020-11-18 10:02:37,032:http://127.0.0.1:60317 "GET /session/025f8ee6e9cf73329f2ee464cf3337c1/element/f463382f-fcac-4de0-8db7-0dea8928cda9/text HTTP/1.1" 200 1432
2020-11-18 10:02:37,033:Finished Request
2020-11-18 10:02:37,033:225Œ–Ú‚ÌŠé‹Æ
2020-11-18 10:02:37,033:GET http://127.0.0.1:60317/session/025f8ee6e9cf73329f2ee464cf3337c1/element/93af1a3b-5bae-4687-aa3d-c629fcf48f64/text {"id": "93af1a3b-5bae-4687-aa3d-c629fcf48f64"}
2020-11-18 10:02:37,088:http://127.0.0.1:60317 "GET /session/025f8ee6e9cf73329f2ee464cf3337c1/element/93af1a3b-5bae-4687-aa3d-c629fcf48f64/text HTTP/1.1" 200 1393
2020-11-18 10:02:37,089:Finished Request
2020-11-18 10:02:37,096:GET http://127.0.0.1:60317/session/025f8ee6e9cf73329f2ee464cf3337c1/element/93af1a3b-5bae-4687-aa3d-c629fcf48f64/text {"id": "93af1a3b-5bae-4687-aa3d-c629fcf48f64"}
2020-11-18 10:02:37,146:http://127.0.0.1:60317 "GET /session/025f8ee6e9cf73329f2ee464cf3337c1/element/93af1a3b-5bae-4687-aa3d-c629fcf48f64/text HTTP/1.1" 200 1393
2020-11-18 10:02:37,147:Finished Request
2020-11-18 10:02:37,147:226Œ–Ú‚ÌŠé‹Æ
2020-11-18 10:02:37,147:GET http://127.0.0.1:60317/session/025f8ee6e9cf73329f2ee464cf3337c1/element/9bde0b50-9d61-491b-841d-5551580e9899/text {"id": "9bde0b50-9d61-491b-841d-5551580e9899"}
2020-11-18 10:02:37,203:http://127.0.0.1:60317 "GET /session/025f8ee6e9cf73329f2ee464cf3337c1/element/9bde0b50-9d61-491b-841d-5551580e9899/text HTTP/1.1" 200 1307
2020-11-18 10:02:37,204:Finished Request
2020-11-18 10:02:37,208:GET http://127.0.0.1:60317/session/025f8ee6e9cf73329f2ee464cf3337c1/element/9bde0b50-9d61-491b-841d-5551580e9899/text {"id": "9bde0b50-9d61-491b-841d-5551580e9899"}
2020-11-18 10:02:37,264:http://127.0.0.1:60317 "GET /session/025f8ee6e9cf73329f2ee464cf3337c1/element/9bde0b50-9d61-491b-841d-5551580e9899/text HTTP/1.1" 200 1307
2020-11-18 10:02:37,265:Finished Request
2020-11-18 10:02:37,265:227Œ–Ú‚ÌŠé‹Æ
2020-11-18 10:02:37,265:GET http://127.0.0.1:60317/session/025f8ee6e9cf73329f2ee464cf3337c1/element/5fb16b7e-964f-4943-aa5f-cb982650ee9c/text {"id": "5fb16b7e-964f-4943-aa5f-cb982650ee9c"}
2020-11-18 10:02:37,321:http://127.0.0.1:60317 "GET /session/025f8ee6e9cf73329f2ee464cf3337c1/element/5fb16b7e-964f-4943-aa5f-cb982650ee9c/text HTTP/1.1" 200 1403
2020-11-18 10:02:37,321:Finished Request
2020-11-18 10:02:37,323:GET http://127.0.0.1:60317/session/025f8ee6e9cf73329f2ee464cf3337c1/element/5fb16b7e-964f-4943-aa5f-cb982650ee9c/text {"id": "5fb16b7e-964f-4943-aa5f-cb982650ee9c"}
2020-11-18 10:02:37,355:http://127.0.0.1:60317 "GET /session/025f8ee6e9cf73329f2ee464cf3337c1/element/5fb16b7e-964f-4943-aa5f-cb982650ee9c/text HTTP/1.1" 200 1403
2020-11-18 10:02:37,356:Finished Request
2020-11-18 10:02:37,356:228Œ–Ú‚ÌŠé‹Æ
2020-11-18 10:02:37,356:GET http://127.0.0.1:60317/session/025f8ee6e9cf73329f2ee464cf3337c1/element/29fe2085-4fc0-474c-ad23-b3095cd1e7ac/text {"id": "29fe2085-4fc0-474c-ad23-b3095cd1e7ac"}
2020-11-18 10:02:37,410:http://127.0.0.1:60317 "GET /session/025f8ee6e9cf73329f2ee464cf3337c1/element/29fe2085-4fc0-474c-ad23-b3095cd1e7ac/text HTTP/1.1" 200 1384
2020-11-18 10:02:37,411:Finished Request
2020-11-18 10:02:37,414:GET http://127.0.0.1:60317/session/025f8ee6e9cf73329f2ee464cf3337c1/element/29fe2085-4fc0-474c-ad23-b3095cd1e7ac/text {"id": "29fe2085-4fc0-474c-ad23-b3095cd1e7ac"}
2020-11-18 10:02:37,466:http://127.0.0.1:60317 "GET /session/025f8ee6e9cf73329f2ee464cf3337c1/element/29fe2085-4fc0-474c-ad23-b3095cd1e7ac/text HTTP/1.1" 200 1384
2020-11-18 10:02:37,466:Finished Request
2020-11-18 10:02:37,466:229Œ–Ú‚ÌŠé‹Æ
2020-11-18 10:02:37,466:GET http://127.0.0.1:60317/session/025f8ee6e9cf73329f2ee464cf3337c1/element/4ecdb214-acf9-45c5-9d1e-16fc34b3bf08/text {"id": "4ecdb214-acf9-45c5-9d1e-16fc34b3bf08"}
2020-11-18 10:02:37,522:http://127.0.0.1:60317 "GET /session/025f8ee6e9cf73329f2ee464cf3337c1/element/4ecdb214-acf9-45c5-9d1e-16fc34b3bf08/text HTTP/1.1" 200 1324
2020-11-18 10:02:37,523:Finished Request
2020-11-18 10:02:37,527:GET http://127.0.0.1:60317/session/025f8ee6e9cf73329f2ee464cf3337c1/element/4ecdb214-acf9-45c5-9d1e-16fc34b3bf08/text {"id": "4ecdb214-acf9-45c5-9d1e-16fc34b3bf08"}
2020-11-18 10:02:37,579:http://127.0.0.1:60317 "GET /session/025f8ee6e9cf73329f2ee464cf3337c1/element/4ecdb214-acf9-45c5-9d1e-16fc34b3bf08/text HTTP/1.1" 200 1324
2020-11-18 10:02:37,579:Finished Request
2020-11-18 10:02:37,580:230Œ–Ú‚ÌŠé‹Æ
2020-11-18 10:02:37,580:GET http://127.0.0.1:60317/session/025f8ee6e9cf73329f2ee464cf3337c1/element/8cb09295-621d-4fa3-ab3d-45b2a59a00ae/text {"id": "8cb09295-621d-4fa3-ab3d-45b2a59a00ae"}
2020-11-18 10:02:37,627:http://127.0.0.1:60317 "GET /session/025f8ee6e9cf73329f2ee464cf3337c1/element/8cb09295-621d-4fa3-ab3d-45b2a59a00ae/text HTTP/1.1" 200 1359
2020-11-18 10:02:37,627:Finished Request
2020-11-18 10:02:37,630:GET http://127.0.0.1:60317/session/025f8ee6e9cf73329f2ee464cf3337c1/element/8cb09295-621d-4fa3-ab3d-45b2a59a00ae/text {"id": "8cb09295-621d-4fa3-ab3d-45b2a59a00ae"}
2020-11-18 10:02:37,666:http://127.0.0.1:60317 "GET /session/025f8ee6e9cf73329f2ee464cf3337c1/element/8cb09295-621d-4fa3-ab3d-45b2a59a00ae/text HTTP/1.1" 200 1359
2020-11-18 10:02:37,666:Finished Request
2020-11-18 10:02:37,666:231Œ–Ú‚ÌŠé‹Æ
2020-11-18 10:02:37,666:GET http://127.0.0.1:60317/session/025f8ee6e9cf73329f2ee464cf3337c1/element/eae55eba-238f-4669-8b46-7db4371f053d/text {"id": "eae55eba-238f-4669-8b46-7db4371f053d"}
2020-11-18 10:02:37,717:http://127.0.0.1:60317 "GET /session/025f8ee6e9cf73329f2ee464cf3337c1/element/eae55eba-238f-4669-8b46-7db4371f053d/text HTTP/1.1" 200 1368
2020-11-18 10:02:37,718:Finished Request
2020-11-18 10:02:37,723:GET http://127.0.0.1:60317/session/025f8ee6e9cf73329f2ee464cf3337c1/element/eae55eba-238f-4669-8b46-7db4371f053d/text {"id": "eae55eba-238f-4669-8b46-7db4371f053d"}
2020-11-18 10:02:37,758:http://127.0.0.1:60317 "GET /session/025f8ee6e9cf73329f2ee464cf3337c1/element/eae55eba-238f-4669-8b46-7db4371f053d/text HTTP/1.1" 200 1368
2020-11-18 10:02:37,758:Finished Request
2020-11-18 10:02:37,758:232Œ–Ú‚ÌŠé‹Æ
2020-11-18 10:02:37,758:GET http://127.0.0.1:60317/session/025f8ee6e9cf73329f2ee464cf3337c1/element/e55515ac-3179-4c60-bfe0-81cc76ed69da/text {"id": "e55515ac-3179-4c60-bfe0-81cc76ed69da"}
2020-11-18 10:02:37,801:http://127.0.0.1:60317 "GET /session/025f8ee6e9cf73329f2ee464cf3337c1/element/e55515ac-3179-4c60-bfe0-81cc76ed69da/text HTTP/1.1" 200 1371
2020-11-18 10:02:37,801:Finished Request
2020-11-18 10:02:37,804:GET http://127.0.0.1:60317/session/025f8ee6e9cf73329f2ee464cf3337c1/element/e55515ac-3179-4c60-bfe0-81cc76ed69da/text {"id": "e55515ac-3179-4c60-bfe0-81cc76ed69da"}
2020-11-18 10:02:37,831:http://127.0.0.1:60317 "GET /session/025f8ee6e9cf73329f2ee464cf3337c1/element/e55515ac-3179-4c60-bfe0-81cc76ed69da/text HTTP/1.1" 200 1371
2020-11-18 10:02:37,831:Finished Request
2020-11-18 10:02:37,831:233Œ–Ú‚ÌŠé‹Æ
2020-11-18 10:02:37,831:GET http://127.0.0.1:60317/session/025f8ee6e9cf73329f2ee464cf3337c1/element/eab44daa-9e9e-4753-964b-85a103638673/text {"id": "eab44daa-9e9e-4753-964b-85a103638673"}
2020-11-18 10:02:37,864:http://127.0.0.1:60317 "GET /session/025f8ee6e9cf73329f2ee464cf3337c1/element/eab44daa-9e9e-4753-964b-85a103638673/text HTTP/1.1" 200 1293
2020-11-18 10:02:37,864:Finished Request
2020-11-18 10:02:37,869:GET http://127.0.0.1:60317/session/025f8ee6e9cf73329f2ee464cf3337c1/element/eab44daa-9e9e-4753-964b-85a103638673/text {"id": "eab44daa-9e9e-4753-964b-85a103638673"}
2020-11-18 10:02:37,918:http://127.0.0.1:60317 "GET /session/025f8ee6e9cf73329f2ee464cf3337c1/element/eab44daa-9e9e-4753-964b-85a103638673/text HTTP/1.1" 200 1293
2020-11-18 10:02:37,918:Finished Request
2020-11-18 10:02:37,918:234Œ–Ú‚ÌŠé‹Æ
2020-11-18 10:02:37,918:GET http://127.0.0.1:60317/session/025f8ee6e9cf73329f2ee464cf3337c1/element/b5ebc5c8-3061-4735-9cd9-53ea43fc4159/text {"id": "b5ebc5c8-3061-4735-9cd9-53ea43fc4159"}
2020-11-18 10:02:37,967:http://127.0.0.1:60317 "GET /session/025f8ee6e9cf73329f2ee464cf3337c1/element/b5ebc5c8-3061-4735-9cd9-53ea43fc4159/text HTTP/1.1" 200 1292
2020-11-18 10:02:37,967:Finished Request
2020-11-18 10:02:37,973:GET http://127.0.0.1:60317/session/025f8ee6e9cf73329f2ee464cf3337c1/element/b5ebc5c8-3061-4735-9cd9-53ea43fc4159/text {"id": "b5ebc5c8-3061-4735-9cd9-53ea43fc4159"}
2020-11-18 10:02:38,010:http://127.0.0.1:60317 "GET /session/025f8ee6e9cf73329f2ee464cf3337c1/element/b5ebc5c8-3061-4735-9cd9-53ea43fc4159/text HTTP/1.1" 200 1292
2020-11-18 10:02:38,011:Finished Request
2020-11-18 10:02:38,011:235Œ–Ú‚ÌŠé‹Æ
2020-11-18 10:02:38,011:GET http://127.0.0.1:60317/session/025f8ee6e9cf73329f2ee464cf3337c1/element/c7cbc87a-25ed-48bf-b0a2-1adf705f29bc/text {"id": "c7cbc87a-25ed-48bf-b0a2-1adf705f29bc"}
2020-11-18 10:02:38,051:http://127.0.0.1:60317 "GET /session/025f8ee6e9cf73329f2ee464cf3337c1/element/c7cbc87a-25ed-48bf-b0a2-1adf705f29bc/text HTTP/1.1" 200 1281
2020-11-18 10:02:38,051:Finished Request
2020-11-18 10:02:38,054:GET http://127.0.0.1:60317/session/025f8ee6e9cf73329f2ee464cf3337c1/element/c7cbc87a-25ed-48bf-b0a2-1adf705f29bc/text {"id": "c7cbc87a-25ed-48bf-b0a2-1adf705f29bc"}
2020-11-18 10:02:38,081:http://127.0.0.1:60317 "GET /session/025f8ee6e9cf73329f2ee464cf3337c1/element/c7cbc87a-25ed-48bf-b0a2-1adf705f29bc/text HTTP/1.1" 200 1281
2020-11-18 10:02:38,082:Finished Request
2020-11-18 10:02:38,082:236Œ–Ú‚ÌŠé‹Æ
2020-11-18 10:02:38,082:GET http://127.0.0.1:60317/session/025f8ee6e9cf73329f2ee464cf3337c1/element/93305ce9-0857-4ab3-80c8-5b1f7d6cdb3f/text {"id": "93305ce9-0857-4ab3-80c8-5b1f7d6cdb3f"}
2020-11-18 10:02:38,108:http://127.0.0.1:60317 "GET /session/025f8ee6e9cf73329f2ee464cf3337c1/element/93305ce9-0857-4ab3-80c8-5b1f7d6cdb3f/text HTTP/1.1" 200 1277
2020-11-18 10:02:38,108:Finished Request
2020-11-18 10:02:38,112:GET http://127.0.0.1:60317/session/025f8ee6e9cf73329f2ee464cf3337c1/element/93305ce9-0857-4ab3-80c8-5b1f7d6cdb3f/text {"id": "93305ce9-0857-4ab3-80c8-5b1f7d6cdb3f"}
2020-11-18 10:02:38,133:http://127.0.0.1:60317 "GET /session/025f8ee6e9cf73329f2ee464cf3337c1/element/93305ce9-0857-4ab3-80c8-5b1f7d6cdb3f/text HTTP/1.1" 200 1277
2020-11-18 10:02:38,133:Finished Request
2020-11-18 10:02:38,133:237Œ–Ú‚ÌŠé‹Æ
2020-11-18 10:02:38,133:GET http://127.0.0.1:60317/session/025f8ee6e9cf73329f2ee464cf3337c1/element/4c9b4b8b-423f-439c-bc59-d7538cd7b78e/text {"id": "4c9b4b8b-423f-439c-bc59-d7538cd7b78e"}
2020-11-18 10:02:38,191:http://127.0.0.1:60317 "GET /session/025f8ee6e9cf73329f2ee464cf3337c1/element/4c9b4b8b-423f-439c-bc59-d7538cd7b78e/text HTTP/1.1" 200 1397
2020-11-18 10:02:38,192:Finished Request
2020-11-18 10:02:38,198:GET http://127.0.0.1:60317/session/025f8ee6e9cf73329f2ee464cf3337c1/element/4c9b4b8b-423f-439c-bc59-d7538cd7b78e/text {"id": "4c9b4b8b-423f-439c-bc59-d7538cd7b78e"}
2020-11-18 10:02:38,235:http://127.0.0.1:60317 "GET /session/025f8ee6e9cf73329f2ee464cf3337c1/element/4c9b4b8b-423f-439c-bc59-d7538cd7b78e/text HTTP/1.1" 200 1397
2020-11-18 10:02:38,235:Finished Request
2020-11-18 10:02:38,235:238Œ–Ú‚ÌŠé‹Æ
2020-11-18 10:02:38,235:GET http://127.0.0.1:60317/session/025f8ee6e9cf73329f2ee464cf3337c1/element/879cf5ba-0072-4e68-9b8e-598adba807e0/text {"id": "879cf5ba-0072-4e68-9b8e-598adba807e0"}
2020-11-18 10:02:38,283:http://127.0.0.1:60317 "GET /session/025f8ee6e9cf73329f2ee464cf3337c1/element/879cf5ba-0072-4e68-9b8e-598adba807e0/text HTTP/1.1" 200 1384
2020-11-18 10:02:38,284:Finished Request
2020-11-18 10:02:38,286:GET http://127.0.0.1:60317/session/025f8ee6e9cf73329f2ee464cf3337c1/element/879cf5ba-0072-4e68-9b8e-598adba807e0/text {"id": "879cf5ba-0072-4e68-9b8e-598adba807e0"}
2020-11-18 10:02:38,333:http://127.0.0.1:60317 "GET /session/025f8ee6e9cf73329f2ee464cf3337c1/element/879cf5ba-0072-4e68-9b8e-598adba807e0/text HTTP/1.1" 200 1384
2020-11-18 10:02:38,334:Finished Request
2020-11-18 10:02:38,334:239Œ–Ú‚ÌŠé‹Æ
2020-11-18 10:02:38,334:GET http://127.0.0.1:60317/session/025f8ee6e9cf73329f2ee464cf3337c1/element/6c49e47a-9da6-4d47-86c9-7ab3ca71237d/text {"id": "6c49e47a-9da6-4d47-86c9-7ab3ca71237d"}
2020-11-18 10:02:38,371:http://127.0.0.1:60317 "GET /session/025f8ee6e9cf73329f2ee464cf3337c1/element/6c49e47a-9da6-4d47-86c9-7ab3ca71237d/text HTTP/1.1" 200 1295
2020-11-18 10:02:38,371:Finished Request
2020-11-18 10:02:38,376:GET http://127.0.0.1:60317/session/025f8ee6e9cf73329f2ee464cf3337c1/element/6c49e47a-9da6-4d47-86c9-7ab3ca71237d/text {"id": "6c49e47a-9da6-4d47-86c9-7ab3ca71237d"}
2020-11-18 10:02:38,405:http://127.0.0.1:60317 "GET /session/025f8ee6e9cf73329f2ee464cf3337c1/element/6c49e47a-9da6-4d47-86c9-7ab3ca71237d/text HTTP/1.1" 200 1295
2020-11-18 10:02:38,405:Finished Request
2020-11-18 10:02:38,406:240Œ–Ú‚ÌŠé‹Æ
2020-11-18 10:02:38,406:GET http://127.0.0.1:60317/session/025f8ee6e9cf73329f2ee464cf3337c1/element/3c39bdcd-e3f8-431c-81a9-dc20e37e2064/text {"id": "3c39bdcd-e3f8-431c-81a9-dc20e37e2064"}
2020-11-18 10:02:38,462:http://127.0.0.1:60317 "GET /session/025f8ee6e9cf73329f2ee464cf3337c1/element/3c39bdcd-e3f8-431c-81a9-dc20e37e2064/text HTTP/1.1" 200 1346
2020-11-18 10:02:38,462:Finished Request
2020-11-18 10:02:38,469:GET http://127.0.0.1:60317/session/025f8ee6e9cf73329f2ee464cf3337c1/element/3c39bdcd-e3f8-431c-81a9-dc20e37e2064/text {"id": "3c39bdcd-e3f8-431c-81a9-dc20e37e2064"}
2020-11-18 10:02:38,508:http://127.0.0.1:60317 "GET /session/025f8ee6e9cf73329f2ee464cf3337c1/element/3c39bdcd-e3f8-431c-81a9-dc20e37e2064/text HTTP/1.1" 200 1346
2020-11-18 10:02:38,508:Finished Request
2020-11-18 10:02:38,509:241Œ–Ú‚ÌŠé‹Æ
2020-11-18 10:02:38,509:GET http://127.0.0.1:60317/session/025f8ee6e9cf73329f2ee464cf3337c1/element/aa556008-c3c3-4e0d-987c-685c32e934e4/text {"id": "aa556008-c3c3-4e0d-987c-685c32e934e4"}
2020-11-18 10:02:38,543:http://127.0.0.1:60317 "GET /session/025f8ee6e9cf73329f2ee464cf3337c1/element/aa556008-c3c3-4e0d-987c-685c32e934e4/text HTTP/1.1" 200 1343
2020-11-18 10:02:38,543:Finished Request
2020-11-18 10:02:38,547:GET http://127.0.0.1:60317/session/025f8ee6e9cf73329f2ee464cf3337c1/element/aa556008-c3c3-4e0d-987c-685c32e934e4/text {"id": "aa556008-c3c3-4e0d-987c-685c32e934e4"}
2020-11-18 10:02:38,596:http://127.0.0.1:60317 "GET /session/025f8ee6e9cf73329f2ee464cf3337c1/element/aa556008-c3c3-4e0d-987c-685c32e934e4/text HTTP/1.1" 200 1343
2020-11-18 10:02:38,596:Finished Request
2020-11-18 10:02:38,596:242Œ–Ú‚ÌŠé‹Æ
2020-11-18 10:02:38,596:GET http://127.0.0.1:60317/session/025f8ee6e9cf73329f2ee464cf3337c1/element/87adfb67-8b72-4d46-b0ca-ce0e1d9f5b42/text {"id": "87adfb67-8b72-4d46-b0ca-ce0e1d9f5b42"}
2020-11-18 10:02:38,671:http://127.0.0.1:60317 "GET /session/025f8ee6e9cf73329f2ee464cf3337c1/element/87adfb67-8b72-4d46-b0ca-ce0e1d9f5b42/text HTTP/1.1" 200 1278
2020-11-18 10:02:38,672:Finished Request
2020-11-18 10:02:38,676:GET http://127.0.0.1:60317/session/025f8ee6e9cf73329f2ee464cf3337c1/element/87adfb67-8b72-4d46-b0ca-ce0e1d9f5b42/text {"id": "87adfb67-8b72-4d46-b0ca-ce0e1d9f5b42"}
2020-11-18 10:02:38,714:http://127.0.0.1:60317 "GET /session/025f8ee6e9cf73329f2ee464cf3337c1/element/87adfb67-8b72-4d46-b0ca-ce0e1d9f5b42/text HTTP/1.1" 200 1278
2020-11-18 10:02:38,714:Finished Request
2020-11-18 10:02:38,714:243Œ–Ú‚ÌŠé‹Æ
2020-11-18 10:02:38,714:GET http://127.0.0.1:60317/session/025f8ee6e9cf73329f2ee464cf3337c1/element/cc12cfa2-e38e-4952-ace2-aa6d07dd5c6f/text {"id": "cc12cfa2-e38e-4952-ace2-aa6d07dd5c6f"}
2020-11-18 10:02:38,739:http://127.0.0.1:60317 "GET /session/025f8ee6e9cf73329f2ee464cf3337c1/element/cc12cfa2-e38e-4952-ace2-aa6d07dd5c6f/text HTTP/1.1" 200 1304
2020-11-18 10:02:38,739:Finished Request
2020-11-18 10:02:38,741:GET http://127.0.0.1:60317/session/025f8ee6e9cf73329f2ee464cf3337c1/element/cc12cfa2-e38e-4952-ace2-aa6d07dd5c6f/text {"id": "cc12cfa2-e38e-4952-ace2-aa6d07dd5c6f"}
2020-11-18 10:02:38,767:http://127.0.0.1:60317 "GET /session/025f8ee6e9cf73329f2ee464cf3337c1/element/cc12cfa2-e38e-4952-ace2-aa6d07dd5c6f/text HTTP/1.1" 200 1304
2020-11-18 10:02:38,767:Finished Request
2020-11-18 10:02:38,767:244Œ–Ú‚ÌŠé‹Æ
2020-11-18 10:02:38,767:GET http://127.0.0.1:60317/session/025f8ee6e9cf73329f2ee464cf3337c1/element/f5fb8c2e-f262-4ff5-9ef6-860e661c6aa6/text {"id": "f5fb8c2e-f262-4ff5-9ef6-860e661c6aa6"}
2020-11-18 10:02:38,801:http://127.0.0.1:60317 "GET /session/025f8ee6e9cf73329f2ee464cf3337c1/element/f5fb8c2e-f262-4ff5-9ef6-860e661c6aa6/text HTTP/1.1" 200 1322
2020-11-18 10:02:38,801:Finished Request
2020-11-18 10:02:38,805:GET http://127.0.0.1:60317/session/025f8ee6e9cf73329f2ee464cf3337c1/element/f5fb8c2e-f262-4ff5-9ef6-860e661c6aa6/text {"id": "f5fb8c2e-f262-4ff5-9ef6-860e661c6aa6"}
2020-11-18 10:02:38,839:http://127.0.0.1:60317 "GET /session/025f8ee6e9cf73329f2ee464cf3337c1/element/f5fb8c2e-f262-4ff5-9ef6-860e661c6aa6/text HTTP/1.1" 200 1322
2020-11-18 10:02:38,840:Finished Request
2020-11-18 10:02:38,840:245Œ–Ú‚ÌŠé‹Æ
2020-11-18 10:02:38,840:GET http://127.0.0.1:60317/session/025f8ee6e9cf73329f2ee464cf3337c1/element/50837bbf-b2b8-4ff1-9a4d-0f84ea38d0bc/text {"id": "50837bbf-b2b8-4ff1-9a4d-0f84ea38d0bc"}
2020-11-18 10:02:38,897:http://127.0.0.1:60317 "GET /session/025f8ee6e9cf73329f2ee464cf3337c1/element/50837bbf-b2b8-4ff1-9a4d-0f84ea38d0bc/text HTTP/1.1" 200 1325
2020-11-18 10:02:38,897:Finished Request
2020-11-18 10:02:38,904:GET http://127.0.0.1:60317/session/025f8ee6e9cf73329f2ee464cf3337c1/element/50837bbf-b2b8-4ff1-9a4d-0f84ea38d0bc/text {"id": "50837bbf-b2b8-4ff1-9a4d-0f84ea38d0bc"}
2020-11-18 10:02:38,949:http://127.0.0.1:60317 "GET /session/025f8ee6e9cf73329f2ee464cf3337c1/element/50837bbf-b2b8-4ff1-9a4d-0f84ea38d0bc/text HTTP/1.1" 200 1325
2020-11-18 10:02:38,949:Finished Request
2020-11-18 10:02:38,949:246Œ–Ú‚ÌŠé‹Æ
2020-11-18 10:02:38,949:GET http://127.0.0.1:60317/session/025f8ee6e9cf73329f2ee464cf3337c1/element/5db16a48-30b3-4ae8-b8b1-d2024c24f39c/text {"id": "5db16a48-30b3-4ae8-b8b1-d2024c24f39c"}
2020-11-18 10:02:39,017:http://127.0.0.1:60317 "GET /session/025f8ee6e9cf73329f2ee464cf3337c1/element/5db16a48-30b3-4ae8-b8b1-d2024c24f39c/text HTTP/1.1" 200 1343
2020-11-18 10:02:39,017:Finished Request
2020-11-18 10:02:39,023:GET http://127.0.0.1:60317/session/025f8ee6e9cf73329f2ee464cf3337c1/element/5db16a48-30b3-4ae8-b8b1-d2024c24f39c/text {"id": "5db16a48-30b3-4ae8-b8b1-d2024c24f39c"}
2020-11-18 10:02:39,068:http://127.0.0.1:60317 "GET /session/025f8ee6e9cf73329f2ee464cf3337c1/element/5db16a48-30b3-4ae8-b8b1-d2024c24f39c/text HTTP/1.1" 200 1343
2020-11-18 10:02:39,068:Finished Request
2020-11-18 10:02:39,068:247Œ–Ú‚ÌŠé‹Æ
2020-11-18 10:02:39,068:GET http://127.0.0.1:60317/session/025f8ee6e9cf73329f2ee464cf3337c1/element/b9457f75-069f-469d-a3a7-4dfcc007ea5b/text {"id": "b9457f75-069f-469d-a3a7-4dfcc007ea5b"}
2020-11-18 10:02:39,117:http://127.0.0.1:60317 "GET /session/025f8ee6e9cf73329f2ee464cf3337c1/element/b9457f75-069f-469d-a3a7-4dfcc007ea5b/text HTTP/1.1" 200 1352
2020-11-18 10:02:39,118:Finished Request
2020-11-18 10:02:39,122:GET http://127.0.0.1:60317/session/025f8ee6e9cf73329f2ee464cf3337c1/element/b9457f75-069f-469d-a3a7-4dfcc007ea5b/text {"id": "b9457f75-069f-469d-a3a7-4dfcc007ea5b"}
2020-11-18 10:02:39,143:http://127.0.0.1:60317 "GET /session/025f8ee6e9cf73329f2ee464cf3337c1/element/b9457f75-069f-469d-a3a7-4dfcc007ea5b/text HTTP/1.1" 200 1352
2020-11-18 10:02:39,144:Finished Request
2020-11-18 10:02:39,145:248Œ–Ú‚ÌŠé‹Æ
2020-11-18 10:02:39,145:GET http://127.0.0.1:60317/session/025f8ee6e9cf73329f2ee464cf3337c1/element/0d59b7e6-39fa-44dd-9a36-f6ed67d7112e/text {"id": "0d59b7e6-39fa-44dd-9a36-f6ed67d7112e"}
2020-11-18 10:02:39,196:http://127.0.0.1:60317 "GET /session/025f8ee6e9cf73329f2ee464cf3337c1/element/0d59b7e6-39fa-44dd-9a36-f6ed67d7112e/text HTTP/1.1" 200 1253
2020-11-18 10:02:39,197:Finished Request
2020-11-18 10:02:39,201:GET http://127.0.0.1:60317/session/025f8ee6e9cf73329f2ee464cf3337c1/element/0d59b7e6-39fa-44dd-9a36-f6ed67d7112e/text {"id": "0d59b7e6-39fa-44dd-9a36-f6ed67d7112e"}
2020-11-18 10:02:39,243:http://127.0.0.1:60317 "GET /session/025f8ee6e9cf73329f2ee464cf3337c1/element/0d59b7e6-39fa-44dd-9a36-f6ed67d7112e/text HTTP/1.1" 200 1253
2020-11-18 10:02:39,244:Finished Request
2020-11-18 10:02:39,245:249Œ–Ú‚ÌŠé‹Æ
2020-11-18 10:02:39,245:GET http://127.0.0.1:60317/session/025f8ee6e9cf73329f2ee464cf3337c1/element/74f26c25-4d22-4ab6-a4ae-999cf9e2dc9a/text {"id": "74f26c25-4d22-4ab6-a4ae-999cf9e2dc9a"}
2020-11-18 10:02:39,290:http://127.0.0.1:60317 "GET /session/025f8ee6e9cf73329f2ee464cf3337c1/element/74f26c25-4d22-4ab6-a4ae-999cf9e2dc9a/text HTTP/1.1" 200 1306
2020-11-18 10:02:39,290:Finished Request
2020-11-18 10:02:39,294:GET http://127.0.0.1:60317/session/025f8ee6e9cf73329f2ee464cf3337c1/element/74f26c25-4d22-4ab6-a4ae-999cf9e2dc9a/text {"id": "74f26c25-4d22-4ab6-a4ae-999cf9e2dc9a"}
2020-11-18 10:02:39,327:http://127.0.0.1:60317 "GET /session/025f8ee6e9cf73329f2ee464cf3337c1/element/74f26c25-4d22-4ab6-a4ae-999cf9e2dc9a/text HTTP/1.1" 200 1306
2020-11-18 10:02:39,327:Finished Request
2020-11-18 10:02:39,328:250Œ–Ú‚ÌŠé‹Æ
2020-11-18 10:02:39,328:POST http://127.0.0.1:60317/session/025f8ee6e9cf73329f2ee464cf3337c1/elements {"using": "css selector", "value": ".iconFont--arrowLeft"}
2020-11-18 10:02:39,334:http://127.0.0.1:60317 "POST /session/025f8ee6e9cf73329f2ee464cf3337c1/elements HTTP/1.1" 200 169
2020-11-18 10:02:39,334:Finished Request
2020-11-18 10:02:39,334:POST http://127.0.0.1:60317/session/025f8ee6e9cf73329f2ee464cf3337c1/execute/sync {"script": "return (function(){return function(){var d=this;function f(a){return\"string\"==typeof a};function h(a,b){this.code=a;this.a=l[a]||m;this.message=b||\"\";a=this.a.replace(/((?:^|\\s+)[a-z])/g,function(a){return a.toUpperCase().replace(/^[\\s\\xa0]+/g,\"\")});b=a.length-5;if(0>b||a.indexOf(\"Error\",b)!=b)a+=\"Error\";this.name=a;a=Error(this.message);a.name=this.name;this.stack=a.stack||\"\"}\n(function(){var a=Error;function b(){}b.prototype=a.prototype;h.b=a.prototype;h.prototype=new b;h.prototype.constructor=h;h.a=function(b,c,g){for(var e=Array(arguments.length-2),k=2;k<arguments.length;k++)e[k-2]=arguments[k];return a.prototype[c].apply(b,e)}})();var m=\"unknown error\",l={15:\"element not selectable\",11:\"element not visible\"};l[31]=m;l[30]=m;l[24]=\"invalid cookie domain\";l[29]=\"invalid element coordinates\";l[12]=\"invalid element state\";l[32]=\"invalid selector\";l[51]=\"invalid selector\";\nl[52]=\"invalid selector\";l[17]=\"javascript error\";l[405]=\"unsupported operation\";l[34]=\"move target out of bounds\";l[27]=\"no such alert\";l[7]=\"no such element\";l[8]=\"no such frame\";l[23]=\"no such window\";l[28]=\"script timeout\";l[33]=\"session not created\";l[10]=\"stale element reference\";l[21]=\"timeout\";l[25]=\"unable to set cookie\";l[26]=\"unexpected alert open\";l[13]=m;l[9]=\"unknown command\";h.prototype.toString=function(){return this.name+\": \"+this.message};var n;a:{var p=d.navigator;if(p){var q=p.userAgent;if(q){n=q;break a}}n=\"\"}function r(a){return-1!=n.indexOf(a)};function t(a,b){for(var e=a.length,c=f(a)?a.split(\"\"):a,g=0;g<e;g++)g in c&&b.call(void 0,c[g],g,a)};function v(){return r(\"iPhone\")&&!r(\"iPod\")&&!r(\"iPad\")};function w(){return(r(\"Chrome\")||r(\"CriOS\"))&&!r(\"Edge\")};var x=r(\"Opera\"),y=r(\"Trident\")||r(\"MSIE\"),z=r(\"Edge\"),A=r(\"Gecko\")&&!(-1!=n.toLowerCase().indexOf(\"webkit\")&&!r(\"Edge\"))&&!(r(\"Trident\")||r(\"MSIE\"))&&!r(\"Edge\"),aa=-1!=n.toLowerCase().indexOf(\"webkit\")&&!r(\"Edge\");function B(){var a=d.document;return a?a.documentMode:void 0}var C;\na:{var D=\"\",E=function(){var a=n;if(A)return/rv\\:([^\\);]+)(\\)|;)/.exec(a);if(z)return/Edge\\/([\\d\\.]+)/.exec(a);if(y)return/\\b(?:MSIE|rv)[: ]([^\\);]+)(\\)|;)/.exec(a);if(aa)return/WebKit\\/(\\S+)/.exec(a);if(x)return/(?:Version)[ \\/]?(\\S+)/.exec(a)}();E&&(D=E?E[1]:\"\");if(y){var F=B();if(null!=F&&F>parseFloat(D)){C=String(F);break a}}C=D}var G;var H=d.document;G=H&&y?B()||(\"CSS1Compat\"==H.compatMode?parseInt(C,10):5):void 0;var ba=r(\"Firefox\"),ca=v()||r(\"iPod\"),da=r(\"iPad\"),I=r(\"Android\")&&!(w()||r(\"Firefox\")||r(\"Opera\")||r(\"Silk\")),ea=w(),J=r(\"Safari\")&&!(w()||r(\"Coast\")||r(\"Opera\")||r(\"Edge\")||r(\"Silk\")||r(\"Android\"))&&!(v()||r(\"iPad\")||r(\"iPod\"));function K(a){return(a=a.exec(n))?a[1]:\"\"}(function(){if(ba)return K(/Firefox\\/([0-9.]+)/);if(y||z||x)return C;if(ea)return v()||r(\"iPad\")||r(\"iPod\")?K(/CriOS\\/([0-9.]+)/):K(/Chrome\\/([0-9.]+)/);if(J&&!(v()||r(\"iPad\")||r(\"iPod\")))return K(/Version\\/([0-9.]+)/);if(ca||da){var a=/Version\\/(\\S+).*Mobile\\/(\\S+)/.exec(n);if(a)return a[1]+\".\"+a[2]}else if(I)return(a=K(/Android\\s+([0-9.]+)/))?a:K(/Version\\/([0-9.]+)/);return\"\"})();var L,M=function(){if(!A)return!1;var a=d.Components;if(!a)return!1;try{if(!a.classes)return!1}catch(g){return!1}var b=a.classes,a=a.interfaces,e=b[\"@mozilla.org/xpcom/version-comparator;1\"].getService(a.nsIVersionComparator),c=b[\"@mozilla.org/xre/app-info;1\"].getService(a.nsIXULAppInfo).version;L=function(a){e.compare(c,\"\"+a)};return!0}(),N=y&&!(8<=Number(G)),fa=y&&!(9<=Number(G));I&&M&&L(2.3);I&&M&&L(4);J&&M&&L(6);var ga={SCRIPT:1,STYLE:1,HEAD:1,IFRAME:1,OBJECT:1},O={IMG:\" \",BR:\"\\n\"};function P(a,b,e){if(!(a.nodeName in ga))if(3==a.nodeType)e?b.push(String(a.nodeValue).replace(/(\\r\\n|\\r|\\n)/g,\"\")):b.push(a.nodeValue);else if(a.nodeName in O)b.push(O[a.nodeName]);else for(a=a.firstChild;a;)P(a,b,e),a=a.nextSibling};function Q(a,b){b=b.toLowerCase();return\"style\"==b?ha(a.style.cssText):N&&\"value\"==b&&R(a,\"INPUT\")?a.value:fa&&!0===a[b]?String(a.getAttribute(b)):(a=a.getAttributeNode(b))&&a.specified?a.value:null}var ia=/[;]+(?=(?:(?:[^\"]*\"){2})*[^\"]*$)(?=(?:(?:[^']*'){2})*[^']*$)(?=(?:[^()]*\\([^()]*\\))*[^()]*$)/;\nfunction ha(a){var b=[];t(a.split(ia),function(a){var c=a.indexOf(\":\");0<c&&(a=[a.slice(0,c),a.slice(c+1)],2==a.length&&b.push(a[0].toLowerCase(),\":\",a[1],\";\"))});b=b.join(\"\");return b=\";\"==b.charAt(b.length-1)?b:b+\";\"}function S(a,b){N&&\"value\"==b&&R(a,\"OPTION\")&&null===Q(a,\"value\")?(b=[],P(a,b,!1),a=b.join(\"\")):a=a[b];return a}function R(a,b){b&&\"string\"!==typeof b&&(b=b.toString());return!!a&&1==a.nodeType&&(!b||a.tagName.toUpperCase()==b)}\nfunction T(a){return R(a,\"OPTION\")?!0:R(a,\"INPUT\")?(a=a.type.toLowerCase(),\"checkbox\"==a||\"radio\"==a):!1};var ja={\"class\":\"className\",readonly:\"readOnly\"},U=\"allowfullscreen allowpaymentrequest allowusermedia async autofocus autoplay checked compact complete controls declare default defaultchecked defaultselected defer disabled ended formnovalidate hidden indeterminate iscontenteditable ismap itemscope loop multiple muted nohref nomodule noresize noshade novalidate nowrap open paused playsinline pubdate readonly required reversed scoped seamless seeking selected truespeed typemustmatch willvalidate\".split(\" \");function V(a,b){var e=null,c=b.toLowerCase();if(\"style\"==c)return(e=a.style)&&!f(e)&&(e=e.cssText),e;if((\"selected\"==c||\"checked\"==c)&&T(a)){if(!T(a))throw new h(15,\"Element is not selectable\");b=\"selected\";e=a.type&&a.type.toLowerCase();if(\"checkbox\"==e||\"radio\"==e)b=\"checked\";return S(a,b)?\"true\":null}var g=R(a,\"A\");if(R(a,\"IMG\")&&\"src\"==c||g&&\"href\"==c)return(e=Q(a,c))&&(e=S(a,c)),e;if(\"spellcheck\"==c){e=Q(a,c);if(null!==e){if(\"false\"==e.toLowerCase())return\"false\";if(\"true\"==e.toLowerCase())return\"true\"}return S(a,\nc)+\"\"}g=ja[b]||b;a:if(f(U))c=f(c)&&1==c.length?U.indexOf(c,0):-1;else{for(var u=0;u<U.length;u++)if(u in U&&U[u]===c){c=u;break a}c=-1}if(0<=c)return(e=null!==Q(a,b)||S(a,g))?\"true\":null;try{var k=S(a,g)}catch(ka){}(c=null==k)||(c=typeof k,c=\"object\"==c&&null!=k||\"function\"==c);c?e=Q(a,b):e=k;return null!=e?e.toString():null}var W=[\"_\"],X=d;W[0]in X||!X.execScript||X.execScript(\"var \"+W[0]);\nfor(var Y;W.length&&(Y=W.shift());){var Z;if(Z=!W.length)Z=void 0!==V;Z?X[Y]=V:X[Y]&&X[Y]!==Object.prototype[Y]?X=X[Y]:X=X[Y]={}};; return this._.apply(null,arguments);}.apply({navigator:typeof window!='undefined'?window.navigator:null,document:typeof window!='undefined'?window.document:null}, arguments);}\n).apply(null, arguments);", "args": [{"ELEMENT": "517fb3f9-4cf8-4453-b158-a02fda4ab888", "element-6066-11e4-a52e-4f735466cecf": "517fb3f9-4cf8-4453-b158-a02fda4ab888"}, "href"]}
2020-11-18 10:02:39,340:http://127.0.0.1:60317 "POST /session/025f8ee6e9cf73329f2ee464cf3337c1/execute/sync HTTP/1.1" 200 109
2020-11-18 10:02:39,341:Finished Request
2020-11-18 10:02:39,341:POST http://127.0.0.1:60317/session/025f8ee6e9cf73329f2ee464cf3337c1/url {"url": "https://tenshoku.mynavi.jp/list/kw%E9%AB%98%E5%8F%8E%E5%85%A5/pg6/?jobsearchType=14&searchType=18"}
2020-11-18 10:02:40,806:http://127.0.0.1:60317 "POST /session/025f8ee6e9cf73329f2ee464cf3337c1/url HTTP/1.1" 200 14
2020-11-18 10:02:40,806:Finished Request
2020-11-18 10:02:40,807:POST http://127.0.0.1:60317/session/025f8ee6e9cf73329f2ee464cf3337c1/elements {"using": "css selector", "value": ".cassetteRecruit__content"}
2020-11-18 10:02:41,297:http://127.0.0.1:60317 "POST /session/025f8ee6e9cf73329f2ee464cf3337c1/elements HTTP/1.1" 200 3961
2020-11-18 10:02:41,298:Finished Request
2020-11-18 10:02:41,298:GET http://127.0.0.1:60317/session/025f8ee6e9cf73329f2ee464cf3337c1/element/fad5ec7a-ea5a-4b0a-bd23-adcda812c41d/text {"id": "fad5ec7a-ea5a-4b0a-bd23-adcda812c41d"}
2020-11-18 10:02:41,330:http://127.0.0.1:60317 "GET /session/025f8ee6e9cf73329f2ee464cf3337c1/element/fad5ec7a-ea5a-4b0a-bd23-adcda812c41d/text HTTP/1.1" 200 1329
2020-11-18 10:02:41,330:Finished Request
2020-11-18 10:02:41,334:GET http://127.0.0.1:60317/session/025f8ee6e9cf73329f2ee464cf3337c1/element/fad5ec7a-ea5a-4b0a-bd23-adcda812c41d/text {"id": "fad5ec7a-ea5a-4b0a-bd23-adcda812c41d"}
2020-11-18 10:02:41,361:http://127.0.0.1:60317 "GET /session/025f8ee6e9cf73329f2ee464cf3337c1/element/fad5ec7a-ea5a-4b0a-bd23-adcda812c41d/text HTTP/1.1" 200 1329
2020-11-18 10:02:41,361:Finished Request
2020-11-18 10:02:41,361:251Œ–Ú‚ÌŠé‹Æ
2020-11-18 10:02:41,361:GET http://127.0.0.1:60317/session/025f8ee6e9cf73329f2ee464cf3337c1/element/c2cd5ed2-3e4c-4a1b-aa14-0972c05df050/text {"id": "c2cd5ed2-3e4c-4a1b-aa14-0972c05df050"}
2020-11-18 10:02:41,425:http://127.0.0.1:60317 "GET /session/025f8ee6e9cf73329f2ee464cf3337c1/element/c2cd5ed2-3e4c-4a1b-aa14-0972c05df050/text HTTP/1.1" 200 1351
2020-11-18 10:02:41,425:Finished Request
2020-11-18 10:02:41,431:GET http://127.0.0.1:60317/session/025f8ee6e9cf73329f2ee464cf3337c1/element/c2cd5ed2-3e4c-4a1b-aa14-0972c05df050/text {"id": "c2cd5ed2-3e4c-4a1b-aa14-0972c05df050"}
2020-11-18 10:02:41,500:http://127.0.0.1:60317 "GET /session/025f8ee6e9cf73329f2ee464cf3337c1/element/c2cd5ed2-3e4c-4a1b-aa14-0972c05df050/text HTTP/1.1" 200 1351
2020-11-18 10:02:41,501:Finished Request
2020-11-18 10:02:41,501:252Œ–Ú‚ÌŠé‹Æ
2020-11-18 10:02:41,501:GET http://127.0.0.1:60317/session/025f8ee6e9cf73329f2ee464cf3337c1/element/533f75a9-8b48-4df0-9fc0-933fa132eadf/text {"id": "533f75a9-8b48-4df0-9fc0-933fa132eadf"}
2020-11-18 10:02:41,546:http://127.0.0.1:60317 "GET /session/025f8ee6e9cf73329f2ee464cf3337c1/element/533f75a9-8b48-4df0-9fc0-933fa132eadf/text HTTP/1.1" 200 1257
2020-11-18 10:02:41,546:Finished Request
2020-11-18 10:02:41,551:GET http://127.0.0.1:60317/session/025f8ee6e9cf73329f2ee464cf3337c1/element/533f75a9-8b48-4df0-9fc0-933fa132eadf/text {"id": "533f75a9-8b48-4df0-9fc0-933fa132eadf"}
2020-11-18 10:02:41,577:http://127.0.0.1:60317 "GET /session/025f8ee6e9cf73329f2ee464cf3337c1/element/533f75a9-8b48-4df0-9fc0-933fa132eadf/text HTTP/1.1" 200 1257
2020-11-18 10:02:41,578:Finished Request
2020-11-18 10:02:41,578:253Œ–Ú‚ÌŠé‹Æ
2020-11-18 10:02:41,578:GET http://127.0.0.1:60317/session/025f8ee6e9cf73329f2ee464cf3337c1/element/97af12a1-b354-4a87-9b22-bd4808884226/text {"id": "97af12a1-b354-4a87-9b22-bd4808884226"}
2020-11-18 10:02:41,615:http://127.0.0.1:60317 "GET /session/025f8ee6e9cf73329f2ee464cf3337c1/element/97af12a1-b354-4a87-9b22-bd4808884226/text HTTP/1.1" 200 1323
2020-11-18 10:02:41,615:Finished Request
2020-11-18 10:02:41,619:GET http://127.0.0.1:60317/session/025f8ee6e9cf73329f2ee464cf3337c1/element/97af12a1-b354-4a87-9b22-bd4808884226/text {"id": "97af12a1-b354-4a87-9b22-bd4808884226"}
2020-11-18 10:02:41,714:http://127.0.0.1:60317 "GET /session/025f8ee6e9cf73329f2ee464cf3337c1/element/97af12a1-b354-4a87-9b22-bd4808884226/text HTTP/1.1" 200 1323
2020-11-18 10:02:41,715:Finished Request
2020-11-18 10:02:41,715:254Œ–Ú‚ÌŠé‹Æ
2020-11-18 10:02:41,715:GET http://127.0.0.1:60317/session/025f8ee6e9cf73329f2ee464cf3337c1/element/1b090da1-f17e-4538-94ce-d989e8ef235d/text {"id": "1b090da1-f17e-4538-94ce-d989e8ef235d"}
2020-11-18 10:02:41,757:http://127.0.0.1:60317 "GET /session/025f8ee6e9cf73329f2ee464cf3337c1/element/1b090da1-f17e-4538-94ce-d989e8ef235d/text HTTP/1.1" 200 1351
2020-11-18 10:02:41,758:Finished Request
2020-11-18 10:02:41,762:GET http://127.0.0.1:60317/session/025f8ee6e9cf73329f2ee464cf3337c1/element/1b090da1-f17e-4538-94ce-d989e8ef235d/text {"id": "1b090da1-f17e-4538-94ce-d989e8ef235d"}
2020-11-18 10:02:41,802:http://127.0.0.1:60317 "GET /session/025f8ee6e9cf73329f2ee464cf3337c1/element/1b090da1-f17e-4538-94ce-d989e8ef235d/text HTTP/1.1" 200 1351
2020-11-18 10:02:41,802:Finished Request
2020-11-18 10:02:41,802:255Œ–Ú‚ÌŠé‹Æ
2020-11-18 10:02:41,803:GET http://127.0.0.1:60317/session/025f8ee6e9cf73329f2ee464cf3337c1/element/4be0f865-a1f1-4c6c-8940-f49ed29230bb/text {"id": "4be0f865-a1f1-4c6c-8940-f49ed29230bb"}
2020-11-18 10:02:41,838:http://127.0.0.1:60317 "GET /session/025f8ee6e9cf73329f2ee464cf3337c1/element/4be0f865-a1f1-4c6c-8940-f49ed29230bb/text HTTP/1.1" 200 1333
2020-11-18 10:02:41,838:Finished Request
2020-11-18 10:02:41,843:GET http://127.0.0.1:60317/session/025f8ee6e9cf73329f2ee464cf3337c1/element/4be0f865-a1f1-4c6c-8940-f49ed29230bb/text {"id": "4be0f865-a1f1-4c6c-8940-f49ed29230bb"}
2020-11-18 10:02:41,875:http://127.0.0.1:60317 "GET /session/025f8ee6e9cf73329f2ee464cf3337c1/element/4be0f865-a1f1-4c6c-8940-f49ed29230bb/text HTTP/1.1" 200 1333
2020-11-18 10:02:41,875:Finished Request
2020-11-18 10:02:41,875:256Œ–Ú‚ÌŠé‹Æ
2020-11-18 10:02:41,876:GET http://127.0.0.1:60317/session/025f8ee6e9cf73329f2ee464cf3337c1/element/d9748b15-eba8-4144-9768-14d9a03372eb/text {"id": "d9748b15-eba8-4144-9768-14d9a03372eb"}
2020-11-18 10:02:41,916:http://127.0.0.1:60317 "GET /session/025f8ee6e9cf73329f2ee464cf3337c1/element/d9748b15-eba8-4144-9768-14d9a03372eb/text HTTP/1.1" 200 1330
2020-11-18 10:02:41,916:Finished Request
2020-11-18 10:02:41,922:GET http://127.0.0.1:60317/session/025f8ee6e9cf73329f2ee464cf3337c1/element/d9748b15-eba8-4144-9768-14d9a03372eb/text {"id": "d9748b15-eba8-4144-9768-14d9a03372eb"}
2020-11-18 10:02:41,971:http://127.0.0.1:60317 "GET /session/025f8ee6e9cf73329f2ee464cf3337c1/element/d9748b15-eba8-4144-9768-14d9a03372eb/text HTTP/1.1" 200 1330
2020-11-18 10:02:41,971:Finished Request
2020-11-18 10:02:41,972:257Œ–Ú‚ÌŠé‹Æ
2020-11-18 10:02:41,972:GET http://127.0.0.1:60317/session/025f8ee6e9cf73329f2ee464cf3337c1/element/b883761c-eb42-4390-97f6-1a94b9a2209f/text {"id": "b883761c-eb42-4390-97f6-1a94b9a2209f"}
2020-11-18 10:02:42,007:http://127.0.0.1:60317 "GET /session/025f8ee6e9cf73329f2ee464cf3337c1/element/b883761c-eb42-4390-97f6-1a94b9a2209f/text HTTP/1.1" 200 1226
2020-11-18 10:02:42,007:Finished Request
2020-11-18 10:02:42,008:GET http://127.0.0.1:60317/session/025f8ee6e9cf73329f2ee464cf3337c1/element/b883761c-eb42-4390-97f6-1a94b9a2209f/text {"id": "b883761c-eb42-4390-97f6-1a94b9a2209f"}
2020-11-18 10:02:42,037:http://127.0.0.1:60317 "GET /session/025f8ee6e9cf73329f2ee464cf3337c1/element/b883761c-eb42-4390-97f6-1a94b9a2209f/text HTTP/1.1" 200 1226
2020-11-18 10:02:42,037:Finished Request
2020-11-18 10:02:42,037:258Œ–Ú‚ÌŠé‹Æ
2020-11-18 10:02:42,038:GET http://127.0.0.1:60317/session/025f8ee6e9cf73329f2ee464cf3337c1/element/7ae7573c-edcb-4847-8d00-6e414cf8c092/text {"id": "7ae7573c-edcb-4847-8d00-6e414cf8c092"}
2020-11-18 10:02:42,071:http://127.0.0.1:60317 "GET /session/025f8ee6e9cf73329f2ee464cf3337c1/element/7ae7573c-edcb-4847-8d00-6e414cf8c092/text HTTP/1.1" 200 1305
2020-11-18 10:02:42,071:Finished Request
2020-11-18 10:02:42,075:GET http://127.0.0.1:60317/session/025f8ee6e9cf73329f2ee464cf3337c1/element/7ae7573c-edcb-4847-8d00-6e414cf8c092/text {"id": "7ae7573c-edcb-4847-8d00-6e414cf8c092"}
2020-11-18 10:02:42,109:http://127.0.0.1:60317 "GET /session/025f8ee6e9cf73329f2ee464cf3337c1/element/7ae7573c-edcb-4847-8d00-6e414cf8c092/text HTTP/1.1" 200 1305
2020-11-18 10:02:42,109:Finished Request
2020-11-18 10:02:42,109:259Œ–Ú‚ÌŠé‹Æ
2020-11-18 10:02:42,110:GET http://127.0.0.1:60317/session/025f8ee6e9cf73329f2ee464cf3337c1/element/48f807c6-d989-4b8e-9d6d-1a024dca0097/text {"id": "48f807c6-d989-4b8e-9d6d-1a024dca0097"}
2020-11-18 10:02:42,158:http://127.0.0.1:60317 "GET /session/025f8ee6e9cf73329f2ee464cf3337c1/element/48f807c6-d989-4b8e-9d6d-1a024dca0097/text HTTP/1.1" 200 1370
2020-11-18 10:02:42,158:Finished Request
2020-11-18 10:02:42,162:GET http://127.0.0.1:60317/session/025f8ee6e9cf73329f2ee464cf3337c1/element/48f807c6-d989-4b8e-9d6d-1a024dca0097/text {"id": "48f807c6-d989-4b8e-9d6d-1a024dca0097"}
2020-11-18 10:02:42,205:http://127.0.0.1:60317 "GET /session/025f8ee6e9cf73329f2ee464cf3337c1/element/48f807c6-d989-4b8e-9d6d-1a024dca0097/text HTTP/1.1" 200 1370
2020-11-18 10:02:42,205:Finished Request
2020-11-18 10:02:42,206:260Œ–Ú‚ÌŠé‹Æ
2020-11-18 10:02:42,206:GET http://127.0.0.1:60317/session/025f8ee6e9cf73329f2ee464cf3337c1/element/651055e1-a137-4486-a814-8a622f1303bc/text {"id": "651055e1-a137-4486-a814-8a622f1303bc"}
2020-11-18 10:02:42,259:http://127.0.0.1:60317 "GET /session/025f8ee6e9cf73329f2ee464cf3337c1/element/651055e1-a137-4486-a814-8a622f1303bc/text HTTP/1.1" 200 1363
2020-11-18 10:02:42,260:Finished Request
2020-11-18 10:02:42,267:GET http://127.0.0.1:60317/session/025f8ee6e9cf73329f2ee464cf3337c1/element/651055e1-a137-4486-a814-8a622f1303bc/text {"id": "651055e1-a137-4486-a814-8a622f1303bc"}
2020-11-18 10:02:42,322:http://127.0.0.1:60317 "GET /session/025f8ee6e9cf73329f2ee464cf3337c1/element/651055e1-a137-4486-a814-8a622f1303bc/text HTTP/1.1" 200 1363
2020-11-18 10:02:42,323:Finished Request
2020-11-18 10:02:42,323:261Œ–Ú‚ÌŠé‹Æ
2020-11-18 10:02:42,323:GET http://127.0.0.1:60317/session/025f8ee6e9cf73329f2ee464cf3337c1/element/62d7a2a1-1d34-4025-8495-3caf3500c06c/text {"id": "62d7a2a1-1d34-4025-8495-3caf3500c06c"}
2020-11-18 10:02:42,368:http://127.0.0.1:60317 "GET /session/025f8ee6e9cf73329f2ee464cf3337c1/element/62d7a2a1-1d34-4025-8495-3caf3500c06c/text HTTP/1.1" 200 1291
2020-11-18 10:02:42,368:Finished Request
2020-11-18 10:02:42,373:GET http://127.0.0.1:60317/session/025f8ee6e9cf73329f2ee464cf3337c1/element/62d7a2a1-1d34-4025-8495-3caf3500c06c/text {"id": "62d7a2a1-1d34-4025-8495-3caf3500c06c"}
2020-11-18 10:02:42,400:http://127.0.0.1:60317 "GET /session/025f8ee6e9cf73329f2ee464cf3337c1/element/62d7a2a1-1d34-4025-8495-3caf3500c06c/text HTTP/1.1" 200 1291
2020-11-18 10:02:42,400:Finished Request
2020-11-18 10:02:42,401:262Œ–Ú‚ÌŠé‹Æ
2020-11-18 10:02:42,401:GET http://127.0.0.1:60317/session/025f8ee6e9cf73329f2ee464cf3337c1/element/c52bbca3-5e4e-4b5b-b985-92e747a69217/text {"id": "c52bbca3-5e4e-4b5b-b985-92e747a69217"}
2020-11-18 10:02:42,437:http://127.0.0.1:60317 "GET /session/025f8ee6e9cf73329f2ee464cf3337c1/element/c52bbca3-5e4e-4b5b-b985-92e747a69217/text HTTP/1.1" 200 1339
2020-11-18 10:02:42,437:Finished Request
2020-11-18 10:02:42,442:GET http://127.0.0.1:60317/session/025f8ee6e9cf73329f2ee464cf3337c1/element/c52bbca3-5e4e-4b5b-b985-92e747a69217/text {"id": "c52bbca3-5e4e-4b5b-b985-92e747a69217"}
2020-11-18 10:02:42,466:http://127.0.0.1:60317 "GET /session/025f8ee6e9cf73329f2ee464cf3337c1/element/c52bbca3-5e4e-4b5b-b985-92e747a69217/text HTTP/1.1" 200 1339
2020-11-18 10:02:42,466:Finished Request
2020-11-18 10:02:42,466:263Œ–Ú‚ÌŠé‹Æ
2020-11-18 10:02:42,466:GET http://127.0.0.1:60317/session/025f8ee6e9cf73329f2ee464cf3337c1/element/ef7d4332-d0b4-414c-9df7-fcce01caae24/text {"id": "ef7d4332-d0b4-414c-9df7-fcce01caae24"}
2020-11-18 10:02:42,508:http://127.0.0.1:60317 "GET /session/025f8ee6e9cf73329f2ee464cf3337c1/element/ef7d4332-d0b4-414c-9df7-fcce01caae24/text HTTP/1.1" 200 1233
2020-11-18 10:02:42,508:Finished Request
2020-11-18 10:02:42,515:GET http://127.0.0.1:60317/session/025f8ee6e9cf73329f2ee464cf3337c1/element/ef7d4332-d0b4-414c-9df7-fcce01caae24/text {"id": "ef7d4332-d0b4-414c-9df7-fcce01caae24"}
2020-11-18 10:02:42,551:http://127.0.0.1:60317 "GET /session/025f8ee6e9cf73329f2ee464cf3337c1/element/ef7d4332-d0b4-414c-9df7-fcce01caae24/text HTTP/1.1" 200 1233
2020-11-18 10:02:42,551:Finished Request
2020-11-18 10:02:42,551:264Œ–Ú‚ÌŠé‹Æ
2020-11-18 10:02:42,551:GET http://127.0.0.1:60317/session/025f8ee6e9cf73329f2ee464cf3337c1/element/cc455d9e-86df-4c6d-a975-708cc33dcc25/text {"id": "cc455d9e-86df-4c6d-a975-708cc33dcc25"}
2020-11-18 10:02:42,592:http://127.0.0.1:60317 "GET /session/025f8ee6e9cf73329f2ee464cf3337c1/element/cc455d9e-86df-4c6d-a975-708cc33dcc25/text HTTP/1.1" 200 1352
2020-11-18 10:02:42,592:Finished Request
2020-11-18 10:02:42,598:GET http://127.0.0.1:60317/session/025f8ee6e9cf73329f2ee464cf3337c1/element/cc455d9e-86df-4c6d-a975-708cc33dcc25/text {"id": "cc455d9e-86df-4c6d-a975-708cc33dcc25"}
2020-11-18 10:02:42,716:http://127.0.0.1:60317 "GET /session/025f8ee6e9cf73329f2ee464cf3337c1/element/cc455d9e-86df-4c6d-a975-708cc33dcc25/text HTTP/1.1" 200 1352
2020-11-18 10:02:42,716:Finished Request
2020-11-18 10:02:42,716:265Œ–Ú‚ÌŠé‹Æ
2020-11-18 10:02:42,716:GET http://127.0.0.1:60317/session/025f8ee6e9cf73329f2ee464cf3337c1/element/dcb5fc05-e77e-4132-8258-e6981e97b857/text {"id": "dcb5fc05-e77e-4132-8258-e6981e97b857"}
2020-11-18 10:02:42,750:http://127.0.0.1:60317 "GET /session/025f8ee6e9cf73329f2ee464cf3337c1/element/dcb5fc05-e77e-4132-8258-e6981e97b857/text HTTP/1.1" 200 1290
2020-11-18 10:02:42,750:Finished Request
2020-11-18 10:02:42,752:GET http://127.0.0.1:60317/session/025f8ee6e9cf73329f2ee464cf3337c1/element/dcb5fc05-e77e-4132-8258-e6981e97b857/text {"id": "dcb5fc05-e77e-4132-8258-e6981e97b857"}
2020-11-18 10:02:42,775:http://127.0.0.1:60317 "GET /session/025f8ee6e9cf73329f2ee464cf3337c1/element/dcb5fc05-e77e-4132-8258-e6981e97b857/text HTTP/1.1" 200 1290
2020-11-18 10:02:42,775:Finished Request
2020-11-18 10:02:42,775:266Œ–Ú‚ÌŠé‹Æ
2020-11-18 10:02:42,775:GET http://127.0.0.1:60317/session/025f8ee6e9cf73329f2ee464cf3337c1/element/fffc56e3-6f2b-4e84-9d5b-fc806508c37b/text {"id": "fffc56e3-6f2b-4e84-9d5b-fc806508c37b"}
2020-11-18 10:02:42,805:http://127.0.0.1:60317 "GET /session/025f8ee6e9cf73329f2ee464cf3337c1/element/fffc56e3-6f2b-4e84-9d5b-fc806508c37b/text HTTP/1.1" 200 1235
2020-11-18 10:02:42,806:Finished Request
2020-11-18 10:02:42,808:GET http://127.0.0.1:60317/session/025f8ee6e9cf73329f2ee464cf3337c1/element/fffc56e3-6f2b-4e84-9d5b-fc806508c37b/text {"id": "fffc56e3-6f2b-4e84-9d5b-fc806508c37b"}
2020-11-18 10:02:42,840:http://127.0.0.1:60317 "GET /session/025f8ee6e9cf73329f2ee464cf3337c1/element/fffc56e3-6f2b-4e84-9d5b-fc806508c37b/text HTTP/1.1" 200 1235
2020-11-18 10:02:42,841:Finished Request
2020-11-18 10:02:42,841:267Œ–Ú‚ÌŠé‹Æ
2020-11-18 10:02:42,841:GET http://127.0.0.1:60317/session/025f8ee6e9cf73329f2ee464cf3337c1/element/303fd1af-15c5-4eea-a358-ebc7d1408259/text {"id": "303fd1af-15c5-4eea-a358-ebc7d1408259"}
2020-11-18 10:02:42,875:http://127.0.0.1:60317 "GET /session/025f8ee6e9cf73329f2ee464cf3337c1/element/303fd1af-15c5-4eea-a358-ebc7d1408259/text HTTP/1.1" 200 1391
2020-11-18 10:02:42,875:Finished Request
2020-11-18 10:02:42,880:GET http://127.0.0.1:60317/session/025f8ee6e9cf73329f2ee464cf3337c1/element/303fd1af-15c5-4eea-a358-ebc7d1408259/text {"id": "303fd1af-15c5-4eea-a358-ebc7d1408259"}
2020-11-18 10:02:42,908:http://127.0.0.1:60317 "GET /session/025f8ee6e9cf73329f2ee464cf3337c1/element/303fd1af-15c5-4eea-a358-ebc7d1408259/text HTTP/1.1" 200 1391
2020-11-18 10:02:42,909:Finished Request
2020-11-18 10:02:42,909:268Œ–Ú‚ÌŠé‹Æ
2020-11-18 10:02:42,909:GET http://127.0.0.1:60317/session/025f8ee6e9cf73329f2ee464cf3337c1/element/9afa1687-bc4c-4b66-b7e5-88bda89b4dea/text {"id": "9afa1687-bc4c-4b66-b7e5-88bda89b4dea"}
2020-11-18 10:02:42,945:http://127.0.0.1:60317 "GET /session/025f8ee6e9cf73329f2ee464cf3337c1/element/9afa1687-bc4c-4b66-b7e5-88bda89b4dea/text HTTP/1.1" 200 1410
2020-11-18 10:02:42,945:Finished Request
2020-11-18 10:02:42,949:GET http://127.0.0.1:60317/session/025f8ee6e9cf73329f2ee464cf3337c1/element/9afa1687-bc4c-4b66-b7e5-88bda89b4dea/text {"id": "9afa1687-bc4c-4b66-b7e5-88bda89b4dea"}
2020-11-18 10:02:42,984:http://127.0.0.1:60317 "GET /session/025f8ee6e9cf73329f2ee464cf3337c1/element/9afa1687-bc4c-4b66-b7e5-88bda89b4dea/text HTTP/1.1" 200 1410
2020-11-18 10:02:42,984:Finished Request
2020-11-18 10:02:42,985:269Œ–Ú‚ÌŠé‹Æ
2020-11-18 10:02:42,985:GET http://127.0.0.1:60317/session/025f8ee6e9cf73329f2ee464cf3337c1/element/f9f1ed27-6961-41cb-b3d3-03d08e2190ca/text {"id": "f9f1ed27-6961-41cb-b3d3-03d08e2190ca"}
2020-11-18 10:02:43,016:http://127.0.0.1:60317 "GET /session/025f8ee6e9cf73329f2ee464cf3337c1/element/f9f1ed27-6961-41cb-b3d3-03d08e2190ca/text HTTP/1.1" 200 1308
2020-11-18 10:02:43,017:Finished Request
2020-11-18 10:02:43,022:GET http://127.0.0.1:60317/session/025f8ee6e9cf73329f2ee464cf3337c1/element/f9f1ed27-6961-41cb-b3d3-03d08e2190ca/text {"id": "f9f1ed27-6961-41cb-b3d3-03d08e2190ca"}
2020-11-18 10:02:43,051:http://127.0.0.1:60317 "GET /session/025f8ee6e9cf73329f2ee464cf3337c1/element/f9f1ed27-6961-41cb-b3d3-03d08e2190ca/text HTTP/1.1" 200 1308
2020-11-18 10:02:43,051:Finished Request
2020-11-18 10:02:43,051:270Œ–Ú‚ÌŠé‹Æ
2020-11-18 10:02:43,051:GET http://127.0.0.1:60317/session/025f8ee6e9cf73329f2ee464cf3337c1/element/058d9190-3edf-4555-bd8e-901a99399dde/text {"id": "058d9190-3edf-4555-bd8e-901a99399dde"}
2020-11-18 10:02:43,081:http://127.0.0.1:60317 "GET /session/025f8ee6e9cf73329f2ee464cf3337c1/element/058d9190-3edf-4555-bd8e-901a99399dde/text HTTP/1.1" 200 1355
2020-11-18 10:02:43,082:Finished Request
2020-11-18 10:02:43,086:GET http://127.0.0.1:60317/session/025f8ee6e9cf73329f2ee464cf3337c1/element/058d9190-3edf-4555-bd8e-901a99399dde/text {"id": "058d9190-3edf-4555-bd8e-901a99399dde"}
2020-11-18 10:02:43,120:http://127.0.0.1:60317 "GET /session/025f8ee6e9cf73329f2ee464cf3337c1/element/058d9190-3edf-4555-bd8e-901a99399dde/text HTTP/1.1" 200 1355
2020-11-18 10:02:43,120:Finished Request
2020-11-18 10:02:43,120:271Œ–Ú‚ÌŠé‹Æ
2020-11-18 10:02:43,120:GET http://127.0.0.1:60317/session/025f8ee6e9cf73329f2ee464cf3337c1/element/4ce5629c-ae00-4fba-926f-7f419d70a132/text {"id": "4ce5629c-ae00-4fba-926f-7f419d70a132"}
2020-11-18 10:02:43,147:http://127.0.0.1:60317 "GET /session/025f8ee6e9cf73329f2ee464cf3337c1/element/4ce5629c-ae00-4fba-926f-7f419d70a132/text HTTP/1.1" 200 1206
2020-11-18 10:02:43,147:Finished Request
2020-11-18 10:02:43,150:GET http://127.0.0.1:60317/session/025f8ee6e9cf73329f2ee464cf3337c1/element/4ce5629c-ae00-4fba-926f-7f419d70a132/text {"id": "4ce5629c-ae00-4fba-926f-7f419d70a132"}
2020-11-18 10:02:43,172:http://127.0.0.1:60317 "GET /session/025f8ee6e9cf73329f2ee464cf3337c1/element/4ce5629c-ae00-4fba-926f-7f419d70a132/text HTTP/1.1" 200 1206
2020-11-18 10:02:43,172:Finished Request
2020-11-18 10:02:43,172:272Œ–Ú‚ÌŠé‹Æ
2020-11-18 10:02:43,172:GET http://127.0.0.1:60317/session/025f8ee6e9cf73329f2ee464cf3337c1/element/35603ae3-f21b-438a-8c0b-fe3e548ecc7b/text {"id": "35603ae3-f21b-438a-8c0b-fe3e548ecc7b"}
2020-11-18 10:02:43,211:http://127.0.0.1:60317 "GET /session/025f8ee6e9cf73329f2ee464cf3337c1/element/35603ae3-f21b-438a-8c0b-fe3e548ecc7b/text HTTP/1.1" 200 1211
2020-11-18 10:02:43,212:Finished Request
2020-11-18 10:02:43,217:GET http://127.0.0.1:60317/session/025f8ee6e9cf73329f2ee464cf3337c1/element/35603ae3-f21b-438a-8c0b-fe3e548ecc7b/text {"id": "35603ae3-f21b-438a-8c0b-fe3e548ecc7b"}
2020-11-18 10:02:43,257:http://127.0.0.1:60317 "GET /session/025f8ee6e9cf73329f2ee464cf3337c1/element/35603ae3-f21b-438a-8c0b-fe3e548ecc7b/text HTTP/1.1" 200 1211
2020-11-18 10:02:43,257:Finished Request
2020-11-18 10:02:43,257:273Œ–Ú‚ÌŠé‹Æ
2020-11-18 10:02:43,257:GET http://127.0.0.1:60317/session/025f8ee6e9cf73329f2ee464cf3337c1/element/513ae963-43e5-4979-9ca0-9da274113ada/text {"id": "513ae963-43e5-4979-9ca0-9da274113ada"}
2020-11-18 10:02:43,303:http://127.0.0.1:60317 "GET /session/025f8ee6e9cf73329f2ee464cf3337c1/element/513ae963-43e5-4979-9ca0-9da274113ada/text HTTP/1.1" 200 1349
2020-11-18 10:02:43,304:Finished Request
2020-11-18 10:02:43,305:GET http://127.0.0.1:60317/session/025f8ee6e9cf73329f2ee464cf3337c1/element/513ae963-43e5-4979-9ca0-9da274113ada/text {"id": "513ae963-43e5-4979-9ca0-9da274113ada"}
2020-11-18 10:02:43,353:http://127.0.0.1:60317 "GET /session/025f8ee6e9cf73329f2ee464cf3337c1/element/513ae963-43e5-4979-9ca0-9da274113ada/text HTTP/1.1" 200 1349
2020-11-18 10:02:43,354:Finished Request
2020-11-18 10:02:43,354:274Œ–Ú‚ÌŠé‹Æ
2020-11-18 10:02:43,354:GET http://127.0.0.1:60317/session/025f8ee6e9cf73329f2ee464cf3337c1/element/d26d3309-51d2-4d83-8b1d-590929286e7c/text {"id": "d26d3309-51d2-4d83-8b1d-590929286e7c"}
2020-11-18 10:02:43,391:http://127.0.0.1:60317 "GET /session/025f8ee6e9cf73329f2ee464cf3337c1/element/d26d3309-51d2-4d83-8b1d-590929286e7c/text HTTP/1.1" 200 1335
2020-11-18 10:02:43,392:Finished Request
2020-11-18 10:02:43,396:GET http://127.0.0.1:60317/session/025f8ee6e9cf73329f2ee464cf3337c1/element/d26d3309-51d2-4d83-8b1d-590929286e7c/text {"id": "d26d3309-51d2-4d83-8b1d-590929286e7c"}
2020-11-18 10:02:43,434:http://127.0.0.1:60317 "GET /session/025f8ee6e9cf73329f2ee464cf3337c1/element/d26d3309-51d2-4d83-8b1d-590929286e7c/text HTTP/1.1" 200 1335
2020-11-18 10:02:43,434:Finished Request
2020-11-18 10:02:43,434:275Œ–Ú‚ÌŠé‹Æ
2020-11-18 10:02:43,434:GET http://127.0.0.1:60317/session/025f8ee6e9cf73329f2ee464cf3337c1/element/13aea7c2-0594-4127-b53d-b8e132bcfe7c/text {"id": "13aea7c2-0594-4127-b53d-b8e132bcfe7c"}
2020-11-18 10:02:43,469:http://127.0.0.1:60317 "GET /session/025f8ee6e9cf73329f2ee464cf3337c1/element/13aea7c2-0594-4127-b53d-b8e132bcfe7c/text HTTP/1.1" 200 1251
2020-11-18 10:02:43,469:Finished Request
2020-11-18 10:02:43,473:GET http://127.0.0.1:60317/session/025f8ee6e9cf73329f2ee464cf3337c1/element/13aea7c2-0594-4127-b53d-b8e132bcfe7c/text {"id": "13aea7c2-0594-4127-b53d-b8e132bcfe7c"}
2020-11-18 10:02:43,504:http://127.0.0.1:60317 "GET /session/025f8ee6e9cf73329f2ee464cf3337c1/element/13aea7c2-0594-4127-b53d-b8e132bcfe7c/text HTTP/1.1" 200 1251
2020-11-18 10:02:43,505:Finished Request
2020-11-18 10:02:43,505:276Œ–Ú‚ÌŠé‹Æ
2020-11-18 10:02:43,505:GET http://127.0.0.1:60317/session/025f8ee6e9cf73329f2ee464cf3337c1/element/eb275936-711f-4250-850f-5e2264c710c0/text {"id": "eb275936-711f-4250-850f-5e2264c710c0"}
2020-11-18 10:02:43,554:http://127.0.0.1:60317 "GET /session/025f8ee6e9cf73329f2ee464cf3337c1/element/eb275936-711f-4250-850f-5e2264c710c0/text HTTP/1.1" 200 1290
2020-11-18 10:02:43,554:Finished Request
2020-11-18 10:02:43,558:GET http://127.0.0.1:60317/session/025f8ee6e9cf73329f2ee464cf3337c1/element/eb275936-711f-4250-850f-5e2264c710c0/text {"id": "eb275936-711f-4250-850f-5e2264c710c0"}
2020-11-18 10:02:43,585:http://127.0.0.1:60317 "GET /session/025f8ee6e9cf73329f2ee464cf3337c1/element/eb275936-711f-4250-850f-5e2264c710c0/text HTTP/1.1" 200 1290
2020-11-18 10:02:43,585:Finished Request
2020-11-18 10:02:43,585:277Œ–Ú‚ÌŠé‹Æ
2020-11-18 10:02:43,585:GET http://127.0.0.1:60317/session/025f8ee6e9cf73329f2ee464cf3337c1/element/f547aaed-69c0-49e4-be64-86333247ee3f/text {"id": "f547aaed-69c0-49e4-be64-86333247ee3f"}
2020-11-18 10:02:43,633:http://127.0.0.1:60317 "GET /session/025f8ee6e9cf73329f2ee464cf3337c1/element/f547aaed-69c0-49e4-be64-86333247ee3f/text HTTP/1.1" 200 1272
2020-11-18 10:02:43,633:Finished Request
2020-11-18 10:02:43,634:GET http://127.0.0.1:60317/session/025f8ee6e9cf73329f2ee464cf3337c1/element/f547aaed-69c0-49e4-be64-86333247ee3f/text {"id": "f547aaed-69c0-49e4-be64-86333247ee3f"}
2020-11-18 10:02:43,665:http://127.0.0.1:60317 "GET /session/025f8ee6e9cf73329f2ee464cf3337c1/element/f547aaed-69c0-49e4-be64-86333247ee3f/text HTTP/1.1" 200 1272
2020-11-18 10:02:43,665:Finished Request
2020-11-18 10:02:43,665:278Œ–Ú‚ÌŠé‹Æ
2020-11-18 10:02:43,665:GET http://127.0.0.1:60317/session/025f8ee6e9cf73329f2ee464cf3337c1/element/f3fe3f6e-fbc4-4e05-902c-0e55af4f8698/text {"id": "f3fe3f6e-fbc4-4e05-902c-0e55af4f8698"}
2020-11-18 10:02:43,722:http://127.0.0.1:60317 "GET /session/025f8ee6e9cf73329f2ee464cf3337c1/element/f3fe3f6e-fbc4-4e05-902c-0e55af4f8698/text HTTP/1.1" 200 1325
2020-11-18 10:02:43,723:Finished Request
2020-11-18 10:02:43,728:GET http://127.0.0.1:60317/session/025f8ee6e9cf73329f2ee464cf3337c1/element/f3fe3f6e-fbc4-4e05-902c-0e55af4f8698/text {"id": "f3fe3f6e-fbc4-4e05-902c-0e55af4f8698"}
2020-11-18 10:02:43,768:http://127.0.0.1:60317 "GET /session/025f8ee6e9cf73329f2ee464cf3337c1/element/f3fe3f6e-fbc4-4e05-902c-0e55af4f8698/text HTTP/1.1" 200 1325
2020-11-18 10:02:43,769:Finished Request
2020-11-18 10:02:43,769:279Œ–Ú‚ÌŠé‹Æ
2020-11-18 10:02:43,769:GET http://127.0.0.1:60317/session/025f8ee6e9cf73329f2ee464cf3337c1/element/455d588d-d10b-4ce3-b8d7-3fd1798111b7/text {"id": "455d588d-d10b-4ce3-b8d7-3fd1798111b7"}
2020-11-18 10:02:43,822:http://127.0.0.1:60317 "GET /session/025f8ee6e9cf73329f2ee464cf3337c1/element/455d588d-d10b-4ce3-b8d7-3fd1798111b7/text HTTP/1.1" 200 1334
2020-11-18 10:02:43,822:Finished Request
2020-11-18 10:02:43,826:GET http://127.0.0.1:60317/session/025f8ee6e9cf73329f2ee464cf3337c1/element/455d588d-d10b-4ce3-b8d7-3fd1798111b7/text {"id": "455d588d-d10b-4ce3-b8d7-3fd1798111b7"}
2020-11-18 10:02:43,861:http://127.0.0.1:60317 "GET /session/025f8ee6e9cf73329f2ee464cf3337c1/element/455d588d-d10b-4ce3-b8d7-3fd1798111b7/text HTTP/1.1" 200 1334
2020-11-18 10:02:43,862:Finished Request
2020-11-18 10:02:43,862:280Œ–Ú‚ÌŠé‹Æ
2020-11-18 10:02:43,862:GET http://127.0.0.1:60317/session/025f8ee6e9cf73329f2ee464cf3337c1/element/a0fb034b-da9a-49c6-90bf-bddc4aea7fba/text {"id": "a0fb034b-da9a-49c6-90bf-bddc4aea7fba"}
2020-11-18 10:02:43,916:http://127.0.0.1:60317 "GET /session/025f8ee6e9cf73329f2ee464cf3337c1/element/a0fb034b-da9a-49c6-90bf-bddc4aea7fba/text HTTP/1.1" 200 1364
2020-11-18 10:02:43,916:Finished Request
2020-11-18 10:02:43,920:GET http://127.0.0.1:60317/session/025f8ee6e9cf73329f2ee464cf3337c1/element/a0fb034b-da9a-49c6-90bf-bddc4aea7fba/text {"id": "a0fb034b-da9a-49c6-90bf-bddc4aea7fba"}
2020-11-18 10:02:43,966:http://127.0.0.1:60317 "GET /session/025f8ee6e9cf73329f2ee464cf3337c1/element/a0fb034b-da9a-49c6-90bf-bddc4aea7fba/text HTTP/1.1" 200 1364
2020-11-18 10:02:43,966:Finished Request
2020-11-18 10:02:43,966:281Œ–Ú‚ÌŠé‹Æ
2020-11-18 10:02:43,966:GET http://127.0.0.1:60317/session/025f8ee6e9cf73329f2ee464cf3337c1/element/6102f094-8ef3-4bdd-b271-21ec88151572/text {"id": "6102f094-8ef3-4bdd-b271-21ec88151572"}
2020-11-18 10:02:44,016:http://127.0.0.1:60317 "GET /session/025f8ee6e9cf73329f2ee464cf3337c1/element/6102f094-8ef3-4bdd-b271-21ec88151572/text HTTP/1.1" 200 1278
2020-11-18 10:02:44,017:Finished Request
2020-11-18 10:02:44,022:GET http://127.0.0.1:60317/session/025f8ee6e9cf73329f2ee464cf3337c1/element/6102f094-8ef3-4bdd-b271-21ec88151572/text {"id": "6102f094-8ef3-4bdd-b271-21ec88151572"}
2020-11-18 10:02:44,066:http://127.0.0.1:60317 "GET /session/025f8ee6e9cf73329f2ee464cf3337c1/element/6102f094-8ef3-4bdd-b271-21ec88151572/text HTTP/1.1" 200 1278
2020-11-18 10:02:44,067:Finished Request
2020-11-18 10:02:44,067:282Œ–Ú‚ÌŠé‹Æ
2020-11-18 10:02:44,067:GET http://127.0.0.1:60317/session/025f8ee6e9cf73329f2ee464cf3337c1/element/38ccd13d-1cd6-4ec3-8928-789bc9c84d00/text {"id": "38ccd13d-1cd6-4ec3-8928-789bc9c84d00"}
2020-11-18 10:02:44,119:http://127.0.0.1:60317 "GET /session/025f8ee6e9cf73329f2ee464cf3337c1/element/38ccd13d-1cd6-4ec3-8928-789bc9c84d00/text HTTP/1.1" 200 1344
2020-11-18 10:02:44,119:Finished Request
2020-11-18 10:02:44,124:GET http://127.0.0.1:60317/session/025f8ee6e9cf73329f2ee464cf3337c1/element/38ccd13d-1cd6-4ec3-8928-789bc9c84d00/text {"id": "38ccd13d-1cd6-4ec3-8928-789bc9c84d00"}
2020-11-18 10:02:44,163:http://127.0.0.1:60317 "GET /session/025f8ee6e9cf73329f2ee464cf3337c1/element/38ccd13d-1cd6-4ec3-8928-789bc9c84d00/text HTTP/1.1" 200 1344
2020-11-18 10:02:44,163:Finished Request
2020-11-18 10:02:44,163:283Œ–Ú‚ÌŠé‹Æ
2020-11-18 10:02:44,163:GET http://127.0.0.1:60317/session/025f8ee6e9cf73329f2ee464cf3337c1/element/7349aa08-a371-4dc2-9295-95009005affc/text {"id": "7349aa08-a371-4dc2-9295-95009005affc"}
2020-11-18 10:02:44,200:http://127.0.0.1:60317 "GET /session/025f8ee6e9cf73329f2ee464cf3337c1/element/7349aa08-a371-4dc2-9295-95009005affc/text HTTP/1.1" 200 1309
2020-11-18 10:02:44,200:Finished Request
2020-11-18 10:02:44,205:GET http://127.0.0.1:60317/session/025f8ee6e9cf73329f2ee464cf3337c1/element/7349aa08-a371-4dc2-9295-95009005affc/text {"id": "7349aa08-a371-4dc2-9295-95009005affc"}
2020-11-18 10:02:44,254:http://127.0.0.1:60317 "GET /session/025f8ee6e9cf73329f2ee464cf3337c1/element/7349aa08-a371-4dc2-9295-95009005affc/text HTTP/1.1" 200 1309
2020-11-18 10:02:44,254:Finished Request
2020-11-18 10:02:44,254:284Œ–Ú‚ÌŠé‹Æ
2020-11-18 10:02:44,254:GET http://127.0.0.1:60317/session/025f8ee6e9cf73329f2ee464cf3337c1/element/eb6d82f5-630f-4d95-bb8f-5fb77a59bac0/text {"id": "eb6d82f5-630f-4d95-bb8f-5fb77a59bac0"}
2020-11-18 10:02:44,307:http://127.0.0.1:60317 "GET /session/025f8ee6e9cf73329f2ee464cf3337c1/element/eb6d82f5-630f-4d95-bb8f-5fb77a59bac0/text HTTP/1.1" 200 1299
2020-11-18 10:02:44,308:Finished Request
2020-11-18 10:02:44,314:GET http://127.0.0.1:60317/session/025f8ee6e9cf73329f2ee464cf3337c1/element/eb6d82f5-630f-4d95-bb8f-5fb77a59bac0/text {"id": "eb6d82f5-630f-4d95-bb8f-5fb77a59bac0"}
2020-11-18 10:02:44,360:http://127.0.0.1:60317 "GET /session/025f8ee6e9cf73329f2ee464cf3337c1/element/eb6d82f5-630f-4d95-bb8f-5fb77a59bac0/text HTTP/1.1" 200 1299
2020-11-18 10:02:44,361:Finished Request
2020-11-18 10:02:44,361:285Œ–Ú‚ÌŠé‹Æ
2020-11-18 10:02:44,361:GET http://127.0.0.1:60317/session/025f8ee6e9cf73329f2ee464cf3337c1/element/243d3a4f-d0ba-4b99-bef8-059795d5383b/text {"id": "243d3a4f-d0ba-4b99-bef8-059795d5383b"}
2020-11-18 10:02:44,404:http://127.0.0.1:60317 "GET /session/025f8ee6e9cf73329f2ee464cf3337c1/element/243d3a4f-d0ba-4b99-bef8-059795d5383b/text HTTP/1.1" 200 1383
2020-11-18 10:02:44,405:Finished Request
2020-11-18 10:02:44,409:GET http://127.0.0.1:60317/session/025f8ee6e9cf73329f2ee464cf3337c1/element/243d3a4f-d0ba-4b99-bef8-059795d5383b/text {"id": "243d3a4f-d0ba-4b99-bef8-059795d5383b"}
2020-11-18 10:02:44,432:http://127.0.0.1:60317 "GET /session/025f8ee6e9cf73329f2ee464cf3337c1/element/243d3a4f-d0ba-4b99-bef8-059795d5383b/text HTTP/1.1" 200 1383
2020-11-18 10:02:44,432:Finished Request
2020-11-18 10:02:44,432:286Œ–Ú‚ÌŠé‹Æ
2020-11-18 10:02:44,432:GET http://127.0.0.1:60317/session/025f8ee6e9cf73329f2ee464cf3337c1/element/d2628cb2-b58c-486f-a455-9c469e49a659/text {"id": "d2628cb2-b58c-486f-a455-9c469e49a659"}
2020-11-18 10:02:44,483:http://127.0.0.1:60317 "GET /session/025f8ee6e9cf73329f2ee464cf3337c1/element/d2628cb2-b58c-486f-a455-9c469e49a659/text HTTP/1.1" 200 1301
2020-11-18 10:02:44,484:Finished Request
2020-11-18 10:02:44,488:GET http://127.0.0.1:60317/session/025f8ee6e9cf73329f2ee464cf3337c1/element/d2628cb2-b58c-486f-a455-9c469e49a659/text {"id": "d2628cb2-b58c-486f-a455-9c469e49a659"}
2020-11-18 10:02:44,533:http://127.0.0.1:60317 "GET /session/025f8ee6e9cf73329f2ee464cf3337c1/element/d2628cb2-b58c-486f-a455-9c469e49a659/text HTTP/1.1" 200 1301
2020-11-18 10:02:44,534:Finished Request
2020-11-18 10:02:44,534:287Œ–Ú‚ÌŠé‹Æ
2020-11-18 10:02:44,534:GET http://127.0.0.1:60317/session/025f8ee6e9cf73329f2ee464cf3337c1/element/60c213aa-0736-4b6d-be67-f627c16c5db1/text {"id": "60c213aa-0736-4b6d-be67-f627c16c5db1"}
2020-11-18 10:02:44,562:http://127.0.0.1:60317 "GET /session/025f8ee6e9cf73329f2ee464cf3337c1/element/60c213aa-0736-4b6d-be67-f627c16c5db1/text HTTP/1.1" 200 1341
2020-11-18 10:02:44,562:Finished Request
2020-11-18 10:02:44,567:GET http://127.0.0.1:60317/session/025f8ee6e9cf73329f2ee464cf3337c1/element/60c213aa-0736-4b6d-be67-f627c16c5db1/text {"id": "60c213aa-0736-4b6d-be67-f627c16c5db1"}
2020-11-18 10:02:44,592:http://127.0.0.1:60317 "GET /session/025f8ee6e9cf73329f2ee464cf3337c1/element/60c213aa-0736-4b6d-be67-f627c16c5db1/text HTTP/1.1" 200 1341
2020-11-18 10:02:44,592:Finished Request
2020-11-18 10:02:44,592:288Œ–Ú‚ÌŠé‹Æ
2020-11-18 10:02:44,592:GET http://127.0.0.1:60317/session/025f8ee6e9cf73329f2ee464cf3337c1/element/324b75d7-ead2-488e-8945-5d797ea19ad3/text {"id": "324b75d7-ead2-488e-8945-5d797ea19ad3"}
2020-11-18 10:02:44,618:http://127.0.0.1:60317 "GET /session/025f8ee6e9cf73329f2ee464cf3337c1/element/324b75d7-ead2-488e-8945-5d797ea19ad3/text HTTP/1.1" 200 1271
2020-11-18 10:02:44,618:Finished Request
2020-11-18 10:02:44,622:GET http://127.0.0.1:60317/session/025f8ee6e9cf73329f2ee464cf3337c1/element/324b75d7-ead2-488e-8945-5d797ea19ad3/text {"id": "324b75d7-ead2-488e-8945-5d797ea19ad3"}
2020-11-18 10:02:44,643:http://127.0.0.1:60317 "GET /session/025f8ee6e9cf73329f2ee464cf3337c1/element/324b75d7-ead2-488e-8945-5d797ea19ad3/text HTTP/1.1" 200 1271
2020-11-18 10:02:44,643:Finished Request
2020-11-18 10:02:44,643:289Œ–Ú‚ÌŠé‹Æ
2020-11-18 10:02:44,643:GET http://127.0.0.1:60317/session/025f8ee6e9cf73329f2ee464cf3337c1/element/6ce8c7fe-6b54-4b2f-9bdf-3cc06b8c9ae2/text {"id": "6ce8c7fe-6b54-4b2f-9bdf-3cc06b8c9ae2"}
2020-11-18 10:02:44,673:http://127.0.0.1:60317 "GET /session/025f8ee6e9cf73329f2ee464cf3337c1/element/6ce8c7fe-6b54-4b2f-9bdf-3cc06b8c9ae2/text HTTP/1.1" 200 1315
2020-11-18 10:02:44,673:Finished Request
2020-11-18 10:02:44,676:GET http://127.0.0.1:60317/session/025f8ee6e9cf73329f2ee464cf3337c1/element/6ce8c7fe-6b54-4b2f-9bdf-3cc06b8c9ae2/text {"id": "6ce8c7fe-6b54-4b2f-9bdf-3cc06b8c9ae2"}
2020-11-18 10:02:44,705:http://127.0.0.1:60317 "GET /session/025f8ee6e9cf73329f2ee464cf3337c1/element/6ce8c7fe-6b54-4b2f-9bdf-3cc06b8c9ae2/text HTTP/1.1" 200 1315
2020-11-18 10:02:44,706:Finished Request
2020-11-18 10:02:44,706:290Œ–Ú‚ÌŠé‹Æ
2020-11-18 10:02:44,706:GET http://127.0.0.1:60317/session/025f8ee6e9cf73329f2ee464cf3337c1/element/a2c0b849-8ce2-4836-b24b-7421804024e2/text {"id": "a2c0b849-8ce2-4836-b24b-7421804024e2"}
2020-11-18 10:02:44,753:http://127.0.0.1:60317 "GET /session/025f8ee6e9cf73329f2ee464cf3337c1/element/a2c0b849-8ce2-4836-b24b-7421804024e2/text HTTP/1.1" 200 1367
2020-11-18 10:02:44,753:Finished Request
2020-11-18 10:02:44,758:GET http://127.0.0.1:60317/session/025f8ee6e9cf73329f2ee464cf3337c1/element/a2c0b849-8ce2-4836-b24b-7421804024e2/text {"id": "a2c0b849-8ce2-4836-b24b-7421804024e2"}
2020-11-18 10:02:44,781:http://127.0.0.1:60317 "GET /session/025f8ee6e9cf73329f2ee464cf3337c1/element/a2c0b849-8ce2-4836-b24b-7421804024e2/text HTTP/1.1" 200 1367
2020-11-18 10:02:44,781:Finished Request
2020-11-18 10:02:44,781:291Œ–Ú‚ÌŠé‹Æ
2020-11-18 10:02:44,781:GET http://127.0.0.1:60317/session/025f8ee6e9cf73329f2ee464cf3337c1/element/69a983da-373c-4e0a-83fe-c15cabe8d2bc/text {"id": "69a983da-373c-4e0a-83fe-c15cabe8d2bc"}
2020-11-18 10:02:44,806:http://127.0.0.1:60317 "GET /session/025f8ee6e9cf73329f2ee464cf3337c1/element/69a983da-373c-4e0a-83fe-c15cabe8d2bc/text HTTP/1.1" 200 1198
2020-11-18 10:02:44,806:Finished Request
2020-11-18 10:02:44,810:GET http://127.0.0.1:60317/session/025f8ee6e9cf73329f2ee464cf3337c1/element/69a983da-373c-4e0a-83fe-c15cabe8d2bc/text {"id": "69a983da-373c-4e0a-83fe-c15cabe8d2bc"}
2020-11-18 10:02:44,831:http://127.0.0.1:60317 "GET /session/025f8ee6e9cf73329f2ee464cf3337c1/element/69a983da-373c-4e0a-83fe-c15cabe8d2bc/text HTTP/1.1" 200 1198
2020-11-18 10:02:44,831:Finished Request
2020-11-18 10:02:44,832:292Œ–Ú‚ÌŠé‹Æ
2020-11-18 10:02:44,832:GET http://127.0.0.1:60317/session/025f8ee6e9cf73329f2ee464cf3337c1/element/e76d54ae-ef7e-4ddd-a213-580d97d6e66f/text {"id": "e76d54ae-ef7e-4ddd-a213-580d97d6e66f"}
2020-11-18 10:02:44,892:http://127.0.0.1:60317 "GET /session/025f8ee6e9cf73329f2ee464cf3337c1/element/e76d54ae-ef7e-4ddd-a213-580d97d6e66f/text HTTP/1.1" 200 1417
2020-11-18 10:02:44,893:Finished Request
2020-11-18 10:02:44,897:GET http://127.0.0.1:60317/session/025f8ee6e9cf73329f2ee464cf3337c1/element/e76d54ae-ef7e-4ddd-a213-580d97d6e66f/text {"id": "e76d54ae-ef7e-4ddd-a213-580d97d6e66f"}
2020-11-18 10:02:44,944:http://127.0.0.1:60317 "GET /session/025f8ee6e9cf73329f2ee464cf3337c1/element/e76d54ae-ef7e-4ddd-a213-580d97d6e66f/text HTTP/1.1" 200 1417
2020-11-18 10:02:44,945:Finished Request
2020-11-18 10:02:44,945:293Œ–Ú‚ÌŠé‹Æ
2020-11-18 10:02:44,945:GET http://127.0.0.1:60317/session/025f8ee6e9cf73329f2ee464cf3337c1/element/0e7d3cc5-da1d-4f48-b794-e90c85ecd4fd/text {"id": "0e7d3cc5-da1d-4f48-b794-e90c85ecd4fd"}
2020-11-18 10:02:44,973:http://127.0.0.1:60317 "GET /session/025f8ee6e9cf73329f2ee464cf3337c1/element/0e7d3cc5-da1d-4f48-b794-e90c85ecd4fd/text HTTP/1.1" 200 1322
2020-11-18 10:02:44,973:Finished Request
2020-11-18 10:02:44,974:GET http://127.0.0.1:60317/session/025f8ee6e9cf73329f2ee464cf3337c1/element/0e7d3cc5-da1d-4f48-b794-e90c85ecd4fd/text {"id": "0e7d3cc5-da1d-4f48-b794-e90c85ecd4fd"}
2020-11-18 10:02:45,002:http://127.0.0.1:60317 "GET /session/025f8ee6e9cf73329f2ee464cf3337c1/element/0e7d3cc5-da1d-4f48-b794-e90c85ecd4fd/text HTTP/1.1" 200 1322
2020-11-18 10:02:45,002:Finished Request
2020-11-18 10:02:45,002:294Œ–Ú‚ÌŠé‹Æ
2020-11-18 10:02:45,002:GET http://127.0.0.1:60317/session/025f8ee6e9cf73329f2ee464cf3337c1/element/c9e16b42-9c3e-4cad-87d8-32ae3052e360/text {"id": "c9e16b42-9c3e-4cad-87d8-32ae3052e360"}
2020-11-18 10:02:45,030:http://127.0.0.1:60317 "GET /session/025f8ee6e9cf73329f2ee464cf3337c1/element/c9e16b42-9c3e-4cad-87d8-32ae3052e360/text HTTP/1.1" 200 1278
2020-11-18 10:02:45,030:Finished Request
2020-11-18 10:02:45,034:GET http://127.0.0.1:60317/session/025f8ee6e9cf73329f2ee464cf3337c1/element/c9e16b42-9c3e-4cad-87d8-32ae3052e360/text {"id": "c9e16b42-9c3e-4cad-87d8-32ae3052e360"}
2020-11-18 10:02:45,062:http://127.0.0.1:60317 "GET /session/025f8ee6e9cf73329f2ee464cf3337c1/element/c9e16b42-9c3e-4cad-87d8-32ae3052e360/text HTTP/1.1" 200 1278
2020-11-18 10:02:45,063:Finished Request
2020-11-18 10:02:45,063:295Œ–Ú‚ÌŠé‹Æ
2020-11-18 10:02:45,063:GET http://127.0.0.1:60317/session/025f8ee6e9cf73329f2ee464cf3337c1/element/d394cbdb-8e66-4132-bb9a-ba1ed96cc41d/text {"id": "d394cbdb-8e66-4132-bb9a-ba1ed96cc41d"}
2020-11-18 10:02:45,094:http://127.0.0.1:60317 "GET /session/025f8ee6e9cf73329f2ee464cf3337c1/element/d394cbdb-8e66-4132-bb9a-ba1ed96cc41d/text HTTP/1.1" 200 1296
2020-11-18 10:02:45,094:Finished Request
2020-11-18 10:02:45,098:GET http://127.0.0.1:60317/session/025f8ee6e9cf73329f2ee464cf3337c1/element/d394cbdb-8e66-4132-bb9a-ba1ed96cc41d/text {"id": "d394cbdb-8e66-4132-bb9a-ba1ed96cc41d"}
2020-11-18 10:02:45,132:http://127.0.0.1:60317 "GET /session/025f8ee6e9cf73329f2ee464cf3337c1/element/d394cbdb-8e66-4132-bb9a-ba1ed96cc41d/text HTTP/1.1" 200 1296
2020-11-18 10:02:45,133:Finished Request
2020-11-18 10:02:45,133:296Œ–Ú‚ÌŠé‹Æ
2020-11-18 10:02:45,133:GET http://127.0.0.1:60317/session/025f8ee6e9cf73329f2ee464cf3337c1/element/c945270e-31bd-48c7-91cf-741b4baa027f/text {"id": "c945270e-31bd-48c7-91cf-741b4baa027f"}
2020-11-18 10:02:45,162:http://127.0.0.1:60317 "GET /session/025f8ee6e9cf73329f2ee464cf3337c1/element/c945270e-31bd-48c7-91cf-741b4baa027f/text HTTP/1.1" 200 1078
2020-11-18 10:02:45,162:Finished Request
2020-11-18 10:02:45,165:GET http://127.0.0.1:60317/session/025f8ee6e9cf73329f2ee464cf3337c1/element/c945270e-31bd-48c7-91cf-741b4baa027f/text {"id": "c945270e-31bd-48c7-91cf-741b4baa027f"}
2020-11-18 10:02:45,187:http://127.0.0.1:60317 "GET /session/025f8ee6e9cf73329f2ee464cf3337c1/element/c945270e-31bd-48c7-91cf-741b4baa027f/text HTTP/1.1" 200 1078
2020-11-18 10:02:45,187:Finished Request
2020-11-18 10:02:45,187:297Œ–Ú‚ÌŠé‹Æ
2020-11-18 10:02:45,187:GET http://127.0.0.1:60317/session/025f8ee6e9cf73329f2ee464cf3337c1/element/d0d4b48b-a7a3-4d26-98cc-087d723b5ccb/text {"id": "d0d4b48b-a7a3-4d26-98cc-087d723b5ccb"}
2020-11-18 10:02:45,214:http://127.0.0.1:60317 "GET /session/025f8ee6e9cf73329f2ee464cf3337c1/element/d0d4b48b-a7a3-4d26-98cc-087d723b5ccb/text HTTP/1.1" 200 1265
2020-11-18 10:02:45,214:Finished Request
2020-11-18 10:02:45,218:GET http://127.0.0.1:60317/session/025f8ee6e9cf73329f2ee464cf3337c1/element/d0d4b48b-a7a3-4d26-98cc-087d723b5ccb/text {"id": "d0d4b48b-a7a3-4d26-98cc-087d723b5ccb"}
2020-11-18 10:02:45,236:http://127.0.0.1:60317 "GET /session/025f8ee6e9cf73329f2ee464cf3337c1/element/d0d4b48b-a7a3-4d26-98cc-087d723b5ccb/text HTTP/1.1" 200 1265
2020-11-18 10:02:45,236:Finished Request
2020-11-18 10:02:45,236:298Œ–Ú‚ÌŠé‹Æ
2020-11-18 10:02:45,236:GET http://127.0.0.1:60317/session/025f8ee6e9cf73329f2ee464cf3337c1/element/40550a9b-a088-4220-a113-b75193504263/text {"id": "40550a9b-a088-4220-a113-b75193504263"}
2020-11-18 10:02:45,264:http://127.0.0.1:60317 "GET /session/025f8ee6e9cf73329f2ee464cf3337c1/element/40550a9b-a088-4220-a113-b75193504263/text HTTP/1.1" 200 1368
2020-11-18 10:02:45,272:Finished Request
2020-11-18 10:02:45,280:GET http://127.0.0.1:60317/session/025f8ee6e9cf73329f2ee464cf3337c1/element/40550a9b-a088-4220-a113-b75193504263/text {"id": "40550a9b-a088-4220-a113-b75193504263"}
2020-11-18 10:02:45,332:http://127.0.0.1:60317 "GET /session/025f8ee6e9cf73329f2ee464cf3337c1/element/40550a9b-a088-4220-a113-b75193504263/text HTTP/1.1" 200 1368
2020-11-18 10:02:45,332:Finished Request
2020-11-18 10:02:45,332:299Œ–Ú‚ÌŠé‹Æ
2020-11-18 10:02:45,332:GET http://127.0.0.1:60317/session/025f8ee6e9cf73329f2ee464cf3337c1/element/8e56d417-6834-46cd-9dd7-18798c7ce146/text {"id": "8e56d417-6834-46cd-9dd7-18798c7ce146"}
2020-11-18 10:02:45,396:http://127.0.0.1:60317 "GET /session/025f8ee6e9cf73329f2ee464cf3337c1/element/8e56d417-6834-46cd-9dd7-18798c7ce146/text HTTP/1.1" 200 1347
2020-11-18 10:02:45,396:Finished Request
2020-11-18 10:02:45,401:GET http://127.0.0.1:60317/session/025f8ee6e9cf73329f2ee464cf3337c1/element/8e56d417-6834-46cd-9dd7-18798c7ce146/text {"id": "8e56d417-6834-46cd-9dd7-18798c7ce146"}
2020-11-18 10:02:45,446:http://127.0.0.1:60317 "GET /session/025f8ee6e9cf73329f2ee464cf3337c1/element/8e56d417-6834-46cd-9dd7-18798c7ce146/text HTTP/1.1" 200 1347
2020-11-18 10:02:45,447:Finished Request
2020-11-18 10:02:45,447:300Œ–Ú‚ÌŠé‹Æ
2020-11-18 10:02:45,447:POST http://127.0.0.1:60317/session/025f8ee6e9cf73329f2ee464cf3337c1/elements {"using": "css selector", "value": ".iconFont--arrowLeft"}
2020-11-18 10:02:45,458:http://127.0.0.1:60317 "POST /session/025f8ee6e9cf73329f2ee464cf3337c1/elements HTTP/1.1" 200 169
2020-11-18 10:02:45,459:Finished Request
2020-11-18 10:02:45,459:POST http://127.0.0.1:60317/session/025f8ee6e9cf73329f2ee464cf3337c1/execute/sync {"script": "return (function(){return function(){var d=this;function f(a){return\"string\"==typeof a};function h(a,b){this.code=a;this.a=l[a]||m;this.message=b||\"\";a=this.a.replace(/((?:^|\\s+)[a-z])/g,function(a){return a.toUpperCase().replace(/^[\\s\\xa0]+/g,\"\")});b=a.length-5;if(0>b||a.indexOf(\"Error\",b)!=b)a+=\"Error\";this.name=a;a=Error(this.message);a.name=this.name;this.stack=a.stack||\"\"}\n(function(){var a=Error;function b(){}b.prototype=a.prototype;h.b=a.prototype;h.prototype=new b;h.prototype.constructor=h;h.a=function(b,c,g){for(var e=Array(arguments.length-2),k=2;k<arguments.length;k++)e[k-2]=arguments[k];return a.prototype[c].apply(b,e)}})();var m=\"unknown error\",l={15:\"element not selectable\",11:\"element not visible\"};l[31]=m;l[30]=m;l[24]=\"invalid cookie domain\";l[29]=\"invalid element coordinates\";l[12]=\"invalid element state\";l[32]=\"invalid selector\";l[51]=\"invalid selector\";\nl[52]=\"invalid selector\";l[17]=\"javascript error\";l[405]=\"unsupported operation\";l[34]=\"move target out of bounds\";l[27]=\"no such alert\";l[7]=\"no such element\";l[8]=\"no such frame\";l[23]=\"no such window\";l[28]=\"script timeout\";l[33]=\"session not created\";l[10]=\"stale element reference\";l[21]=\"timeout\";l[25]=\"unable to set cookie\";l[26]=\"unexpected alert open\";l[13]=m;l[9]=\"unknown command\";h.prototype.toString=function(){return this.name+\": \"+this.message};var n;a:{var p=d.navigator;if(p){var q=p.userAgent;if(q){n=q;break a}}n=\"\"}function r(a){return-1!=n.indexOf(a)};function t(a,b){for(var e=a.length,c=f(a)?a.split(\"\"):a,g=0;g<e;g++)g in c&&b.call(void 0,c[g],g,a)};function v(){return r(\"iPhone\")&&!r(\"iPod\")&&!r(\"iPad\")};function w(){return(r(\"Chrome\")||r(\"CriOS\"))&&!r(\"Edge\")};var x=r(\"Opera\"),y=r(\"Trident\")||r(\"MSIE\"),z=r(\"Edge\"),A=r(\"Gecko\")&&!(-1!=n.toLowerCase().indexOf(\"webkit\")&&!r(\"Edge\"))&&!(r(\"Trident\")||r(\"MSIE\"))&&!r(\"Edge\"),aa=-1!=n.toLowerCase().indexOf(\"webkit\")&&!r(\"Edge\");function B(){var a=d.document;return a?a.documentMode:void 0}var C;\na:{var D=\"\",E=function(){var a=n;if(A)return/rv\\:([^\\);]+)(\\)|;)/.exec(a);if(z)return/Edge\\/([\\d\\.]+)/.exec(a);if(y)return/\\b(?:MSIE|rv)[: ]([^\\);]+)(\\)|;)/.exec(a);if(aa)return/WebKit\\/(\\S+)/.exec(a);if(x)return/(?:Version)[ \\/]?(\\S+)/.exec(a)}();E&&(D=E?E[1]:\"\");if(y){var F=B();if(null!=F&&F>parseFloat(D)){C=String(F);break a}}C=D}var G;var H=d.document;G=H&&y?B()||(\"CSS1Compat\"==H.compatMode?parseInt(C,10):5):void 0;var ba=r(\"Firefox\"),ca=v()||r(\"iPod\"),da=r(\"iPad\"),I=r(\"Android\")&&!(w()||r(\"Firefox\")||r(\"Opera\")||r(\"Silk\")),ea=w(),J=r(\"Safari\")&&!(w()||r(\"Coast\")||r(\"Opera\")||r(\"Edge\")||r(\"Silk\")||r(\"Android\"))&&!(v()||r(\"iPad\")||r(\"iPod\"));function K(a){return(a=a.exec(n))?a[1]:\"\"}(function(){if(ba)return K(/Firefox\\/([0-9.]+)/);if(y||z||x)return C;if(ea)return v()||r(\"iPad\")||r(\"iPod\")?K(/CriOS\\/([0-9.]+)/):K(/Chrome\\/([0-9.]+)/);if(J&&!(v()||r(\"iPad\")||r(\"iPod\")))return K(/Version\\/([0-9.]+)/);if(ca||da){var a=/Version\\/(\\S+).*Mobile\\/(\\S+)/.exec(n);if(a)return a[1]+\".\"+a[2]}else if(I)return(a=K(/Android\\s+([0-9.]+)/))?a:K(/Version\\/([0-9.]+)/);return\"\"})();var L,M=function(){if(!A)return!1;var a=d.Components;if(!a)return!1;try{if(!a.classes)return!1}catch(g){return!1}var b=a.classes,a=a.interfaces,e=b[\"@mozilla.org/xpcom/version-comparator;1\"].getService(a.nsIVersionComparator),c=b[\"@mozilla.org/xre/app-info;1\"].getService(a.nsIXULAppInfo).version;L=function(a){e.compare(c,\"\"+a)};return!0}(),N=y&&!(8<=Number(G)),fa=y&&!(9<=Number(G));I&&M&&L(2.3);I&&M&&L(4);J&&M&&L(6);var ga={SCRIPT:1,STYLE:1,HEAD:1,IFRAME:1,OBJECT:1},O={IMG:\" \",BR:\"\\n\"};function P(a,b,e){if(!(a.nodeName in ga))if(3==a.nodeType)e?b.push(String(a.nodeValue).replace(/(\\r\\n|\\r|\\n)/g,\"\")):b.push(a.nodeValue);else if(a.nodeName in O)b.push(O[a.nodeName]);else for(a=a.firstChild;a;)P(a,b,e),a=a.nextSibling};function Q(a,b){b=b.toLowerCase();return\"style\"==b?ha(a.style.cssText):N&&\"value\"==b&&R(a,\"INPUT\")?a.value:fa&&!0===a[b]?String(a.getAttribute(b)):(a=a.getAttributeNode(b))&&a.specified?a.value:null}var ia=/[;]+(?=(?:(?:[^\"]*\"){2})*[^\"]*$)(?=(?:(?:[^']*'){2})*[^']*$)(?=(?:[^()]*\\([^()]*\\))*[^()]*$)/;\nfunction ha(a){var b=[];t(a.split(ia),function(a){var c=a.indexOf(\":\");0<c&&(a=[a.slice(0,c),a.slice(c+1)],2==a.length&&b.push(a[0].toLowerCase(),\":\",a[1],\";\"))});b=b.join(\"\");return b=\";\"==b.charAt(b.length-1)?b:b+\";\"}function S(a,b){N&&\"value\"==b&&R(a,\"OPTION\")&&null===Q(a,\"value\")?(b=[],P(a,b,!1),a=b.join(\"\")):a=a[b];return a}function R(a,b){b&&\"string\"!==typeof b&&(b=b.toString());return!!a&&1==a.nodeType&&(!b||a.tagName.toUpperCase()==b)}\nfunction T(a){return R(a,\"OPTION\")?!0:R(a,\"INPUT\")?(a=a.type.toLowerCase(),\"checkbox\"==a||\"radio\"==a):!1};var ja={\"class\":\"className\",readonly:\"readOnly\"},U=\"allowfullscreen allowpaymentrequest allowusermedia async autofocus autoplay checked compact complete controls declare default defaultchecked defaultselected defer disabled ended formnovalidate hidden indeterminate iscontenteditable ismap itemscope loop multiple muted nohref nomodule noresize noshade novalidate nowrap open paused playsinline pubdate readonly required reversed scoped seamless seeking selected truespeed typemustmatch willvalidate\".split(\" \");function V(a,b){var e=null,c=b.toLowerCase();if(\"style\"==c)return(e=a.style)&&!f(e)&&(e=e.cssText),e;if((\"selected\"==c||\"checked\"==c)&&T(a)){if(!T(a))throw new h(15,\"Element is not selectable\");b=\"selected\";e=a.type&&a.type.toLowerCase();if(\"checkbox\"==e||\"radio\"==e)b=\"checked\";return S(a,b)?\"true\":null}var g=R(a,\"A\");if(R(a,\"IMG\")&&\"src\"==c||g&&\"href\"==c)return(e=Q(a,c))&&(e=S(a,c)),e;if(\"spellcheck\"==c){e=Q(a,c);if(null!==e){if(\"false\"==e.toLowerCase())return\"false\";if(\"true\"==e.toLowerCase())return\"true\"}return S(a,\nc)+\"\"}g=ja[b]||b;a:if(f(U))c=f(c)&&1==c.length?U.indexOf(c,0):-1;else{for(var u=0;u<U.length;u++)if(u in U&&U[u]===c){c=u;break a}c=-1}if(0<=c)return(e=null!==Q(a,b)||S(a,g))?\"true\":null;try{var k=S(a,g)}catch(ka){}(c=null==k)||(c=typeof k,c=\"object\"==c&&null!=k||\"function\"==c);c?e=Q(a,b):e=k;return null!=e?e.toString():null}var W=[\"_\"],X=d;W[0]in X||!X.execScript||X.execScript(\"var \"+W[0]);\nfor(var Y;W.length&&(Y=W.shift());){var Z;if(Z=!W.length)Z=void 0!==V;Z?X[Y]=V:X[Y]&&X[Y]!==Object.prototype[Y]?X=X[Y]:X=X[Y]={}};; return this._.apply(null,arguments);}.apply({navigator:typeof window!='undefined'?window.navigator:null,document:typeof window!='undefined'?window.document:null}, arguments);}\n).apply(null, arguments);", "args": [{"ELEMENT": "8959a0e9-05ff-4e87-ab0c-c05f2c6f9965", "element-6066-11e4-a52e-4f735466cecf": "8959a0e9-05ff-4e87-ab0c-c05f2c6f9965"}, "href"]}
2020-11-18 10:02:45,468:http://127.0.0.1:60317 "POST /session/025f8ee6e9cf73329f2ee464cf3337c1/execute/sync HTTP/1.1" 200 109
2020-11-18 10:02:45,469:Finished Request
2020-11-18 10:02:45,469:POST http://127.0.0.1:60317/session/025f8ee6e9cf73329f2ee464cf3337c1/url {"url": "https://tenshoku.mynavi.jp/list/kw%E9%AB%98%E5%8F%8E%E5%85%A5/pg7/?jobsearchType=14&searchType=18"}
2020-11-18 10:02:46,593:http://127.0.0.1:60317 "POST /session/025f8ee6e9cf73329f2ee464cf3337c1/url HTTP/1.1" 200 14
2020-11-18 10:02:46,594:Finished Request
2020-11-18 10:02:46,594:POST http://127.0.0.1:60317/session/025f8ee6e9cf73329f2ee464cf3337c1/elements {"using": "css selector", "value": ".cassetteRecruit__content"}
2020-11-18 10:02:47,150:http://127.0.0.1:60317 "POST /session/025f8ee6e9cf73329f2ee464cf3337c1/elements HTTP/1.1" 200 3961
2020-11-18 10:02:47,150:Finished Request
2020-11-18 10:02:47,150:GET http://127.0.0.1:60317/session/025f8ee6e9cf73329f2ee464cf3337c1/element/f7841095-7f1e-4b8f-adb7-75b6a38557e3/text {"id": "f7841095-7f1e-4b8f-adb7-75b6a38557e3"}
2020-11-18 10:02:47,180:http://127.0.0.1:60317 "GET /session/025f8ee6e9cf73329f2ee464cf3337c1/element/f7841095-7f1e-4b8f-adb7-75b6a38557e3/text HTTP/1.1" 200 1296
2020-11-18 10:02:47,180:Finished Request
2020-11-18 10:02:47,183:GET http://127.0.0.1:60317/session/025f8ee6e9cf73329f2ee464cf3337c1/element/f7841095-7f1e-4b8f-adb7-75b6a38557e3/text {"id": "f7841095-7f1e-4b8f-adb7-75b6a38557e3"}
2020-11-18 10:02:47,207:http://127.0.0.1:60317 "GET /session/025f8ee6e9cf73329f2ee464cf3337c1/element/f7841095-7f1e-4b8f-adb7-75b6a38557e3/text HTTP/1.1" 200 1296
2020-11-18 10:02:47,207:Finished Request
2020-11-18 10:02:47,207:301Œ–Ú‚ÌŠé‹Æ
2020-11-18 10:02:47,207:GET http://127.0.0.1:60317/session/025f8ee6e9cf73329f2ee464cf3337c1/element/771a49dd-91b0-42b3-b53e-2e5b87ccb8f4/text {"id": "771a49dd-91b0-42b3-b53e-2e5b87ccb8f4"}
2020-11-18 10:02:47,242:http://127.0.0.1:60317 "GET /session/025f8ee6e9cf73329f2ee464cf3337c1/element/771a49dd-91b0-42b3-b53e-2e5b87ccb8f4/text HTTP/1.1" 200 1305
2020-11-18 10:02:47,242:Finished Request
2020-11-18 10:02:47,249:GET http://127.0.0.1:60317/session/025f8ee6e9cf73329f2ee464cf3337c1/element/771a49dd-91b0-42b3-b53e-2e5b87ccb8f4/text {"id": "771a49dd-91b0-42b3-b53e-2e5b87ccb8f4"}
2020-11-18 10:02:47,287:http://127.0.0.1:60317 "GET /session/025f8ee6e9cf73329f2ee464cf3337c1/element/771a49dd-91b0-42b3-b53e-2e5b87ccb8f4/text HTTP/1.1" 200 1305
2020-11-18 10:02:47,287:Finished Request
2020-11-18 10:02:47,287:302Œ–Ú‚ÌŠé‹Æ
2020-11-18 10:02:47,288:GET http://127.0.0.1:60317/session/025f8ee6e9cf73329f2ee464cf3337c1/element/e2c096f1-2237-4577-a370-ddaccf698956/text {"id": "e2c096f1-2237-4577-a370-ddaccf698956"}
2020-11-18 10:02:47,332:http://127.0.0.1:60317 "GET /session/025f8ee6e9cf73329f2ee464cf3337c1/element/e2c096f1-2237-4577-a370-ddaccf698956/text HTTP/1.1" 200 1293
2020-11-18 10:02:47,333:Finished Request
2020-11-18 10:02:47,333:GET http://127.0.0.1:60317/session/025f8ee6e9cf73329f2ee464cf3337c1/element/e2c096f1-2237-4577-a370-ddaccf698956/text {"id": "e2c096f1-2237-4577-a370-ddaccf698956"}
2020-11-18 10:02:47,369:http://127.0.0.1:60317 "GET /session/025f8ee6e9cf73329f2ee464cf3337c1/element/e2c096f1-2237-4577-a370-ddaccf698956/text HTTP/1.1" 200 1293
2020-11-18 10:02:47,370:Finished Request
2020-11-18 10:02:47,370:303Œ–Ú‚ÌŠé‹Æ
2020-11-18 10:02:47,370:GET http://127.0.0.1:60317/session/025f8ee6e9cf73329f2ee464cf3337c1/element/1fa979c1-18d8-467f-814c-7087ca5f22aa/text {"id": "1fa979c1-18d8-467f-814c-7087ca5f22aa"}
2020-11-18 10:02:47,563:http://127.0.0.1:60317 "GET /session/025f8ee6e9cf73329f2ee464cf3337c1/element/1fa979c1-18d8-467f-814c-7087ca5f22aa/text HTTP/1.1" 200 1251
2020-11-18 10:02:47,563:Finished Request
2020-11-18 10:02:47,569:GET http://127.0.0.1:60317/session/025f8ee6e9cf73329f2ee464cf3337c1/element/1fa979c1-18d8-467f-814c-7087ca5f22aa/text {"id": "1fa979c1-18d8-467f-814c-7087ca5f22aa"}
2020-11-18 10:02:47,623:http://127.0.0.1:60317 "GET /session/025f8ee6e9cf73329f2ee464cf3337c1/element/1fa979c1-18d8-467f-814c-7087ca5f22aa/text HTTP/1.1" 200 1251
2020-11-18 10:02:47,623:Finished Request
2020-11-18 10:02:47,623:304Œ–Ú‚ÌŠé‹Æ
2020-11-18 10:02:47,623:GET http://127.0.0.1:60317/session/025f8ee6e9cf73329f2ee464cf3337c1/element/297cbcc8-5b76-464c-a3ce-44ab9b2e244a/text {"id": "297cbcc8-5b76-464c-a3ce-44ab9b2e244a"}
2020-11-18 10:02:47,715:http://127.0.0.1:60317 "GET /session/025f8ee6e9cf73329f2ee464cf3337c1/element/297cbcc8-5b76-464c-a3ce-44ab9b2e244a/text HTTP/1.1" 200 1379
2020-11-18 10:02:47,715:Finished Request
2020-11-18 10:02:47,718:GET http://127.0.0.1:60317/session/025f8ee6e9cf73329f2ee464cf3337c1/element/297cbcc8-5b76-464c-a3ce-44ab9b2e244a/text {"id": "297cbcc8-5b76-464c-a3ce-44ab9b2e244a"}
2020-11-18 10:02:47,743:http://127.0.0.1:60317 "GET /session/025f8ee6e9cf73329f2ee464cf3337c1/element/297cbcc8-5b76-464c-a3ce-44ab9b2e244a/text HTTP/1.1" 200 1379
2020-11-18 10:02:47,743:Finished Request
2020-11-18 10:02:47,743:305Œ–Ú‚ÌŠé‹Æ
2020-11-18 10:02:47,744:GET http://127.0.0.1:60317/session/025f8ee6e9cf73329f2ee464cf3337c1/element/d943f9e4-69dc-4554-baca-6d90d2f777e1/text {"id": "d943f9e4-69dc-4554-baca-6d90d2f777e1"}
2020-11-18 10:02:47,778:http://127.0.0.1:60317 "GET /session/025f8ee6e9cf73329f2ee464cf3337c1/element/d943f9e4-69dc-4554-baca-6d90d2f777e1/text HTTP/1.1" 200 1343
2020-11-18 10:02:47,779:Finished Request
2020-11-18 10:02:47,783:GET http://127.0.0.1:60317/session/025f8ee6e9cf73329f2ee464cf3337c1/element/d943f9e4-69dc-4554-baca-6d90d2f777e1/text {"id": "d943f9e4-69dc-4554-baca-6d90d2f777e1"}
2020-11-18 10:02:47,812:http://127.0.0.1:60317 "GET /session/025f8ee6e9cf73329f2ee464cf3337c1/element/d943f9e4-69dc-4554-baca-6d90d2f777e1/text HTTP/1.1" 200 1343
2020-11-18 10:02:47,812:Finished Request
2020-11-18 10:02:47,812:306Œ–Ú‚ÌŠé‹Æ
2020-11-18 10:02:47,812:GET http://127.0.0.1:60317/session/025f8ee6e9cf73329f2ee464cf3337c1/element/00f3d060-7cae-4832-a0a9-4fb6c6db1fb3/text {"id": "00f3d060-7cae-4832-a0a9-4fb6c6db1fb3"}
2020-11-18 10:02:47,861:http://127.0.0.1:60317 "GET /session/025f8ee6e9cf73329f2ee464cf3337c1/element/00f3d060-7cae-4832-a0a9-4fb6c6db1fb3/text HTTP/1.1" 200 1294
2020-11-18 10:02:47,861:Finished Request
2020-11-18 10:02:47,865:GET http://127.0.0.1:60317/session/025f8ee6e9cf73329f2ee464cf3337c1/element/00f3d060-7cae-4832-a0a9-4fb6c6db1fb3/text {"id": "00f3d060-7cae-4832-a0a9-4fb6c6db1fb3"}
2020-11-18 10:02:47,887:http://127.0.0.1:60317 "GET /session/025f8ee6e9cf73329f2ee464cf3337c1/element/00f3d060-7cae-4832-a0a9-4fb6c6db1fb3/text HTTP/1.1" 200 1294
2020-11-18 10:02:47,887:Finished Request
2020-11-18 10:02:47,887:307Œ–Ú‚ÌŠé‹Æ
2020-11-18 10:02:47,887:GET http://127.0.0.1:60317/session/025f8ee6e9cf73329f2ee464cf3337c1/element/c0a48b5f-944b-421d-ad99-1bdc4538a39c/text {"id": "c0a48b5f-944b-421d-ad99-1bdc4538a39c"}
2020-11-18 10:02:47,936:http://127.0.0.1:60317 "GET /session/025f8ee6e9cf73329f2ee464cf3337c1/element/c0a48b5f-944b-421d-ad99-1bdc4538a39c/text HTTP/1.1" 200 1321
2020-11-18 10:02:47,937:Finished Request
2020-11-18 10:02:47,941:GET http://127.0.0.1:60317/session/025f8ee6e9cf73329f2ee464cf3337c1/element/c0a48b5f-944b-421d-ad99-1bdc4538a39c/text {"id": "c0a48b5f-944b-421d-ad99-1bdc4538a39c"}
2020-11-18 10:02:47,979:http://127.0.0.1:60317 "GET /session/025f8ee6e9cf73329f2ee464cf3337c1/element/c0a48b5f-944b-421d-ad99-1bdc4538a39c/text HTTP/1.1" 200 1321
2020-11-18 10:02:47,985:Finished Request
2020-11-18 10:02:47,985:308Œ–Ú‚ÌŠé‹Æ
2020-11-18 10:02:47,986:GET http://127.0.0.1:60317/session/025f8ee6e9cf73329f2ee464cf3337c1/element/43375550-6a87-4f64-a920-2ba3dcac266a/text {"id": "43375550-6a87-4f64-a920-2ba3dcac266a"}
2020-11-18 10:02:48,026:http://127.0.0.1:60317 "GET /session/025f8ee6e9cf73329f2ee464cf3337c1/element/43375550-6a87-4f64-a920-2ba3dcac266a/text HTTP/1.1" 200 1278
2020-11-18 10:02:48,026:Finished Request
2020-11-18 10:02:48,032:GET http://127.0.0.1:60317/session/025f8ee6e9cf73329f2ee464cf3337c1/element/43375550-6a87-4f64-a920-2ba3dcac266a/text {"id": "43375550-6a87-4f64-a920-2ba3dcac266a"}
2020-11-18 10:02:48,056:http://127.0.0.1:60317 "GET /session/025f8ee6e9cf73329f2ee464cf3337c1/element/43375550-6a87-4f64-a920-2ba3dcac266a/text HTTP/1.1" 200 1278
2020-11-18 10:02:48,056:Finished Request
2020-11-18 10:02:48,056:309Œ–Ú‚ÌŠé‹Æ
2020-11-18 10:02:48,057:GET http://127.0.0.1:60317/session/025f8ee6e9cf73329f2ee464cf3337c1/element/6f76bcfa-77d7-4666-877e-4da0a31587a0/text {"id": "6f76bcfa-77d7-4666-877e-4da0a31587a0"}
2020-11-18 10:02:48,094:http://127.0.0.1:60317 "GET /session/025f8ee6e9cf73329f2ee464cf3337c1/element/6f76bcfa-77d7-4666-877e-4da0a31587a0/text HTTP/1.1" 200 1378
2020-11-18 10:02:48,094:Finished Request
2020-11-18 10:02:48,097:GET http://127.0.0.1:60317/session/025f8ee6e9cf73329f2ee464cf3337c1/element/6f76bcfa-77d7-4666-877e-4da0a31587a0/text {"id": "6f76bcfa-77d7-4666-877e-4da0a31587a0"}
2020-11-18 10:02:48,119:http://127.0.0.1:60317 "GET /session/025f8ee6e9cf73329f2ee464cf3337c1/element/6f76bcfa-77d7-4666-877e-4da0a31587a0/text HTTP/1.1" 200 1378
2020-11-18 10:02:48,119:Finished Request
2020-11-18 10:02:48,119:310Œ–Ú‚ÌŠé‹Æ
2020-11-18 10:02:48,119:GET http://127.0.0.1:60317/session/025f8ee6e9cf73329f2ee464cf3337c1/element/70f93d94-8ac9-4a9d-9b35-87851c493580/text {"id": "70f93d94-8ac9-4a9d-9b35-87851c493580"}
2020-11-18 10:02:48,146:http://127.0.0.1:60317 "GET /session/025f8ee6e9cf73329f2ee464cf3337c1/element/70f93d94-8ac9-4a9d-9b35-87851c493580/text HTTP/1.1" 200 1339
2020-11-18 10:02:48,146:Finished Request
2020-11-18 10:02:48,147:GET http://127.0.0.1:60317/session/025f8ee6e9cf73329f2ee464cf3337c1/element/70f93d94-8ac9-4a9d-9b35-87851c493580/text {"id": "70f93d94-8ac9-4a9d-9b35-87851c493580"}
2020-11-18 10:02:48,176:http://127.0.0.1:60317 "GET /session/025f8ee6e9cf73329f2ee464cf3337c1/element/70f93d94-8ac9-4a9d-9b35-87851c493580/text HTTP/1.1" 200 1339
2020-11-18 10:02:48,178:Finished Request
2020-11-18 10:02:48,178:311Œ–Ú‚ÌŠé‹Æ
2020-11-18 10:02:48,178:GET http://127.0.0.1:60317/session/025f8ee6e9cf73329f2ee464cf3337c1/element/1f32017e-8151-460f-a4c6-3f81354010bd/text {"id": "1f32017e-8151-460f-a4c6-3f81354010bd"}
2020-11-18 10:02:48,229:http://127.0.0.1:60317 "GET /session/025f8ee6e9cf73329f2ee464cf3337c1/element/1f32017e-8151-460f-a4c6-3f81354010bd/text HTTP/1.1" 200 1310
2020-11-18 10:02:48,229:Finished Request
2020-11-18 10:02:48,231:GET http://127.0.0.1:60317/session/025f8ee6e9cf73329f2ee464cf3337c1/element/1f32017e-8151-460f-a4c6-3f81354010bd/text {"id": "1f32017e-8151-460f-a4c6-3f81354010bd"}
2020-11-18 10:02:48,278:http://127.0.0.1:60317 "GET /session/025f8ee6e9cf73329f2ee464cf3337c1/element/1f32017e-8151-460f-a4c6-3f81354010bd/text HTTP/1.1" 200 1310
2020-11-18 10:02:48,279:Finished Request
2020-11-18 10:02:48,279:312Œ–Ú‚ÌŠé‹Æ
2020-11-18 10:02:48,279:GET http://127.0.0.1:60317/session/025f8ee6e9cf73329f2ee464cf3337c1/element/0412fb5f-a4e1-46f2-a8d9-472df4ef1b2a/text {"id": "0412fb5f-a4e1-46f2-a8d9-472df4ef1b2a"}
2020-11-18 10:02:48,314:http://127.0.0.1:60317 "GET /session/025f8ee6e9cf73329f2ee464cf3337c1/element/0412fb5f-a4e1-46f2-a8d9-472df4ef1b2a/text HTTP/1.1" 200 1299
2020-11-18 10:02:48,314:Finished Request
2020-11-18 10:02:48,318:GET http://127.0.0.1:60317/session/025f8ee6e9cf73329f2ee464cf3337c1/element/0412fb5f-a4e1-46f2-a8d9-472df4ef1b2a/text {"id": "0412fb5f-a4e1-46f2-a8d9-472df4ef1b2a"}
2020-11-18 10:02:48,362:http://127.0.0.1:60317 "GET /session/025f8ee6e9cf73329f2ee464cf3337c1/element/0412fb5f-a4e1-46f2-a8d9-472df4ef1b2a/text HTTP/1.1" 200 1299
2020-11-18 10:02:48,362:Finished Request
2020-11-18 10:02:48,362:313Œ–Ú‚ÌŠé‹Æ
2020-11-18 10:02:48,362:GET http://127.0.0.1:60317/session/025f8ee6e9cf73329f2ee464cf3337c1/element/997fae19-3112-45ea-9681-dbc96e814507/text {"id": "997fae19-3112-45ea-9681-dbc96e814507"}
2020-11-18 10:02:48,410:http://127.0.0.1:60317 "GET /session/025f8ee6e9cf73329f2ee464cf3337c1/element/997fae19-3112-45ea-9681-dbc96e814507/text HTTP/1.1" 200 1130
2020-11-18 10:02:48,410:Finished Request
2020-11-18 10:02:48,415:GET http://127.0.0.1:60317/session/025f8ee6e9cf73329f2ee464cf3337c1/element/997fae19-3112-45ea-9681-dbc96e814507/text {"id": "997fae19-3112-45ea-9681-dbc96e814507"}
2020-11-18 10:02:48,455:http://127.0.0.1:60317 "GET /session/025f8ee6e9cf73329f2ee464cf3337c1/element/997fae19-3112-45ea-9681-dbc96e814507/text HTTP/1.1" 200 1130
2020-11-18 10:02:48,455:Finished Request
2020-11-18 10:02:48,455:314Œ–Ú‚ÌŠé‹Æ
2020-11-18 10:02:48,455:GET http://127.0.0.1:60317/session/025f8ee6e9cf73329f2ee464cf3337c1/element/2203a108-7ec6-425f-8bea-abe2043f618a/text {"id": "2203a108-7ec6-425f-8bea-abe2043f618a"}
2020-11-18 10:02:48,502:http://127.0.0.1:60317 "GET /session/025f8ee6e9cf73329f2ee464cf3337c1/element/2203a108-7ec6-425f-8bea-abe2043f618a/text HTTP/1.1" 200 1144
2020-11-18 10:02:48,502:Finished Request
2020-11-18 10:02:48,509:GET http://127.0.0.1:60317/session/025f8ee6e9cf73329f2ee464cf3337c1/element/2203a108-7ec6-425f-8bea-abe2043f618a/text {"id": "2203a108-7ec6-425f-8bea-abe2043f618a"}
2020-11-18 10:02:48,551:http://127.0.0.1:60317 "GET /session/025f8ee6e9cf73329f2ee464cf3337c1/element/2203a108-7ec6-425f-8bea-abe2043f618a/text HTTP/1.1" 200 1144
2020-11-18 10:02:48,552:Finished Request
2020-11-18 10:02:48,552:315Œ–Ú‚ÌŠé‹Æ
2020-11-18 10:02:48,552:GET http://127.0.0.1:60317/session/025f8ee6e9cf73329f2ee464cf3337c1/element/97ba1f34-3221-494f-83d0-61e31a035467/text {"id": "97ba1f34-3221-494f-83d0-61e31a035467"}
2020-11-18 10:02:48,585:http://127.0.0.1:60317 "GET /session/025f8ee6e9cf73329f2ee464cf3337c1/element/97ba1f34-3221-494f-83d0-61e31a035467/text HTTP/1.1" 200 1404
2020-11-18 10:02:48,585:Finished Request
2020-11-18 10:02:48,586:GET http://127.0.0.1:60317/session/025f8ee6e9cf73329f2ee464cf3337c1/element/97ba1f34-3221-494f-83d0-61e31a035467/text {"id": "97ba1f34-3221-494f-83d0-61e31a035467"}
2020-11-18 10:02:48,617:http://127.0.0.1:60317 "GET /session/025f8ee6e9cf73329f2ee464cf3337c1/element/97ba1f34-3221-494f-83d0-61e31a035467/text HTTP/1.1" 200 1404
2020-11-18 10:02:48,617:Finished Request
2020-11-18 10:02:48,617:316Œ–Ú‚ÌŠé‹Æ
2020-11-18 10:02:48,618:GET http://127.0.0.1:60317/session/025f8ee6e9cf73329f2ee464cf3337c1/element/28003365-ffa1-4d57-b8e5-dc7a76efd06c/text {"id": "28003365-ffa1-4d57-b8e5-dc7a76efd06c"}
2020-11-18 10:02:48,660:http://127.0.0.1:60317 "GET /session/025f8ee6e9cf73329f2ee464cf3337c1/element/28003365-ffa1-4d57-b8e5-dc7a76efd06c/text HTTP/1.1" 200 1340
2020-11-18 10:02:48,660:Finished Request
2020-11-18 10:02:48,664:GET http://127.0.0.1:60317/session/025f8ee6e9cf73329f2ee464cf3337c1/element/28003365-ffa1-4d57-b8e5-dc7a76efd06c/text {"id": "28003365-ffa1-4d57-b8e5-dc7a76efd06c"}
2020-11-18 10:02:48,689:http://127.0.0.1:60317 "GET /session/025f8ee6e9cf73329f2ee464cf3337c1/element/28003365-ffa1-4d57-b8e5-dc7a76efd06c/text HTTP/1.1" 200 1340
2020-11-18 10:02:48,689:Finished Request
2020-11-18 10:02:48,689:317Œ–Ú‚ÌŠé‹Æ
2020-11-18 10:02:48,689:GET http://127.0.0.1:60317/session/025f8ee6e9cf73329f2ee464cf3337c1/element/5df3b41d-a3b5-4c76-98f3-ffa9623dedfd/text {"id": "5df3b41d-a3b5-4c76-98f3-ffa9623dedfd"}
2020-11-18 10:02:48,721:http://127.0.0.1:60317 "GET /session/025f8ee6e9cf73329f2ee464cf3337c1/element/5df3b41d-a3b5-4c76-98f3-ffa9623dedfd/text HTTP/1.1" 200 1251
2020-11-18 10:02:48,721:Finished Request
2020-11-18 10:02:48,722:GET http://127.0.0.1:60317/session/025f8ee6e9cf73329f2ee464cf3337c1/element/5df3b41d-a3b5-4c76-98f3-ffa9623dedfd/text {"id": "5df3b41d-a3b5-4c76-98f3-ffa9623dedfd"}
2020-11-18 10:02:48,750:http://127.0.0.1:60317 "GET /session/025f8ee6e9cf73329f2ee464cf3337c1/element/5df3b41d-a3b5-4c76-98f3-ffa9623dedfd/text HTTP/1.1" 200 1251
2020-11-18 10:02:48,750:Finished Request
2020-11-18 10:02:48,750:318Œ–Ú‚ÌŠé‹Æ
2020-11-18 10:02:48,750:GET http://127.0.0.1:60317/session/025f8ee6e9cf73329f2ee464cf3337c1/element/2ac8b36a-d420-4a6a-b76e-41889e5393e4/text {"id": "2ac8b36a-d420-4a6a-b76e-41889e5393e4"}
2020-11-18 10:02:48,806:http://127.0.0.1:60317 "GET /session/025f8ee6e9cf73329f2ee464cf3337c1/element/2ac8b36a-d420-4a6a-b76e-41889e5393e4/text HTTP/1.1" 200 1295
2020-11-18 10:02:48,806:Finished Request
2020-11-18 10:02:48,814:GET http://127.0.0.1:60317/session/025f8ee6e9cf73329f2ee464cf3337c1/element/2ac8b36a-d420-4a6a-b76e-41889e5393e4/text {"id": "2ac8b36a-d420-4a6a-b76e-41889e5393e4"}
2020-11-18 10:02:48,862:http://127.0.0.1:60317 "GET /session/025f8ee6e9cf73329f2ee464cf3337c1/element/2ac8b36a-d420-4a6a-b76e-41889e5393e4/text HTTP/1.1" 200 1295
2020-11-18 10:02:48,863:Finished Request
2020-11-18 10:02:48,863:319Œ–Ú‚ÌŠé‹Æ
2020-11-18 10:02:48,863:GET http://127.0.0.1:60317/session/025f8ee6e9cf73329f2ee464cf3337c1/element/f8b76b86-be2a-4baa-9789-a5c5c7a1075e/text {"id": "f8b76b86-be2a-4baa-9789-a5c5c7a1075e"}
2020-11-18 10:02:48,920:http://127.0.0.1:60317 "GET /session/025f8ee6e9cf73329f2ee464cf3337c1/element/f8b76b86-be2a-4baa-9789-a5c5c7a1075e/text HTTP/1.1" 200 1363
2020-11-18 10:02:48,921:Finished Request
2020-11-18 10:02:48,926:GET http://127.0.0.1:60317/session/025f8ee6e9cf73329f2ee464cf3337c1/element/f8b76b86-be2a-4baa-9789-a5c5c7a1075e/text {"id": "f8b76b86-be2a-4baa-9789-a5c5c7a1075e"}
2020-11-18 10:02:48,969:http://127.0.0.1:60317 "GET /session/025f8ee6e9cf73329f2ee464cf3337c1/element/f8b76b86-be2a-4baa-9789-a5c5c7a1075e/text HTTP/1.1" 200 1363
2020-11-18 10:02:48,969:Finished Request
2020-11-18 10:02:48,969:320Œ–Ú‚ÌŠé‹Æ
2020-11-18 10:02:48,970:GET http://127.0.0.1:60317/session/025f8ee6e9cf73329f2ee464cf3337c1/element/2c6dcb56-0534-47c0-b669-7eb4b3637cae/text {"id": "2c6dcb56-0534-47c0-b669-7eb4b3637cae"}
2020-11-18 10:02:49,003:http://127.0.0.1:60317 "GET /session/025f8ee6e9cf73329f2ee464cf3337c1/element/2c6dcb56-0534-47c0-b669-7eb4b3637cae/text HTTP/1.1" 200 1362
2020-11-18 10:02:49,003:Finished Request
2020-11-18 10:02:49,008:GET http://127.0.0.1:60317/session/025f8ee6e9cf73329f2ee464cf3337c1/element/2c6dcb56-0534-47c0-b669-7eb4b3637cae/text {"id": "2c6dcb56-0534-47c0-b669-7eb4b3637cae"}
2020-11-18 10:02:49,041:http://127.0.0.1:60317 "GET /session/025f8ee6e9cf73329f2ee464cf3337c1/element/2c6dcb56-0534-47c0-b669-7eb4b3637cae/text HTTP/1.1" 200 1362
2020-11-18 10:02:49,042:Finished Request
2020-11-18 10:02:49,042:321Œ–Ú‚ÌŠé‹Æ
2020-11-18 10:02:49,042:GET http://127.0.0.1:60317/session/025f8ee6e9cf73329f2ee464cf3337c1/element/7644bbc3-3f1f-4142-9ac1-233b594f6503/text {"id": "7644bbc3-3f1f-4142-9ac1-233b594f6503"}
2020-11-18 10:02:49,081:http://127.0.0.1:60317 "GET /session/025f8ee6e9cf73329f2ee464cf3337c1/element/7644bbc3-3f1f-4142-9ac1-233b594f6503/text HTTP/1.1" 200 1317
2020-11-18 10:02:49,081:Finished Request
2020-11-18 10:02:49,086:GET http://127.0.0.1:60317/session/025f8ee6e9cf73329f2ee464cf3337c1/element/7644bbc3-3f1f-4142-9ac1-233b594f6503/text {"id": "7644bbc3-3f1f-4142-9ac1-233b594f6503"}
2020-11-18 10:02:49,126:http://127.0.0.1:60317 "GET /session/025f8ee6e9cf73329f2ee464cf3337c1/element/7644bbc3-3f1f-4142-9ac1-233b594f6503/text HTTP/1.1" 200 1317
2020-11-18 10:02:49,127:Finished Request
2020-11-18 10:02:49,127:322Œ–Ú‚ÌŠé‹Æ
2020-11-18 10:02:49,127:GET http://127.0.0.1:60317/session/025f8ee6e9cf73329f2ee464cf3337c1/element/9c653f9e-dce7-44b4-a59d-a96e2d6a8619/text {"id": "9c653f9e-dce7-44b4-a59d-a96e2d6a8619"}
2020-11-18 10:02:49,163:http://127.0.0.1:60317 "GET /session/025f8ee6e9cf73329f2ee464cf3337c1/element/9c653f9e-dce7-44b4-a59d-a96e2d6a8619/text HTTP/1.1" 200 1292
2020-11-18 10:02:49,163:Finished Request
2020-11-18 10:02:49,167:GET http://127.0.0.1:60317/session/025f8ee6e9cf73329f2ee464cf3337c1/element/9c653f9e-dce7-44b4-a59d-a96e2d6a8619/text {"id": "9c653f9e-dce7-44b4-a59d-a96e2d6a8619"}
2020-11-18 10:02:49,211:http://127.0.0.1:60317 "GET /session/025f8ee6e9cf73329f2ee464cf3337c1/element/9c653f9e-dce7-44b4-a59d-a96e2d6a8619/text HTTP/1.1" 200 1292
2020-11-18 10:02:49,211:Finished Request
2020-11-18 10:02:49,211:323Œ–Ú‚ÌŠé‹Æ
2020-11-18 10:02:49,211:GET http://127.0.0.1:60317/session/025f8ee6e9cf73329f2ee464cf3337c1/element/a6fd4fe5-a408-4864-90da-5f5835112d41/text {"id": "a6fd4fe5-a408-4864-90da-5f5835112d41"}
2020-11-18 10:02:49,259:http://127.0.0.1:60317 "GET /session/025f8ee6e9cf73329f2ee464cf3337c1/element/a6fd4fe5-a408-4864-90da-5f5835112d41/text HTTP/1.1" 200 1187
2020-11-18 10:02:49,259:Finished Request
2020-11-18 10:02:49,263:GET http://127.0.0.1:60317/session/025f8ee6e9cf73329f2ee464cf3337c1/element/a6fd4fe5-a408-4864-90da-5f5835112d41/text {"id": "a6fd4fe5-a408-4864-90da-5f5835112d41"}
2020-11-18 10:02:49,294:http://127.0.0.1:60317 "GET /session/025f8ee6e9cf73329f2ee464cf3337c1/element/a6fd4fe5-a408-4864-90da-5f5835112d41/text HTTP/1.1" 200 1187
2020-11-18 10:02:49,295:Finished Request
2020-11-18 10:02:49,295:324Œ–Ú‚ÌŠé‹Æ
2020-11-18 10:02:49,295:GET http://127.0.0.1:60317/session/025f8ee6e9cf73329f2ee464cf3337c1/element/68f835ee-8d92-4a4f-b0f3-8ed955c4feed/text {"id": "68f835ee-8d92-4a4f-b0f3-8ed955c4feed"}
2020-11-18 10:02:49,351:http://127.0.0.1:60317 "GET /session/025f8ee6e9cf73329f2ee464cf3337c1/element/68f835ee-8d92-4a4f-b0f3-8ed955c4feed/text HTTP/1.1" 200 1184
2020-11-18 10:02:49,357:Finished Request
2020-11-18 10:02:49,364:GET http://127.0.0.1:60317/session/025f8ee6e9cf73329f2ee464cf3337c1/element/68f835ee-8d92-4a4f-b0f3-8ed955c4feed/text {"id": "68f835ee-8d92-4a4f-b0f3-8ed955c4feed"}
2020-11-18 10:02:49,408:http://127.0.0.1:60317 "GET /session/025f8ee6e9cf73329f2ee464cf3337c1/element/68f835ee-8d92-4a4f-b0f3-8ed955c4feed/text HTTP/1.1" 200 1184
2020-11-18 10:02:49,409:Finished Request
2020-11-18 10:02:49,409:325Œ–Ú‚ÌŠé‹Æ
2020-11-18 10:02:49,409:GET http://127.0.0.1:60317/session/025f8ee6e9cf73329f2ee464cf3337c1/element/e06cd53e-06d1-46c0-9a5a-f14d1db1f68a/text {"id": "e06cd53e-06d1-46c0-9a5a-f14d1db1f68a"}
2020-11-18 10:02:49,438:http://127.0.0.1:60317 "GET /session/025f8ee6e9cf73329f2ee464cf3337c1/element/e06cd53e-06d1-46c0-9a5a-f14d1db1f68a/text HTTP/1.1" 200 1345
2020-11-18 10:02:49,439:Finished Request
2020-11-18 10:02:49,443:GET http://127.0.0.1:60317/session/025f8ee6e9cf73329f2ee464cf3337c1/element/e06cd53e-06d1-46c0-9a5a-f14d1db1f68a/text {"id": "e06cd53e-06d1-46c0-9a5a-f14d1db1f68a"}
2020-11-18 10:02:49,464:http://127.0.0.1:60317 "GET /session/025f8ee6e9cf73329f2ee464cf3337c1/element/e06cd53e-06d1-46c0-9a5a-f14d1db1f68a/text HTTP/1.1" 200 1345
2020-11-18 10:02:49,464:Finished Request
2020-11-18 10:02:49,464:326Œ–Ú‚ÌŠé‹Æ
2020-11-18 10:02:49,464:GET http://127.0.0.1:60317/session/025f8ee6e9cf73329f2ee464cf3337c1/element/78756873-a54d-43ad-b4fb-05e2d4494014/text {"id": "78756873-a54d-43ad-b4fb-05e2d4494014"}
2020-11-18 10:02:49,501:http://127.0.0.1:60317 "GET /session/025f8ee6e9cf73329f2ee464cf3337c1/element/78756873-a54d-43ad-b4fb-05e2d4494014/text HTTP/1.1" 200 1201
2020-11-18 10:02:49,501:Finished Request
2020-11-18 10:02:49,504:GET http://127.0.0.1:60317/session/025f8ee6e9cf73329f2ee464cf3337c1/element/78756873-a54d-43ad-b4fb-05e2d4494014/text {"id": "78756873-a54d-43ad-b4fb-05e2d4494014"}
2020-11-18 10:02:49,530:http://127.0.0.1:60317 "GET /session/025f8ee6e9cf73329f2ee464cf3337c1/element/78756873-a54d-43ad-b4fb-05e2d4494014/text HTTP/1.1" 200 1201
2020-11-18 10:02:49,531:Finished Request
2020-11-18 10:02:49,531:327Œ–Ú‚ÌŠé‹Æ
2020-11-18 10:02:49,531:GET http://127.0.0.1:60317/session/025f8ee6e9cf73329f2ee464cf3337c1/element/5f4826e1-49dd-4156-b8ae-95ec94b65775/text {"id": "5f4826e1-49dd-4156-b8ae-95ec94b65775"}
2020-11-18 10:02:49,558:http://127.0.0.1:60317 "GET /session/025f8ee6e9cf73329f2ee464cf3337c1/element/5f4826e1-49dd-4156-b8ae-95ec94b65775/text HTTP/1.1" 200 1373
2020-11-18 10:02:49,558:Finished Request
2020-11-18 10:02:49,563:GET http://127.0.0.1:60317/session/025f8ee6e9cf73329f2ee464cf3337c1/element/5f4826e1-49dd-4156-b8ae-95ec94b65775/text {"id": "5f4826e1-49dd-4156-b8ae-95ec94b65775"}
2020-11-18 10:02:49,602:http://127.0.0.1:60317 "GET /session/025f8ee6e9cf73329f2ee464cf3337c1/element/5f4826e1-49dd-4156-b8ae-95ec94b65775/text HTTP/1.1" 200 1373
2020-11-18 10:02:49,602:Finished Request
2020-11-18 10:02:49,602:328Œ–Ú‚ÌŠé‹Æ
2020-11-18 10:02:49,602:GET http://127.0.0.1:60317/session/025f8ee6e9cf73329f2ee464cf3337c1/element/a088aa2f-60c0-4554-8df8-454e1550cf7a/text {"id": "a088aa2f-60c0-4554-8df8-454e1550cf7a"}
2020-11-18 10:02:49,643:http://127.0.0.1:60317 "GET /session/025f8ee6e9cf73329f2ee464cf3337c1/element/a088aa2f-60c0-4554-8df8-454e1550cf7a/text HTTP/1.1" 200 1345
2020-11-18 10:02:49,643:Finished Request
2020-11-18 10:02:49,648:GET http://127.0.0.1:60317/session/025f8ee6e9cf73329f2ee464cf3337c1/element/a088aa2f-60c0-4554-8df8-454e1550cf7a/text {"id": "a088aa2f-60c0-4554-8df8-454e1550cf7a"}
2020-11-18 10:02:49,695:http://127.0.0.1:60317 "GET /session/025f8ee6e9cf73329f2ee464cf3337c1/element/a088aa2f-60c0-4554-8df8-454e1550cf7a/text HTTP/1.1" 200 1345
2020-11-18 10:02:49,696:Finished Request
2020-11-18 10:02:49,696:329Œ–Ú‚ÌŠé‹Æ
2020-11-18 10:02:49,696:GET http://127.0.0.1:60317/session/025f8ee6e9cf73329f2ee464cf3337c1/element/bc31c203-5547-43f8-ab2d-12603414c387/text {"id": "bc31c203-5547-43f8-ab2d-12603414c387"}
2020-11-18 10:02:49,735:http://127.0.0.1:60317 "GET /session/025f8ee6e9cf73329f2ee464cf3337c1/element/bc31c203-5547-43f8-ab2d-12603414c387/text HTTP/1.1" 200 1352
2020-11-18 10:02:49,735:Finished Request
2020-11-18 10:02:49,737:GET http://127.0.0.1:60317/session/025f8ee6e9cf73329f2ee464cf3337c1/element/bc31c203-5547-43f8-ab2d-12603414c387/text {"id": "bc31c203-5547-43f8-ab2d-12603414c387"}
2020-11-18 10:02:49,786:http://127.0.0.1:60317 "GET /session/025f8ee6e9cf73329f2ee464cf3337c1/element/bc31c203-5547-43f8-ab2d-12603414c387/text HTTP/1.1" 200 1352
2020-11-18 10:02:49,787:Finished Request
2020-11-18 10:02:49,787:330Œ–Ú‚ÌŠé‹Æ
2020-11-18 10:02:49,787:GET http://127.0.0.1:60317/session/025f8ee6e9cf73329f2ee464cf3337c1/element/d0e45342-48b7-493b-9489-c94c750703a7/text {"id": "d0e45342-48b7-493b-9489-c94c750703a7"}
2020-11-18 10:02:49,849:http://127.0.0.1:60317 "GET /session/025f8ee6e9cf73329f2ee464cf3337c1/element/d0e45342-48b7-493b-9489-c94c750703a7/text HTTP/1.1" 200 1396
2020-11-18 10:02:49,850:Finished Request
2020-11-18 10:02:49,854:GET http://127.0.0.1:60317/session/025f8ee6e9cf73329f2ee464cf3337c1/element/d0e45342-48b7-493b-9489-c94c750703a7/text {"id": "d0e45342-48b7-493b-9489-c94c750703a7"}
2020-11-18 10:02:49,885:http://127.0.0.1:60317 "GET /session/025f8ee6e9cf73329f2ee464cf3337c1/element/d0e45342-48b7-493b-9489-c94c750703a7/text HTTP/1.1" 200 1396
2020-11-18 10:02:49,885:Finished Request
2020-11-18 10:02:49,885:331Œ–Ú‚ÌŠé‹Æ
2020-11-18 10:02:49,886:GET http://127.0.0.1:60317/session/025f8ee6e9cf73329f2ee464cf3337c1/element/db754e88-738e-4428-9306-8635a275be52/text {"id": "db754e88-738e-4428-9306-8635a275be52"}
2020-11-18 10:02:49,912:http://127.0.0.1:60317 "GET /session/025f8ee6e9cf73329f2ee464cf3337c1/element/db754e88-738e-4428-9306-8635a275be52/text HTTP/1.1" 200 1348
2020-11-18 10:02:49,912:Finished Request
2020-11-18 10:02:49,915:GET http://127.0.0.1:60317/session/025f8ee6e9cf73329f2ee464cf3337c1/element/db754e88-738e-4428-9306-8635a275be52/text {"id": "db754e88-738e-4428-9306-8635a275be52"}
2020-11-18 10:02:49,938:http://127.0.0.1:60317 "GET /session/025f8ee6e9cf73329f2ee464cf3337c1/element/db754e88-738e-4428-9306-8635a275be52/text HTTP/1.1" 200 1348
2020-11-18 10:02:49,938:Finished Request
2020-11-18 10:02:49,938:332Œ–Ú‚ÌŠé‹Æ
2020-11-18 10:02:49,938:GET http://127.0.0.1:60317/session/025f8ee6e9cf73329f2ee464cf3337c1/element/e3486b5f-6caf-45f3-b40f-e1e4d9a6555d/text {"id": "e3486b5f-6caf-45f3-b40f-e1e4d9a6555d"}
2020-11-18 10:02:49,967:http://127.0.0.1:60317 "GET /session/025f8ee6e9cf73329f2ee464cf3337c1/element/e3486b5f-6caf-45f3-b40f-e1e4d9a6555d/text HTTP/1.1" 200 1270
2020-11-18 10:02:49,968:Finished Request
2020-11-18 10:02:49,972:GET http://127.0.0.1:60317/session/025f8ee6e9cf73329f2ee464cf3337c1/element/e3486b5f-6caf-45f3-b40f-e1e4d9a6555d/text {"id": "e3486b5f-6caf-45f3-b40f-e1e4d9a6555d"}
2020-11-18 10:02:50,001:http://127.0.0.1:60317 "GET /session/025f8ee6e9cf73329f2ee464cf3337c1/element/e3486b5f-6caf-45f3-b40f-e1e4d9a6555d/text HTTP/1.1" 200 1270
2020-11-18 10:02:50,002:Finished Request
2020-11-18 10:02:50,002:333Œ–Ú‚ÌŠé‹Æ
2020-11-18 10:02:50,002:GET http://127.0.0.1:60317/session/025f8ee6e9cf73329f2ee464cf3337c1/element/834cbc37-4f6f-46ae-b5a3-722bef2137b8/text {"id": "834cbc37-4f6f-46ae-b5a3-722bef2137b8"}
2020-11-18 10:02:50,051:http://127.0.0.1:60317 "GET /session/025f8ee6e9cf73329f2ee464cf3337c1/element/834cbc37-4f6f-46ae-b5a3-722bef2137b8/text HTTP/1.1" 200 1326
2020-11-18 10:02:50,052:Finished Request
2020-11-18 10:02:50,057:GET http://127.0.0.1:60317/session/025f8ee6e9cf73329f2ee464cf3337c1/element/834cbc37-4f6f-46ae-b5a3-722bef2137b8/text {"id": "834cbc37-4f6f-46ae-b5a3-722bef2137b8"}
2020-11-18 10:02:50,107:http://127.0.0.1:60317 "GET /session/025f8ee6e9cf73329f2ee464cf3337c1/element/834cbc37-4f6f-46ae-b5a3-722bef2137b8/text HTTP/1.1" 200 1326
2020-11-18 10:02:50,108:Finished Request
2020-11-18 10:02:50,108:334Œ–Ú‚ÌŠé‹Æ
2020-11-18 10:02:50,108:GET http://127.0.0.1:60317/session/025f8ee6e9cf73329f2ee464cf3337c1/element/8e90a9c8-9176-4c29-aa16-91692487bb43/text {"id": "8e90a9c8-9176-4c29-aa16-91692487bb43"}
2020-11-18 10:02:50,165:http://127.0.0.1:60317 "GET /session/025f8ee6e9cf73329f2ee464cf3337c1/element/8e90a9c8-9176-4c29-aa16-91692487bb43/text HTTP/1.1" 200 1219
2020-11-18 10:02:50,165:Finished Request
2020-11-18 10:02:50,170:GET http://127.0.0.1:60317/session/025f8ee6e9cf73329f2ee464cf3337c1/element/8e90a9c8-9176-4c29-aa16-91692487bb43/text {"id": "8e90a9c8-9176-4c29-aa16-91692487bb43"}
2020-11-18 10:02:50,205:http://127.0.0.1:60317 "GET /session/025f8ee6e9cf73329f2ee464cf3337c1/element/8e90a9c8-9176-4c29-aa16-91692487bb43/text HTTP/1.1" 200 1219
2020-11-18 10:02:50,205:Finished Request
2020-11-18 10:02:50,205:335Œ–Ú‚ÌŠé‹Æ
2020-11-18 10:02:50,205:GET http://127.0.0.1:60317/session/025f8ee6e9cf73329f2ee464cf3337c1/element/c530737f-d619-42c5-a68c-6e181cc099bb/text {"id": "c530737f-d619-42c5-a68c-6e181cc099bb"}
2020-11-18 10:02:50,255:http://127.0.0.1:60317 "GET /session/025f8ee6e9cf73329f2ee464cf3337c1/element/c530737f-d619-42c5-a68c-6e181cc099bb/text HTTP/1.1" 200 1363
2020-11-18 10:02:50,256:Finished Request
2020-11-18 10:02:50,263:GET http://127.0.0.1:60317/session/025f8ee6e9cf73329f2ee464cf3337c1/element/c530737f-d619-42c5-a68c-6e181cc099bb/text {"id": "c530737f-d619-42c5-a68c-6e181cc099bb"}
2020-11-18 10:02:50,313:http://127.0.0.1:60317 "GET /session/025f8ee6e9cf73329f2ee464cf3337c1/element/c530737f-d619-42c5-a68c-6e181cc099bb/text HTTP/1.1" 200 1363
2020-11-18 10:02:50,313:Finished Request
2020-11-18 10:02:50,314:336Œ–Ú‚ÌŠé‹Æ
2020-11-18 10:02:50,314:GET http://127.0.0.1:60317/session/025f8ee6e9cf73329f2ee464cf3337c1/element/1b039b43-44df-4639-8eb9-61559ea626da/text {"id": "1b039b43-44df-4639-8eb9-61559ea626da"}
2020-11-18 10:02:50,373:http://127.0.0.1:60317 "GET /session/025f8ee6e9cf73329f2ee464cf3337c1/element/1b039b43-44df-4639-8eb9-61559ea626da/text HTTP/1.1" 200 1311
2020-11-18 10:02:50,374:Finished Request
2020-11-18 10:02:50,380:GET http://127.0.0.1:60317/session/025f8ee6e9cf73329f2ee464cf3337c1/element/1b039b43-44df-4639-8eb9-61559ea626da/text {"id": "1b039b43-44df-4639-8eb9-61559ea626da"}
2020-11-18 10:02:50,435:http://127.0.0.1:60317 "GET /session/025f8ee6e9cf73329f2ee464cf3337c1/element/1b039b43-44df-4639-8eb9-61559ea626da/text HTTP/1.1" 200 1311
2020-11-18 10:02:50,436:Finished Request
2020-11-18 10:02:50,436:337Œ–Ú‚ÌŠé‹Æ
2020-11-18 10:02:50,436:GET http://127.0.0.1:60317/session/025f8ee6e9cf73329f2ee464cf3337c1/element/0d064c0a-bce6-4fe5-9d7b-8c87f7cc2e8f/text {"id": "0d064c0a-bce6-4fe5-9d7b-8c87f7cc2e8f"}
2020-11-18 10:02:50,481:http://127.0.0.1:60317 "GET /session/025f8ee6e9cf73329f2ee464cf3337c1/element/0d064c0a-bce6-4fe5-9d7b-8c87f7cc2e8f/text HTTP/1.1" 200 1335
2020-11-18 10:02:50,481:Finished Request
2020-11-18 10:02:50,485:GET http://127.0.0.1:60317/session/025f8ee6e9cf73329f2ee464cf3337c1/element/0d064c0a-bce6-4fe5-9d7b-8c87f7cc2e8f/text {"id": "0d064c0a-bce6-4fe5-9d7b-8c87f7cc2e8f"}
2020-11-18 10:02:50,510:http://127.0.0.1:60317 "GET /session/025f8ee6e9cf73329f2ee464cf3337c1/element/0d064c0a-bce6-4fe5-9d7b-8c87f7cc2e8f/text HTTP/1.1" 200 1335
2020-11-18 10:02:50,510:Finished Request
2020-11-18 10:02:50,510:338Œ–Ú‚ÌŠé‹Æ
2020-11-18 10:02:50,510:GET http://127.0.0.1:60317/session/025f8ee6e9cf73329f2ee464cf3337c1/element/42d189b5-49c8-4b76-b912-b10d8a0542e8/text {"id": "42d189b5-49c8-4b76-b912-b10d8a0542e8"}
2020-11-18 10:02:50,548:http://127.0.0.1:60317 "GET /session/025f8ee6e9cf73329f2ee464cf3337c1/element/42d189b5-49c8-4b76-b912-b10d8a0542e8/text HTTP/1.1" 200 1358
2020-11-18 10:02:50,548:Finished Request
2020-11-18 10:02:50,551:GET http://127.0.0.1:60317/session/025f8ee6e9cf73329f2ee464cf3337c1/element/42d189b5-49c8-4b76-b912-b10d8a0542e8/text {"id": "42d189b5-49c8-4b76-b912-b10d8a0542e8"}
2020-11-18 10:02:50,573:http://127.0.0.1:60317 "GET /session/025f8ee6e9cf73329f2ee464cf3337c1/element/42d189b5-49c8-4b76-b912-b10d8a0542e8/text HTTP/1.1" 200 1358
2020-11-18 10:02:50,574:Finished Request
2020-11-18 10:02:50,574:339Œ–Ú‚ÌŠé‹Æ
2020-11-18 10:02:50,575:GET http://127.0.0.1:60317/session/025f8ee6e9cf73329f2ee464cf3337c1/element/77cc385f-ad95-4f04-8f4e-4e63098b075d/text {"id": "77cc385f-ad95-4f04-8f4e-4e63098b075d"}
2020-11-18 10:02:50,600:http://127.0.0.1:60317 "GET /session/025f8ee6e9cf73329f2ee464cf3337c1/element/77cc385f-ad95-4f04-8f4e-4e63098b075d/text HTTP/1.1" 200 1226
2020-11-18 10:02:50,600:Finished Request
2020-11-18 10:02:50,604:GET http://127.0.0.1:60317/session/025f8ee6e9cf73329f2ee464cf3337c1/element/77cc385f-ad95-4f04-8f4e-4e63098b075d/text {"id": "77cc385f-ad95-4f04-8f4e-4e63098b075d"}
2020-11-18 10:02:50,622:http://127.0.0.1:60317 "GET /session/025f8ee6e9cf73329f2ee464cf3337c1/element/77cc385f-ad95-4f04-8f4e-4e63098b075d/text HTTP/1.1" 200 1226
2020-11-18 10:02:50,622:Finished Request
2020-11-18 10:02:50,622:340Œ–Ú‚ÌŠé‹Æ
2020-11-18 10:02:50,622:GET http://127.0.0.1:60317/session/025f8ee6e9cf73329f2ee464cf3337c1/element/20f29be2-c463-49ea-8724-6497418972ee/text {"id": "20f29be2-c463-49ea-8724-6497418972ee"}
2020-11-18 10:02:50,651:http://127.0.0.1:60317 "GET /session/025f8ee6e9cf73329f2ee464cf3337c1/element/20f29be2-c463-49ea-8724-6497418972ee/text HTTP/1.1" 200 1326
2020-11-18 10:02:50,651:Finished Request
2020-11-18 10:02:50,654:GET http://127.0.0.1:60317/session/025f8ee6e9cf73329f2ee464cf3337c1/element/20f29be2-c463-49ea-8724-6497418972ee/text {"id": "20f29be2-c463-49ea-8724-6497418972ee"}
2020-11-18 10:02:50,680:http://127.0.0.1:60317 "GET /session/025f8ee6e9cf73329f2ee464cf3337c1/element/20f29be2-c463-49ea-8724-6497418972ee/text HTTP/1.1" 200 1326
2020-11-18 10:02:50,681:Finished Request
2020-11-18 10:02:50,681:341Œ–Ú‚ÌŠé‹Æ
2020-11-18 10:02:50,681:GET http://127.0.0.1:60317/session/025f8ee6e9cf73329f2ee464cf3337c1/element/a072e0b0-40b2-4be3-b0b9-0c1f053545fa/text {"id": "a072e0b0-40b2-4be3-b0b9-0c1f053545fa"}
2020-11-18 10:02:50,706:http://127.0.0.1:60317 "GET /session/025f8ee6e9cf73329f2ee464cf3337c1/element/a072e0b0-40b2-4be3-b0b9-0c1f053545fa/text HTTP/1.1" 200 1323
2020-11-18 10:02:50,706:Finished Request
2020-11-18 10:02:50,709:GET http://127.0.0.1:60317/session/025f8ee6e9cf73329f2ee464cf3337c1/element/a072e0b0-40b2-4be3-b0b9-0c1f053545fa/text {"id": "a072e0b0-40b2-4be3-b0b9-0c1f053545fa"}
2020-11-18 10:02:50,733:http://127.0.0.1:60317 "GET /session/025f8ee6e9cf73329f2ee464cf3337c1/element/a072e0b0-40b2-4be3-b0b9-0c1f053545fa/text HTTP/1.1" 200 1323
2020-11-18 10:02:50,733:Finished Request
2020-11-18 10:02:50,733:342Œ–Ú‚ÌŠé‹Æ
2020-11-18 10:02:50,733:GET http://127.0.0.1:60317/session/025f8ee6e9cf73329f2ee464cf3337c1/element/e4028e85-54bf-41ac-8303-0f29a60adf36/text {"id": "e4028e85-54bf-41ac-8303-0f29a60adf36"}
2020-11-18 10:02:50,782:http://127.0.0.1:60317 "GET /session/025f8ee6e9cf73329f2ee464cf3337c1/element/e4028e85-54bf-41ac-8303-0f29a60adf36/text HTTP/1.1" 200 1423
2020-11-18 10:02:50,782:Finished Request
2020-11-18 10:02:50,788:GET http://127.0.0.1:60317/session/025f8ee6e9cf73329f2ee464cf3337c1/element/e4028e85-54bf-41ac-8303-0f29a60adf36/text {"id": "e4028e85-54bf-41ac-8303-0f29a60adf36"}
2020-11-18 10:02:50,836:http://127.0.0.1:60317 "GET /session/025f8ee6e9cf73329f2ee464cf3337c1/element/e4028e85-54bf-41ac-8303-0f29a60adf36/text HTTP/1.1" 200 1423
2020-11-18 10:02:50,837:Finished Request
2020-11-18 10:02:50,837:343Œ–Ú‚ÌŠé‹Æ
2020-11-18 10:02:50,837:GET http://127.0.0.1:60317/session/025f8ee6e9cf73329f2ee464cf3337c1/element/97e9117d-6a2b-419a-94ca-fd66725ec380/text {"id": "97e9117d-6a2b-419a-94ca-fd66725ec380"}
2020-11-18 10:02:50,887:http://127.0.0.1:60317 "GET /session/025f8ee6e9cf73329f2ee464cf3337c1/element/97e9117d-6a2b-419a-94ca-fd66725ec380/text HTTP/1.1" 200 1292
2020-11-18 10:02:50,887:Finished Request
2020-11-18 10:02:50,891:GET http://127.0.0.1:60317/session/025f8ee6e9cf73329f2ee464cf3337c1/element/97e9117d-6a2b-419a-94ca-fd66725ec380/text {"id": "97e9117d-6a2b-419a-94ca-fd66725ec380"}
2020-11-18 10:02:50,920:http://127.0.0.1:60317 "GET /session/025f8ee6e9cf73329f2ee464cf3337c1/element/97e9117d-6a2b-419a-94ca-fd66725ec380/text HTTP/1.1" 200 1292
2020-11-18 10:02:50,920:Finished Request
2020-11-18 10:02:50,920:344Œ–Ú‚ÌŠé‹Æ
2020-11-18 10:02:50,920:GET http://127.0.0.1:60317/session/025f8ee6e9cf73329f2ee464cf3337c1/element/36a5e084-108c-4007-ac89-a6730a14388c/text {"id": "36a5e084-108c-4007-ac89-a6730a14388c"}
2020-11-18 10:02:50,971:http://127.0.0.1:60317 "GET /session/025f8ee6e9cf73329f2ee464cf3337c1/element/36a5e084-108c-4007-ac89-a6730a14388c/text HTTP/1.1" 200 1328
2020-11-18 10:02:50,972:Finished Request
2020-11-18 10:02:50,978:GET http://127.0.0.1:60317/session/025f8ee6e9cf73329f2ee464cf3337c1/element/36a5e084-108c-4007-ac89-a6730a14388c/text {"id": "36a5e084-108c-4007-ac89-a6730a14388c"}
2020-11-18 10:02:51,023:http://127.0.0.1:60317 "GET /session/025f8ee6e9cf73329f2ee464cf3337c1/element/36a5e084-108c-4007-ac89-a6730a14388c/text HTTP/1.1" 200 1328
2020-11-18 10:02:51,024:Finished Request
2020-11-18 10:02:51,024:345Œ–Ú‚ÌŠé‹Æ
2020-11-18 10:02:51,024:GET http://127.0.0.1:60317/session/025f8ee6e9cf73329f2ee464cf3337c1/element/403cb8a1-662c-4b1e-b15e-9babf61a945f/text {"id": "403cb8a1-662c-4b1e-b15e-9babf61a945f"}
2020-11-18 10:02:51,080:http://127.0.0.1:60317 "GET /session/025f8ee6e9cf73329f2ee464cf3337c1/element/403cb8a1-662c-4b1e-b15e-9babf61a945f/text HTTP/1.1" 200 1186
2020-11-18 10:02:51,081:Finished Request
2020-11-18 10:02:51,084:GET http://127.0.0.1:60317/session/025f8ee6e9cf73329f2ee464cf3337c1/element/403cb8a1-662c-4b1e-b15e-9babf61a945f/text {"id": "403cb8a1-662c-4b1e-b15e-9babf61a945f"}
2020-11-18 10:02:51,136:http://127.0.0.1:60317 "GET /session/025f8ee6e9cf73329f2ee464cf3337c1/element/403cb8a1-662c-4b1e-b15e-9babf61a945f/text HTTP/1.1" 200 1186
2020-11-18 10:02:51,136:Finished Request
2020-11-18 10:02:51,136:346Œ–Ú‚ÌŠé‹Æ
2020-11-18 10:02:51,136:GET http://127.0.0.1:60317/session/025f8ee6e9cf73329f2ee464cf3337c1/element/ca4859a9-53a0-4a0e-83e3-22469e29ce52/text {"id": "ca4859a9-53a0-4a0e-83e3-22469e29ce52"}
2020-11-18 10:02:51,194:http://127.0.0.1:60317 "GET /session/025f8ee6e9cf73329f2ee464cf3337c1/element/ca4859a9-53a0-4a0e-83e3-22469e29ce52/text HTTP/1.1" 200 1173
2020-11-18 10:02:51,195:Finished Request
2020-11-18 10:02:51,197:GET http://127.0.0.1:60317/session/025f8ee6e9cf73329f2ee464cf3337c1/element/ca4859a9-53a0-4a0e-83e3-22469e29ce52/text {"id": "ca4859a9-53a0-4a0e-83e3-22469e29ce52"}
2020-11-18 10:02:51,255:http://127.0.0.1:60317 "GET /session/025f8ee6e9cf73329f2ee464cf3337c1/element/ca4859a9-53a0-4a0e-83e3-22469e29ce52/text HTTP/1.1" 200 1173
2020-11-18 10:02:51,255:Finished Request
2020-11-18 10:02:51,255:347Œ–Ú‚ÌŠé‹Æ
2020-11-18 10:02:51,255:GET http://127.0.0.1:60317/session/025f8ee6e9cf73329f2ee464cf3337c1/element/b566e6d1-d62e-48a0-8666-8007fcb4b348/text {"id": "b566e6d1-d62e-48a0-8666-8007fcb4b348"}
2020-11-18 10:02:51,304:http://127.0.0.1:60317 "GET /session/025f8ee6e9cf73329f2ee464cf3337c1/element/b566e6d1-d62e-48a0-8666-8007fcb4b348/text HTTP/1.1" 200 1364
2020-11-18 10:02:51,304:Finished Request
2020-11-18 10:02:51,308:GET http://127.0.0.1:60317/session/025f8ee6e9cf73329f2ee464cf3337c1/element/b566e6d1-d62e-48a0-8666-8007fcb4b348/text {"id": "b566e6d1-d62e-48a0-8666-8007fcb4b348"}
2020-11-18 10:02:51,358:http://127.0.0.1:60317 "GET /session/025f8ee6e9cf73329f2ee464cf3337c1/element/b566e6d1-d62e-48a0-8666-8007fcb4b348/text HTTP/1.1" 200 1364
2020-11-18 10:02:51,359:Finished Request
2020-11-18 10:02:51,359:348Œ–Ú‚ÌŠé‹Æ
2020-11-18 10:02:51,359:GET http://127.0.0.1:60317/session/025f8ee6e9cf73329f2ee464cf3337c1/element/28bc8d04-e436-41af-a564-2a47eb12b73e/text {"id": "28bc8d04-e436-41af-a564-2a47eb12b73e"}
2020-11-18 10:02:51,420:http://127.0.0.1:60317 "GET /session/025f8ee6e9cf73329f2ee464cf3337c1/element/28bc8d04-e436-41af-a564-2a47eb12b73e/text HTTP/1.1" 200 1387
2020-11-18 10:02:51,420:Finished Request
2020-11-18 10:02:51,427:GET http://127.0.0.1:60317/session/025f8ee6e9cf73329f2ee464cf3337c1/element/28bc8d04-e436-41af-a564-2a47eb12b73e/text {"id": "28bc8d04-e436-41af-a564-2a47eb12b73e"}
2020-11-18 10:02:51,471:http://127.0.0.1:60317 "GET /session/025f8ee6e9cf73329f2ee464cf3337c1/element/28bc8d04-e436-41af-a564-2a47eb12b73e/text HTTP/1.1" 200 1387
2020-11-18 10:02:51,472:Finished Request
2020-11-18 10:02:51,472:349Œ–Ú‚ÌŠé‹Æ
2020-11-18 10:02:51,472:GET http://127.0.0.1:60317/session/025f8ee6e9cf73329f2ee464cf3337c1/element/d013946e-0467-4525-8f7a-a22f9c57a2c6/text {"id": "d013946e-0467-4525-8f7a-a22f9c57a2c6"}
2020-11-18 10:02:51,504:http://127.0.0.1:60317 "GET /session/025f8ee6e9cf73329f2ee464cf3337c1/element/d013946e-0467-4525-8f7a-a22f9c57a2c6/text HTTP/1.1" 200 1275
2020-11-18 10:02:51,504:Finished Request
2020-11-18 10:02:51,506:GET http://127.0.0.1:60317/session/025f8ee6e9cf73329f2ee464cf3337c1/element/d013946e-0467-4525-8f7a-a22f9c57a2c6/text {"id": "d013946e-0467-4525-8f7a-a22f9c57a2c6"}
2020-11-18 10:02:51,538:http://127.0.0.1:60317 "GET /session/025f8ee6e9cf73329f2ee464cf3337c1/element/d013946e-0467-4525-8f7a-a22f9c57a2c6/text HTTP/1.1" 200 1275
2020-11-18 10:02:51,538:Finished Request
2020-11-18 10:02:51,538:350Œ–Ú‚ÌŠé‹Æ
2020-11-18 10:02:51,538:POST http://127.0.0.1:60317/session/025f8ee6e9cf73329f2ee464cf3337c1/elements {"using": "css selector", "value": ".iconFont--arrowLeft"}
2020-11-18 10:02:51,550:http://127.0.0.1:60317 "POST /session/025f8ee6e9cf73329f2ee464cf3337c1/elements HTTP/1.1" 200 169
2020-11-18 10:02:51,550:Finished Request
2020-11-18 10:02:51,551:POST http://127.0.0.1:60317/session/025f8ee6e9cf73329f2ee464cf3337c1/execute/sync {"script": "return (function(){return function(){var d=this;function f(a){return\"string\"==typeof a};function h(a,b){this.code=a;this.a=l[a]||m;this.message=b||\"\";a=this.a.replace(/((?:^|\\s+)[a-z])/g,function(a){return a.toUpperCase().replace(/^[\\s\\xa0]+/g,\"\")});b=a.length-5;if(0>b||a.indexOf(\"Error\",b)!=b)a+=\"Error\";this.name=a;a=Error(this.message);a.name=this.name;this.stack=a.stack||\"\"}\n(function(){var a=Error;function b(){}b.prototype=a.prototype;h.b=a.prototype;h.prototype=new b;h.prototype.constructor=h;h.a=function(b,c,g){for(var e=Array(arguments.length-2),k=2;k<arguments.length;k++)e[k-2]=arguments[k];return a.prototype[c].apply(b,e)}})();var m=\"unknown error\",l={15:\"element not selectable\",11:\"element not visible\"};l[31]=m;l[30]=m;l[24]=\"invalid cookie domain\";l[29]=\"invalid element coordinates\";l[12]=\"invalid element state\";l[32]=\"invalid selector\";l[51]=\"invalid selector\";\nl[52]=\"invalid selector\";l[17]=\"javascript error\";l[405]=\"unsupported operation\";l[34]=\"move target out of bounds\";l[27]=\"no such alert\";l[7]=\"no such element\";l[8]=\"no such frame\";l[23]=\"no such window\";l[28]=\"script timeout\";l[33]=\"session not created\";l[10]=\"stale element reference\";l[21]=\"timeout\";l[25]=\"unable to set cookie\";l[26]=\"unexpected alert open\";l[13]=m;l[9]=\"unknown command\";h.prototype.toString=function(){return this.name+\": \"+this.message};var n;a:{var p=d.navigator;if(p){var q=p.userAgent;if(q){n=q;break a}}n=\"\"}function r(a){return-1!=n.indexOf(a)};function t(a,b){for(var e=a.length,c=f(a)?a.split(\"\"):a,g=0;g<e;g++)g in c&&b.call(void 0,c[g],g,a)};function v(){return r(\"iPhone\")&&!r(\"iPod\")&&!r(\"iPad\")};function w(){return(r(\"Chrome\")||r(\"CriOS\"))&&!r(\"Edge\")};var x=r(\"Opera\"),y=r(\"Trident\")||r(\"MSIE\"),z=r(\"Edge\"),A=r(\"Gecko\")&&!(-1!=n.toLowerCase().indexOf(\"webkit\")&&!r(\"Edge\"))&&!(r(\"Trident\")||r(\"MSIE\"))&&!r(\"Edge\"),aa=-1!=n.toLowerCase().indexOf(\"webkit\")&&!r(\"Edge\");function B(){var a=d.document;return a?a.documentMode:void 0}var C;\na:{var D=\"\",E=function(){var a=n;if(A)return/rv\\:([^\\);]+)(\\)|;)/.exec(a);if(z)return/Edge\\/([\\d\\.]+)/.exec(a);if(y)return/\\b(?:MSIE|rv)[: ]([^\\);]+)(\\)|;)/.exec(a);if(aa)return/WebKit\\/(\\S+)/.exec(a);if(x)return/(?:Version)[ \\/]?(\\S+)/.exec(a)}();E&&(D=E?E[1]:\"\");if(y){var F=B();if(null!=F&&F>parseFloat(D)){C=String(F);break a}}C=D}var G;var H=d.document;G=H&&y?B()||(\"CSS1Compat\"==H.compatMode?parseInt(C,10):5):void 0;var ba=r(\"Firefox\"),ca=v()||r(\"iPod\"),da=r(\"iPad\"),I=r(\"Android\")&&!(w()||r(\"Firefox\")||r(\"Opera\")||r(\"Silk\")),ea=w(),J=r(\"Safari\")&&!(w()||r(\"Coast\")||r(\"Opera\")||r(\"Edge\")||r(\"Silk\")||r(\"Android\"))&&!(v()||r(\"iPad\")||r(\"iPod\"));function K(a){return(a=a.exec(n))?a[1]:\"\"}(function(){if(ba)return K(/Firefox\\/([0-9.]+)/);if(y||z||x)return C;if(ea)return v()||r(\"iPad\")||r(\"iPod\")?K(/CriOS\\/([0-9.]+)/):K(/Chrome\\/([0-9.]+)/);if(J&&!(v()||r(\"iPad\")||r(\"iPod\")))return K(/Version\\/([0-9.]+)/);if(ca||da){var a=/Version\\/(\\S+).*Mobile\\/(\\S+)/.exec(n);if(a)return a[1]+\".\"+a[2]}else if(I)return(a=K(/Android\\s+([0-9.]+)/))?a:K(/Version\\/([0-9.]+)/);return\"\"})();var L,M=function(){if(!A)return!1;var a=d.Components;if(!a)return!1;try{if(!a.classes)return!1}catch(g){return!1}var b=a.classes,a=a.interfaces,e=b[\"@mozilla.org/xpcom/version-comparator;1\"].getService(a.nsIVersionComparator),c=b[\"@mozilla.org/xre/app-info;1\"].getService(a.nsIXULAppInfo).version;L=function(a){e.compare(c,\"\"+a)};return!0}(),N=y&&!(8<=Number(G)),fa=y&&!(9<=Number(G));I&&M&&L(2.3);I&&M&&L(4);J&&M&&L(6);var ga={SCRIPT:1,STYLE:1,HEAD:1,IFRAME:1,OBJECT:1},O={IMG:\" \",BR:\"\\n\"};function P(a,b,e){if(!(a.nodeName in ga))if(3==a.nodeType)e?b.push(String(a.nodeValue).replace(/(\\r\\n|\\r|\\n)/g,\"\")):b.push(a.nodeValue);else if(a.nodeName in O)b.push(O[a.nodeName]);else for(a=a.firstChild;a;)P(a,b,e),a=a.nextSibling};function Q(a,b){b=b.toLowerCase();return\"style\"==b?ha(a.style.cssText):N&&\"value\"==b&&R(a,\"INPUT\")?a.value:fa&&!0===a[b]?String(a.getAttribute(b)):(a=a.getAttributeNode(b))&&a.specified?a.value:null}var ia=/[;]+(?=(?:(?:[^\"]*\"){2})*[^\"]*$)(?=(?:(?:[^']*'){2})*[^']*$)(?=(?:[^()]*\\([^()]*\\))*[^()]*$)/;\nfunction ha(a){var b=[];t(a.split(ia),function(a){var c=a.indexOf(\":\");0<c&&(a=[a.slice(0,c),a.slice(c+1)],2==a.length&&b.push(a[0].toLowerCase(),\":\",a[1],\";\"))});b=b.join(\"\");return b=\";\"==b.charAt(b.length-1)?b:b+\";\"}function S(a,b){N&&\"value\"==b&&R(a,\"OPTION\")&&null===Q(a,\"value\")?(b=[],P(a,b,!1),a=b.join(\"\")):a=a[b];return a}function R(a,b){b&&\"string\"!==typeof b&&(b=b.toString());return!!a&&1==a.nodeType&&(!b||a.tagName.toUpperCase()==b)}\nfunction T(a){return R(a,\"OPTION\")?!0:R(a,\"INPUT\")?(a=a.type.toLowerCase(),\"checkbox\"==a||\"radio\"==a):!1};var ja={\"class\":\"className\",readonly:\"readOnly\"},U=\"allowfullscreen allowpaymentrequest allowusermedia async autofocus autoplay checked compact complete controls declare default defaultchecked defaultselected defer disabled ended formnovalidate hidden indeterminate iscontenteditable ismap itemscope loop multiple muted nohref nomodule noresize noshade novalidate nowrap open paused playsinline pubdate readonly required reversed scoped seamless seeking selected truespeed typemustmatch willvalidate\".split(\" \");function V(a,b){var e=null,c=b.toLowerCase();if(\"style\"==c)return(e=a.style)&&!f(e)&&(e=e.cssText),e;if((\"selected\"==c||\"checked\"==c)&&T(a)){if(!T(a))throw new h(15,\"Element is not selectable\");b=\"selected\";e=a.type&&a.type.toLowerCase();if(\"checkbox\"==e||\"radio\"==e)b=\"checked\";return S(a,b)?\"true\":null}var g=R(a,\"A\");if(R(a,\"IMG\")&&\"src\"==c||g&&\"href\"==c)return(e=Q(a,c))&&(e=S(a,c)),e;if(\"spellcheck\"==c){e=Q(a,c);if(null!==e){if(\"false\"==e.toLowerCase())return\"false\";if(\"true\"==e.toLowerCase())return\"true\"}return S(a,\nc)+\"\"}g=ja[b]||b;a:if(f(U))c=f(c)&&1==c.length?U.indexOf(c,0):-1;else{for(var u=0;u<U.length;u++)if(u in U&&U[u]===c){c=u;break a}c=-1}if(0<=c)return(e=null!==Q(a,b)||S(a,g))?\"true\":null;try{var k=S(a,g)}catch(ka){}(c=null==k)||(c=typeof k,c=\"object\"==c&&null!=k||\"function\"==c);c?e=Q(a,b):e=k;return null!=e?e.toString():null}var W=[\"_\"],X=d;W[0]in X||!X.execScript||X.execScript(\"var \"+W[0]);\nfor(var Y;W.length&&(Y=W.shift());){var Z;if(Z=!W.length)Z=void 0!==V;Z?X[Y]=V:X[Y]&&X[Y]!==Object.prototype[Y]?X=X[Y]:X=X[Y]={}};; return this._.apply(null,arguments);}.apply({navigator:typeof window!='undefined'?window.navigator:null,document:typeof window!='undefined'?window.document:null}, arguments);}\n).apply(null, arguments);", "args": [{"ELEMENT": "033d666d-f6b2-4f1b-9d5f-ca3ddd253eb2", "element-6066-11e4-a52e-4f735466cecf": "033d666d-f6b2-4f1b-9d5f-ca3ddd253eb2"}, "href"]}
2020-11-18 10:02:51,558:http://127.0.0.1:60317 "POST /session/025f8ee6e9cf73329f2ee464cf3337c1/execute/sync HTTP/1.1" 200 109
2020-11-18 10:02:51,558:Finished Request
2020-11-18 10:02:51,558:POST http://127.0.0.1:60317/session/025f8ee6e9cf73329f2ee464cf3337c1/url {"url": "https://tenshoku.mynavi.jp/list/kw%E9%AB%98%E5%8F%8E%E5%85%A5/pg8/?jobsearchType=14&searchType=18"}
2020-11-18 10:02:52,654:http://127.0.0.1:60317 "POST /session/025f8ee6e9cf73329f2ee464cf3337c1/url HTTP/1.1" 200 14
2020-11-18 10:02:52,655:Finished Request
2020-11-18 10:02:52,655:POST http://127.0.0.1:60317/session/025f8ee6e9cf73329f2ee464cf3337c1/elements {"using": "css selector", "value": ".cassetteRecruit__content"}
2020-11-18 10:02:52,817:http://127.0.0.1:60317 "POST /session/025f8ee6e9cf73329f2ee464cf3337c1/elements HTTP/1.1" 200 3961
2020-11-18 10:02:52,818:Finished Request
2020-11-18 10:02:52,818:GET http://127.0.0.1:60317/session/025f8ee6e9cf73329f2ee464cf3337c1/element/3f3cb425-9b91-4dba-a96a-b3c94c5618b8/text {"id": "3f3cb425-9b91-4dba-a96a-b3c94c5618b8"}
2020-11-18 10:02:53,105:http://127.0.0.1:60317 "GET /session/025f8ee6e9cf73329f2ee464cf3337c1/element/3f3cb425-9b91-4dba-a96a-b3c94c5618b8/text HTTP/1.1" 200 991
2020-11-18 10:02:53,105:Finished Request
2020-11-18 10:02:53,110:GET http://127.0.0.1:60317/session/025f8ee6e9cf73329f2ee464cf3337c1/element/3f3cb425-9b91-4dba-a96a-b3c94c5618b8/text {"id": "3f3cb425-9b91-4dba-a96a-b3c94c5618b8"}
2020-11-18 10:02:53,220:http://127.0.0.1:60317 "GET /session/025f8ee6e9cf73329f2ee464cf3337c1/element/3f3cb425-9b91-4dba-a96a-b3c94c5618b8/text HTTP/1.1" 200 991
2020-11-18 10:02:53,220:Finished Request
2020-11-18 10:02:53,220:351Œ–Ú‚ÌŠé‹Æ
2020-11-18 10:02:53,221:GET http://127.0.0.1:60317/session/025f8ee6e9cf73329f2ee464cf3337c1/element/d5a038f1-5266-47c7-82f2-7b043e7c09dd/text {"id": "d5a038f1-5266-47c7-82f2-7b043e7c09dd"}
2020-11-18 10:02:53,277:http://127.0.0.1:60317 "GET /session/025f8ee6e9cf73329f2ee464cf3337c1/element/d5a038f1-5266-47c7-82f2-7b043e7c09dd/text HTTP/1.1" 200 1375
2020-11-18 10:02:53,278:Finished Request
2020-11-18 10:02:53,285:GET http://127.0.0.1:60317/session/025f8ee6e9cf73329f2ee464cf3337c1/element/d5a038f1-5266-47c7-82f2-7b043e7c09dd/text {"id": "d5a038f1-5266-47c7-82f2-7b043e7c09dd"}
2020-11-18 10:02:53,346:http://127.0.0.1:60317 "GET /session/025f8ee6e9cf73329f2ee464cf3337c1/element/d5a038f1-5266-47c7-82f2-7b043e7c09dd/text HTTP/1.1" 200 1375
2020-11-18 10:02:53,347:Finished Request
2020-11-18 10:02:53,347:352Œ–Ú‚ÌŠé‹Æ
2020-11-18 10:02:53,347:GET http://127.0.0.1:60317/session/025f8ee6e9cf73329f2ee464cf3337c1/element/244d384b-c29a-408b-a4e1-23453b8ea314/text {"id": "244d384b-c29a-408b-a4e1-23453b8ea314"}
2020-11-18 10:02:53,407:http://127.0.0.1:60317 "GET /session/025f8ee6e9cf73329f2ee464cf3337c1/element/244d384b-c29a-408b-a4e1-23453b8ea314/text HTTP/1.1" 200 1290
2020-11-18 10:02:53,407:Finished Request
2020-11-18 10:02:53,413:GET http://127.0.0.1:60317/session/025f8ee6e9cf73329f2ee464cf3337c1/element/244d384b-c29a-408b-a4e1-23453b8ea314/text {"id": "244d384b-c29a-408b-a4e1-23453b8ea314"}
2020-11-18 10:02:53,612:http://127.0.0.1:60317 "GET /session/025f8ee6e9cf73329f2ee464cf3337c1/element/244d384b-c29a-408b-a4e1-23453b8ea314/text HTTP/1.1" 200 1290
2020-11-18 10:02:53,612:Finished Request
2020-11-18 10:02:53,614:353Œ–Ú‚ÌŠé‹Æ
2020-11-18 10:02:53,614:GET http://127.0.0.1:60317/session/025f8ee6e9cf73329f2ee464cf3337c1/element/7087dae8-bbf9-4bd8-8c02-89943b5f02b0/text {"id": "7087dae8-bbf9-4bd8-8c02-89943b5f02b0"}
2020-11-18 10:02:53,671:http://127.0.0.1:60317 "GET /session/025f8ee6e9cf73329f2ee464cf3337c1/element/7087dae8-bbf9-4bd8-8c02-89943b5f02b0/text HTTP/1.1" 200 1398
2020-11-18 10:02:53,671:Finished Request
2020-11-18 10:02:53,676:GET http://127.0.0.1:60317/session/025f8ee6e9cf73329f2ee464cf3337c1/element/7087dae8-bbf9-4bd8-8c02-89943b5f02b0/text {"id": "7087dae8-bbf9-4bd8-8c02-89943b5f02b0"}
2020-11-18 10:02:53,719:http://127.0.0.1:60317 "GET /session/025f8ee6e9cf73329f2ee464cf3337c1/element/7087dae8-bbf9-4bd8-8c02-89943b5f02b0/text HTTP/1.1" 200 1398
2020-11-18 10:02:53,719:Finished Request
2020-11-18 10:02:53,719:354Œ–Ú‚ÌŠé‹Æ
2020-11-18 10:02:53,720:GET http://127.0.0.1:60317/session/025f8ee6e9cf73329f2ee464cf3337c1/element/4b71ab2f-6d5f-402e-9c1f-87be719a8059/text {"id": "4b71ab2f-6d5f-402e-9c1f-87be719a8059"}
2020-11-18 10:02:53,796:http://127.0.0.1:60317 "GET /session/025f8ee6e9cf73329f2ee464cf3337c1/element/4b71ab2f-6d5f-402e-9c1f-87be719a8059/text HTTP/1.1" 200 1355
2020-11-18 10:02:53,796:Finished Request
2020-11-18 10:02:53,801:GET http://127.0.0.1:60317/session/025f8ee6e9cf73329f2ee464cf3337c1/element/4b71ab2f-6d5f-402e-9c1f-87be719a8059/text {"id": "4b71ab2f-6d5f-402e-9c1f-87be719a8059"}
2020-11-18 10:02:53,825:http://127.0.0.1:60317 "GET /session/025f8ee6e9cf73329f2ee464cf3337c1/element/4b71ab2f-6d5f-402e-9c1f-87be719a8059/text HTTP/1.1" 200 1355
2020-11-18 10:02:53,825:Finished Request
2020-11-18 10:02:53,825:355Œ–Ú‚ÌŠé‹Æ
2020-11-18 10:02:53,825:GET http://127.0.0.1:60317/session/025f8ee6e9cf73329f2ee464cf3337c1/element/322ccb31-3b65-4e19-918b-d0ca80a9c365/text {"id": "322ccb31-3b65-4e19-918b-d0ca80a9c365"}
2020-11-18 10:02:53,855:http://127.0.0.1:60317 "GET /session/025f8ee6e9cf73329f2ee464cf3337c1/element/322ccb31-3b65-4e19-918b-d0ca80a9c365/text HTTP/1.1" 200 1319
2020-11-18 10:02:53,855:Finished Request
2020-11-18 10:02:53,859:GET http://127.0.0.1:60317/session/025f8ee6e9cf73329f2ee464cf3337c1/element/322ccb31-3b65-4e19-918b-d0ca80a9c365/text {"id": "322ccb31-3b65-4e19-918b-d0ca80a9c365"}
2020-11-18 10:02:53,893:http://127.0.0.1:60317 "GET /session/025f8ee6e9cf73329f2ee464cf3337c1/element/322ccb31-3b65-4e19-918b-d0ca80a9c365/text HTTP/1.1" 200 1319
2020-11-18 10:02:53,894:Finished Request
2020-11-18 10:02:53,894:356Œ–Ú‚ÌŠé‹Æ
2020-11-18 10:02:53,894:GET http://127.0.0.1:60317/session/025f8ee6e9cf73329f2ee464cf3337c1/element/90ba2c18-a635-49ad-8c09-72815d796d91/text {"id": "90ba2c18-a635-49ad-8c09-72815d796d91"}
2020-11-18 10:02:53,927:http://127.0.0.1:60317 "GET /session/025f8ee6e9cf73329f2ee464cf3337c1/element/90ba2c18-a635-49ad-8c09-72815d796d91/text HTTP/1.1" 200 1385
2020-11-18 10:02:53,927:Finished Request
2020-11-18 10:02:53,931:GET http://127.0.0.1:60317/session/025f8ee6e9cf73329f2ee464cf3337c1/element/90ba2c18-a635-49ad-8c09-72815d796d91/text {"id": "90ba2c18-a635-49ad-8c09-72815d796d91"}
2020-11-18 10:02:53,954:http://127.0.0.1:60317 "GET /session/025f8ee6e9cf73329f2ee464cf3337c1/element/90ba2c18-a635-49ad-8c09-72815d796d91/text HTTP/1.1" 200 1385
2020-11-18 10:02:53,954:Finished Request
2020-11-18 10:02:53,954:357Œ–Ú‚ÌŠé‹Æ
2020-11-18 10:02:53,954:GET http://127.0.0.1:60317/session/025f8ee6e9cf73329f2ee464cf3337c1/element/acd21b02-55c3-4e44-8887-c3c92b4e9ca3/text {"id": "acd21b02-55c3-4e44-8887-c3c92b4e9ca3"}
2020-11-18 10:02:54,013:http://127.0.0.1:60317 "GET /session/025f8ee6e9cf73329f2ee464cf3337c1/element/acd21b02-55c3-4e44-8887-c3c92b4e9ca3/text HTTP/1.1" 200 1336
2020-11-18 10:02:54,014:Finished Request
2020-11-18 10:02:54,021:GET http://127.0.0.1:60317/session/025f8ee6e9cf73329f2ee464cf3337c1/element/acd21b02-55c3-4e44-8887-c3c92b4e9ca3/text {"id": "acd21b02-55c3-4e44-8887-c3c92b4e9ca3"}
2020-11-18 10:02:54,066:http://127.0.0.1:60317 "GET /session/025f8ee6e9cf73329f2ee464cf3337c1/element/acd21b02-55c3-4e44-8887-c3c92b4e9ca3/text HTTP/1.1" 200 1336
2020-11-18 10:02:54,066:Finished Request
2020-11-18 10:02:54,066:358Œ–Ú‚ÌŠé‹Æ
2020-11-18 10:02:54,066:GET http://127.0.0.1:60317/session/025f8ee6e9cf73329f2ee464cf3337c1/element/151db468-5e1f-4d28-bcf7-89b099199d4a/text {"id": "151db468-5e1f-4d28-bcf7-89b099199d4a"}
2020-11-18 10:02:54,117:http://127.0.0.1:60317 "GET /session/025f8ee6e9cf73329f2ee464cf3337c1/element/151db468-5e1f-4d28-bcf7-89b099199d4a/text HTTP/1.1" 200 1324
2020-11-18 10:02:54,117:Finished Request
2020-11-18 10:02:54,119:GET http://127.0.0.1:60317/session/025f8ee6e9cf73329f2ee464cf3337c1/element/151db468-5e1f-4d28-bcf7-89b099199d4a/text {"id": "151db468-5e1f-4d28-bcf7-89b099199d4a"}
2020-11-18 10:02:54,154:http://127.0.0.1:60317 "GET /session/025f8ee6e9cf73329f2ee464cf3337c1/element/151db468-5e1f-4d28-bcf7-89b099199d4a/text HTTP/1.1" 200 1324
2020-11-18 10:02:54,154:Finished Request
2020-11-18 10:02:54,155:359Œ–Ú‚ÌŠé‹Æ
2020-11-18 10:02:54,155:GET http://127.0.0.1:60317/session/025f8ee6e9cf73329f2ee464cf3337c1/element/2e9c1eed-d115-4b0d-8d16-82132b833d21/text {"id": "2e9c1eed-d115-4b0d-8d16-82132b833d21"}
2020-11-18 10:02:54,186:http://127.0.0.1:60317 "GET /session/025f8ee6e9cf73329f2ee464cf3337c1/element/2e9c1eed-d115-4b0d-8d16-82132b833d21/text HTTP/1.1" 200 1396
2020-11-18 10:02:54,186:Finished Request
2020-11-18 10:02:54,190:GET http://127.0.0.1:60317/session/025f8ee6e9cf73329f2ee464cf3337c1/element/2e9c1eed-d115-4b0d-8d16-82132b833d21/text {"id": "2e9c1eed-d115-4b0d-8d16-82132b833d21"}
2020-11-18 10:02:54,212:http://127.0.0.1:60317 "GET /session/025f8ee6e9cf73329f2ee464cf3337c1/element/2e9c1eed-d115-4b0d-8d16-82132b833d21/text HTTP/1.1" 200 1396
2020-11-18 10:02:54,213:Finished Request
2020-11-18 10:02:54,213:360Œ–Ú‚ÌŠé‹Æ
2020-11-18 10:02:54,213:GET http://127.0.0.1:60317/session/025f8ee6e9cf73329f2ee464cf3337c1/element/b1a8bfb9-7e57-4350-8e63-69e6d884a2f7/text {"id": "b1a8bfb9-7e57-4350-8e63-69e6d884a2f7"}
2020-11-18 10:02:54,267:http://127.0.0.1:60317 "GET /session/025f8ee6e9cf73329f2ee464cf3337c1/element/b1a8bfb9-7e57-4350-8e63-69e6d884a2f7/text HTTP/1.1" 200 1301
2020-11-18 10:02:54,267:Finished Request
2020-11-18 10:02:54,272:GET http://127.0.0.1:60317/session/025f8ee6e9cf73329f2ee464cf3337c1/element/b1a8bfb9-7e57-4350-8e63-69e6d884a2f7/text {"id": "b1a8bfb9-7e57-4350-8e63-69e6d884a2f7"}
2020-11-18 10:02:54,308:http://127.0.0.1:60317 "GET /session/025f8ee6e9cf73329f2ee464cf3337c1/element/b1a8bfb9-7e57-4350-8e63-69e6d884a2f7/text HTTP/1.1" 200 1301
2020-11-18 10:02:54,309:Finished Request
2020-11-18 10:02:54,309:361Œ–Ú‚ÌŠé‹Æ
2020-11-18 10:02:54,309:GET http://127.0.0.1:60317/session/025f8ee6e9cf73329f2ee464cf3337c1/element/c232e223-f929-4151-ade3-23e96abae1fa/text {"id": "c232e223-f929-4151-ade3-23e96abae1fa"}
2020-11-18 10:02:54,364:http://127.0.0.1:60317 "GET /session/025f8ee6e9cf73329f2ee464cf3337c1/element/c232e223-f929-4151-ade3-23e96abae1fa/text HTTP/1.1" 200 1318
2020-11-18 10:02:54,365:Finished Request
2020-11-18 10:02:54,367:GET http://127.0.0.1:60317/session/025f8ee6e9cf73329f2ee464cf3337c1/element/c232e223-f929-4151-ade3-23e96abae1fa/text {"id": "c232e223-f929-4151-ade3-23e96abae1fa"}
2020-11-18 10:02:54,420:http://127.0.0.1:60317 "GET /session/025f8ee6e9cf73329f2ee464cf3337c1/element/c232e223-f929-4151-ade3-23e96abae1fa/text HTTP/1.1" 200 1318
2020-11-18 10:02:54,420:Finished Request
2020-11-18 10:02:54,420:362Œ–Ú‚ÌŠé‹Æ
2020-11-18 10:02:54,420:GET http://127.0.0.1:60317/session/025f8ee6e9cf73329f2ee464cf3337c1/element/e20cd90f-beab-44a2-a5a2-b629f1ebce97/text {"id": "e20cd90f-beab-44a2-a5a2-b629f1ebce97"}
2020-11-18 10:02:54,480:http://127.0.0.1:60317 "GET /session/025f8ee6e9cf73329f2ee464cf3337c1/element/e20cd90f-beab-44a2-a5a2-b629f1ebce97/text HTTP/1.1" 200 1311
2020-11-18 10:02:54,480:Finished Request
2020-11-18 10:02:54,486:GET http://127.0.0.1:60317/session/025f8ee6e9cf73329f2ee464cf3337c1/element/e20cd90f-beab-44a2-a5a2-b629f1ebce97/text {"id": "e20cd90f-beab-44a2-a5a2-b629f1ebce97"}
2020-11-18 10:02:54,530:http://127.0.0.1:60317 "GET /session/025f8ee6e9cf73329f2ee464cf3337c1/element/e20cd90f-beab-44a2-a5a2-b629f1ebce97/text HTTP/1.1" 200 1311
2020-11-18 10:02:54,530:Finished Request
2020-11-18 10:02:54,530:363Œ–Ú‚ÌŠé‹Æ
2020-11-18 10:02:54,530:GET http://127.0.0.1:60317/session/025f8ee6e9cf73329f2ee464cf3337c1/element/14f8018a-84e6-405f-9deb-8d05859ba78f/text {"id": "14f8018a-84e6-405f-9deb-8d05859ba78f"}
2020-11-18 10:02:54,554:http://127.0.0.1:60317 "GET /session/025f8ee6e9cf73329f2ee464cf3337c1/element/14f8018a-84e6-405f-9deb-8d05859ba78f/text HTTP/1.1" 200 1245
2020-11-18 10:02:54,554:Finished Request
2020-11-18 10:02:54,557:GET http://127.0.0.1:60317/session/025f8ee6e9cf73329f2ee464cf3337c1/element/14f8018a-84e6-405f-9deb-8d05859ba78f/text {"id": "14f8018a-84e6-405f-9deb-8d05859ba78f"}
2020-11-18 10:02:54,599:http://127.0.0.1:60317 "GET /session/025f8ee6e9cf73329f2ee464cf3337c1/element/14f8018a-84e6-405f-9deb-8d05859ba78f/text HTTP/1.1" 200 1245
2020-11-18 10:02:54,599:Finished Request
2020-11-18 10:02:54,599:364Œ–Ú‚ÌŠé‹Æ
2020-11-18 10:02:54,599:GET http://127.0.0.1:60317/session/025f8ee6e9cf73329f2ee464cf3337c1/element/24db60ac-d566-4f97-ba04-5df4b72d5475/text {"id": "24db60ac-d566-4f97-ba04-5df4b72d5475"}
2020-11-18 10:02:54,626:http://127.0.0.1:60317 "GET /session/025f8ee6e9cf73329f2ee464cf3337c1/element/24db60ac-d566-4f97-ba04-5df4b72d5475/text HTTP/1.1" 200 1329
2020-11-18 10:02:54,626:Finished Request
2020-11-18 10:02:54,632:GET http://127.0.0.1:60317/session/025f8ee6e9cf73329f2ee464cf3337c1/element/24db60ac-d566-4f97-ba04-5df4b72d5475/text {"id": "24db60ac-d566-4f97-ba04-5df4b72d5475"}
2020-11-18 10:02:54,652:http://127.0.0.1:60317 "GET /session/025f8ee6e9cf73329f2ee464cf3337c1/element/24db60ac-d566-4f97-ba04-5df4b72d5475/text HTTP/1.1" 200 1329
2020-11-18 10:02:54,652:Finished Request
2020-11-18 10:02:54,652:365Œ–Ú‚ÌŠé‹Æ
2020-11-18 10:02:54,652:GET http://127.0.0.1:60317/session/025f8ee6e9cf73329f2ee464cf3337c1/element/b0c18b25-531a-468d-b680-1ffd3c9a6de8/text {"id": "b0c18b25-531a-468d-b680-1ffd3c9a6de8"}
2020-11-18 10:02:54,686:http://127.0.0.1:60317 "GET /session/025f8ee6e9cf73329f2ee464cf3337c1/element/b0c18b25-531a-468d-b680-1ffd3c9a6de8/text HTTP/1.1" 200 1165
2020-11-18 10:02:54,686:Finished Request
2020-11-18 10:02:54,691:GET http://127.0.0.1:60317/session/025f8ee6e9cf73329f2ee464cf3337c1/element/b0c18b25-531a-468d-b680-1ffd3c9a6de8/text {"id": "b0c18b25-531a-468d-b680-1ffd3c9a6de8"}
2020-11-18 10:02:54,733:http://127.0.0.1:60317 "GET /session/025f8ee6e9cf73329f2ee464cf3337c1/element/b0c18b25-531a-468d-b680-1ffd3c9a6de8/text HTTP/1.1" 200 1165
2020-11-18 10:02:54,734:Finished Request
2020-11-18 10:02:54,734:366Œ–Ú‚ÌŠé‹Æ
2020-11-18 10:02:54,734:GET http://127.0.0.1:60317/session/025f8ee6e9cf73329f2ee464cf3337c1/element/c173abb3-95dd-46ce-bb17-fbd3ba303535/text {"id": "c173abb3-95dd-46ce-bb17-fbd3ba303535"}
2020-11-18 10:02:54,763:http://127.0.0.1:60317 "GET /session/025f8ee6e9cf73329f2ee464cf3337c1/element/c173abb3-95dd-46ce-bb17-fbd3ba303535/text HTTP/1.1" 200 1180
2020-11-18 10:02:54,764:Finished Request
2020-11-18 10:02:54,768:GET http://127.0.0.1:60317/session/025f8ee6e9cf73329f2ee464cf3337c1/element/c173abb3-95dd-46ce-bb17-fbd3ba303535/text {"id": "c173abb3-95dd-46ce-bb17-fbd3ba303535"}
2020-11-18 10:02:54,810:http://127.0.0.1:60317 "GET /session/025f8ee6e9cf73329f2ee464cf3337c1/element/c173abb3-95dd-46ce-bb17-fbd3ba303535/text HTTP/1.1" 200 1180
2020-11-18 10:02:54,811:Finished Request
2020-11-18 10:02:54,811:367Œ–Ú‚ÌŠé‹Æ
2020-11-18 10:02:54,811:GET http://127.0.0.1:60317/session/025f8ee6e9cf73329f2ee464cf3337c1/element/5058c26e-5d2b-4dc6-9f86-c0a3bcd019a9/text {"id": "5058c26e-5d2b-4dc6-9f86-c0a3bcd019a9"}
2020-11-18 10:02:54,845:http://127.0.0.1:60317 "GET /session/025f8ee6e9cf73329f2ee464cf3337c1/element/5058c26e-5d2b-4dc6-9f86-c0a3bcd019a9/text HTTP/1.1" 200 1243
2020-11-18 10:02:54,845:Finished Request
2020-11-18 10:02:54,849:GET http://127.0.0.1:60317/session/025f8ee6e9cf73329f2ee464cf3337c1/element/5058c26e-5d2b-4dc6-9f86-c0a3bcd019a9/text {"id": "5058c26e-5d2b-4dc6-9f86-c0a3bcd019a9"}
2020-11-18 10:02:54,872:http://127.0.0.1:60317 "GET /session/025f8ee6e9cf73329f2ee464cf3337c1/element/5058c26e-5d2b-4dc6-9f86-c0a3bcd019a9/text HTTP/1.1" 200 1243
2020-11-18 10:02:54,872:Finished Request
2020-11-18 10:02:54,872:368Œ–Ú‚ÌŠé‹Æ
2020-11-18 10:02:54,872:GET http://127.0.0.1:60317/session/025f8ee6e9cf73329f2ee464cf3337c1/element/27498271-ee61-4e86-8853-4a03fc0e92d9/text {"id": "27498271-ee61-4e86-8853-4a03fc0e92d9"}
2020-11-18 10:02:54,900:http://127.0.0.1:60317 "GET /session/025f8ee6e9cf73329f2ee464cf3337c1/element/27498271-ee61-4e86-8853-4a03fc0e92d9/text HTTP/1.1" 200 1095
2020-11-18 10:02:54,900:Finished Request
2020-11-18 10:02:54,904:GET http://127.0.0.1:60317/session/025f8ee6e9cf73329f2ee464cf3337c1/element/27498271-ee61-4e86-8853-4a03fc0e92d9/text {"id": "27498271-ee61-4e86-8853-4a03fc0e92d9"}
2020-11-18 10:02:54,925:http://127.0.0.1:60317 "GET /session/025f8ee6e9cf73329f2ee464cf3337c1/element/27498271-ee61-4e86-8853-4a03fc0e92d9/text HTTP/1.1" 200 1095
2020-11-18 10:02:54,925:Finished Request
2020-11-18 10:02:54,925:369Œ–Ú‚ÌŠé‹Æ
2020-11-18 10:02:54,925:GET http://127.0.0.1:60317/session/025f8ee6e9cf73329f2ee464cf3337c1/element/32c35543-3e6f-481f-bba0-08481e0ddfcd/text {"id": "32c35543-3e6f-481f-bba0-08481e0ddfcd"}
2020-11-18 10:02:54,981:http://127.0.0.1:60317 "GET /session/025f8ee6e9cf73329f2ee464cf3337c1/element/32c35543-3e6f-481f-bba0-08481e0ddfcd/text HTTP/1.1" 200 1178
2020-11-18 10:02:54,981:Finished Request
2020-11-18 10:02:54,985:GET http://127.0.0.1:60317/session/025f8ee6e9cf73329f2ee464cf3337c1/element/32c35543-3e6f-481f-bba0-08481e0ddfcd/text {"id": "32c35543-3e6f-481f-bba0-08481e0ddfcd"}
2020-11-18 10:02:55,014:http://127.0.0.1:60317 "GET /session/025f8ee6e9cf73329f2ee464cf3337c1/element/32c35543-3e6f-481f-bba0-08481e0ddfcd/text HTTP/1.1" 200 1178
2020-11-18 10:02:55,014:Finished Request
2020-11-18 10:02:55,015:370Œ–Ú‚ÌŠé‹Æ
2020-11-18 10:02:55,015:GET http://127.0.0.1:60317/session/025f8ee6e9cf73329f2ee464cf3337c1/element/bbd4414d-9a1e-4803-b7cf-a2c72677dd2c/text {"id": "bbd4414d-9a1e-4803-b7cf-a2c72677dd2c"}
2020-11-18 10:02:55,054:http://127.0.0.1:60317 "GET /session/025f8ee6e9cf73329f2ee464cf3337c1/element/bbd4414d-9a1e-4803-b7cf-a2c72677dd2c/text HTTP/1.1" 200 1110
2020-11-18 10:02:55,054:Finished Request
2020-11-18 10:02:55,061:GET http://127.0.0.1:60317/session/025f8ee6e9cf73329f2ee464cf3337c1/element/bbd4414d-9a1e-4803-b7cf-a2c72677dd2c/text {"id": "bbd4414d-9a1e-4803-b7cf-a2c72677dd2c"}
2020-11-18 10:02:55,100:http://127.0.0.1:60317 "GET /session/025f8ee6e9cf73329f2ee464cf3337c1/element/bbd4414d-9a1e-4803-b7cf-a2c72677dd2c/text HTTP/1.1" 200 1110
2020-11-18 10:02:55,100:Finished Request
2020-11-18 10:02:55,100:371Œ–Ú‚ÌŠé‹Æ
2020-11-18 10:02:55,100:GET http://127.0.0.1:60317/session/025f8ee6e9cf73329f2ee464cf3337c1/element/dce40907-55b0-4547-877b-e3da9f5e2450/text {"id": "dce40907-55b0-4547-877b-e3da9f5e2450"}
2020-11-18 10:02:55,131:http://127.0.0.1:60317 "GET /session/025f8ee6e9cf73329f2ee464cf3337c1/element/dce40907-55b0-4547-877b-e3da9f5e2450/text HTTP/1.1" 200 1226
2020-11-18 10:02:55,131:Finished Request
2020-11-18 10:02:55,136:GET http://127.0.0.1:60317/session/025f8ee6e9cf73329f2ee464cf3337c1/element/dce40907-55b0-4547-877b-e3da9f5e2450/text {"id": "dce40907-55b0-4547-877b-e3da9f5e2450"}
2020-11-18 10:02:55,184:http://127.0.0.1:60317 "GET /session/025f8ee6e9cf73329f2ee464cf3337c1/element/dce40907-55b0-4547-877b-e3da9f5e2450/text HTTP/1.1" 200 1226
2020-11-18 10:02:55,184:Finished Request
2020-11-18 10:02:55,184:372Œ–Ú‚ÌŠé‹Æ
2020-11-18 10:02:55,184:GET http://127.0.0.1:60317/session/025f8ee6e9cf73329f2ee464cf3337c1/element/b98c87a6-1a85-49a5-852c-59fe45974a38/text {"id": "b98c87a6-1a85-49a5-852c-59fe45974a38"}
2020-11-18 10:02:55,234:http://127.0.0.1:60317 "GET /session/025f8ee6e9cf73329f2ee464cf3337c1/element/b98c87a6-1a85-49a5-852c-59fe45974a38/text HTTP/1.1" 200 1181
2020-11-18 10:02:55,234:Finished Request
2020-11-18 10:02:55,235:GET http://127.0.0.1:60317/session/025f8ee6e9cf73329f2ee464cf3337c1/element/b98c87a6-1a85-49a5-852c-59fe45974a38/text {"id": "b98c87a6-1a85-49a5-852c-59fe45974a38"}
2020-11-18 10:02:55,272:http://127.0.0.1:60317 "GET /session/025f8ee6e9cf73329f2ee464cf3337c1/element/b98c87a6-1a85-49a5-852c-59fe45974a38/text HTTP/1.1" 200 1181
2020-11-18 10:02:55,272:Finished Request
2020-11-18 10:02:55,272:373Œ–Ú‚ÌŠé‹Æ
2020-11-18 10:02:55,272:GET http://127.0.0.1:60317/session/025f8ee6e9cf73329f2ee464cf3337c1/element/482796f2-e106-4e0a-b7bc-d52f9b824c70/text {"id": "482796f2-e106-4e0a-b7bc-d52f9b824c70"}
2020-11-18 10:02:55,324:http://127.0.0.1:60317 "GET /session/025f8ee6e9cf73329f2ee464cf3337c1/element/482796f2-e106-4e0a-b7bc-d52f9b824c70/text HTTP/1.1" 200 1135
2020-11-18 10:02:55,325:Finished Request
2020-11-18 10:02:55,330:GET http://127.0.0.1:60317/session/025f8ee6e9cf73329f2ee464cf3337c1/element/482796f2-e106-4e0a-b7bc-d52f9b824c70/text {"id": "482796f2-e106-4e0a-b7bc-d52f9b824c70"}
2020-11-18 10:02:55,380:http://127.0.0.1:60317 "GET /session/025f8ee6e9cf73329f2ee464cf3337c1/element/482796f2-e106-4e0a-b7bc-d52f9b824c70/text HTTP/1.1" 200 1135
2020-11-18 10:02:55,381:Finished Request
2020-11-18 10:02:55,381:374Œ–Ú‚ÌŠé‹Æ
2020-11-18 10:02:55,381:GET http://127.0.0.1:60317/session/025f8ee6e9cf73329f2ee464cf3337c1/element/4f21b06e-4678-4313-9378-e30bd058292a/text {"id": "4f21b06e-4678-4313-9378-e30bd058292a"}
2020-11-18 10:02:55,434:http://127.0.0.1:60317 "GET /session/025f8ee6e9cf73329f2ee464cf3337c1/element/4f21b06e-4678-4313-9378-e30bd058292a/text HTTP/1.1" 200 1156
2020-11-18 10:02:55,434:Finished Request
2020-11-18 10:02:55,437:GET http://127.0.0.1:60317/session/025f8ee6e9cf73329f2ee464cf3337c1/element/4f21b06e-4678-4313-9378-e30bd058292a/text {"id": "4f21b06e-4678-4313-9378-e30bd058292a"}
2020-11-18 10:02:55,480:http://127.0.0.1:60317 "GET /session/025f8ee6e9cf73329f2ee464cf3337c1/element/4f21b06e-4678-4313-9378-e30bd058292a/text HTTP/1.1" 200 1156
2020-11-18 10:02:55,481:Finished Request
2020-11-18 10:02:55,481:375Œ–Ú‚ÌŠé‹Æ
2020-11-18 10:02:55,481:GET http://127.0.0.1:60317/session/025f8ee6e9cf73329f2ee464cf3337c1/element/d8bd47db-af9b-46f5-bae6-307d27e4048a/text {"id": "d8bd47db-af9b-46f5-bae6-307d27e4048a"}
2020-11-18 10:02:55,534:http://127.0.0.1:60317 "GET /session/025f8ee6e9cf73329f2ee464cf3337c1/element/d8bd47db-af9b-46f5-bae6-307d27e4048a/text HTTP/1.1" 200 1206
2020-11-18 10:02:55,534:Finished Request
2020-11-18 10:02:55,538:GET http://127.0.0.1:60317/session/025f8ee6e9cf73329f2ee464cf3337c1/element/d8bd47db-af9b-46f5-bae6-307d27e4048a/text {"id": "d8bd47db-af9b-46f5-bae6-307d27e4048a"}
2020-11-18 10:02:55,564:http://127.0.0.1:60317 "GET /session/025f8ee6e9cf73329f2ee464cf3337c1/element/d8bd47db-af9b-46f5-bae6-307d27e4048a/text HTTP/1.1" 200 1206
2020-11-18 10:02:55,564:Finished Request
2020-11-18 10:02:55,564:376Œ–Ú‚ÌŠé‹Æ
2020-11-18 10:02:55,564:GET http://127.0.0.1:60317/session/025f8ee6e9cf73329f2ee464cf3337c1/element/2d58cd0e-3c97-4017-b97d-f13aeff9d16e/text {"id": "2d58cd0e-3c97-4017-b97d-f13aeff9d16e"}
2020-11-18 10:02:55,626:http://127.0.0.1:60317 "GET /session/025f8ee6e9cf73329f2ee464cf3337c1/element/2d58cd0e-3c97-4017-b97d-f13aeff9d16e/text HTTP/1.1" 200 1114
2020-11-18 10:02:55,627:Finished Request
2020-11-18 10:02:55,632:GET http://127.0.0.1:60317/session/025f8ee6e9cf73329f2ee464cf3337c1/element/2d58cd0e-3c97-4017-b97d-f13aeff9d16e/text {"id": "2d58cd0e-3c97-4017-b97d-f13aeff9d16e"}
2020-11-18 10:02:55,674:http://127.0.0.1:60317 "GET /session/025f8ee6e9cf73329f2ee464cf3337c1/element/2d58cd0e-3c97-4017-b97d-f13aeff9d16e/text HTTP/1.1" 200 1114
2020-11-18 10:02:55,674:Finished Request
2020-11-18 10:02:55,675:377Œ–Ú‚ÌŠé‹Æ
2020-11-18 10:02:55,675:GET http://127.0.0.1:60317/session/025f8ee6e9cf73329f2ee464cf3337c1/element/6c6d1951-9d28-415f-bafd-1f8a8e88fa59/text {"id": "6c6d1951-9d28-415f-bafd-1f8a8e88fa59"}
2020-11-18 10:02:55,722:http://127.0.0.1:60317 "GET /session/025f8ee6e9cf73329f2ee464cf3337c1/element/6c6d1951-9d28-415f-bafd-1f8a8e88fa59/text HTTP/1.1" 200 1110
2020-11-18 10:02:55,723:Finished Request
2020-11-18 10:02:55,728:GET http://127.0.0.1:60317/session/025f8ee6e9cf73329f2ee464cf3337c1/element/6c6d1951-9d28-415f-bafd-1f8a8e88fa59/text {"id": "6c6d1951-9d28-415f-bafd-1f8a8e88fa59"}
2020-11-18 10:02:55,772:http://127.0.0.1:60317 "GET /session/025f8ee6e9cf73329f2ee464cf3337c1/element/6c6d1951-9d28-415f-bafd-1f8a8e88fa59/text HTTP/1.1" 200 1110
2020-11-18 10:02:55,772:Finished Request
2020-11-18 10:02:55,772:378Œ–Ú‚ÌŠé‹Æ
2020-11-18 10:02:55,772:GET http://127.0.0.1:60317/session/025f8ee6e9cf73329f2ee464cf3337c1/element/3daaed9f-6baa-46f4-b01c-fd143e3fd722/text {"id": "3daaed9f-6baa-46f4-b01c-fd143e3fd722"}
2020-11-18 10:02:55,821:http://127.0.0.1:60317 "GET /session/025f8ee6e9cf73329f2ee464cf3337c1/element/3daaed9f-6baa-46f4-b01c-fd143e3fd722/text HTTP/1.1" 200 989
2020-11-18 10:02:55,821:Finished Request
2020-11-18 10:02:55,827:GET http://127.0.0.1:60317/session/025f8ee6e9cf73329f2ee464cf3337c1/element/3daaed9f-6baa-46f4-b01c-fd143e3fd722/text {"id": "3daaed9f-6baa-46f4-b01c-fd143e3fd722"}
2020-11-18 10:02:55,870:http://127.0.0.1:60317 "GET /session/025f8ee6e9cf73329f2ee464cf3337c1/element/3daaed9f-6baa-46f4-b01c-fd143e3fd722/text HTTP/1.1" 200 989
2020-11-18 10:02:55,871:Finished Request
2020-11-18 10:02:55,871:379Œ–Ú‚ÌŠé‹Æ
2020-11-18 10:02:55,871:GET http://127.0.0.1:60317/session/025f8ee6e9cf73329f2ee464cf3337c1/element/50c0cc30-d82d-498e-9ff2-6595261f73f0/text {"id": "50c0cc30-d82d-498e-9ff2-6595261f73f0"}
2020-11-18 10:02:55,941:http://127.0.0.1:60317 "GET /session/025f8ee6e9cf73329f2ee464cf3337c1/element/50c0cc30-d82d-498e-9ff2-6595261f73f0/text HTTP/1.1" 200 1166
2020-11-18 10:02:55,942:Finished Request
2020-11-18 10:02:55,949:GET http://127.0.0.1:60317/session/025f8ee6e9cf73329f2ee464cf3337c1/element/50c0cc30-d82d-498e-9ff2-6595261f73f0/text {"id": "50c0cc30-d82d-498e-9ff2-6595261f73f0"}
2020-11-18 10:02:55,979:http://127.0.0.1:60317 "GET /session/025f8ee6e9cf73329f2ee464cf3337c1/element/50c0cc30-d82d-498e-9ff2-6595261f73f0/text HTTP/1.1" 200 1166
2020-11-18 10:02:55,980:Finished Request
2020-11-18 10:02:55,980:380Œ–Ú‚ÌŠé‹Æ
2020-11-18 10:02:55,980:GET http://127.0.0.1:60317/session/025f8ee6e9cf73329f2ee464cf3337c1/element/8ad3f2d9-327a-42e4-986c-baea6bca7b5e/text {"id": "8ad3f2d9-327a-42e4-986c-baea6bca7b5e"}
2020-11-18 10:02:56,027:http://127.0.0.1:60317 "GET /session/025f8ee6e9cf73329f2ee464cf3337c1/element/8ad3f2d9-327a-42e4-986c-baea6bca7b5e/text HTTP/1.1" 200 1155
2020-11-18 10:02:56,027:Finished Request
2020-11-18 10:02:56,030:GET http://127.0.0.1:60317/session/025f8ee6e9cf73329f2ee464cf3337c1/element/8ad3f2d9-327a-42e4-986c-baea6bca7b5e/text {"id": "8ad3f2d9-327a-42e4-986c-baea6bca7b5e"}
2020-11-18 10:02:56,057:http://127.0.0.1:60317 "GET /session/025f8ee6e9cf73329f2ee464cf3337c1/element/8ad3f2d9-327a-42e4-986c-baea6bca7b5e/text HTTP/1.1" 200 1155
2020-11-18 10:02:56,057:Finished Request
2020-11-18 10:02:56,057:381Œ–Ú‚ÌŠé‹Æ
2020-11-18 10:02:56,057:GET http://127.0.0.1:60317/session/025f8ee6e9cf73329f2ee464cf3337c1/element/cdd4cf71-c19f-48b6-9c0d-72f1118fcacc/text {"id": "cdd4cf71-c19f-48b6-9c0d-72f1118fcacc"}
2020-11-18 10:02:56,106:http://127.0.0.1:60317 "GET /session/025f8ee6e9cf73329f2ee464cf3337c1/element/cdd4cf71-c19f-48b6-9c0d-72f1118fcacc/text HTTP/1.1" 200 1167
2020-11-18 10:02:56,106:Finished Request
2020-11-18 10:02:56,114:GET http://127.0.0.1:60317/session/025f8ee6e9cf73329f2ee464cf3337c1/element/cdd4cf71-c19f-48b6-9c0d-72f1118fcacc/text {"id": "cdd4cf71-c19f-48b6-9c0d-72f1118fcacc"}
2020-11-18 10:02:56,159:http://127.0.0.1:60317 "GET /session/025f8ee6e9cf73329f2ee464cf3337c1/element/cdd4cf71-c19f-48b6-9c0d-72f1118fcacc/text HTTP/1.1" 200 1167
2020-11-18 10:02:56,161:Finished Request
2020-11-18 10:02:56,172:382Œ–Ú‚ÌŠé‹Æ
2020-11-18 10:02:56,172:GET http://127.0.0.1:60317/session/025f8ee6e9cf73329f2ee464cf3337c1/element/946e29c2-0618-4c52-a8e0-2a84c8e1ee16/text {"id": "946e29c2-0618-4c52-a8e0-2a84c8e1ee16"}
2020-11-18 10:02:56,231:http://127.0.0.1:60317 "GET /session/025f8ee6e9cf73329f2ee464cf3337c1/element/946e29c2-0618-4c52-a8e0-2a84c8e1ee16/text HTTP/1.1" 200 1215
2020-11-18 10:02:56,232:Finished Request
2020-11-18 10:02:56,238:GET http://127.0.0.1:60317/session/025f8ee6e9cf73329f2ee464cf3337c1/element/946e29c2-0618-4c52-a8e0-2a84c8e1ee16/text {"id": "946e29c2-0618-4c52-a8e0-2a84c8e1ee16"}
2020-11-18 10:02:56,287:http://127.0.0.1:60317 "GET /session/025f8ee6e9cf73329f2ee464cf3337c1/element/946e29c2-0618-4c52-a8e0-2a84c8e1ee16/text HTTP/1.1" 200 1215
2020-11-18 10:02:56,288:Finished Request
2020-11-18 10:02:56,288:383Œ–Ú‚ÌŠé‹Æ
2020-11-18 10:02:56,288:GET http://127.0.0.1:60317/session/025f8ee6e9cf73329f2ee464cf3337c1/element/7c348324-499a-4351-9b7a-f577abd69727/text {"id": "7c348324-499a-4351-9b7a-f577abd69727"}
2020-11-18 10:02:56,343:http://127.0.0.1:60317 "GET /session/025f8ee6e9cf73329f2ee464cf3337c1/element/7c348324-499a-4351-9b7a-f577abd69727/text HTTP/1.1" 200 1124
2020-11-18 10:02:56,344:Finished Request
2020-11-18 10:02:56,349:GET http://127.0.0.1:60317/session/025f8ee6e9cf73329f2ee464cf3337c1/element/7c348324-499a-4351-9b7a-f577abd69727/text {"id": "7c348324-499a-4351-9b7a-f577abd69727"}
2020-11-18 10:02:56,394:http://127.0.0.1:60317 "GET /session/025f8ee6e9cf73329f2ee464cf3337c1/element/7c348324-499a-4351-9b7a-f577abd69727/text HTTP/1.1" 200 1124
2020-11-18 10:02:56,395:Finished Request
2020-11-18 10:02:56,395:384Œ–Ú‚ÌŠé‹Æ
2020-11-18 10:02:56,395:GET http://127.0.0.1:60317/session/025f8ee6e9cf73329f2ee464cf3337c1/element/80bb1b42-1b86-4d10-81b5-783f538ae32b/text {"id": "80bb1b42-1b86-4d10-81b5-783f538ae32b"}
2020-11-18 10:02:56,428:http://127.0.0.1:60317 "GET /session/025f8ee6e9cf73329f2ee464cf3337c1/element/80bb1b42-1b86-4d10-81b5-783f538ae32b/text HTTP/1.1" 200 1179
2020-11-18 10:02:56,428:Finished Request
2020-11-18 10:02:56,431:GET http://127.0.0.1:60317/session/025f8ee6e9cf73329f2ee464cf3337c1/element/80bb1b42-1b86-4d10-81b5-783f538ae32b/text {"id": "80bb1b42-1b86-4d10-81b5-783f538ae32b"}
2020-11-18 10:02:56,455:http://127.0.0.1:60317 "GET /session/025f8ee6e9cf73329f2ee464cf3337c1/element/80bb1b42-1b86-4d10-81b5-783f538ae32b/text HTTP/1.1" 200 1179
2020-11-18 10:02:56,455:Finished Request
2020-11-18 10:02:56,455:385Œ–Ú‚ÌŠé‹Æ
2020-11-18 10:02:56,455:GET http://127.0.0.1:60317/session/025f8ee6e9cf73329f2ee464cf3337c1/element/a838d3d8-e492-4823-be5c-901db0676d37/text {"id": "a838d3d8-e492-4823-be5c-901db0676d37"}
2020-11-18 10:02:56,500:http://127.0.0.1:60317 "GET /session/025f8ee6e9cf73329f2ee464cf3337c1/element/a838d3d8-e492-4823-be5c-901db0676d37/text HTTP/1.1" 200 1078
2020-11-18 10:02:56,500:Finished Request
2020-11-18 10:02:56,504:GET http://127.0.0.1:60317/session/025f8ee6e9cf73329f2ee464cf3337c1/element/a838d3d8-e492-4823-be5c-901db0676d37/text {"id": "a838d3d8-e492-4823-be5c-901db0676d37"}
2020-11-18 10:02:56,543:http://127.0.0.1:60317 "GET /session/025f8ee6e9cf73329f2ee464cf3337c1/element/a838d3d8-e492-4823-be5c-901db0676d37/text HTTP/1.1" 200 1078
2020-11-18 10:02:56,543:Finished Request
2020-11-18 10:02:56,543:386Œ–Ú‚ÌŠé‹Æ
2020-11-18 10:02:56,543:GET http://127.0.0.1:60317/session/025f8ee6e9cf73329f2ee464cf3337c1/element/087fd7fd-79b9-438e-9063-82e37af0185c/text {"id": "087fd7fd-79b9-438e-9063-82e37af0185c"}
2020-11-18 10:02:56,571:http://127.0.0.1:60317 "GET /session/025f8ee6e9cf73329f2ee464cf3337c1/element/087fd7fd-79b9-438e-9063-82e37af0185c/text HTTP/1.1" 200 1205
2020-11-18 10:02:56,571:Finished Request
2020-11-18 10:02:56,574:GET http://127.0.0.1:60317/session/025f8ee6e9cf73329f2ee464cf3337c1/element/087fd7fd-79b9-438e-9063-82e37af0185c/text {"id": "087fd7fd-79b9-438e-9063-82e37af0185c"}
2020-11-18 10:02:56,605:http://127.0.0.1:60317 "GET /session/025f8ee6e9cf73329f2ee464cf3337c1/element/087fd7fd-79b9-438e-9063-82e37af0185c/text HTTP/1.1" 200 1205
2020-11-18 10:02:56,605:Finished Request
2020-11-18 10:02:56,605:387Œ–Ú‚ÌŠé‹Æ
2020-11-18 10:02:56,605:GET http://127.0.0.1:60317/session/025f8ee6e9cf73329f2ee464cf3337c1/element/1cc2b46b-fb5d-47e6-8ab6-c8b1b41d3d94/text {"id": "1cc2b46b-fb5d-47e6-8ab6-c8b1b41d3d94"}
2020-11-18 10:02:56,653:http://127.0.0.1:60317 "GET /session/025f8ee6e9cf73329f2ee464cf3337c1/element/1cc2b46b-fb5d-47e6-8ab6-c8b1b41d3d94/text HTTP/1.1" 200 1141
2020-11-18 10:02:56,654:Finished Request
2020-11-18 10:02:56,658:GET http://127.0.0.1:60317/session/025f8ee6e9cf73329f2ee464cf3337c1/element/1cc2b46b-fb5d-47e6-8ab6-c8b1b41d3d94/text {"id": "1cc2b46b-fb5d-47e6-8ab6-c8b1b41d3d94"}
2020-11-18 10:02:56,694:http://127.0.0.1:60317 "GET /session/025f8ee6e9cf73329f2ee464cf3337c1/element/1cc2b46b-fb5d-47e6-8ab6-c8b1b41d3d94/text HTTP/1.1" 200 1141
2020-11-18 10:02:56,694:Finished Request
2020-11-18 10:02:56,695:388Œ–Ú‚ÌŠé‹Æ
2020-11-18 10:02:56,695:GET http://127.0.0.1:60317/session/025f8ee6e9cf73329f2ee464cf3337c1/element/d68b6364-f507-4858-9cd0-0945fc86d4fb/text {"id": "d68b6364-f507-4858-9cd0-0945fc86d4fb"}
2020-11-18 10:02:56,754:http://127.0.0.1:60317 "GET /session/025f8ee6e9cf73329f2ee464cf3337c1/element/d68b6364-f507-4858-9cd0-0945fc86d4fb/text HTTP/1.1" 200 1145
2020-11-18 10:02:56,754:Finished Request
2020-11-18 10:02:56,760:GET http://127.0.0.1:60317/session/025f8ee6e9cf73329f2ee464cf3337c1/element/d68b6364-f507-4858-9cd0-0945fc86d4fb/text {"id": "d68b6364-f507-4858-9cd0-0945fc86d4fb"}
2020-11-18 10:02:56,804:http://127.0.0.1:60317 "GET /session/025f8ee6e9cf73329f2ee464cf3337c1/element/d68b6364-f507-4858-9cd0-0945fc86d4fb/text HTTP/1.1" 200 1145
2020-11-18 10:02:56,804:Finished Request
2020-11-18 10:02:56,804:389Œ–Ú‚ÌŠé‹Æ
2020-11-18 10:02:56,805:GET http://127.0.0.1:60317/session/025f8ee6e9cf73329f2ee464cf3337c1/element/a867392e-e695-41f7-9173-bbf87747d374/text {"id": "a867392e-e695-41f7-9173-bbf87747d374"}
2020-11-18 10:02:56,858:http://127.0.0.1:60317 "GET /session/025f8ee6e9cf73329f2ee464cf3337c1/element/a867392e-e695-41f7-9173-bbf87747d374/text HTTP/1.1" 200 1222
2020-11-18 10:02:56,859:Finished Request
2020-11-18 10:02:56,865:GET http://127.0.0.1:60317/session/025f8ee6e9cf73329f2ee464cf3337c1/element/a867392e-e695-41f7-9173-bbf87747d374/text {"id": "a867392e-e695-41f7-9173-bbf87747d374"}
2020-11-18 10:02:56,907:http://127.0.0.1:60317 "GET /session/025f8ee6e9cf73329f2ee464cf3337c1/element/a867392e-e695-41f7-9173-bbf87747d374/text HTTP/1.1" 200 1222
2020-11-18 10:02:56,908:Finished Request
2020-11-18 10:02:56,908:390Œ–Ú‚ÌŠé‹Æ
2020-11-18 10:02:56,908:GET http://127.0.0.1:60317/session/025f8ee6e9cf73329f2ee464cf3337c1/element/a3a3a1c4-f150-4dfd-ba7b-0f6680360716/text {"id": "a3a3a1c4-f150-4dfd-ba7b-0f6680360716"}
2020-11-18 10:02:56,944:http://127.0.0.1:60317 "GET /session/025f8ee6e9cf73329f2ee464cf3337c1/element/a3a3a1c4-f150-4dfd-ba7b-0f6680360716/text HTTP/1.1" 200 1159
2020-11-18 10:02:56,946:Finished Request
2020-11-18 10:02:56,947:GET http://127.0.0.1:60317/session/025f8ee6e9cf73329f2ee464cf3337c1/element/a3a3a1c4-f150-4dfd-ba7b-0f6680360716/text {"id": "a3a3a1c4-f150-4dfd-ba7b-0f6680360716"}
2020-11-18 10:02:56,974:http://127.0.0.1:60317 "GET /session/025f8ee6e9cf73329f2ee464cf3337c1/element/a3a3a1c4-f150-4dfd-ba7b-0f6680360716/text HTTP/1.1" 200 1159
2020-11-18 10:02:56,974:Finished Request
2020-11-18 10:02:56,974:391Œ–Ú‚ÌŠé‹Æ
2020-11-18 10:02:56,975:GET http://127.0.0.1:60317/session/025f8ee6e9cf73329f2ee464cf3337c1/element/6fea1a80-a108-42b4-ac52-dd8b2927340c/text {"id": "6fea1a80-a108-42b4-ac52-dd8b2927340c"}
2020-11-18 10:02:57,024:http://127.0.0.1:60317 "GET /session/025f8ee6e9cf73329f2ee464cf3337c1/element/6fea1a80-a108-42b4-ac52-dd8b2927340c/text HTTP/1.1" 200 1022
2020-11-18 10:02:57,024:Finished Request
2020-11-18 10:02:57,032:GET http://127.0.0.1:60317/session/025f8ee6e9cf73329f2ee464cf3337c1/element/6fea1a80-a108-42b4-ac52-dd8b2927340c/text {"id": "6fea1a80-a108-42b4-ac52-dd8b2927340c"}
2020-11-18 10:02:57,061:http://127.0.0.1:60317 "GET /session/025f8ee6e9cf73329f2ee464cf3337c1/element/6fea1a80-a108-42b4-ac52-dd8b2927340c/text HTTP/1.1" 200 1022
2020-11-18 10:02:57,062:Finished Request
2020-11-18 10:02:57,062:392Œ–Ú‚ÌŠé‹Æ
2020-11-18 10:02:57,062:GET http://127.0.0.1:60317/session/025f8ee6e9cf73329f2ee464cf3337c1/element/bd719b2e-4d37-437b-a886-26309eea4a77/text {"id": "bd719b2e-4d37-437b-a886-26309eea4a77"}
2020-11-18 10:02:57,107:http://127.0.0.1:60317 "GET /session/025f8ee6e9cf73329f2ee464cf3337c1/element/bd719b2e-4d37-437b-a886-26309eea4a77/text HTTP/1.1" 200 1200
2020-11-18 10:02:57,107:Finished Request
2020-11-18 10:02:57,111:GET http://127.0.0.1:60317/session/025f8ee6e9cf73329f2ee464cf3337c1/element/bd719b2e-4d37-437b-a886-26309eea4a77/text {"id": "bd719b2e-4d37-437b-a886-26309eea4a77"}
2020-11-18 10:02:57,144:http://127.0.0.1:60317 "GET /session/025f8ee6e9cf73329f2ee464cf3337c1/element/bd719b2e-4d37-437b-a886-26309eea4a77/text HTTP/1.1" 200 1200
2020-11-18 10:02:57,144:Finished Request
2020-11-18 10:02:57,144:393Œ–Ú‚ÌŠé‹Æ
2020-11-18 10:02:57,144:GET http://127.0.0.1:60317/session/025f8ee6e9cf73329f2ee464cf3337c1/element/5181b6a1-5536-4e40-a0c2-648ad995c26e/text {"id": "5181b6a1-5536-4e40-a0c2-648ad995c26e"}
2020-11-18 10:02:57,174:http://127.0.0.1:60317 "GET /session/025f8ee6e9cf73329f2ee464cf3337c1/element/5181b6a1-5536-4e40-a0c2-648ad995c26e/text HTTP/1.1" 200 1061
2020-11-18 10:02:57,175:Finished Request
2020-11-18 10:02:57,179:GET http://127.0.0.1:60317/session/025f8ee6e9cf73329f2ee464cf3337c1/element/5181b6a1-5536-4e40-a0c2-648ad995c26e/text {"id": "5181b6a1-5536-4e40-a0c2-648ad995c26e"}
2020-11-18 10:02:57,221:http://127.0.0.1:60317 "GET /session/025f8ee6e9cf73329f2ee464cf3337c1/element/5181b6a1-5536-4e40-a0c2-648ad995c26e/text HTTP/1.1" 200 1061
2020-11-18 10:02:57,221:Finished Request
2020-11-18 10:02:57,221:394Œ–Ú‚ÌŠé‹Æ
2020-11-18 10:02:57,221:GET http://127.0.0.1:60317/session/025f8ee6e9cf73329f2ee464cf3337c1/element/200375f0-b4b1-4e2b-8bf2-3531d2d535c9/text {"id": "200375f0-b4b1-4e2b-8bf2-3531d2d535c9"}
2020-11-18 10:02:57,253:http://127.0.0.1:60317 "GET /session/025f8ee6e9cf73329f2ee464cf3337c1/element/200375f0-b4b1-4e2b-8bf2-3531d2d535c9/text HTTP/1.1" 200 1166
2020-11-18 10:02:57,253:Finished Request
2020-11-18 10:02:57,256:GET http://127.0.0.1:60317/session/025f8ee6e9cf73329f2ee464cf3337c1/element/200375f0-b4b1-4e2b-8bf2-3531d2d535c9/text {"id": "200375f0-b4b1-4e2b-8bf2-3531d2d535c9"}
2020-11-18 10:02:57,275:http://127.0.0.1:60317 "GET /session/025f8ee6e9cf73329f2ee464cf3337c1/element/200375f0-b4b1-4e2b-8bf2-3531d2d535c9/text HTTP/1.1" 200 1166
2020-11-18 10:02:57,275:Finished Request
2020-11-18 10:02:57,275:395Œ–Ú‚ÌŠé‹Æ
2020-11-18 10:02:57,275:GET http://127.0.0.1:60317/session/025f8ee6e9cf73329f2ee464cf3337c1/element/d958d65b-92f6-4cd7-872a-dbb46d6c36aa/text {"id": "d958d65b-92f6-4cd7-872a-dbb46d6c36aa"}
2020-11-18 10:02:57,302:http://127.0.0.1:60317 "GET /session/025f8ee6e9cf73329f2ee464cf3337c1/element/d958d65b-92f6-4cd7-872a-dbb46d6c36aa/text HTTP/1.1" 200 1160
2020-11-18 10:02:57,302:Finished Request
2020-11-18 10:02:57,306:GET http://127.0.0.1:60317/session/025f8ee6e9cf73329f2ee464cf3337c1/element/d958d65b-92f6-4cd7-872a-dbb46d6c36aa/text {"id": "d958d65b-92f6-4cd7-872a-dbb46d6c36aa"}
2020-11-18 10:02:57,331:http://127.0.0.1:60317 "GET /session/025f8ee6e9cf73329f2ee464cf3337c1/element/d958d65b-92f6-4cd7-872a-dbb46d6c36aa/text HTTP/1.1" 200 1160
2020-11-18 10:02:57,332:Finished Request
2020-11-18 10:02:57,332:396Œ–Ú‚ÌŠé‹Æ
2020-11-18 10:02:57,332:GET http://127.0.0.1:60317/session/025f8ee6e9cf73329f2ee464cf3337c1/element/4640f9cd-63bf-4919-9fb0-5a482d4ce44c/text {"id": "4640f9cd-63bf-4919-9fb0-5a482d4ce44c"}
2020-11-18 10:02:57,358:http://127.0.0.1:60317 "GET /session/025f8ee6e9cf73329f2ee464cf3337c1/element/4640f9cd-63bf-4919-9fb0-5a482d4ce44c/text HTTP/1.1" 200 1142
2020-11-18 10:02:57,358:Finished Request
2020-11-18 10:02:57,365:GET http://127.0.0.1:60317/session/025f8ee6e9cf73329f2ee464cf3337c1/element/4640f9cd-63bf-4919-9fb0-5a482d4ce44c/text {"id": "4640f9cd-63bf-4919-9fb0-5a482d4ce44c"}
2020-11-18 10:02:57,395:http://127.0.0.1:60317 "GET /session/025f8ee6e9cf73329f2ee464cf3337c1/element/4640f9cd-63bf-4919-9fb0-5a482d4ce44c/text HTTP/1.1" 200 1142
2020-11-18 10:02:57,395:Finished Request
2020-11-18 10:02:57,395:397Œ–Ú‚ÌŠé‹Æ
2020-11-18 10:02:57,396:GET http://127.0.0.1:60317/session/025f8ee6e9cf73329f2ee464cf3337c1/element/003c4dfa-b9c2-404a-a06e-c426bc5880b8/text {"id": "003c4dfa-b9c2-404a-a06e-c426bc5880b8"}
2020-11-18 10:02:57,427:http://127.0.0.1:60317 "GET /session/025f8ee6e9cf73329f2ee464cf3337c1/element/003c4dfa-b9c2-404a-a06e-c426bc5880b8/text HTTP/1.1" 200 1087
2020-11-18 10:02:57,428:Finished Request
2020-11-18 10:02:57,432:GET http://127.0.0.1:60317/session/025f8ee6e9cf73329f2ee464cf3337c1/element/003c4dfa-b9c2-404a-a06e-c426bc5880b8/text {"id": "003c4dfa-b9c2-404a-a06e-c426bc5880b8"}
2020-11-18 10:02:57,460:http://127.0.0.1:60317 "GET /session/025f8ee6e9cf73329f2ee464cf3337c1/element/003c4dfa-b9c2-404a-a06e-c426bc5880b8/text HTTP/1.1" 200 1087
2020-11-18 10:02:57,461:Finished Request
2020-11-18 10:02:57,461:398Œ–Ú‚ÌŠé‹Æ
2020-11-18 10:02:57,461:GET http://127.0.0.1:60317/session/025f8ee6e9cf73329f2ee464cf3337c1/element/c602f9a7-f4ef-4903-9d53-015dc606ed3a/text {"id": "c602f9a7-f4ef-4903-9d53-015dc606ed3a"}
2020-11-18 10:02:57,521:http://127.0.0.1:60317 "GET /session/025f8ee6e9cf73329f2ee464cf3337c1/element/c602f9a7-f4ef-4903-9d53-015dc606ed3a/text HTTP/1.1" 200 1250
2020-11-18 10:02:57,521:Finished Request
2020-11-18 10:02:57,527:GET http://127.0.0.1:60317/session/025f8ee6e9cf73329f2ee464cf3337c1/element/c602f9a7-f4ef-4903-9d53-015dc606ed3a/text {"id": "c602f9a7-f4ef-4903-9d53-015dc606ed3a"}
2020-11-18 10:02:57,582:http://127.0.0.1:60317 "GET /session/025f8ee6e9cf73329f2ee464cf3337c1/element/c602f9a7-f4ef-4903-9d53-015dc606ed3a/text HTTP/1.1" 200 1250
2020-11-18 10:02:57,583:Finished Request
2020-11-18 10:02:57,583:399Œ–Ú‚ÌŠé‹Æ
2020-11-18 10:02:57,583:GET http://127.0.0.1:60317/session/025f8ee6e9cf73329f2ee464cf3337c1/element/1de8a693-9f55-45d1-a2de-4cdb24f7477d/text {"id": "1de8a693-9f55-45d1-a2de-4cdb24f7477d"}
2020-11-18 10:02:57,628:http://127.0.0.1:60317 "GET /session/025f8ee6e9cf73329f2ee464cf3337c1/element/1de8a693-9f55-45d1-a2de-4cdb24f7477d/text HTTP/1.1" 200 1183
2020-11-18 10:02:57,629:Finished Request
2020-11-18 10:02:57,631:GET http://127.0.0.1:60317/session/025f8ee6e9cf73329f2ee464cf3337c1/element/1de8a693-9f55-45d1-a2de-4cdb24f7477d/text {"id": "1de8a693-9f55-45d1-a2de-4cdb24f7477d"}
2020-11-18 10:02:57,657:http://127.0.0.1:60317 "GET /session/025f8ee6e9cf73329f2ee464cf3337c1/element/1de8a693-9f55-45d1-a2de-4cdb24f7477d/text HTTP/1.1" 200 1183
2020-11-18 10:02:57,657:Finished Request
2020-11-18 10:02:57,657:400Œ–Ú‚ÌŠé‹Æ
2020-11-18 10:02:57,657:POST http://127.0.0.1:60317/session/025f8ee6e9cf73329f2ee464cf3337c1/elements {"using": "css selector", "value": ".iconFont--arrowLeft"}
2020-11-18 10:02:57,665:http://127.0.0.1:60317 "POST /session/025f8ee6e9cf73329f2ee464cf3337c1/elements HTTP/1.1" 200 169
2020-11-18 10:02:57,665:Finished Request
2020-11-18 10:02:57,665:POST http://127.0.0.1:60317/session/025f8ee6e9cf73329f2ee464cf3337c1/execute/sync {"script": "return (function(){return function(){var d=this;function f(a){return\"string\"==typeof a};function h(a,b){this.code=a;this.a=l[a]||m;this.message=b||\"\";a=this.a.replace(/((?:^|\\s+)[a-z])/g,function(a){return a.toUpperCase().replace(/^[\\s\\xa0]+/g,\"\")});b=a.length-5;if(0>b||a.indexOf(\"Error\",b)!=b)a+=\"Error\";this.name=a;a=Error(this.message);a.name=this.name;this.stack=a.stack||\"\"}\n(function(){var a=Error;function b(){}b.prototype=a.prototype;h.b=a.prototype;h.prototype=new b;h.prototype.constructor=h;h.a=function(b,c,g){for(var e=Array(arguments.length-2),k=2;k<arguments.length;k++)e[k-2]=arguments[k];return a.prototype[c].apply(b,e)}})();var m=\"unknown error\",l={15:\"element not selectable\",11:\"element not visible\"};l[31]=m;l[30]=m;l[24]=\"invalid cookie domain\";l[29]=\"invalid element coordinates\";l[12]=\"invalid element state\";l[32]=\"invalid selector\";l[51]=\"invalid selector\";\nl[52]=\"invalid selector\";l[17]=\"javascript error\";l[405]=\"unsupported operation\";l[34]=\"move target out of bounds\";l[27]=\"no such alert\";l[7]=\"no such element\";l[8]=\"no such frame\";l[23]=\"no such window\";l[28]=\"script timeout\";l[33]=\"session not created\";l[10]=\"stale element reference\";l[21]=\"timeout\";l[25]=\"unable to set cookie\";l[26]=\"unexpected alert open\";l[13]=m;l[9]=\"unknown command\";h.prototype.toString=function(){return this.name+\": \"+this.message};var n;a:{var p=d.navigator;if(p){var q=p.userAgent;if(q){n=q;break a}}n=\"\"}function r(a){return-1!=n.indexOf(a)};function t(a,b){for(var e=a.length,c=f(a)?a.split(\"\"):a,g=0;g<e;g++)g in c&&b.call(void 0,c[g],g,a)};function v(){return r(\"iPhone\")&&!r(\"iPod\")&&!r(\"iPad\")};function w(){return(r(\"Chrome\")||r(\"CriOS\"))&&!r(\"Edge\")};var x=r(\"Opera\"),y=r(\"Trident\")||r(\"MSIE\"),z=r(\"Edge\"),A=r(\"Gecko\")&&!(-1!=n.toLowerCase().indexOf(\"webkit\")&&!r(\"Edge\"))&&!(r(\"Trident\")||r(\"MSIE\"))&&!r(\"Edge\"),aa=-1!=n.toLowerCase().indexOf(\"webkit\")&&!r(\"Edge\");function B(){var a=d.document;return a?a.documentMode:void 0}var C;\na:{var D=\"\",E=function(){var a=n;if(A)return/rv\\:([^\\);]+)(\\)|;)/.exec(a);if(z)return/Edge\\/([\\d\\.]+)/.exec(a);if(y)return/\\b(?:MSIE|rv)[: ]([^\\);]+)(\\)|;)/.exec(a);if(aa)return/WebKit\\/(\\S+)/.exec(a);if(x)return/(?:Version)[ \\/]?(\\S+)/.exec(a)}();E&&(D=E?E[1]:\"\");if(y){var F=B();if(null!=F&&F>parseFloat(D)){C=String(F);break a}}C=D}var G;var H=d.document;G=H&&y?B()||(\"CSS1Compat\"==H.compatMode?parseInt(C,10):5):void 0;var ba=r(\"Firefox\"),ca=v()||r(\"iPod\"),da=r(\"iPad\"),I=r(\"Android\")&&!(w()||r(\"Firefox\")||r(\"Opera\")||r(\"Silk\")),ea=w(),J=r(\"Safari\")&&!(w()||r(\"Coast\")||r(\"Opera\")||r(\"Edge\")||r(\"Silk\")||r(\"Android\"))&&!(v()||r(\"iPad\")||r(\"iPod\"));function K(a){return(a=a.exec(n))?a[1]:\"\"}(function(){if(ba)return K(/Firefox\\/([0-9.]+)/);if(y||z||x)return C;if(ea)return v()||r(\"iPad\")||r(\"iPod\")?K(/CriOS\\/([0-9.]+)/):K(/Chrome\\/([0-9.]+)/);if(J&&!(v()||r(\"iPad\")||r(\"iPod\")))return K(/Version\\/([0-9.]+)/);if(ca||da){var a=/Version\\/(\\S+).*Mobile\\/(\\S+)/.exec(n);if(a)return a[1]+\".\"+a[2]}else if(I)return(a=K(/Android\\s+([0-9.]+)/))?a:K(/Version\\/([0-9.]+)/);return\"\"})();var L,M=function(){if(!A)return!1;var a=d.Components;if(!a)return!1;try{if(!a.classes)return!1}catch(g){return!1}var b=a.classes,a=a.interfaces,e=b[\"@mozilla.org/xpcom/version-comparator;1\"].getService(a.nsIVersionComparator),c=b[\"@mozilla.org/xre/app-info;1\"].getService(a.nsIXULAppInfo).version;L=function(a){e.compare(c,\"\"+a)};return!0}(),N=y&&!(8<=Number(G)),fa=y&&!(9<=Number(G));I&&M&&L(2.3);I&&M&&L(4);J&&M&&L(6);var ga={SCRIPT:1,STYLE:1,HEAD:1,IFRAME:1,OBJECT:1},O={IMG:\" \",BR:\"\\n\"};function P(a,b,e){if(!(a.nodeName in ga))if(3==a.nodeType)e?b.push(String(a.nodeValue).replace(/(\\r\\n|\\r|\\n)/g,\"\")):b.push(a.nodeValue);else if(a.nodeName in O)b.push(O[a.nodeName]);else for(a=a.firstChild;a;)P(a,b,e),a=a.nextSibling};function Q(a,b){b=b.toLowerCase();return\"style\"==b?ha(a.style.cssText):N&&\"value\"==b&&R(a,\"INPUT\")?a.value:fa&&!0===a[b]?String(a.getAttribute(b)):(a=a.getAttributeNode(b))&&a.specified?a.value:null}var ia=/[;]+(?=(?:(?:[^\"]*\"){2})*[^\"]*$)(?=(?:(?:[^']*'){2})*[^']*$)(?=(?:[^()]*\\([^()]*\\))*[^()]*$)/;\nfunction ha(a){var b=[];t(a.split(ia),function(a){var c=a.indexOf(\":\");0<c&&(a=[a.slice(0,c),a.slice(c+1)],2==a.length&&b.push(a[0].toLowerCase(),\":\",a[1],\";\"))});b=b.join(\"\");return b=\";\"==b.charAt(b.length-1)?b:b+\";\"}function S(a,b){N&&\"value\"==b&&R(a,\"OPTION\")&&null===Q(a,\"value\")?(b=[],P(a,b,!1),a=b.join(\"\")):a=a[b];return a}function R(a,b){b&&\"string\"!==typeof b&&(b=b.toString());return!!a&&1==a.nodeType&&(!b||a.tagName.toUpperCase()==b)}\nfunction T(a){return R(a,\"OPTION\")?!0:R(a,\"INPUT\")?(a=a.type.toLowerCase(),\"checkbox\"==a||\"radio\"==a):!1};var ja={\"class\":\"className\",readonly:\"readOnly\"},U=\"allowfullscreen allowpaymentrequest allowusermedia async autofocus autoplay checked compact complete controls declare default defaultchecked defaultselected defer disabled ended formnovalidate hidden indeterminate iscontenteditable ismap itemscope loop multiple muted nohref nomodule noresize noshade novalidate nowrap open paused playsinline pubdate readonly required reversed scoped seamless seeking selected truespeed typemustmatch willvalidate\".split(\" \");function V(a,b){var e=null,c=b.toLowerCase();if(\"style\"==c)return(e=a.style)&&!f(e)&&(e=e.cssText),e;if((\"selected\"==c||\"checked\"==c)&&T(a)){if(!T(a))throw new h(15,\"Element is not selectable\");b=\"selected\";e=a.type&&a.type.toLowerCase();if(\"checkbox\"==e||\"radio\"==e)b=\"checked\";return S(a,b)?\"true\":null}var g=R(a,\"A\");if(R(a,\"IMG\")&&\"src\"==c||g&&\"href\"==c)return(e=Q(a,c))&&(e=S(a,c)),e;if(\"spellcheck\"==c){e=Q(a,c);if(null!==e){if(\"false\"==e.toLowerCase())return\"false\";if(\"true\"==e.toLowerCase())return\"true\"}return S(a,\nc)+\"\"}g=ja[b]||b;a:if(f(U))c=f(c)&&1==c.length?U.indexOf(c,0):-1;else{for(var u=0;u<U.length;u++)if(u in U&&U[u]===c){c=u;break a}c=-1}if(0<=c)return(e=null!==Q(a,b)||S(a,g))?\"true\":null;try{var k=S(a,g)}catch(ka){}(c=null==k)||(c=typeof k,c=\"object\"==c&&null!=k||\"function\"==c);c?e=Q(a,b):e=k;return null!=e?e.toString():null}var W=[\"_\"],X=d;W[0]in X||!X.execScript||X.execScript(\"var \"+W[0]);\nfor(var Y;W.length&&(Y=W.shift());){var Z;if(Z=!W.length)Z=void 0!==V;Z?X[Y]=V:X[Y]&&X[Y]!==Object.prototype[Y]?X=X[Y]:X=X[Y]={}};; return this._.apply(null,arguments);}.apply({navigator:typeof window!='undefined'?window.navigator:null,document:typeof window!='undefined'?window.document:null}, arguments);}\n).apply(null, arguments);", "args": [{"ELEMENT": "5258b089-691b-4b0d-96c6-021af0811e19", "element-6066-11e4-a52e-4f735466cecf": "5258b089-691b-4b0d-96c6-021af0811e19"}, "href"]}
2020-11-18 10:02:57,672:http://127.0.0.1:60317 "POST /session/025f8ee6e9cf73329f2ee464cf3337c1/execute/sync HTTP/1.1" 200 109
2020-11-18 10:02:57,673:Finished Request
2020-11-18 10:02:57,673:POST http://127.0.0.1:60317/session/025f8ee6e9cf73329f2ee464cf3337c1/url {"url": "https://tenshoku.mynavi.jp/list/kw%E9%AB%98%E5%8F%8E%E5%85%A5/pg9/?jobsearchType=14&searchType=18"}
2020-11-18 10:02:58,811:http://127.0.0.1:60317 "POST /session/025f8ee6e9cf73329f2ee464cf3337c1/url HTTP/1.1" 200 14
2020-11-18 10:02:58,811:Finished Request
2020-11-18 10:02:58,812:POST http://127.0.0.1:60317/session/025f8ee6e9cf73329f2ee464cf3337c1/elements {"using": "css selector", "value": ".cassetteRecruit__content"}
2020-11-18 10:02:59,194:http://127.0.0.1:60317 "POST /session/025f8ee6e9cf73329f2ee464cf3337c1/elements HTTP/1.1" 200 3961
2020-11-18 10:02:59,194:Finished Request
2020-11-18 10:02:59,195:GET http://127.0.0.1:60317/session/025f8ee6e9cf73329f2ee464cf3337c1/element/90181be6-348a-4c13-be66-106a87185476/text {"id": "90181be6-348a-4c13-be66-106a87185476"}
2020-11-18 10:02:59,324:http://127.0.0.1:60317 "GET /session/025f8ee6e9cf73329f2ee464cf3337c1/element/90181be6-348a-4c13-be66-106a87185476/text HTTP/1.1" 200 1170
2020-11-18 10:02:59,324:Finished Request
2020-11-18 10:02:59,332:GET http://127.0.0.1:60317/session/025f8ee6e9cf73329f2ee464cf3337c1/element/90181be6-348a-4c13-be66-106a87185476/text {"id": "90181be6-348a-4c13-be66-106a87185476"}
2020-11-18 10:02:59,379:http://127.0.0.1:60317 "GET /session/025f8ee6e9cf73329f2ee464cf3337c1/element/90181be6-348a-4c13-be66-106a87185476/text HTTP/1.1" 200 1170
2020-11-18 10:02:59,380:Finished Request
2020-11-18 10:02:59,380:401Œ–Ú‚ÌŠé‹Æ
2020-11-18 10:02:59,380:GET http://127.0.0.1:60317/session/025f8ee6e9cf73329f2ee464cf3337c1/element/50895380-1c0d-464f-9775-7c6d825e6d2c/text {"id": "50895380-1c0d-464f-9775-7c6d825e6d2c"}
2020-11-18 10:02:59,499:http://127.0.0.1:60317 "GET /session/025f8ee6e9cf73329f2ee464cf3337c1/element/50895380-1c0d-464f-9775-7c6d825e6d2c/text HTTP/1.1" 200 1237
2020-11-18 10:02:59,499:Finished Request
2020-11-18 10:02:59,504:GET http://127.0.0.1:60317/session/025f8ee6e9cf73329f2ee464cf3337c1/element/50895380-1c0d-464f-9775-7c6d825e6d2c/text {"id": "50895380-1c0d-464f-9775-7c6d825e6d2c"}
2020-11-18 10:02:59,547:http://127.0.0.1:60317 "GET /session/025f8ee6e9cf73329f2ee464cf3337c1/element/50895380-1c0d-464f-9775-7c6d825e6d2c/text HTTP/1.1" 200 1237
2020-11-18 10:02:59,548:Finished Request
2020-11-18 10:02:59,548:402Œ–Ú‚ÌŠé‹Æ
2020-11-18 10:02:59,548:GET http://127.0.0.1:60317/session/025f8ee6e9cf73329f2ee464cf3337c1/element/a932c7c2-287b-480d-bc5d-8bc5f6f5e9eb/text {"id": "a932c7c2-287b-480d-bc5d-8bc5f6f5e9eb"}
2020-11-18 10:02:59,583:http://127.0.0.1:60317 "GET /session/025f8ee6e9cf73329f2ee464cf3337c1/element/a932c7c2-287b-480d-bc5d-8bc5f6f5e9eb/text HTTP/1.1" 200 1183
2020-11-18 10:02:59,584:Finished Request
2020-11-18 10:02:59,588:GET http://127.0.0.1:60317/session/025f8ee6e9cf73329f2ee464cf3337c1/element/a932c7c2-287b-480d-bc5d-8bc5f6f5e9eb/text {"id": "a932c7c2-287b-480d-bc5d-8bc5f6f5e9eb"}
2020-11-18 10:02:59,702:http://127.0.0.1:60317 "GET /session/025f8ee6e9cf73329f2ee464cf3337c1/element/a932c7c2-287b-480d-bc5d-8bc5f6f5e9eb/text HTTP/1.1" 200 1183
2020-11-18 10:02:59,703:Finished Request
2020-11-18 10:02:59,703:403Œ–Ú‚ÌŠé‹Æ
2020-11-18 10:02:59,703:GET http://127.0.0.1:60317/session/025f8ee6e9cf73329f2ee464cf3337c1/element/1d3e37b1-afa9-4f23-b752-b880daca685e/text {"id": "1d3e37b1-afa9-4f23-b752-b880daca685e"}
2020-11-18 10:02:59,736:http://127.0.0.1:60317 "GET /session/025f8ee6e9cf73329f2ee464cf3337c1/element/1d3e37b1-afa9-4f23-b752-b880daca685e/text HTTP/1.1" 200 1170
2020-11-18 10:02:59,736:Finished Request
2020-11-18 10:02:59,739:GET http://127.0.0.1:60317/session/025f8ee6e9cf73329f2ee464cf3337c1/element/1d3e37b1-afa9-4f23-b752-b880daca685e/text {"id": "1d3e37b1-afa9-4f23-b752-b880daca685e"}
2020-11-18 10:02:59,770:http://127.0.0.1:60317 "GET /session/025f8ee6e9cf73329f2ee464cf3337c1/element/1d3e37b1-afa9-4f23-b752-b880daca685e/text HTTP/1.1" 200 1170
2020-11-18 10:02:59,770:Finished Request
2020-11-18 10:02:59,771:404Œ–Ú‚ÌŠé‹Æ
2020-11-18 10:02:59,771:GET http://127.0.0.1:60317/session/025f8ee6e9cf73329f2ee464cf3337c1/element/4a125dfe-f31e-43c3-a096-4989f20d2a92/text {"id": "4a125dfe-f31e-43c3-a096-4989f20d2a92"}
2020-11-18 10:02:59,798:http://127.0.0.1:60317 "GET /session/025f8ee6e9cf73329f2ee464cf3337c1/element/4a125dfe-f31e-43c3-a096-4989f20d2a92/text HTTP/1.1" 200 1147
2020-11-18 10:02:59,798:Finished Request
2020-11-18 10:02:59,800:GET http://127.0.0.1:60317/session/025f8ee6e9cf73329f2ee464cf3337c1/element/4a125dfe-f31e-43c3-a096-4989f20d2a92/text {"id": "4a125dfe-f31e-43c3-a096-4989f20d2a92"}
2020-11-18 10:02:59,831:http://127.0.0.1:60317 "GET /session/025f8ee6e9cf73329f2ee464cf3337c1/element/4a125dfe-f31e-43c3-a096-4989f20d2a92/text HTTP/1.1" 200 1147
2020-11-18 10:02:59,831:Finished Request
2020-11-18 10:02:59,832:405Œ–Ú‚ÌŠé‹Æ
2020-11-18 10:02:59,832:GET http://127.0.0.1:60317/session/025f8ee6e9cf73329f2ee464cf3337c1/element/fb627fd8-d0d0-4eaa-bcb9-dc5c0e20946c/text {"id": "fb627fd8-d0d0-4eaa-bcb9-dc5c0e20946c"}
2020-11-18 10:02:59,926:http://127.0.0.1:60317 "GET /session/025f8ee6e9cf73329f2ee464cf3337c1/element/fb627fd8-d0d0-4eaa-bcb9-dc5c0e20946c/text HTTP/1.1" 200 1111
2020-11-18 10:02:59,926:Finished Request
2020-11-18 10:02:59,932:GET http://127.0.0.1:60317/session/025f8ee6e9cf73329f2ee464cf3337c1/element/fb627fd8-d0d0-4eaa-bcb9-dc5c0e20946c/text {"id": "fb627fd8-d0d0-4eaa-bcb9-dc5c0e20946c"}
2020-11-18 10:02:59,961:http://127.0.0.1:60317 "GET /session/025f8ee6e9cf73329f2ee464cf3337c1/element/fb627fd8-d0d0-4eaa-bcb9-dc5c0e20946c/text HTTP/1.1" 200 1111
2020-11-18 10:02:59,962:Finished Request
2020-11-18 10:02:59,962:406Œ–Ú‚ÌŠé‹Æ
2020-11-18 10:02:59,962:GET http://127.0.0.1:60317/session/025f8ee6e9cf73329f2ee464cf3337c1/element/9b256fea-cf06-4ffa-b2aa-5952edf1a00d/text {"id": "9b256fea-cf06-4ffa-b2aa-5952edf1a00d"}
2020-11-18 10:02:59,988:http://127.0.0.1:60317 "GET /session/025f8ee6e9cf73329f2ee464cf3337c1/element/9b256fea-cf06-4ffa-b2aa-5952edf1a00d/text HTTP/1.1" 200 1233
2020-11-18 10:02:59,988:Finished Request
2020-11-18 10:02:59,992:GET http://127.0.0.1:60317/session/025f8ee6e9cf73329f2ee464cf3337c1/element/9b256fea-cf06-4ffa-b2aa-5952edf1a00d/text {"id": "9b256fea-cf06-4ffa-b2aa-5952edf1a00d"}
2020-11-18 10:03:00,020:http://127.0.0.1:60317 "GET /session/025f8ee6e9cf73329f2ee464cf3337c1/element/9b256fea-cf06-4ffa-b2aa-5952edf1a00d/text HTTP/1.1" 200 1233
2020-11-18 10:03:00,021:Finished Request
2020-11-18 10:03:00,021:407Œ–Ú‚ÌŠé‹Æ
2020-11-18 10:03:00,021:GET http://127.0.0.1:60317/session/025f8ee6e9cf73329f2ee464cf3337c1/element/dda36779-9946-419d-8682-7a9240620d33/text {"id": "dda36779-9946-419d-8682-7a9240620d33"}
2020-11-18 10:03:00,062:http://127.0.0.1:60317 "GET /session/025f8ee6e9cf73329f2ee464cf3337c1/element/dda36779-9946-419d-8682-7a9240620d33/text HTTP/1.1" 200 1132
2020-11-18 10:03:00,062:Finished Request
2020-11-18 10:03:00,068:GET http://127.0.0.1:60317/session/025f8ee6e9cf73329f2ee464cf3337c1/element/dda36779-9946-419d-8682-7a9240620d33/text {"id": "dda36779-9946-419d-8682-7a9240620d33"}
2020-11-18 10:03:00,097:http://127.0.0.1:60317 "GET /session/025f8ee6e9cf73329f2ee464cf3337c1/element/dda36779-9946-419d-8682-7a9240620d33/text HTTP/1.1" 200 1132
2020-11-18 10:03:00,098:Finished Request
2020-11-18 10:03:00,098:408Œ–Ú‚ÌŠé‹Æ
2020-11-18 10:03:00,098:GET http://127.0.0.1:60317/session/025f8ee6e9cf73329f2ee464cf3337c1/element/c9dd99ed-76e4-42d2-b0b7-466de38d7a80/text {"id": "c9dd99ed-76e4-42d2-b0b7-466de38d7a80"}
2020-11-18 10:03:00,123:http://127.0.0.1:60317 "GET /session/025f8ee6e9cf73329f2ee464cf3337c1/element/c9dd99ed-76e4-42d2-b0b7-466de38d7a80/text HTTP/1.1" 200 958
2020-11-18 10:03:00,123:Finished Request
2020-11-18 10:03:00,126:GET http://127.0.0.1:60317/session/025f8ee6e9cf73329f2ee464cf3337c1/element/c9dd99ed-76e4-42d2-b0b7-466de38d7a80/text {"id": "c9dd99ed-76e4-42d2-b0b7-466de38d7a80"}
2020-11-18 10:03:00,146:http://127.0.0.1:60317 "GET /session/025f8ee6e9cf73329f2ee464cf3337c1/element/c9dd99ed-76e4-42d2-b0b7-466de38d7a80/text HTTP/1.1" 200 958
2020-11-18 10:03:00,147:Finished Request
2020-11-18 10:03:00,147:409Œ–Ú‚ÌŠé‹Æ
2020-11-18 10:03:00,147:GET http://127.0.0.1:60317/session/025f8ee6e9cf73329f2ee464cf3337c1/element/dd6b0a64-d3ee-46c6-bca4-b95d276bbc96/text {"id": "dd6b0a64-d3ee-46c6-bca4-b95d276bbc96"}
2020-11-18 10:03:00,176:http://127.0.0.1:60317 "GET /session/025f8ee6e9cf73329f2ee464cf3337c1/element/dd6b0a64-d3ee-46c6-bca4-b95d276bbc96/text HTTP/1.1" 200 1212
2020-11-18 10:03:00,176:Finished Request
2020-11-18 10:03:00,182:GET http://127.0.0.1:60317/session/025f8ee6e9cf73329f2ee464cf3337c1/element/dd6b0a64-d3ee-46c6-bca4-b95d276bbc96/text {"id": "dd6b0a64-d3ee-46c6-bca4-b95d276bbc96"}
2020-11-18 10:03:00,236:http://127.0.0.1:60317 "GET /session/025f8ee6e9cf73329f2ee464cf3337c1/element/dd6b0a64-d3ee-46c6-bca4-b95d276bbc96/text HTTP/1.1" 200 1212
2020-11-18 10:03:00,236:Finished Request
2020-11-18 10:03:00,236:410Œ–Ú‚ÌŠé‹Æ
2020-11-18 10:03:00,236:GET http://127.0.0.1:60317/session/025f8ee6e9cf73329f2ee464cf3337c1/element/7513f12c-bba3-42b0-9c6c-615d4d939d7e/text {"id": "7513f12c-bba3-42b0-9c6c-615d4d939d7e"}
2020-11-18 10:03:00,286:http://127.0.0.1:60317 "GET /session/025f8ee6e9cf73329f2ee464cf3337c1/element/7513f12c-bba3-42b0-9c6c-615d4d939d7e/text HTTP/1.1" 200 1269
2020-11-18 10:03:00,286:Finished Request
2020-11-18 10:03:00,290:GET http://127.0.0.1:60317/session/025f8ee6e9cf73329f2ee464cf3337c1/element/7513f12c-bba3-42b0-9c6c-615d4d939d7e/text {"id": "7513f12c-bba3-42b0-9c6c-615d4d939d7e"}
2020-11-18 10:03:00,313:http://127.0.0.1:60317 "GET /session/025f8ee6e9cf73329f2ee464cf3337c1/element/7513f12c-bba3-42b0-9c6c-615d4d939d7e/text HTTP/1.1" 200 1269
2020-11-18 10:03:00,313:Finished Request
2020-11-18 10:03:00,313:411Œ–Ú‚ÌŠé‹Æ
2020-11-18 10:03:00,313:GET http://127.0.0.1:60317/session/025f8ee6e9cf73329f2ee464cf3337c1/element/591e974e-b906-47c3-bfd2-4a6147109a9d/text {"id": "591e974e-b906-47c3-bfd2-4a6147109a9d"}
2020-11-18 10:03:00,366:http://127.0.0.1:60317 "GET /session/025f8ee6e9cf73329f2ee464cf3337c1/element/591e974e-b906-47c3-bfd2-4a6147109a9d/text HTTP/1.1" 200 1224
2020-11-18 10:03:00,367:Finished Request
2020-11-18 10:03:00,371:GET http://127.0.0.1:60317/session/025f8ee6e9cf73329f2ee464cf3337c1/element/591e974e-b906-47c3-bfd2-4a6147109a9d/text {"id": "591e974e-b906-47c3-bfd2-4a6147109a9d"}
2020-11-18 10:03:00,401:http://127.0.0.1:60317 "GET /session/025f8ee6e9cf73329f2ee464cf3337c1/element/591e974e-b906-47c3-bfd2-4a6147109a9d/text HTTP/1.1" 200 1224
2020-11-18 10:03:00,401:Finished Request
2020-11-18 10:03:00,401:412Œ–Ú‚ÌŠé‹Æ
2020-11-18 10:03:00,401:GET http://127.0.0.1:60317/session/025f8ee6e9cf73329f2ee464cf3337c1/element/b144047b-a5b5-4983-9a70-b3c22c23cffe/text {"id": "b144047b-a5b5-4983-9a70-b3c22c23cffe"}
2020-11-18 10:03:00,426:http://127.0.0.1:60317 "GET /session/025f8ee6e9cf73329f2ee464cf3337c1/element/b144047b-a5b5-4983-9a70-b3c22c23cffe/text HTTP/1.1" 200 1111
2020-11-18 10:03:00,426:Finished Request
2020-11-18 10:03:00,431:GET http://127.0.0.1:60317/session/025f8ee6e9cf73329f2ee464cf3337c1/element/b144047b-a5b5-4983-9a70-b3c22c23cffe/text {"id": "b144047b-a5b5-4983-9a70-b3c22c23cffe"}
2020-11-18 10:03:00,461:http://127.0.0.1:60317 "GET /session/025f8ee6e9cf73329f2ee464cf3337c1/element/b144047b-a5b5-4983-9a70-b3c22c23cffe/text HTTP/1.1" 200 1111
2020-11-18 10:03:00,462:Finished Request
2020-11-18 10:03:00,462:413Œ–Ú‚ÌŠé‹Æ
2020-11-18 10:03:00,462:GET http://127.0.0.1:60317/session/025f8ee6e9cf73329f2ee464cf3337c1/element/1af6563e-74ba-4e08-be0a-b5f1828b5032/text {"id": "1af6563e-74ba-4e08-be0a-b5f1828b5032"}
2020-11-18 10:03:00,516:http://127.0.0.1:60317 "GET /session/025f8ee6e9cf73329f2ee464cf3337c1/element/1af6563e-74ba-4e08-be0a-b5f1828b5032/text HTTP/1.1" 200 1179
2020-11-18 10:03:00,517:Finished Request
2020-11-18 10:03:00,520:GET http://127.0.0.1:60317/session/025f8ee6e9cf73329f2ee464cf3337c1/element/1af6563e-74ba-4e08-be0a-b5f1828b5032/text {"id": "1af6563e-74ba-4e08-be0a-b5f1828b5032"}
2020-11-18 10:03:00,564:http://127.0.0.1:60317 "GET /session/025f8ee6e9cf73329f2ee464cf3337c1/element/1af6563e-74ba-4e08-be0a-b5f1828b5032/text HTTP/1.1" 200 1179
2020-11-18 10:03:00,565:Finished Request
2020-11-18 10:03:00,565:414Œ–Ú‚ÌŠé‹Æ
2020-11-18 10:03:00,565:GET http://127.0.0.1:60317/session/025f8ee6e9cf73329f2ee464cf3337c1/element/5a0b7f68-f35a-4d09-b0d9-186bf1d0f99a/text {"id": "5a0b7f68-f35a-4d09-b0d9-186bf1d0f99a"}
2020-11-18 10:03:00,604:http://127.0.0.1:60317 "GET /session/025f8ee6e9cf73329f2ee464cf3337c1/element/5a0b7f68-f35a-4d09-b0d9-186bf1d0f99a/text HTTP/1.1" 200 1219
2020-11-18 10:03:00,604:Finished Request
2020-11-18 10:03:00,609:GET http://127.0.0.1:60317/session/025f8ee6e9cf73329f2ee464cf3337c1/element/5a0b7f68-f35a-4d09-b0d9-186bf1d0f99a/text {"id": "5a0b7f68-f35a-4d09-b0d9-186bf1d0f99a"}
2020-11-18 10:03:00,631:http://127.0.0.1:60317 "GET /session/025f8ee6e9cf73329f2ee464cf3337c1/element/5a0b7f68-f35a-4d09-b0d9-186bf1d0f99a/text HTTP/1.1" 200 1219
2020-11-18 10:03:00,631:Finished Request
2020-11-18 10:03:00,631:415Œ–Ú‚ÌŠé‹Æ
2020-11-18 10:03:00,631:GET http://127.0.0.1:60317/session/025f8ee6e9cf73329f2ee464cf3337c1/element/590126f4-e0c5-434e-800a-238920daa98f/text {"id": "590126f4-e0c5-434e-800a-238920daa98f"}
2020-11-18 10:03:00,663:http://127.0.0.1:60317 "GET /session/025f8ee6e9cf73329f2ee464cf3337c1/element/590126f4-e0c5-434e-800a-238920daa98f/text HTTP/1.1" 200 1171
2020-11-18 10:03:00,663:Finished Request
2020-11-18 10:03:00,667:GET http://127.0.0.1:60317/session/025f8ee6e9cf73329f2ee464cf3337c1/element/590126f4-e0c5-434e-800a-238920daa98f/text {"id": "590126f4-e0c5-434e-800a-238920daa98f"}
2020-11-18 10:03:00,693:http://127.0.0.1:60317 "GET /session/025f8ee6e9cf73329f2ee464cf3337c1/element/590126f4-e0c5-434e-800a-238920daa98f/text HTTP/1.1" 200 1171
2020-11-18 10:03:00,693:Finished Request
2020-11-18 10:03:00,693:416Œ–Ú‚ÌŠé‹Æ
2020-11-18 10:03:00,694:GET http://127.0.0.1:60317/session/025f8ee6e9cf73329f2ee464cf3337c1/element/e786f7fe-75a9-4203-9e94-52c260c5c874/text {"id": "e786f7fe-75a9-4203-9e94-52c260c5c874"}
2020-11-18 10:03:00,726:http://127.0.0.1:60317 "GET /session/025f8ee6e9cf73329f2ee464cf3337c1/element/e786f7fe-75a9-4203-9e94-52c260c5c874/text HTTP/1.1" 200 1218
2020-11-18 10:03:00,726:Finished Request
2020-11-18 10:03:00,732:GET http://127.0.0.1:60317/session/025f8ee6e9cf73329f2ee464cf3337c1/element/e786f7fe-75a9-4203-9e94-52c260c5c874/text {"id": "e786f7fe-75a9-4203-9e94-52c260c5c874"}
2020-11-18 10:03:00,788:http://127.0.0.1:60317 "GET /session/025f8ee6e9cf73329f2ee464cf3337c1/element/e786f7fe-75a9-4203-9e94-52c260c5c874/text HTTP/1.1" 200 1218
2020-11-18 10:03:00,788:Finished Request
2020-11-18 10:03:00,788:417Œ–Ú‚ÌŠé‹Æ
2020-11-18 10:03:00,788:GET http://127.0.0.1:60317/session/025f8ee6e9cf73329f2ee464cf3337c1/element/05235b34-7229-435a-afb3-7c8f689b0f1d/text {"id": "05235b34-7229-435a-afb3-7c8f689b0f1d"}
2020-11-18 10:03:00,833:http://127.0.0.1:60317 "GET /session/025f8ee6e9cf73329f2ee464cf3337c1/element/05235b34-7229-435a-afb3-7c8f689b0f1d/text HTTP/1.1" 200 1244
2020-11-18 10:03:00,833:Finished Request
2020-11-18 10:03:00,836:GET http://127.0.0.1:60317/session/025f8ee6e9cf73329f2ee464cf3337c1/element/05235b34-7229-435a-afb3-7c8f689b0f1d/text {"id": "05235b34-7229-435a-afb3-7c8f689b0f1d"}
2020-11-18 10:03:00,874:http://127.0.0.1:60317 "GET /session/025f8ee6e9cf73329f2ee464cf3337c1/element/05235b34-7229-435a-afb3-7c8f689b0f1d/text HTTP/1.1" 200 1244
2020-11-18 10:03:00,875:Finished Request
2020-11-18 10:03:00,875:418Œ–Ú‚ÌŠé‹Æ
2020-11-18 10:03:00,875:GET http://127.0.0.1:60317/session/025f8ee6e9cf73329f2ee464cf3337c1/element/d481536c-1e37-4956-bb01-f8c13549a876/text {"id": "d481536c-1e37-4956-bb01-f8c13549a876"}
2020-11-18 10:03:00,922:http://127.0.0.1:60317 "GET /session/025f8ee6e9cf73329f2ee464cf3337c1/element/d481536c-1e37-4956-bb01-f8c13549a876/text HTTP/1.1" 200 1112
2020-11-18 10:03:00,922:Finished Request
2020-11-18 10:03:00,928:GET http://127.0.0.1:60317/session/025f8ee6e9cf73329f2ee464cf3337c1/element/d481536c-1e37-4956-bb01-f8c13549a876/text {"id": "d481536c-1e37-4956-bb01-f8c13549a876"}
2020-11-18 10:03:00,965:http://127.0.0.1:60317 "GET /session/025f8ee6e9cf73329f2ee464cf3337c1/element/d481536c-1e37-4956-bb01-f8c13549a876/text HTTP/1.1" 200 1112
2020-11-18 10:03:00,966:Finished Request
2020-11-18 10:03:00,966:419Œ–Ú‚ÌŠé‹Æ
2020-11-18 10:03:00,966:GET http://127.0.0.1:60317/session/025f8ee6e9cf73329f2ee464cf3337c1/element/d94a90c8-f0bf-479c-bc07-09fcc42876fd/text {"id": "d94a90c8-f0bf-479c-bc07-09fcc42876fd"}
2020-11-18 10:03:01,001:http://127.0.0.1:60317 "GET /session/025f8ee6e9cf73329f2ee464cf3337c1/element/d94a90c8-f0bf-479c-bc07-09fcc42876fd/text HTTP/1.1" 200 1135
2020-11-18 10:03:01,001:Finished Request
2020-11-18 10:03:01,005:GET http://127.0.0.1:60317/session/025f8ee6e9cf73329f2ee464cf3337c1/element/d94a90c8-f0bf-479c-bc07-09fcc42876fd/text {"id": "d94a90c8-f0bf-479c-bc07-09fcc42876fd"}
2020-11-18 10:03:01,033:http://127.0.0.1:60317 "GET /session/025f8ee6e9cf73329f2ee464cf3337c1/element/d94a90c8-f0bf-479c-bc07-09fcc42876fd/text HTTP/1.1" 200 1135
2020-11-18 10:03:01,034:Finished Request
2020-11-18 10:03:01,034:420Œ–Ú‚ÌŠé‹Æ
2020-11-18 10:03:01,034:GET http://127.0.0.1:60317/session/025f8ee6e9cf73329f2ee464cf3337c1/element/faa9d22e-7101-4f0b-9f21-036b8c836c95/text {"id": "faa9d22e-7101-4f0b-9f21-036b8c836c95"}
2020-11-18 10:03:01,065:http://127.0.0.1:60317 "GET /session/025f8ee6e9cf73329f2ee464cf3337c1/element/faa9d22e-7101-4f0b-9f21-036b8c836c95/text HTTP/1.1" 200 1238
2020-11-18 10:03:01,065:Finished Request
2020-11-18 10:03:01,068:GET http://127.0.0.1:60317/session/025f8ee6e9cf73329f2ee464cf3337c1/element/faa9d22e-7101-4f0b-9f21-036b8c836c95/text {"id": "faa9d22e-7101-4f0b-9f21-036b8c836c95"}
2020-11-18 10:03:01,102:http://127.0.0.1:60317 "GET /session/025f8ee6e9cf73329f2ee464cf3337c1/element/faa9d22e-7101-4f0b-9f21-036b8c836c95/text HTTP/1.1" 200 1238
2020-11-18 10:03:01,102:Finished Request
2020-11-18 10:03:01,102:421Œ–Ú‚ÌŠé‹Æ
2020-11-18 10:03:01,104:GET http://127.0.0.1:60317/session/025f8ee6e9cf73329f2ee464cf3337c1/element/b8890e3e-703d-4aac-a853-2d737082049a/text {"id": "b8890e3e-703d-4aac-a853-2d737082049a"}
2020-11-18 10:03:01,146:http://127.0.0.1:60317 "GET /session/025f8ee6e9cf73329f2ee464cf3337c1/element/b8890e3e-703d-4aac-a853-2d737082049a/text HTTP/1.1" 200 1167
2020-11-18 10:03:01,147:Finished Request
2020-11-18 10:03:01,152:GET http://127.0.0.1:60317/session/025f8ee6e9cf73329f2ee464cf3337c1/element/b8890e3e-703d-4aac-a853-2d737082049a/text {"id": "b8890e3e-703d-4aac-a853-2d737082049a"}
2020-11-18 10:03:01,197:http://127.0.0.1:60317 "GET /session/025f8ee6e9cf73329f2ee464cf3337c1/element/b8890e3e-703d-4aac-a853-2d737082049a/text HTTP/1.1" 200 1167
2020-11-18 10:03:01,197:Finished Request
2020-11-18 10:03:01,197:422Œ–Ú‚ÌŠé‹Æ
2020-11-18 10:03:01,197:GET http://127.0.0.1:60317/session/025f8ee6e9cf73329f2ee464cf3337c1/element/38f7e1d0-6eba-414d-936e-679e9c31fa4e/text {"id": "38f7e1d0-6eba-414d-936e-679e9c31fa4e"}
2020-11-18 10:03:01,261:http://127.0.0.1:60317 "GET /session/025f8ee6e9cf73329f2ee464cf3337c1/element/38f7e1d0-6eba-414d-936e-679e9c31fa4e/text HTTP/1.1" 200 1261
2020-11-18 10:03:01,262:Finished Request
2020-11-18 10:03:01,267:GET http://127.0.0.1:60317/session/025f8ee6e9cf73329f2ee464cf3337c1/element/38f7e1d0-6eba-414d-936e-679e9c31fa4e/text {"id": "38f7e1d0-6eba-414d-936e-679e9c31fa4e"}
2020-11-18 10:03:01,324:http://127.0.0.1:60317 "GET /session/025f8ee6e9cf73329f2ee464cf3337c1/element/38f7e1d0-6eba-414d-936e-679e9c31fa4e/text HTTP/1.1" 200 1261
2020-11-18 10:03:01,324:Finished Request
2020-11-18 10:03:01,324:423Œ–Ú‚ÌŠé‹Æ
2020-11-18 10:03:01,324:GET http://127.0.0.1:60317/session/025f8ee6e9cf73329f2ee464cf3337c1/element/48eaea86-f427-4960-b35d-313aa66592c6/text {"id": "48eaea86-f427-4960-b35d-313aa66592c6"}
2020-11-18 10:03:01,365:http://127.0.0.1:60317 "GET /session/025f8ee6e9cf73329f2ee464cf3337c1/element/48eaea86-f427-4960-b35d-313aa66592c6/text HTTP/1.1" 200 1222
2020-11-18 10:03:01,365:Finished Request
2020-11-18 10:03:01,369:GET http://127.0.0.1:60317/session/025f8ee6e9cf73329f2ee464cf3337c1/element/48eaea86-f427-4960-b35d-313aa66592c6/text {"id": "48eaea86-f427-4960-b35d-313aa66592c6"}
2020-11-18 10:03:01,399:http://127.0.0.1:60317 "GET /session/025f8ee6e9cf73329f2ee464cf3337c1/element/48eaea86-f427-4960-b35d-313aa66592c6/text HTTP/1.1" 200 1222
2020-11-18 10:03:01,399:Finished Request
2020-11-18 10:03:01,399:424Œ–Ú‚ÌŠé‹Æ
2020-11-18 10:03:01,400:GET http://127.0.0.1:60317/session/025f8ee6e9cf73329f2ee464cf3337c1/element/1114b150-0244-4dae-bf63-ab27b039d669/text {"id": "1114b150-0244-4dae-bf63-ab27b039d669"}
2020-11-18 10:03:01,433:http://127.0.0.1:60317 "GET /session/025f8ee6e9cf73329f2ee464cf3337c1/element/1114b150-0244-4dae-bf63-ab27b039d669/text HTTP/1.1" 200 1102
2020-11-18 10:03:01,434:Finished Request
2020-11-18 10:03:01,437:GET http://127.0.0.1:60317/session/025f8ee6e9cf73329f2ee464cf3337c1/element/1114b150-0244-4dae-bf63-ab27b039d669/text {"id": "1114b150-0244-4dae-bf63-ab27b039d669"}
2020-11-18 10:03:01,468:http://127.0.0.1:60317 "GET /session/025f8ee6e9cf73329f2ee464cf3337c1/element/1114b150-0244-4dae-bf63-ab27b039d669/text HTTP/1.1" 200 1102
2020-11-18 10:03:01,468:Finished Request
2020-11-18 10:03:01,468:425Œ–Ú‚ÌŠé‹Æ
2020-11-18 10:03:01,469:GET http://127.0.0.1:60317/session/025f8ee6e9cf73329f2ee464cf3337c1/element/2257ea9e-1a52-4aab-892e-01651d571f4c/text {"id": "2257ea9e-1a52-4aab-892e-01651d571f4c"}
2020-11-18 10:03:01,496:http://127.0.0.1:60317 "GET /session/025f8ee6e9cf73329f2ee464cf3337c1/element/2257ea9e-1a52-4aab-892e-01651d571f4c/text HTTP/1.1" 200 1153
2020-11-18 10:03:01,497:Finished Request
2020-11-18 10:03:01,500:GET http://127.0.0.1:60317/session/025f8ee6e9cf73329f2ee464cf3337c1/element/2257ea9e-1a52-4aab-892e-01651d571f4c/text {"id": "2257ea9e-1a52-4aab-892e-01651d571f4c"}
2020-11-18 10:03:01,521:http://127.0.0.1:60317 "GET /session/025f8ee6e9cf73329f2ee464cf3337c1/element/2257ea9e-1a52-4aab-892e-01651d571f4c/text HTTP/1.1" 200 1153
2020-11-18 10:03:01,521:Finished Request
2020-11-18 10:03:01,521:426Œ–Ú‚ÌŠé‹Æ
2020-11-18 10:03:01,521:GET http://127.0.0.1:60317/session/025f8ee6e9cf73329f2ee464cf3337c1/element/99f6ac63-2db0-47a5-ad65-9ef120466006/text {"id": "99f6ac63-2db0-47a5-ad65-9ef120466006"}
2020-11-18 10:03:01,548:http://127.0.0.1:60317 "GET /session/025f8ee6e9cf73329f2ee464cf3337c1/element/99f6ac63-2db0-47a5-ad65-9ef120466006/text HTTP/1.1" 200 1259
2020-11-18 10:03:01,548:Finished Request
2020-11-18 10:03:01,552:GET http://127.0.0.1:60317/session/025f8ee6e9cf73329f2ee464cf3337c1/element/99f6ac63-2db0-47a5-ad65-9ef120466006/text {"id": "99f6ac63-2db0-47a5-ad65-9ef120466006"}
2020-11-18 10:03:01,584:http://127.0.0.1:60317 "GET /session/025f8ee6e9cf73329f2ee464cf3337c1/element/99f6ac63-2db0-47a5-ad65-9ef120466006/text HTTP/1.1" 200 1259
2020-11-18 10:03:01,584:Finished Request
2020-11-18 10:03:01,584:427Œ–Ú‚ÌŠé‹Æ
2020-11-18 10:03:01,584:GET http://127.0.0.1:60317/session/025f8ee6e9cf73329f2ee464cf3337c1/element/eecfa7b1-3cb9-46c3-a02a-97288487919d/text {"id": "eecfa7b1-3cb9-46c3-a02a-97288487919d"}
2020-11-18 10:03:01,628:http://127.0.0.1:60317 "GET /session/025f8ee6e9cf73329f2ee464cf3337c1/element/eecfa7b1-3cb9-46c3-a02a-97288487919d/text HTTP/1.1" 200 1199
2020-11-18 10:03:01,628:Finished Request
2020-11-18 10:03:01,633:GET http://127.0.0.1:60317/session/025f8ee6e9cf73329f2ee464cf3337c1/element/eecfa7b1-3cb9-46c3-a02a-97288487919d/text {"id": "eecfa7b1-3cb9-46c3-a02a-97288487919d"}
2020-11-18 10:03:01,667:http://127.0.0.1:60317 "GET /session/025f8ee6e9cf73329f2ee464cf3337c1/element/eecfa7b1-3cb9-46c3-a02a-97288487919d/text HTTP/1.1" 200 1199
2020-11-18 10:03:01,668:Finished Request
2020-11-18 10:03:01,668:428Œ–Ú‚ÌŠé‹Æ
2020-11-18 10:03:01,668:GET http://127.0.0.1:60317/session/025f8ee6e9cf73329f2ee464cf3337c1/element/1f6bf92a-2171-4fd5-b15f-7c9fb8b458de/text {"id": "1f6bf92a-2171-4fd5-b15f-7c9fb8b458de"}
2020-11-18 10:03:01,704:http://127.0.0.1:60317 "GET /session/025f8ee6e9cf73329f2ee464cf3337c1/element/1f6bf92a-2171-4fd5-b15f-7c9fb8b458de/text HTTP/1.1" 200 1189
2020-11-18 10:03:01,704:Finished Request
2020-11-18 10:03:01,708:GET http://127.0.0.1:60317/session/025f8ee6e9cf73329f2ee464cf3337c1/element/1f6bf92a-2171-4fd5-b15f-7c9fb8b458de/text {"id": "1f6bf92a-2171-4fd5-b15f-7c9fb8b458de"}
2020-11-18 10:03:01,732:http://127.0.0.1:60317 "GET /session/025f8ee6e9cf73329f2ee464cf3337c1/element/1f6bf92a-2171-4fd5-b15f-7c9fb8b458de/text HTTP/1.1" 200 1189
2020-11-18 10:03:01,732:Finished Request
2020-11-18 10:03:01,732:429Œ–Ú‚ÌŠé‹Æ
2020-11-18 10:03:01,732:GET http://127.0.0.1:60317/session/025f8ee6e9cf73329f2ee464cf3337c1/element/a1903cc8-acad-449d-89fa-4286422b00a4/text {"id": "a1903cc8-acad-449d-89fa-4286422b00a4"}
2020-11-18 10:03:01,791:http://127.0.0.1:60317 "GET /session/025f8ee6e9cf73329f2ee464cf3337c1/element/a1903cc8-acad-449d-89fa-4286422b00a4/text HTTP/1.1" 200 1195
2020-11-18 10:03:01,792:Finished Request
2020-11-18 10:03:01,798:GET http://127.0.0.1:60317/session/025f8ee6e9cf73329f2ee464cf3337c1/element/a1903cc8-acad-449d-89fa-4286422b00a4/text {"id": "a1903cc8-acad-449d-89fa-4286422b00a4"}
2020-11-18 10:03:01,835:http://127.0.0.1:60317 "GET /session/025f8ee6e9cf73329f2ee464cf3337c1/element/a1903cc8-acad-449d-89fa-4286422b00a4/text HTTP/1.1" 200 1195
2020-11-18 10:03:01,835:Finished Request
2020-11-18 10:03:01,835:430Œ–Ú‚ÌŠé‹Æ
2020-11-18 10:03:01,835:GET http://127.0.0.1:60317/session/025f8ee6e9cf73329f2ee464cf3337c1/element/cb3083bd-536c-467b-9a27-f880cdf5d2ad/text {"id": "cb3083bd-536c-467b-9a27-f880cdf5d2ad"}
2020-11-18 10:03:01,860:http://127.0.0.1:60317 "GET /session/025f8ee6e9cf73329f2ee464cf3337c1/element/cb3083bd-536c-467b-9a27-f880cdf5d2ad/text HTTP/1.1" 200 1136
2020-11-18 10:03:01,860:Finished Request
2020-11-18 10:03:01,865:GET http://127.0.0.1:60317/session/025f8ee6e9cf73329f2ee464cf3337c1/element/cb3083bd-536c-467b-9a27-f880cdf5d2ad/text {"id": "cb3083bd-536c-467b-9a27-f880cdf5d2ad"}
2020-11-18 10:03:01,885:http://127.0.0.1:60317 "GET /session/025f8ee6e9cf73329f2ee464cf3337c1/element/cb3083bd-536c-467b-9a27-f880cdf5d2ad/text HTTP/1.1" 200 1136
2020-11-18 10:03:01,886:Finished Request
2020-11-18 10:03:01,886:431Œ–Ú‚ÌŠé‹Æ
2020-11-18 10:03:01,886:GET http://127.0.0.1:60317/session/025f8ee6e9cf73329f2ee464cf3337c1/element/7046d7b6-e652-45f9-adc7-465e27a0abdc/text {"id": "7046d7b6-e652-45f9-adc7-465e27a0abdc"}
2020-11-18 10:03:01,931:http://127.0.0.1:60317 "GET /session/025f8ee6e9cf73329f2ee464cf3337c1/element/7046d7b6-e652-45f9-adc7-465e27a0abdc/text HTTP/1.1" 200 1171
2020-11-18 10:03:01,931:Finished Request
2020-11-18 10:03:01,937:GET http://127.0.0.1:60317/session/025f8ee6e9cf73329f2ee464cf3337c1/element/7046d7b6-e652-45f9-adc7-465e27a0abdc/text {"id": "7046d7b6-e652-45f9-adc7-465e27a0abdc"}
2020-11-18 10:03:01,974:http://127.0.0.1:60317 "GET /session/025f8ee6e9cf73329f2ee464cf3337c1/element/7046d7b6-e652-45f9-adc7-465e27a0abdc/text HTTP/1.1" 200 1171
2020-11-18 10:03:01,974:Finished Request
2020-11-18 10:03:01,975:432Œ–Ú‚ÌŠé‹Æ
2020-11-18 10:03:01,975:GET http://127.0.0.1:60317/session/025f8ee6e9cf73329f2ee464cf3337c1/element/53f26dca-8067-4191-a2db-b26c80f90da9/text {"id": "53f26dca-8067-4191-a2db-b26c80f90da9"}
2020-11-18 10:03:02,021:http://127.0.0.1:60317 "GET /session/025f8ee6e9cf73329f2ee464cf3337c1/element/53f26dca-8067-4191-a2db-b26c80f90da9/text HTTP/1.1" 200 1044
2020-11-18 10:03:02,021:Finished Request
2020-11-18 10:03:02,026:GET http://127.0.0.1:60317/session/025f8ee6e9cf73329f2ee464cf3337c1/element/53f26dca-8067-4191-a2db-b26c80f90da9/text {"id": "53f26dca-8067-4191-a2db-b26c80f90da9"}
2020-11-18 10:03:02,065:http://127.0.0.1:60317 "GET /session/025f8ee6e9cf73329f2ee464cf3337c1/element/53f26dca-8067-4191-a2db-b26c80f90da9/text HTTP/1.1" 200 1044
2020-11-18 10:03:02,065:Finished Request
2020-11-18 10:03:02,065:433Œ–Ú‚ÌŠé‹Æ
2020-11-18 10:03:02,065:GET http://127.0.0.1:60317/session/025f8ee6e9cf73329f2ee464cf3337c1/element/d4bf96c8-6823-4556-acb5-fb163a01e12d/text {"id": "d4bf96c8-6823-4556-acb5-fb163a01e12d"}
2020-11-18 10:03:02,121:http://127.0.0.1:60317 "GET /session/025f8ee6e9cf73329f2ee464cf3337c1/element/d4bf96c8-6823-4556-acb5-fb163a01e12d/text HTTP/1.1" 200 1143
2020-11-18 10:03:02,121:Finished Request
2020-11-18 10:03:02,125:GET http://127.0.0.1:60317/session/025f8ee6e9cf73329f2ee464cf3337c1/element/d4bf96c8-6823-4556-acb5-fb163a01e12d/text {"id": "d4bf96c8-6823-4556-acb5-fb163a01e12d"}
2020-11-18 10:03:02,157:http://127.0.0.1:60317 "GET /session/025f8ee6e9cf73329f2ee464cf3337c1/element/d4bf96c8-6823-4556-acb5-fb163a01e12d/text HTTP/1.1" 200 1143
2020-11-18 10:03:02,157:Finished Request
2020-11-18 10:03:02,157:434Œ–Ú‚ÌŠé‹Æ
2020-11-18 10:03:02,157:GET http://127.0.0.1:60317/session/025f8ee6e9cf73329f2ee464cf3337c1/element/ba17b79d-9eca-476f-82a2-5c60314c5254/text {"id": "ba17b79d-9eca-476f-82a2-5c60314c5254"}
2020-11-18 10:03:02,193:http://127.0.0.1:60317 "GET /session/025f8ee6e9cf73329f2ee464cf3337c1/element/ba17b79d-9eca-476f-82a2-5c60314c5254/text HTTP/1.1" 200 1114
2020-11-18 10:03:02,193:Finished Request
2020-11-18 10:03:02,199:GET http://127.0.0.1:60317/session/025f8ee6e9cf73329f2ee464cf3337c1/element/ba17b79d-9eca-476f-82a2-5c60314c5254/text {"id": "ba17b79d-9eca-476f-82a2-5c60314c5254"}
2020-11-18 10:03:02,221:http://127.0.0.1:60317 "GET /session/025f8ee6e9cf73329f2ee464cf3337c1/element/ba17b79d-9eca-476f-82a2-5c60314c5254/text HTTP/1.1" 200 1114
2020-11-18 10:03:02,221:Finished Request
2020-11-18 10:03:02,221:435Œ–Ú‚ÌŠé‹Æ
2020-11-18 10:03:02,221:GET http://127.0.0.1:60317/session/025f8ee6e9cf73329f2ee464cf3337c1/element/bd7b4f48-af62-4b7f-8399-a1fcfc57205f/text {"id": "bd7b4f48-af62-4b7f-8399-a1fcfc57205f"}
2020-11-18 10:03:02,262:http://127.0.0.1:60317 "GET /session/025f8ee6e9cf73329f2ee464cf3337c1/element/bd7b4f48-af62-4b7f-8399-a1fcfc57205f/text HTTP/1.1" 200 1074
2020-11-18 10:03:02,262:Finished Request
2020-11-18 10:03:02,267:GET http://127.0.0.1:60317/session/025f8ee6e9cf73329f2ee464cf3337c1/element/bd7b4f48-af62-4b7f-8399-a1fcfc57205f/text {"id": "bd7b4f48-af62-4b7f-8399-a1fcfc57205f"}
2020-11-18 10:03:02,296:http://127.0.0.1:60317 "GET /session/025f8ee6e9cf73329f2ee464cf3337c1/element/bd7b4f48-af62-4b7f-8399-a1fcfc57205f/text HTTP/1.1" 200 1074
2020-11-18 10:03:02,297:Finished Request
2020-11-18 10:03:02,297:436Œ–Ú‚ÌŠé‹Æ
2020-11-18 10:03:02,297:GET http://127.0.0.1:60317/session/025f8ee6e9cf73329f2ee464cf3337c1/element/7eb302c7-982e-4f50-827b-e91c139b6c37/text {"id": "7eb302c7-982e-4f50-827b-e91c139b6c37"}
2020-11-18 10:03:02,329:http://127.0.0.1:60317 "GET /session/025f8ee6e9cf73329f2ee464cf3337c1/element/7eb302c7-982e-4f50-827b-e91c139b6c37/text HTTP/1.1" 200 1100
2020-11-18 10:03:02,330:Finished Request
2020-11-18 10:03:02,334:GET http://127.0.0.1:60317/session/025f8ee6e9cf73329f2ee464cf3337c1/element/7eb302c7-982e-4f50-827b-e91c139b6c37/text {"id": "7eb302c7-982e-4f50-827b-e91c139b6c37"}
2020-11-18 10:03:02,358:http://127.0.0.1:60317 "GET /session/025f8ee6e9cf73329f2ee464cf3337c1/element/7eb302c7-982e-4f50-827b-e91c139b6c37/text HTTP/1.1" 200 1100
2020-11-18 10:03:02,358:Finished Request
2020-11-18 10:03:02,358:437Œ–Ú‚ÌŠé‹Æ
2020-11-18 10:03:02,358:GET http://127.0.0.1:60317/session/025f8ee6e9cf73329f2ee464cf3337c1/element/3ec06aad-46a2-4456-9e2a-d9f7e35fc186/text {"id": "3ec06aad-46a2-4456-9e2a-d9f7e35fc186"}
2020-11-18 10:03:02,385:http://127.0.0.1:60317 "GET /session/025f8ee6e9cf73329f2ee464cf3337c1/element/3ec06aad-46a2-4456-9e2a-d9f7e35fc186/text HTTP/1.1" 200 1227
2020-11-18 10:03:02,385:Finished Request
2020-11-18 10:03:02,389:GET http://127.0.0.1:60317/session/025f8ee6e9cf73329f2ee464cf3337c1/element/3ec06aad-46a2-4456-9e2a-d9f7e35fc186/text {"id": "3ec06aad-46a2-4456-9e2a-d9f7e35fc186"}
2020-11-18 10:03:02,414:http://127.0.0.1:60317 "GET /session/025f8ee6e9cf73329f2ee464cf3337c1/element/3ec06aad-46a2-4456-9e2a-d9f7e35fc186/text HTTP/1.1" 200 1227
2020-11-18 10:03:02,414:Finished Request
2020-11-18 10:03:02,414:438Œ–Ú‚ÌŠé‹Æ
2020-11-18 10:03:02,414:GET http://127.0.0.1:60317/session/025f8ee6e9cf73329f2ee464cf3337c1/element/1b9b9b7c-f688-4a26-a3d0-d74d7a3f9d0a/text {"id": "1b9b9b7c-f688-4a26-a3d0-d74d7a3f9d0a"}
2020-11-18 10:03:02,445:http://127.0.0.1:60317 "GET /session/025f8ee6e9cf73329f2ee464cf3337c1/element/1b9b9b7c-f688-4a26-a3d0-d74d7a3f9d0a/text HTTP/1.1" 200 1105
2020-11-18 10:03:02,446:Finished Request
2020-11-18 10:03:02,446:GET http://127.0.0.1:60317/session/025f8ee6e9cf73329f2ee464cf3337c1/element/1b9b9b7c-f688-4a26-a3d0-d74d7a3f9d0a/text {"id": "1b9b9b7c-f688-4a26-a3d0-d74d7a3f9d0a"}
2020-11-18 10:03:02,481:http://127.0.0.1:60317 "GET /session/025f8ee6e9cf73329f2ee464cf3337c1/element/1b9b9b7c-f688-4a26-a3d0-d74d7a3f9d0a/text HTTP/1.1" 200 1105
2020-11-18 10:03:02,482:Finished Request
2020-11-18 10:03:02,482:439Œ–Ú‚ÌŠé‹Æ
2020-11-18 10:03:02,482:GET http://127.0.0.1:60317/session/025f8ee6e9cf73329f2ee464cf3337c1/element/e9ec21c5-e48a-4156-b34a-c4e40d6ed9ef/text {"id": "e9ec21c5-e48a-4156-b34a-c4e40d6ed9ef"}
2020-11-18 10:03:02,523:http://127.0.0.1:60317 "GET /session/025f8ee6e9cf73329f2ee464cf3337c1/element/e9ec21c5-e48a-4156-b34a-c4e40d6ed9ef/text HTTP/1.1" 200 1210
2020-11-18 10:03:02,523:Finished Request
2020-11-18 10:03:02,527:GET http://127.0.0.1:60317/session/025f8ee6e9cf73329f2ee464cf3337c1/element/e9ec21c5-e48a-4156-b34a-c4e40d6ed9ef/text {"id": "e9ec21c5-e48a-4156-b34a-c4e40d6ed9ef"}
2020-11-18 10:03:02,569:http://127.0.0.1:60317 "GET /session/025f8ee6e9cf73329f2ee464cf3337c1/element/e9ec21c5-e48a-4156-b34a-c4e40d6ed9ef/text HTTP/1.1" 200 1210
2020-11-18 10:03:02,569:Finished Request
2020-11-18 10:03:02,570:440Œ–Ú‚ÌŠé‹Æ
2020-11-18 10:03:02,570:GET http://127.0.0.1:60317/session/025f8ee6e9cf73329f2ee464cf3337c1/element/5f6713d0-9b8e-41d1-8522-8e2f6d9dd2f5/text {"id": "5f6713d0-9b8e-41d1-8522-8e2f6d9dd2f5"}
2020-11-18 10:03:02,617:http://127.0.0.1:60317 "GET /session/025f8ee6e9cf73329f2ee464cf3337c1/element/5f6713d0-9b8e-41d1-8522-8e2f6d9dd2f5/text HTTP/1.1" 200 1118
2020-11-18 10:03:02,617:Finished Request
2020-11-18 10:03:02,620:GET http://127.0.0.1:60317/session/025f8ee6e9cf73329f2ee464cf3337c1/element/5f6713d0-9b8e-41d1-8522-8e2f6d9dd2f5/text {"id": "5f6713d0-9b8e-41d1-8522-8e2f6d9dd2f5"}
2020-11-18 10:03:02,642:http://127.0.0.1:60317 "GET /session/025f8ee6e9cf73329f2ee464cf3337c1/element/5f6713d0-9b8e-41d1-8522-8e2f6d9dd2f5/text HTTP/1.1" 200 1118
2020-11-18 10:03:02,642:Finished Request
2020-11-18 10:03:02,643:441Œ–Ú‚ÌŠé‹Æ
2020-11-18 10:03:02,643:GET http://127.0.0.1:60317/session/025f8ee6e9cf73329f2ee464cf3337c1/element/e7ae8e81-6539-4095-a04e-93ecd00ee048/text {"id": "e7ae8e81-6539-4095-a04e-93ecd00ee048"}
2020-11-18 10:03:02,673:http://127.0.0.1:60317 "GET /session/025f8ee6e9cf73329f2ee464cf3337c1/element/e7ae8e81-6539-4095-a04e-93ecd00ee048/text HTTP/1.1" 200 1145
2020-11-18 10:03:02,674:Finished Request
2020-11-18 10:03:02,679:GET http://127.0.0.1:60317/session/025f8ee6e9cf73329f2ee464cf3337c1/element/e7ae8e81-6539-4095-a04e-93ecd00ee048/text {"id": "e7ae8e81-6539-4095-a04e-93ecd00ee048"}
2020-11-18 10:03:02,719:http://127.0.0.1:60317 "GET /session/025f8ee6e9cf73329f2ee464cf3337c1/element/e7ae8e81-6539-4095-a04e-93ecd00ee048/text HTTP/1.1" 200 1145
2020-11-18 10:03:02,719:Finished Request
2020-11-18 10:03:02,719:442Œ–Ú‚ÌŠé‹Æ
2020-11-18 10:03:02,719:GET http://127.0.0.1:60317/session/025f8ee6e9cf73329f2ee464cf3337c1/element/61e84c45-f1c0-42c0-8b7a-208712dbd038/text {"id": "61e84c45-f1c0-42c0-8b7a-208712dbd038"}
2020-11-18 10:03:02,771:http://127.0.0.1:60317 "GET /session/025f8ee6e9cf73329f2ee464cf3337c1/element/61e84c45-f1c0-42c0-8b7a-208712dbd038/text HTTP/1.1" 200 1179
2020-11-18 10:03:02,771:Finished Request
2020-11-18 10:03:02,775:GET http://127.0.0.1:60317/session/025f8ee6e9cf73329f2ee464cf3337c1/element/61e84c45-f1c0-42c0-8b7a-208712dbd038/text {"id": "61e84c45-f1c0-42c0-8b7a-208712dbd038"}
2020-11-18 10:03:02,799:http://127.0.0.1:60317 "GET /session/025f8ee6e9cf73329f2ee464cf3337c1/element/61e84c45-f1c0-42c0-8b7a-208712dbd038/text HTTP/1.1" 200 1179
2020-11-18 10:03:02,799:Finished Request
2020-11-18 10:03:02,799:443Œ–Ú‚ÌŠé‹Æ
2020-11-18 10:03:02,799:GET http://127.0.0.1:60317/session/025f8ee6e9cf73329f2ee464cf3337c1/element/c7bf0e03-56c4-4c75-a4af-c816295923f4/text {"id": "c7bf0e03-56c4-4c75-a4af-c816295923f4"}
2020-11-18 10:03:02,845:http://127.0.0.1:60317 "GET /session/025f8ee6e9cf73329f2ee464cf3337c1/element/c7bf0e03-56c4-4c75-a4af-c816295923f4/text HTTP/1.1" 200 1152
2020-11-18 10:03:02,845:Finished Request
2020-11-18 10:03:02,848:GET http://127.0.0.1:60317/session/025f8ee6e9cf73329f2ee464cf3337c1/element/c7bf0e03-56c4-4c75-a4af-c816295923f4/text {"id": "c7bf0e03-56c4-4c75-a4af-c816295923f4"}
2020-11-18 10:03:02,869:http://127.0.0.1:60317 "GET /session/025f8ee6e9cf73329f2ee464cf3337c1/element/c7bf0e03-56c4-4c75-a4af-c816295923f4/text HTTP/1.1" 200 1152
2020-11-18 10:03:02,870:Finished Request
2020-11-18 10:03:02,870:444Œ–Ú‚ÌŠé‹Æ
2020-11-18 10:03:02,870:GET http://127.0.0.1:60317/session/025f8ee6e9cf73329f2ee464cf3337c1/element/554521a7-34f3-446c-b54a-2f53f4199ce6/text {"id": "554521a7-34f3-446c-b54a-2f53f4199ce6"}
2020-11-18 10:03:02,923:http://127.0.0.1:60317 "GET /session/025f8ee6e9cf73329f2ee464cf3337c1/element/554521a7-34f3-446c-b54a-2f53f4199ce6/text HTTP/1.1" 200 1115
2020-11-18 10:03:02,924:Finished Request
2020-11-18 10:03:02,932:GET http://127.0.0.1:60317/session/025f8ee6e9cf73329f2ee464cf3337c1/element/554521a7-34f3-446c-b54a-2f53f4199ce6/text {"id": "554521a7-34f3-446c-b54a-2f53f4199ce6"}
2020-11-18 10:03:02,973:http://127.0.0.1:60317 "GET /session/025f8ee6e9cf73329f2ee464cf3337c1/element/554521a7-34f3-446c-b54a-2f53f4199ce6/text HTTP/1.1" 200 1115
2020-11-18 10:03:02,973:Finished Request
2020-11-18 10:03:02,974:445Œ–Ú‚ÌŠé‹Æ
2020-11-18 10:03:02,974:GET http://127.0.0.1:60317/session/025f8ee6e9cf73329f2ee464cf3337c1/element/08483beb-97d4-4c30-9e8e-3ffe02b52b4a/text {"id": "08483beb-97d4-4c30-9e8e-3ffe02b52b4a"}
2020-11-18 10:03:03,004:http://127.0.0.1:60317 "GET /session/025f8ee6e9cf73329f2ee464cf3337c1/element/08483beb-97d4-4c30-9e8e-3ffe02b52b4a/text HTTP/1.1" 200 1101
2020-11-18 10:03:03,004:Finished Request
2020-11-18 10:03:03,007:GET http://127.0.0.1:60317/session/025f8ee6e9cf73329f2ee464cf3337c1/element/08483beb-97d4-4c30-9e8e-3ffe02b52b4a/text {"id": "08483beb-97d4-4c30-9e8e-3ffe02b52b4a"}
2020-11-18 10:03:03,038:http://127.0.0.1:60317 "GET /session/025f8ee6e9cf73329f2ee464cf3337c1/element/08483beb-97d4-4c30-9e8e-3ffe02b52b4a/text HTTP/1.1" 200 1101
2020-11-18 10:03:03,039:Finished Request
2020-11-18 10:03:03,039:446Œ–Ú‚ÌŠé‹Æ
2020-11-18 10:03:03,039:GET http://127.0.0.1:60317/session/025f8ee6e9cf73329f2ee464cf3337c1/element/6982538c-3d1b-45ca-9795-ece6749d7502/text {"id": "6982538c-3d1b-45ca-9795-ece6749d7502"}
2020-11-18 10:03:03,088:http://127.0.0.1:60317 "GET /session/025f8ee6e9cf73329f2ee464cf3337c1/element/6982538c-3d1b-45ca-9795-ece6749d7502/text HTTP/1.1" 200 1143
2020-11-18 10:03:03,088:Finished Request
2020-11-18 10:03:03,092:GET http://127.0.0.1:60317/session/025f8ee6e9cf73329f2ee464cf3337c1/element/6982538c-3d1b-45ca-9795-ece6749d7502/text {"id": "6982538c-3d1b-45ca-9795-ece6749d7502"}
2020-11-18 10:03:03,128:http://127.0.0.1:60317 "GET /session/025f8ee6e9cf73329f2ee464cf3337c1/element/6982538c-3d1b-45ca-9795-ece6749d7502/text HTTP/1.1" 200 1143
2020-11-18 10:03:03,129:Finished Request
2020-11-18 10:03:03,129:447Œ–Ú‚ÌŠé‹Æ
2020-11-18 10:03:03,129:GET http://127.0.0.1:60317/session/025f8ee6e9cf73329f2ee464cf3337c1/element/c408dd6d-aedf-4c0d-b5c7-b7835bc543ee/text {"id": "c408dd6d-aedf-4c0d-b5c7-b7835bc543ee"}
2020-11-18 10:03:03,178:http://127.0.0.1:60317 "GET /session/025f8ee6e9cf73329f2ee464cf3337c1/element/c408dd6d-aedf-4c0d-b5c7-b7835bc543ee/text HTTP/1.1" 200 1136
2020-11-18 10:03:03,178:Finished Request
2020-11-18 10:03:03,183:GET http://127.0.0.1:60317/session/025f8ee6e9cf73329f2ee464cf3337c1/element/c408dd6d-aedf-4c0d-b5c7-b7835bc543ee/text {"id": "c408dd6d-aedf-4c0d-b5c7-b7835bc543ee"}
2020-11-18 10:03:03,213:http://127.0.0.1:60317 "GET /session/025f8ee6e9cf73329f2ee464cf3337c1/element/c408dd6d-aedf-4c0d-b5c7-b7835bc543ee/text HTTP/1.1" 200 1136
2020-11-18 10:03:03,214:Finished Request
2020-11-18 10:03:03,214:448Œ–Ú‚ÌŠé‹Æ
2020-11-18 10:03:03,214:GET http://127.0.0.1:60317/session/025f8ee6e9cf73329f2ee464cf3337c1/element/9463acfd-1bf9-49c8-8d84-69943ef0715a/text {"id": "9463acfd-1bf9-49c8-8d84-69943ef0715a"}
2020-11-18 10:03:03,272:http://127.0.0.1:60317 "GET /session/025f8ee6e9cf73329f2ee464cf3337c1/element/9463acfd-1bf9-49c8-8d84-69943ef0715a/text HTTP/1.1" 200 1170
2020-11-18 10:03:03,273:Finished Request
2020-11-18 10:03:03,278:GET http://127.0.0.1:60317/session/025f8ee6e9cf73329f2ee464cf3337c1/element/9463acfd-1bf9-49c8-8d84-69943ef0715a/text {"id": "9463acfd-1bf9-49c8-8d84-69943ef0715a"}
2020-11-18 10:03:03,317:http://127.0.0.1:60317 "GET /session/025f8ee6e9cf73329f2ee464cf3337c1/element/9463acfd-1bf9-49c8-8d84-69943ef0715a/text HTTP/1.1" 200 1170
2020-11-18 10:03:03,317:Finished Request
2020-11-18 10:03:03,318:449Œ–Ú‚ÌŠé‹Æ
2020-11-18 10:03:03,318:GET http://127.0.0.1:60317/session/025f8ee6e9cf73329f2ee464cf3337c1/element/1a999b7d-113f-4960-a285-1bf221bc86c5/text {"id": "1a999b7d-113f-4960-a285-1bf221bc86c5"}
2020-11-18 10:03:03,345:http://127.0.0.1:60317 "GET /session/025f8ee6e9cf73329f2ee464cf3337c1/element/1a999b7d-113f-4960-a285-1bf221bc86c5/text HTTP/1.1" 200 1148
2020-11-18 10:03:03,345:Finished Request
2020-11-18 10:03:03,349:GET http://127.0.0.1:60317/session/025f8ee6e9cf73329f2ee464cf3337c1/element/1a999b7d-113f-4960-a285-1bf221bc86c5/text {"id": "1a999b7d-113f-4960-a285-1bf221bc86c5"}
2020-11-18 10:03:03,371:http://127.0.0.1:60317 "GET /session/025f8ee6e9cf73329f2ee464cf3337c1/element/1a999b7d-113f-4960-a285-1bf221bc86c5/text HTTP/1.1" 200 1148
2020-11-18 10:03:03,371:Finished Request
2020-11-18 10:03:03,371:450Œ–Ú‚ÌŠé‹Æ
2020-11-18 10:03:03,371:POST http://127.0.0.1:60317/session/025f8ee6e9cf73329f2ee464cf3337c1/elements {"using": "css selector", "value": ".iconFont--arrowLeft"}
2020-11-18 10:03:03,381:http://127.0.0.1:60317 "POST /session/025f8ee6e9cf73329f2ee464cf3337c1/elements HTTP/1.1" 200 169
2020-11-18 10:03:03,382:Finished Request
2020-11-18 10:03:03,382:POST http://127.0.0.1:60317/session/025f8ee6e9cf73329f2ee464cf3337c1/execute/sync {"script": "return (function(){return function(){var d=this;function f(a){return\"string\"==typeof a};function h(a,b){this.code=a;this.a=l[a]||m;this.message=b||\"\";a=this.a.replace(/((?:^|\\s+)[a-z])/g,function(a){return a.toUpperCase().replace(/^[\\s\\xa0]+/g,\"\")});b=a.length-5;if(0>b||a.indexOf(\"Error\",b)!=b)a+=\"Error\";this.name=a;a=Error(this.message);a.name=this.name;this.stack=a.stack||\"\"}\n(function(){var a=Error;function b(){}b.prototype=a.prototype;h.b=a.prototype;h.prototype=new b;h.prototype.constructor=h;h.a=function(b,c,g){for(var e=Array(arguments.length-2),k=2;k<arguments.length;k++)e[k-2]=arguments[k];return a.prototype[c].apply(b,e)}})();var m=\"unknown error\",l={15:\"element not selectable\",11:\"element not visible\"};l[31]=m;l[30]=m;l[24]=\"invalid cookie domain\";l[29]=\"invalid element coordinates\";l[12]=\"invalid element state\";l[32]=\"invalid selector\";l[51]=\"invalid selector\";\nl[52]=\"invalid selector\";l[17]=\"javascript error\";l[405]=\"unsupported operation\";l[34]=\"move target out of bounds\";l[27]=\"no such alert\";l[7]=\"no such element\";l[8]=\"no such frame\";l[23]=\"no such window\";l[28]=\"script timeout\";l[33]=\"session not created\";l[10]=\"stale element reference\";l[21]=\"timeout\";l[25]=\"unable to set cookie\";l[26]=\"unexpected alert open\";l[13]=m;l[9]=\"unknown command\";h.prototype.toString=function(){return this.name+\": \"+this.message};var n;a:{var p=d.navigator;if(p){var q=p.userAgent;if(q){n=q;break a}}n=\"\"}function r(a){return-1!=n.indexOf(a)};function t(a,b){for(var e=a.length,c=f(a)?a.split(\"\"):a,g=0;g<e;g++)g in c&&b.call(void 0,c[g],g,a)};function v(){return r(\"iPhone\")&&!r(\"iPod\")&&!r(\"iPad\")};function w(){return(r(\"Chrome\")||r(\"CriOS\"))&&!r(\"Edge\")};var x=r(\"Opera\"),y=r(\"Trident\")||r(\"MSIE\"),z=r(\"Edge\"),A=r(\"Gecko\")&&!(-1!=n.toLowerCase().indexOf(\"webkit\")&&!r(\"Edge\"))&&!(r(\"Trident\")||r(\"MSIE\"))&&!r(\"Edge\"),aa=-1!=n.toLowerCase().indexOf(\"webkit\")&&!r(\"Edge\");function B(){var a=d.document;return a?a.documentMode:void 0}var C;\na:{var D=\"\",E=function(){var a=n;if(A)return/rv\\:([^\\);]+)(\\)|;)/.exec(a);if(z)return/Edge\\/([\\d\\.]+)/.exec(a);if(y)return/\\b(?:MSIE|rv)[: ]([^\\);]+)(\\)|;)/.exec(a);if(aa)return/WebKit\\/(\\S+)/.exec(a);if(x)return/(?:Version)[ \\/]?(\\S+)/.exec(a)}();E&&(D=E?E[1]:\"\");if(y){var F=B();if(null!=F&&F>parseFloat(D)){C=String(F);break a}}C=D}var G;var H=d.document;G=H&&y?B()||(\"CSS1Compat\"==H.compatMode?parseInt(C,10):5):void 0;var ba=r(\"Firefox\"),ca=v()||r(\"iPod\"),da=r(\"iPad\"),I=r(\"Android\")&&!(w()||r(\"Firefox\")||r(\"Opera\")||r(\"Silk\")),ea=w(),J=r(\"Safari\")&&!(w()||r(\"Coast\")||r(\"Opera\")||r(\"Edge\")||r(\"Silk\")||r(\"Android\"))&&!(v()||r(\"iPad\")||r(\"iPod\"));function K(a){return(a=a.exec(n))?a[1]:\"\"}(function(){if(ba)return K(/Firefox\\/([0-9.]+)/);if(y||z||x)return C;if(ea)return v()||r(\"iPad\")||r(\"iPod\")?K(/CriOS\\/([0-9.]+)/):K(/Chrome\\/([0-9.]+)/);if(J&&!(v()||r(\"iPad\")||r(\"iPod\")))return K(/Version\\/([0-9.]+)/);if(ca||da){var a=/Version\\/(\\S+).*Mobile\\/(\\S+)/.exec(n);if(a)return a[1]+\".\"+a[2]}else if(I)return(a=K(/Android\\s+([0-9.]+)/))?a:K(/Version\\/([0-9.]+)/);return\"\"})();var L,M=function(){if(!A)return!1;var a=d.Components;if(!a)return!1;try{if(!a.classes)return!1}catch(g){return!1}var b=a.classes,a=a.interfaces,e=b[\"@mozilla.org/xpcom/version-comparator;1\"].getService(a.nsIVersionComparator),c=b[\"@mozilla.org/xre/app-info;1\"].getService(a.nsIXULAppInfo).version;L=function(a){e.compare(c,\"\"+a)};return!0}(),N=y&&!(8<=Number(G)),fa=y&&!(9<=Number(G));I&&M&&L(2.3);I&&M&&L(4);J&&M&&L(6);var ga={SCRIPT:1,STYLE:1,HEAD:1,IFRAME:1,OBJECT:1},O={IMG:\" \",BR:\"\\n\"};function P(a,b,e){if(!(a.nodeName in ga))if(3==a.nodeType)e?b.push(String(a.nodeValue).replace(/(\\r\\n|\\r|\\n)/g,\"\")):b.push(a.nodeValue);else if(a.nodeName in O)b.push(O[a.nodeName]);else for(a=a.firstChild;a;)P(a,b,e),a=a.nextSibling};function Q(a,b){b=b.toLowerCase();return\"style\"==b?ha(a.style.cssText):N&&\"value\"==b&&R(a,\"INPUT\")?a.value:fa&&!0===a[b]?String(a.getAttribute(b)):(a=a.getAttributeNode(b))&&a.specified?a.value:null}var ia=/[;]+(?=(?:(?:[^\"]*\"){2})*[^\"]*$)(?=(?:(?:[^']*'){2})*[^']*$)(?=(?:[^()]*\\([^()]*\\))*[^()]*$)/;\nfunction ha(a){var b=[];t(a.split(ia),function(a){var c=a.indexOf(\":\");0<c&&(a=[a.slice(0,c),a.slice(c+1)],2==a.length&&b.push(a[0].toLowerCase(),\":\",a[1],\";\"))});b=b.join(\"\");return b=\";\"==b.charAt(b.length-1)?b:b+\";\"}function S(a,b){N&&\"value\"==b&&R(a,\"OPTION\")&&null===Q(a,\"value\")?(b=[],P(a,b,!1),a=b.join(\"\")):a=a[b];return a}function R(a,b){b&&\"string\"!==typeof b&&(b=b.toString());return!!a&&1==a.nodeType&&(!b||a.tagName.toUpperCase()==b)}\nfunction T(a){return R(a,\"OPTION\")?!0:R(a,\"INPUT\")?(a=a.type.toLowerCase(),\"checkbox\"==a||\"radio\"==a):!1};var ja={\"class\":\"className\",readonly:\"readOnly\"},U=\"allowfullscreen allowpaymentrequest allowusermedia async autofocus autoplay checked compact complete controls declare default defaultchecked defaultselected defer disabled ended formnovalidate hidden indeterminate iscontenteditable ismap itemscope loop multiple muted nohref nomodule noresize noshade novalidate nowrap open paused playsinline pubdate readonly required reversed scoped seamless seeking selected truespeed typemustmatch willvalidate\".split(\" \");function V(a,b){var e=null,c=b.toLowerCase();if(\"style\"==c)return(e=a.style)&&!f(e)&&(e=e.cssText),e;if((\"selected\"==c||\"checked\"==c)&&T(a)){if(!T(a))throw new h(15,\"Element is not selectable\");b=\"selected\";e=a.type&&a.type.toLowerCase();if(\"checkbox\"==e||\"radio\"==e)b=\"checked\";return S(a,b)?\"true\":null}var g=R(a,\"A\");if(R(a,\"IMG\")&&\"src\"==c||g&&\"href\"==c)return(e=Q(a,c))&&(e=S(a,c)),e;if(\"spellcheck\"==c){e=Q(a,c);if(null!==e){if(\"false\"==e.toLowerCase())return\"false\";if(\"true\"==e.toLowerCase())return\"true\"}return S(a,\nc)+\"\"}g=ja[b]||b;a:if(f(U))c=f(c)&&1==c.length?U.indexOf(c,0):-1;else{for(var u=0;u<U.length;u++)if(u in U&&U[u]===c){c=u;break a}c=-1}if(0<=c)return(e=null!==Q(a,b)||S(a,g))?\"true\":null;try{var k=S(a,g)}catch(ka){}(c=null==k)||(c=typeof k,c=\"object\"==c&&null!=k||\"function\"==c);c?e=Q(a,b):e=k;return null!=e?e.toString():null}var W=[\"_\"],X=d;W[0]in X||!X.execScript||X.execScript(\"var \"+W[0]);\nfor(var Y;W.length&&(Y=W.shift());){var Z;if(Z=!W.length)Z=void 0!==V;Z?X[Y]=V:X[Y]&&X[Y]!==Object.prototype[Y]?X=X[Y]:X=X[Y]={}};; return this._.apply(null,arguments);}.apply({navigator:typeof window!='undefined'?window.navigator:null,document:typeof window!='undefined'?window.document:null}, arguments);}\n).apply(null, arguments);", "args": [{"ELEMENT": "f93e8687-94a3-4a1c-9d7c-5311131a0bfe", "element-6066-11e4-a52e-4f735466cecf": "f93e8687-94a3-4a1c-9d7c-5311131a0bfe"}, "href"]}
2020-11-18 10:03:03,392:http://127.0.0.1:60317 "POST /session/025f8ee6e9cf73329f2ee464cf3337c1/execute/sync HTTP/1.1" 200 110
2020-11-18 10:03:03,392:Finished Request
2020-11-18 10:03:03,392:POST http://127.0.0.1:60317/session/025f8ee6e9cf73329f2ee464cf3337c1/url {"url": "https://tenshoku.mynavi.jp/list/kw%E9%AB%98%E5%8F%8E%E5%85%A5/pg10/?jobsearchType=14&searchType=18"}
2020-11-18 10:03:06,034:http://127.0.0.1:60317 "POST /session/025f8ee6e9cf73329f2ee464cf3337c1/url HTTP/1.1" 200 14
2020-11-18 10:03:06,035:Finished Request
2020-11-18 10:03:06,035:POST http://127.0.0.1:60317/session/025f8ee6e9cf73329f2ee464cf3337c1/elements {"using": "css selector", "value": ".cassetteRecruit__content"}
2020-11-18 10:03:06,607:http://127.0.0.1:60317 "POST /session/025f8ee6e9cf73329f2ee464cf3337c1/elements HTTP/1.1" 200 1433
2020-11-18 10:03:06,607:Finished Request
2020-11-18 10:03:06,608:GET http://127.0.0.1:60317/session/025f8ee6e9cf73329f2ee464cf3337c1/element/44ddd4f6-558a-439e-be5a-ac3a69a5be50/text {"id": "44ddd4f6-558a-439e-be5a-ac3a69a5be50"}
2020-11-18 10:03:06,643:http://127.0.0.1:60317 "GET /session/025f8ee6e9cf73329f2ee464cf3337c1/element/44ddd4f6-558a-439e-be5a-ac3a69a5be50/text HTTP/1.1" 200 1166
2020-11-18 10:03:06,644:Finished Request
2020-11-18 10:03:06,648:GET http://127.0.0.1:60317/session/025f8ee6e9cf73329f2ee464cf3337c1/element/44ddd4f6-558a-439e-be5a-ac3a69a5be50/text {"id": "44ddd4f6-558a-439e-be5a-ac3a69a5be50"}
2020-11-18 10:03:06,675:http://127.0.0.1:60317 "GET /session/025f8ee6e9cf73329f2ee464cf3337c1/element/44ddd4f6-558a-439e-be5a-ac3a69a5be50/text HTTP/1.1" 200 1166
2020-11-18 10:03:06,676:Finished Request
2020-11-18 10:03:06,676:451Œ–Ú‚ÌŠé‹Æ
2020-11-18 10:03:06,676:GET http://127.0.0.1:60317/session/025f8ee6e9cf73329f2ee464cf3337c1/element/4b73b993-03d1-4ae7-8547-c26cec5bfeae/text {"id": "4b73b993-03d1-4ae7-8547-c26cec5bfeae"}
2020-11-18 10:03:06,709:http://127.0.0.1:60317 "GET /session/025f8ee6e9cf73329f2ee464cf3337c1/element/4b73b993-03d1-4ae7-8547-c26cec5bfeae/text HTTP/1.1" 200 1153
2020-11-18 10:03:06,709:Finished Request
2020-11-18 10:03:06,716:GET http://127.0.0.1:60317/session/025f8ee6e9cf73329f2ee464cf3337c1/element/4b73b993-03d1-4ae7-8547-c26cec5bfeae/text {"id": "4b73b993-03d1-4ae7-8547-c26cec5bfeae"}
2020-11-18 10:03:06,739:http://127.0.0.1:60317 "GET /session/025f8ee6e9cf73329f2ee464cf3337c1/element/4b73b993-03d1-4ae7-8547-c26cec5bfeae/text HTTP/1.1" 200 1153
2020-11-18 10:03:06,740:Finished Request
2020-11-18 10:03:06,740:452Œ–Ú‚ÌŠé‹Æ
2020-11-18 10:03:06,740:GET http://127.0.0.1:60317/session/025f8ee6e9cf73329f2ee464cf3337c1/element/b402078c-b152-4df7-9ff3-128b3db24cd9/text {"id": "b402078c-b152-4df7-9ff3-128b3db24cd9"}
2020-11-18 10:03:06,773:http://127.0.0.1:60317 "GET /session/025f8ee6e9cf73329f2ee464cf3337c1/element/b402078c-b152-4df7-9ff3-128b3db24cd9/text HTTP/1.1" 200 1107
2020-11-18 10:03:06,773:Finished Request
2020-11-18 10:03:06,778:GET http://127.0.0.1:60317/session/025f8ee6e9cf73329f2ee464cf3337c1/element/b402078c-b152-4df7-9ff3-128b3db24cd9/text {"id": "b402078c-b152-4df7-9ff3-128b3db24cd9"}
2020-11-18 10:03:06,833:http://127.0.0.1:60317 "GET /session/025f8ee6e9cf73329f2ee464cf3337c1/element/b402078c-b152-4df7-9ff3-128b3db24cd9/text HTTP/1.1" 200 1107
2020-11-18 10:03:06,833:Finished Request
2020-11-18 10:03:06,833:453Œ–Ú‚ÌŠé‹Æ
2020-11-18 10:03:06,833:GET http://127.0.0.1:60317/session/025f8ee6e9cf73329f2ee464cf3337c1/element/84029296-2486-419d-b013-f997f03071a7/text {"id": "84029296-2486-419d-b013-f997f03071a7"}
2020-11-18 10:03:06,891:http://127.0.0.1:60317 "GET /session/025f8ee6e9cf73329f2ee464cf3337c1/element/84029296-2486-419d-b013-f997f03071a7/text HTTP/1.1" 200 1083
2020-11-18 10:03:06,891:Finished Request
2020-11-18 10:03:06,899:GET http://127.0.0.1:60317/session/025f8ee6e9cf73329f2ee464cf3337c1/element/84029296-2486-419d-b013-f997f03071a7/text {"id": "84029296-2486-419d-b013-f997f03071a7"}
2020-11-18 10:03:06,933:http://127.0.0.1:60317 "GET /session/025f8ee6e9cf73329f2ee464cf3337c1/element/84029296-2486-419d-b013-f997f03071a7/text HTTP/1.1" 200 1083
2020-11-18 10:03:06,933:Finished Request
2020-11-18 10:03:06,934:454Œ–Ú‚ÌŠé‹Æ
2020-11-18 10:03:06,934:GET http://127.0.0.1:60317/session/025f8ee6e9cf73329f2ee464cf3337c1/element/928f3e97-50a2-4158-b6e0-e2c22cf61f07/text {"id": "928f3e97-50a2-4158-b6e0-e2c22cf61f07"}
2020-11-18 10:03:06,965:http://127.0.0.1:60317 "GET /session/025f8ee6e9cf73329f2ee464cf3337c1/element/928f3e97-50a2-4158-b6e0-e2c22cf61f07/text HTTP/1.1" 200 1164
2020-11-18 10:03:06,965:Finished Request
2020-11-18 10:03:06,975:GET http://127.0.0.1:60317/session/025f8ee6e9cf73329f2ee464cf3337c1/element/928f3e97-50a2-4158-b6e0-e2c22cf61f07/text {"id": "928f3e97-50a2-4158-b6e0-e2c22cf61f07"}
2020-11-18 10:03:07,006:http://127.0.0.1:60317 "GET /session/025f8ee6e9cf73329f2ee464cf3337c1/element/928f3e97-50a2-4158-b6e0-e2c22cf61f07/text HTTP/1.1" 200 1164
2020-11-18 10:03:07,006:Finished Request
2020-11-18 10:03:07,006:455Œ–Ú‚ÌŠé‹Æ
2020-11-18 10:03:07,006:GET http://127.0.0.1:60317/session/025f8ee6e9cf73329f2ee464cf3337c1/element/2b8adb52-d140-4d28-8cb6-525401f19098/text {"id": "2b8adb52-d140-4d28-8cb6-525401f19098"}
2020-11-18 10:03:07,064:http://127.0.0.1:60317 "GET /session/025f8ee6e9cf73329f2ee464cf3337c1/element/2b8adb52-d140-4d28-8cb6-525401f19098/text HTTP/1.1" 200 1234
2020-11-18 10:03:07,065:Finished Request
2020-11-18 10:03:07,070:GET http://127.0.0.1:60317/session/025f8ee6e9cf73329f2ee464cf3337c1/element/2b8adb52-d140-4d28-8cb6-525401f19098/text {"id": "2b8adb52-d140-4d28-8cb6-525401f19098"}
2020-11-18 10:03:07,104:http://127.0.0.1:60317 "GET /session/025f8ee6e9cf73329f2ee464cf3337c1/element/2b8adb52-d140-4d28-8cb6-525401f19098/text HTTP/1.1" 200 1234
2020-11-18 10:03:07,105:Finished Request
2020-11-18 10:03:07,105:456Œ–Ú‚ÌŠé‹Æ
2020-11-18 10:03:07,105:GET http://127.0.0.1:60317/session/025f8ee6e9cf73329f2ee464cf3337c1/element/7d1fc85e-1d25-4803-a417-632d120277f6/text {"id": "7d1fc85e-1d25-4803-a417-632d120277f6"}
2020-11-18 10:03:07,131:http://127.0.0.1:60317 "GET /session/025f8ee6e9cf73329f2ee464cf3337c1/element/7d1fc85e-1d25-4803-a417-632d120277f6/text HTTP/1.1" 200 1118
2020-11-18 10:03:07,131:Finished Request
2020-11-18 10:03:07,136:GET http://127.0.0.1:60317/session/025f8ee6e9cf73329f2ee464cf3337c1/element/7d1fc85e-1d25-4803-a417-632d120277f6/text {"id": "7d1fc85e-1d25-4803-a417-632d120277f6"}
2020-11-18 10:03:07,160:http://127.0.0.1:60317 "GET /session/025f8ee6e9cf73329f2ee464cf3337c1/element/7d1fc85e-1d25-4803-a417-632d120277f6/text HTTP/1.1" 200 1118
2020-11-18 10:03:07,160:Finished Request
2020-11-18 10:03:07,160:457Œ–Ú‚ÌŠé‹Æ
2020-11-18 10:03:07,161:GET http://127.0.0.1:60317/session/025f8ee6e9cf73329f2ee464cf3337c1/element/a56d98ac-26b9-46eb-b75f-40cabe502e0c/text {"id": "a56d98ac-26b9-46eb-b75f-40cabe502e0c"}
2020-11-18 10:03:07,194:http://127.0.0.1:60317 "GET /session/025f8ee6e9cf73329f2ee464cf3337c1/element/a56d98ac-26b9-46eb-b75f-40cabe502e0c/text HTTP/1.1" 200 1202
2020-11-18 10:03:07,195:Finished Request
2020-11-18 10:03:07,198:GET http://127.0.0.1:60317/session/025f8ee6e9cf73329f2ee464cf3337c1/element/a56d98ac-26b9-46eb-b75f-40cabe502e0c/text {"id": "a56d98ac-26b9-46eb-b75f-40cabe502e0c"}
2020-11-18 10:03:07,223:http://127.0.0.1:60317 "GET /session/025f8ee6e9cf73329f2ee464cf3337c1/element/a56d98ac-26b9-46eb-b75f-40cabe502e0c/text HTTP/1.1" 200 1202
2020-11-18 10:03:07,223:Finished Request
2020-11-18 10:03:07,223:458Œ–Ú‚ÌŠé‹Æ
2020-11-18 10:03:07,224:GET http://127.0.0.1:60317/session/025f8ee6e9cf73329f2ee464cf3337c1/element/cf07d350-18b5-4286-8b61-8cc850d314ef/text {"id": "cf07d350-18b5-4286-8b61-8cc850d314ef"}
2020-11-18 10:03:07,258:http://127.0.0.1:60317 "GET /session/025f8ee6e9cf73329f2ee464cf3337c1/element/cf07d350-18b5-4286-8b61-8cc850d314ef/text HTTP/1.1" 200 1104
2020-11-18 10:03:07,258:Finished Request
2020-11-18 10:03:07,261:GET http://127.0.0.1:60317/session/025f8ee6e9cf73329f2ee464cf3337c1/element/cf07d350-18b5-4286-8b61-8cc850d314ef/text {"id": "cf07d350-18b5-4286-8b61-8cc850d314ef"}
2020-11-18 10:03:07,281:http://127.0.0.1:60317 "GET /session/025f8ee6e9cf73329f2ee464cf3337c1/element/cf07d350-18b5-4286-8b61-8cc850d314ef/text HTTP/1.1" 200 1104
2020-11-18 10:03:07,281:Finished Request
2020-11-18 10:03:07,281:459Œ–Ú‚ÌŠé‹Æ
2020-11-18 10:03:07,282:GET http://127.0.0.1:60317/session/025f8ee6e9cf73329f2ee464cf3337c1/element/ae78e393-9ae5-49e0-a502-9ccda9c9fa72/text {"id": "ae78e393-9ae5-49e0-a502-9ccda9c9fa72"}
2020-11-18 10:03:07,310:http://127.0.0.1:60317 "GET /session/025f8ee6e9cf73329f2ee464cf3337c1/element/ae78e393-9ae5-49e0-a502-9ccda9c9fa72/text HTTP/1.1" 200 1117
2020-11-18 10:03:07,310:Finished Request
2020-11-18 10:03:07,314:GET http://127.0.0.1:60317/session/025f8ee6e9cf73329f2ee464cf3337c1/element/ae78e393-9ae5-49e0-a502-9ccda9c9fa72/text {"id": "ae78e393-9ae5-49e0-a502-9ccda9c9fa72"}
2020-11-18 10:03:07,358:http://127.0.0.1:60317 "GET /session/025f8ee6e9cf73329f2ee464cf3337c1/element/ae78e393-9ae5-49e0-a502-9ccda9c9fa72/text HTTP/1.1" 200 1117
2020-11-18 10:03:07,358:Finished Request
2020-11-18 10:03:07,358:460Œ–Ú‚ÌŠé‹Æ
2020-11-18 10:03:07,358:GET http://127.0.0.1:60317/session/025f8ee6e9cf73329f2ee464cf3337c1/element/dee646b7-0a4b-49f8-8a5e-762abb7b6813/text {"id": "dee646b7-0a4b-49f8-8a5e-762abb7b6813"}
2020-11-18 10:03:07,406:http://127.0.0.1:60317 "GET /session/025f8ee6e9cf73329f2ee464cf3337c1/element/dee646b7-0a4b-49f8-8a5e-762abb7b6813/text HTTP/1.1" 200 1144
2020-11-18 10:03:07,407:Finished Request
2020-11-18 10:03:07,412:GET http://127.0.0.1:60317/session/025f8ee6e9cf73329f2ee464cf3337c1/element/dee646b7-0a4b-49f8-8a5e-762abb7b6813/text {"id": "dee646b7-0a4b-49f8-8a5e-762abb7b6813"}
2020-11-18 10:03:07,435:http://127.0.0.1:60317 "GET /session/025f8ee6e9cf73329f2ee464cf3337c1/element/dee646b7-0a4b-49f8-8a5e-762abb7b6813/text HTTP/1.1" 200 1144
2020-11-18 10:03:07,435:Finished Request
2020-11-18 10:03:07,435:461Œ–Ú‚ÌŠé‹Æ
2020-11-18 10:03:07,435:GET http://127.0.0.1:60317/session/025f8ee6e9cf73329f2ee464cf3337c1/element/6508b8e7-c004-4b51-9514-14f36d880ff9/text {"id": "6508b8e7-c004-4b51-9514-14f36d880ff9"}
2020-11-18 10:03:07,479:http://127.0.0.1:60317 "GET /session/025f8ee6e9cf73329f2ee464cf3337c1/element/6508b8e7-c004-4b51-9514-14f36d880ff9/text HTTP/1.1" 200 1147
2020-11-18 10:03:07,479:Finished Request
2020-11-18 10:03:07,486:GET http://127.0.0.1:60317/session/025f8ee6e9cf73329f2ee464cf3337c1/element/6508b8e7-c004-4b51-9514-14f36d880ff9/text {"id": "6508b8e7-c004-4b51-9514-14f36d880ff9"}
2020-11-18 10:03:07,508:http://127.0.0.1:60317 "GET /session/025f8ee6e9cf73329f2ee464cf3337c1/element/6508b8e7-c004-4b51-9514-14f36d880ff9/text HTTP/1.1" 200 1147
2020-11-18 10:03:07,508:Finished Request
2020-11-18 10:03:07,508:462Œ–Ú‚ÌŠé‹Æ
2020-11-18 10:03:07,509:GET http://127.0.0.1:60317/session/025f8ee6e9cf73329f2ee464cf3337c1/element/5819da6d-7c30-4a89-aa13-bc1708ed5a6e/text {"id": "5819da6d-7c30-4a89-aa13-bc1708ed5a6e"}
2020-11-18 10:03:07,539:http://127.0.0.1:60317 "GET /session/025f8ee6e9cf73329f2ee464cf3337c1/element/5819da6d-7c30-4a89-aa13-bc1708ed5a6e/text HTTP/1.1" 200 1214
2020-11-18 10:03:07,539:Finished Request
2020-11-18 10:03:07,543:GET http://127.0.0.1:60317/session/025f8ee6e9cf73329f2ee464cf3337c1/element/5819da6d-7c30-4a89-aa13-bc1708ed5a6e/text {"id": "5819da6d-7c30-4a89-aa13-bc1708ed5a6e"}
2020-11-18 10:03:07,584:http://127.0.0.1:60317 "GET /session/025f8ee6e9cf73329f2ee464cf3337c1/element/5819da6d-7c30-4a89-aa13-bc1708ed5a6e/text HTTP/1.1" 200 1214
2020-11-18 10:03:07,584:Finished Request
2020-11-18 10:03:07,584:463Œ–Ú‚ÌŠé‹Æ
2020-11-18 10:03:07,585:GET http://127.0.0.1:60317/session/025f8ee6e9cf73329f2ee464cf3337c1/element/91951004-09ce-4b90-89b1-114863a7dbec/text {"id": "91951004-09ce-4b90-89b1-114863a7dbec"}
2020-11-18 10:03:07,642:http://127.0.0.1:60317 "GET /session/025f8ee6e9cf73329f2ee464cf3337c1/element/91951004-09ce-4b90-89b1-114863a7dbec/text HTTP/1.1" 200 1130
2020-11-18 10:03:07,642:Finished Request
2020-11-18 10:03:07,648:GET http://127.0.0.1:60317/session/025f8ee6e9cf73329f2ee464cf3337c1/element/91951004-09ce-4b90-89b1-114863a7dbec/text {"id": "91951004-09ce-4b90-89b1-114863a7dbec"}
2020-11-18 10:03:07,690:http://127.0.0.1:60317 "GET /session/025f8ee6e9cf73329f2ee464cf3337c1/element/91951004-09ce-4b90-89b1-114863a7dbec/text HTTP/1.1" 200 1130
2020-11-18 10:03:07,691:Finished Request
2020-11-18 10:03:07,691:464Œ–Ú‚ÌŠé‹Æ
2020-11-18 10:03:07,691:GET http://127.0.0.1:60317/session/025f8ee6e9cf73329f2ee464cf3337c1/element/683810ab-c64a-4351-87f3-f52c34d31f09/text {"id": "683810ab-c64a-4351-87f3-f52c34d31f09"}
2020-11-18 10:03:07,737:http://127.0.0.1:60317 "GET /session/025f8ee6e9cf73329f2ee464cf3337c1/element/683810ab-c64a-4351-87f3-f52c34d31f09/text HTTP/1.1" 200 1131
2020-11-18 10:03:07,737:Finished Request
2020-11-18 10:03:07,738:GET http://127.0.0.1:60317/session/025f8ee6e9cf73329f2ee464cf3337c1/element/683810ab-c64a-4351-87f3-f52c34d31f09/text {"id": "683810ab-c64a-4351-87f3-f52c34d31f09"}
2020-11-18 10:03:07,773:http://127.0.0.1:60317 "GET /session/025f8ee6e9cf73329f2ee464cf3337c1/element/683810ab-c64a-4351-87f3-f52c34d31f09/text HTTP/1.1" 200 1131
2020-11-18 10:03:07,774:Finished Request
2020-11-18 10:03:07,774:465Œ–Ú‚ÌŠé‹Æ
2020-11-18 10:03:07,774:GET http://127.0.0.1:60317/session/025f8ee6e9cf73329f2ee464cf3337c1/element/a0a7b0c0-f2bd-41d9-9ecf-dcbb3795073e/text {"id": "a0a7b0c0-f2bd-41d9-9ecf-dcbb3795073e"}
2020-11-18 10:03:07,814:http://127.0.0.1:60317 "GET /session/025f8ee6e9cf73329f2ee464cf3337c1/element/a0a7b0c0-f2bd-41d9-9ecf-dcbb3795073e/text HTTP/1.1" 200 1166
2020-11-18 10:03:07,814:Finished Request
2020-11-18 10:03:07,817:GET http://127.0.0.1:60317/session/025f8ee6e9cf73329f2ee464cf3337c1/element/a0a7b0c0-f2bd-41d9-9ecf-dcbb3795073e/text {"id": "a0a7b0c0-f2bd-41d9-9ecf-dcbb3795073e"}
2020-11-18 10:03:07,841:http://127.0.0.1:60317 "GET /session/025f8ee6e9cf73329f2ee464cf3337c1/element/a0a7b0c0-f2bd-41d9-9ecf-dcbb3795073e/text HTTP/1.1" 200 1166
2020-11-18 10:03:07,842:Finished Request
2020-11-18 10:03:07,842:466Œ–Ú‚ÌŠé‹Æ
2020-11-18 10:03:07,842:GET http://127.0.0.1:60317/session/025f8ee6e9cf73329f2ee464cf3337c1/element/1fe18d28-7dbb-47c3-9913-c2334e4b979b/text {"id": "1fe18d28-7dbb-47c3-9913-c2334e4b979b"}
2020-11-18 10:03:07,884:http://127.0.0.1:60317 "GET /session/025f8ee6e9cf73329f2ee464cf3337c1/element/1fe18d28-7dbb-47c3-9913-c2334e4b979b/text HTTP/1.1" 200 1100
2020-11-18 10:03:07,884:Finished Request
2020-11-18 10:03:07,888:GET http://127.0.0.1:60317/session/025f8ee6e9cf73329f2ee464cf3337c1/element/1fe18d28-7dbb-47c3-9913-c2334e4b979b/text {"id": "1fe18d28-7dbb-47c3-9913-c2334e4b979b"}
2020-11-18 10:03:07,915:http://127.0.0.1:60317 "GET /session/025f8ee6e9cf73329f2ee464cf3337c1/element/1fe18d28-7dbb-47c3-9913-c2334e4b979b/text HTTP/1.1" 200 1100
2020-11-18 10:03:07,915:Finished Request
2020-11-18 10:03:07,915:467Œ–Ú‚ÌŠé‹Æ
2020-11-18 10:03:07,915:GET http://127.0.0.1:60317/session/025f8ee6e9cf73329f2ee464cf3337c1/element/27378274-9301-4535-8d4e-16ea80afb83b/text {"id": "27378274-9301-4535-8d4e-16ea80afb83b"}
2020-11-18 10:03:07,943:http://127.0.0.1:60317 "GET /session/025f8ee6e9cf73329f2ee464cf3337c1/element/27378274-9301-4535-8d4e-16ea80afb83b/text HTTP/1.1" 200 1042
2020-11-18 10:03:07,943:Finished Request
2020-11-18 10:03:07,948:GET http://127.0.0.1:60317/session/025f8ee6e9cf73329f2ee464cf3337c1/element/27378274-9301-4535-8d4e-16ea80afb83b/text {"id": "27378274-9301-4535-8d4e-16ea80afb83b"}
2020-11-18 10:03:07,994:http://127.0.0.1:60317 "GET /session/025f8ee6e9cf73329f2ee464cf3337c1/element/27378274-9301-4535-8d4e-16ea80afb83b/text HTTP/1.1" 200 1042
2020-11-18 10:03:07,995:Finished Request
2020-11-18 10:03:07,995:468Œ–Ú‚ÌŠé‹Æ
2020-11-18 10:03:07,995:POST http://127.0.0.1:60317/session/025f8ee6e9cf73329f2ee464cf3337c1/elements {"using": "css selector", "value": ".iconFont--arrowLeft"}
2020-11-18 10:03:08,003:http://127.0.0.1:60317 "POST /session/025f8ee6e9cf73329f2ee464cf3337c1/elements HTTP/1.1" 200 12
2020-11-18 10:03:08,003:Finished Request
